Archive member included because of file (symbol)

.\CortexM0\ARM_GCC_493\Debug\Board1-RPi.a(cyfitter_cfg.o)
                              .\CortexM0\ARM_GCC_493\Debug\Cm0Start.o (cyfitter_cfg)
.\CortexM0\ARM_GCC_493\Debug\Board1-RPi.a(CyLib.o)
                              .\CortexM0\ARM_GCC_493\Debug\Board1-RPi.a(cyfitter_cfg.o) (CyIntEnable)
.\CortexM0\ARM_GCC_493\Debug\Board1-RPi.a(CyLFClk.o)
                              .\CortexM0\ARM_GCC_493\Debug\Board1-RPi.a(CyLib.o) (CySysClkWcoEnabled)
.\CortexM0\ARM_GCC_493\Debug\Board1-RPi.a(HB25_PWM.o)
                              .\CortexM0\ARM_GCC_493\Debug\motor.o (HB25_PWM_Stop)
.\CortexM0\ARM_GCC_493\Debug\Board1-RPi.a(ADC_Infrared.o)
                              .\CortexM0\ARM_GCC_493\Debug\infrared.o (ADC_Infrared_Start)
.\CortexM0\ARM_GCC_493\Debug\Board1-RPi.a(ADC_Infrared_INT.o)
                              .\CortexM0\ARM_GCC_493\Debug\Board1-RPi.a(ADC_Infrared.o) (ADC_Infrared_ISR)
.\CortexM0\ARM_GCC_493\Debug\Board1-RPi.a(HCSR04_Timer.o)
                              .\CortexM0\ARM_GCC_493\Debug\ultrasonic.o (HCSR04_Timer_ReadCounter)
.\CortexM0\ARM_GCC_493\Debug\Board1-RPi.a(HCSR04_Timeout_Intr.o)
                              .\CortexM0\ARM_GCC_493\Debug\ultrasonic.o (HCSR04_Timeout_Intr_StartEx)
.\CortexM0\ARM_GCC_493\Debug\Board1-RPi.a(HCSR04_Control.o)
                              .\CortexM0\ARM_GCC_493\Debug\ultrasonic.o (HCSR04_Control_Write)
.\CortexM0\ARM_GCC_493\Debug\Board1-RPi.a(HCSR04_Trigger_0.o)
                              .\CortexM0\ARM_GCC_493\Debug\ultrasonic.o (HCSR04_Trigger_0_Write)
.\CortexM0\ARM_GCC_493\Debug\Board1-RPi.a(HCSR04_Trigger_2.o)
                              .\CortexM0\ARM_GCC_493\Debug\ultrasonic.o (HCSR04_Trigger_2_Write)
.\CortexM0\ARM_GCC_493\Debug\Board1-RPi.a(HCSR04_Trigger_3.o)
                              .\CortexM0\ARM_GCC_493\Debug\ultrasonic.o (HCSR04_Trigger_3_Write)
.\CortexM0\ARM_GCC_493\Debug\Board1-RPi.a(HCSR04_Trigger_1.o)
                              .\CortexM0\ARM_GCC_493\Debug\ultrasonic.o (HCSR04_Trigger_1_Write)
.\CortexM0\ARM_GCC_493\Debug\Board1-RPi.a(HB25_Enable_Pin.o)
                              .\CortexM0\ARM_GCC_493\Debug\motor.o (HB25_Enable_Pin_Write)
.\CortexM0\ARM_GCC_493\Debug\Board1-RPi.a(UARTCOMMS.o)
                              .\CortexM0\ARM_GCC_493\Debug\debug.o (UARTCOMMS_Start)
.\CortexM0\ARM_GCC_493\Debug\Board1-RPi.a(UARTCOMMS_UART.o)
                              .\CortexM0\ARM_GCC_493\Debug\Board1-RPi.a(UARTCOMMS.o) (UARTCOMMS_UartInit)
.\CortexM0\ARM_GCC_493\Debug\Board1-RPi.a(EZI2C_Slave.o)
                              .\CortexM0\ARM_GCC_493\Debug\i2c.o (EZI2C_Slave_Start)
.\CortexM0\ARM_GCC_493\Debug\Board1-RPi.a(EZI2C_Slave_EZI2C.o)
                              .\CortexM0\ARM_GCC_493\Debug\Board1-RPi.a(EZI2C_Slave.o) (EZI2C_Slave_EzI2CInit)
.\CortexM0\ARM_GCC_493\Debug\Board1-RPi.a(EZI2C_Slave_EZI2C_INT.o)
                              .\CortexM0\ARM_GCC_493\Debug\Board1-RPi.a(EZI2C_Slave_EZI2C.o) (EZI2C_Slave_EZI2C_STRETCH_ISR)
.\CortexM0\ARM_GCC_493\Debug\Board1-RPi.a(I2C_Master.o)
                              .\CortexM0\ARM_GCC_493\Debug\i2c.o (I2C_Master_Start)
.\CortexM0\ARM_GCC_493\Debug\Board1-RPi.a(I2C_Master_I2C.o)
                              .\CortexM0\ARM_GCC_493\Debug\Board1-RPi.a(I2C_Master.o) (I2C_Master_I2CInit)
.\CortexM0\ARM_GCC_493\Debug\Board1-RPi.a(I2C_Master_I2C_MASTER.o)
                              .\CortexM0\ARM_GCC_493\Debug\Board1-RPi.a(I2C_Master_I2C.o) (I2C_Master_mstrRdBufIndex)
.\CortexM0\ARM_GCC_493\Debug\Board1-RPi.a(Phase_Counter.o)
                              .\CortexM0\ARM_GCC_493\Debug\encoder.o (Phase_Counter_ReadStatusRegister)
.\CortexM0\ARM_GCC_493\Debug\Board1-RPi.a(PhaseCounter_Intr.o)
                              .\CortexM0\ARM_GCC_493\Debug\encoder.o (PhaseCounter_Intr_StartEx)
.\CortexM0\ARM_GCC_493\Debug\Board1-RPi.a(MainLoop_Pin.o)
                              .\CortexM0\ARM_GCC_493\Debug\diag.o (MainLoop_Pin_Write)
.\CortexM0\ARM_GCC_493\Debug\Board1-RPi.a(CyBootAsmGnu.o)
                              .\CortexM0\ARM_GCC_493\Debug\Board1-RPi.a(CyLib.o) (CyDelayCycles)
.\CortexM0\ARM_GCC_493\Debug\Board1-RPi.a(CyFlash.o)
                              .\CortexM0\ARM_GCC_493\Debug\Board1-RPi.a(CyLib.o) (CySysFlashSetWaitCycles)
.\CortexM0\ARM_GCC_493\Debug\Board1-RPi.a(UARTCOMMS_SPI_UART.o)
                              .\CortexM0\ARM_GCC_493\Debug\Board1-RPi.a(UARTCOMMS_UART.o) (UARTCOMMS_SpiUartWriteTxData)
.\CortexM0\ARM_GCC_493\Debug\Board1-RPi.a(UARTCOMMS_SPI_UART_INT.o)
                              .\CortexM0\ARM_GCC_493\Debug\Board1-RPi.a(UARTCOMMS_UART.o) (UARTCOMMS_SPI_UART_ISR)
.\CortexM0\ARM_GCC_493\Debug\Board1-RPi.a(I2C_Master_I2C_INT.o)
                              .\CortexM0\ARM_GCC_493\Debug\Board1-RPi.a(I2C_Master_I2C.o) (I2C_Master_I2C_ISR)
[...]
Memory Configuration

Name             Origin             Length             Attributes
rom              0x00000000         0x00020000         xr
ram              0x20000000         0x00004000         xrw
*default*        0x00000000         0xffffffff

Linker script and memory map

LOAD c:/program files (x86)/cypress/psoc creator/3.3/psoc creator/import/gnu/arm/4.9.3/bin/../lib/gcc/arm-none-eabi/4.9.3/armv6-m/crti.o
LOAD c:/program files (x86)/cypress/psoc creator/3.3/psoc creator/import/gnu/arm/4.9.3/bin/../lib/gcc/arm-none-eabi/4.9.3/armv6-m/crtbegin.o
LOAD c:/program files (x86)/cypress/psoc creator/3.3/psoc creator/import/gnu/arm/4.9.3/bin/../lib/gcc/arm-none-eabi/4.9.3/../../../../arm-none-eabi/lib/armv6-m/crt0.o
START GROUP
LOAD .\CortexM0\ARM_GCC_493\Debug\encoder.o
LOAD .\CortexM0\ARM_GCC_493\Debug\motor.o
LOAD .\CortexM0\ARM_GCC_493\Debug\ultrasonic.o
LOAD .\CortexM0\ARM_GCC_493\Debug\pid.o
LOAD .\CortexM0\ARM_GCC_493\Debug\i2c.o
LOAD .\CortexM0\ARM_GCC_493\Debug\control.o
LOAD .\CortexM0\ARM_GCC_493\Debug\boardmain.o
LOAD .\CortexM0\ARM_GCC_493\Debug\time.o
LOAD .\CortexM0\ARM_GCC_493\Debug\infrared.o
LOAD .\CortexM0\ARM_GCC_493\Debug\utils.o
LOAD .\CortexM0\ARM_GCC_493\Debug\debug.o
LOAD .\CortexM0\ARM_GCC_493\Debug\odom.o
LOAD .\CortexM0\ARM_GCC_493\Debug\cal.o
LOAD .\CortexM0\ARM_GCC_493\Debug\diag.o
LOAD .\CortexM0\ARM_GCC_493\Debug\cymetadata.o
LOAD .\CortexM0\ARM_GCC_493\Debug\Cm0Start.o
LOAD .\CortexM0\ARM_GCC_493\Debug\Board1-RPi.a
LOAD C:\Program Files (x86)\Cypress\PSoC Creator\3.3\PSoC Creator\psoc\content\cycomponentlibrary\CyComponentLibrary.cylib\CortexM0\ARM_GCC_493\Debug\CyComponentLibrary.a
LOAD c:/program files (x86)/cypress/psoc creator/3.3/psoc creator/import/gnu/arm/4.9.3/bin/../lib/gcc/arm-none-eabi/4.9.3/../../../../arm-none-eabi/lib/armv6-m\libm.a
END GROUP
START GROUP
LOAD c:/program files (x86)/cypress/psoc creator/3.3/psoc creator/import/gnu/arm/4.9.3/bin/../lib/gcc/arm-none-eabi/4.9.3/armv6-m\libgcc.a
LOAD c:/program files (x86)/cypress/psoc creator/3.3/psoc creator/import/gnu/arm/4.9.3/bin/../lib/gcc/arm-none-eabi/4.9.3/../../../../arm-none-eabi/lib/armv6-m\libg.a
LOAD c:/program files (x86)/cypress/psoc creator/3.3/psoc creator/import/gnu/arm/4.9.3/bin/../lib/gcc/arm-none-eabi/4.9.3/../../../../arm-none-eabi/lib/armv6-m\libc.a
END GROUP
LOAD c:/program files (x86)/cypress/psoc creator/3.3/psoc creator/import/gnu/arm/4.9.3/bin/../lib/gcc/arm-none-eabi/4.9.3/armv6-m/crtend.o
LOAD c:/program files (x86)/cypress/psoc creator/3.3/psoc creator/import/gnu/arm/4.9.3/bin/../lib/gcc/arm-none-eabi/4.9.3/armv6-m/crtn.o
START GROUP
LOAD c:/program files (x86)/cypress/psoc creator/3.3/psoc creator/import/gnu/arm/4.9.3/bin/../lib/gcc/arm-none-eabi/4.9.3/armv6-m\libgcc.a
LOAD c:/program files (x86)/cypress/psoc creator/3.3/psoc creator/import/gnu/arm/4.9.3/bin/../lib/gcc/arm-none-eabi/4.9.3/../../../../arm-none-eabi/lib/armv6-m\libc.a
LOAD c:/program files (x86)/cypress/psoc creator/3.3/psoc creator/import/gnu/arm/4.9.3/bin/../lib/gcc/arm-none-eabi/4.9.3/../../../../arm-none-eabi/lib/armv6-m\libnosys.a
END GROUP
                0x00000000                CY_APPL_ORIGIN = 0x0
                0x00000080                CY_FLASH_ROW_SIZE = 0x80
                0x00000001                CY_APPL_NUM = 0x1
                0x00000001                CY_APPL_MAX = 0x1
                0x00000040                CY_METADATA_SIZE = 0x40
                0x00000000                CY_APPL_LOADABLE = 0x0
                0x00000000                CY_CHECKSUM_EXCLUDE_SIZE = ALIGN (0x0, CY_FLASH_ROW_SIZE)
                0x00000000                CY_APP_FOR_STACK_AND_COPIER = 0x0
                0x20000b60                PROVIDE (__cy_heap_start, _end)
                0x00000001                PROVIDE (__cy_region_num, ((__cy_regions_end - __cy_regions) / 0x10))
                0x20004000                PROVIDE (__cy_stack, (ORIGIN (ram) + 0x4000))
                0x20003800                PROVIDE (__cy_heap_end, (__cy_stack - 0x800))

.cybootloader   0x00000000        0x0
 *(.cybootloader)
                0x00000000                appl1_start = CY_APPL_ORIGIN?CY_APPL_ORIGIN:ALIGN (CY_FLASH_ROW_SIZE)
                0x0000ff80                appl2_start = (appl1_start + ALIGN ((((0x20000 - appl1_start) - (0x2 * CY_FLASH_ROW_SIZE)) / 0x2), CY_FLASH_ROW_SIZE))
                0x00000000                appl_start = (CY_APPL_NUM == 0x1)?appl1_start:appl2_start
                0x00000001                cy_project_type_bootloader = (appl_start == 0x0)?0x1:0x0
                0x00000000                cy_project_type_app_for_stack_and_copier = (CY_APP_FOR_STACK_AND_COPIER == 0x1)?0x1:0x0

.text           0x00000000     0x7c6c
 CREATE_OBJECT_SYMBOLS
                0x00000000                PROVIDE (__cy_interrupt_vector, RomVectors)
 *(.romvectors)
 .romvectors    0x00000000       0x10 .\CortexM0\ARM_GCC_493\Debug\Cm0Start.o
                0x00000000                RomVectors
                0x00000001                ASSERT ((. != __cy_interrupt_vector), No interrupt vector)
                0x00000001                ASSERT (CY_APPL_ORIGIN?(SIZEOF (.cybootloader) <= CY_APPL_ORIGIN):0x1, Wrong image location)
                0x00000010                PROVIDE (__cy_reset, Reset)
 *(.text.Reset)
 .text.Reset    0x00000010        0x8 .\CortexM0\ARM_GCC_493\Debug\Cm0Start.o
                0x00000010                Reset
                0x00000001                ASSERT ((. != __cy_reset), No reset code)
 *(.psocinit)
 .psocinit      0x00000018      0x2fc .\CortexM0\ARM_GCC_493\Debug\Board1-RPi.a(cyfitter_cfg.o)
                0x0000013c                cyfitter_cfg
                0x00000314                . = MAX (., 0x100)
 *(.text .text.* .gnu.linkonce.t.*)
 .text          0x00000314       0x60 c:/program files (x86)/cypress/psoc creator/3.3/psoc creator/import/gnu/arm/4.9.3/bin/../lib/gcc/arm-none-eabi/4.9.3/armv6-m/crtbegin.o
 .text.Phase_Counter_Interrupt_Handler
                0x00000374       0x20 .\CortexM0\ARM_GCC_493\Debug\encoder.o
                0x00000374                Phase_Counter_Interrupt_Handler
 .text.RightCounterWrapper
                0x00000394        0x8 .\CortexM0\ARM_GCC_493\Debug\encoder.o
 .text.LeftCounterWrapper
                0x0000039c        0x8 .\CortexM0\ARM_GCC_493\Debug\encoder.o
 .text.Encoder_Init
                0x000003a4       0x28 .\CortexM0\ARM_GCC_493\Debug\encoder.o
                0x000003a4                Encoder_Init
 .text.Encoder_Start
                0x000003cc       0x10 .\CortexM0\ARM_GCC_493\Debug\encoder.o
                0x000003cc                Encoder_Start
 .text.Encoder_Update
                0x000003dc       0xd8 .\CortexM0\ARM_GCC_493\Debug\encoder.o
                0x000003dc                Encoder_Update
 .text.Encoder_GetLRSpeed
                0x000004b4       0x10 .\CortexM0\ARM_GCC_493\Debug\encoder.o
                0x000004b4                Encoder_GetLRSpeed
 .text.Encoder_GetWheelSpeed
                0x000004c4        0xc .\CortexM0\ARM_GCC_493\Debug\encoder.o
                0x000004c4                Encoder_GetWheelSpeed
 .text.Encoder_GetLRCount
                0x000004d0       0x14 .\CortexM0\ARM_GCC_493\Debug\encoder.o
                0x000004d0                Encoder_GetLRCount
 .text.Encoder_Reset
                0x000004e4        0xc .\CortexM0\ARM_GCC_493\Debug\encoder.o
                0x000004e4                Encoder_Reset
 .text.CalculateAverageCountPerSec
                0x000004f0       0x44 .\CortexM0\ARM_GCC_493\Debug\motor.o
 .text.Motor_Init
                0x00000534       0x54 .\CortexM0\ARM_GCC_493\Debug\motor.o
                0x00000534                Motor_Init
 .text.Motor_SetOutput
                0x00000588       0x90 .\CortexM0\ARM_GCC_493\Debug\motor.o
                0x00000588                Motor_SetOutput
 .text.Motor_Start
                0x00000618       0x14 .\CortexM0\ARM_GCC_493\Debug\motor.o
                0x00000618                Motor_Start
 .text.Motor_Calibrate
                0x0000062c      0x16c .\CortexM0\ARM_GCC_493\Debug\motor.o
                0x0000062c                Motor_Calibrate
 .text.Motor_ValidateCalibration
                0x00000798       0x44 .\CortexM0\ARM_GCC_493\Debug\motor.o
                0x00000798                Motor_ValidateCalibration
 .text.Motor_GetCalValues
                0x000007dc       0x18 .\CortexM0\ARM_GCC_493\Debug\motor.o
                0x000007dc                Motor_GetCalValues
 .text.WaitForPulseIn
                0x000007f4       0x2c .\CortexM0\ARM_GCC_493\Debug\ultrasonic.o
 .text.PulseOut
                0x00000820       0x24 .\CortexM0\ARM_GCC_493\Debug\ultrasonic.o
 .text.CalcDistance
                0x00000844       0x54 .\CortexM0\ARM_GCC_493\Debug\ultrasonic.o
 .text.Ultrasonic_Measure
                0x00000898       0x58 .\CortexM0\ARM_GCC_493\Debug\ultrasonic.o
                0x00000898                Ultrasonic_Measure
 .text.pid_calc
                0x000008f0       0x7c .\CortexM0\ARM_GCC_493\Debug\pid.o
                0x000008f0                pid_calc
 .text.PID_Start
                0x0000096c       0x20 .\CortexM0\ARM_GCC_493\Debug\pid.o
                0x0000096c                PID_Start
 .text.PID_Update
                0x0000098c       0x60 .\CortexM0\ARM_GCC_493\Debug\pid.o
                0x0000098c                PID_Update
 .text.I2c_Init
                0x000009ec       0x2c .\CortexM0\ARM_GCC_493\Debug\i2c.o
                0x000009ec                I2c_Init
 .text.I2c_Start
                0x00000a18       0x20 .\CortexM0\ARM_GCC_493\Debug\i2c.o
                0x00000a18                I2c_Start
 .text.I2c_ReadControl
                0x00000a38       0x10 .\CortexM0\ARM_GCC_493\Debug\i2c.o
                0x00000a38                I2c_ReadControl
 .text.I2c_SetStatusBit
                0x00000a48       0x10 .\CortexM0\ARM_GCC_493\Debug\i2c.o
                0x00000a48                I2c_SetStatusBit
 .text.I2c_ClearStatusBit
                0x00000a58       0x10 .\CortexM0\ARM_GCC_493\Debug\i2c.o
                0x00000a58                I2c_ClearStatusBit
 .text.I2c_ReadVelocity
                0x00000a68        0xc .\CortexM0\ARM_GCC_493\Debug\i2c.o
                0x00000a68                I2c_ReadVelocity
 .text.I2c_WriteCount
                0x00000a74       0x10 .\CortexM0\ARM_GCC_493\Debug\i2c.o
                0x00000a74                I2c_WriteCount
 .text.I2c_ReadCount
                0x00000a84       0x2c .\CortexM0\ARM_GCC_493\Debug\i2c.o
                0x00000a84                I2c_ReadCount
 .text.I2c_WriteUltrasonicDistance
                0x00000ab0       0x10 .\CortexM0\ARM_GCC_493\Debug\i2c.o
                0x00000ab0                I2c_WriteUltrasonicDistance
 .text.I2c_WriteInfraredDistance
                0x00000ac0       0x10 .\CortexM0\ARM_GCC_493\Debug\i2c.o
                0x00000ac0                I2c_WriteInfraredDistance
 .text.I2c_WriteCountPerSecond
                0x00000ad0        0xc .\CortexM0\ARM_GCC_493\Debug\i2c.o
                0x00000ad0                I2c_WriteCountPerSecond
 .text.I2c_WriteWheelVelocity
                0x00000adc        0xc .\CortexM0\ARM_GCC_493\Debug\i2c.o
                0x00000adc                I2c_WriteWheelVelocity
 .text.I2c_WriteOdom
                0x00000ae8       0x2c .\CortexM0\ARM_GCC_493\Debug\i2c.o
                0x00000ae8                I2c_WriteOdom
 .text.I2c_WriteCalReg
                0x00000b14        0xc .\CortexM0\ARM_GCC_493\Debug\i2c.o
                0x00000b14                I2c_WriteCalReg
 .text.I2c_ReadCalReg
                0x00000b20        0xc .\CortexM0\ARM_GCC_493\Debug\i2c.o
                0x00000b20                I2c_ReadCalReg
 .text.Control_Init
                0x00000b2c        0x4 .\CortexM0\ARM_GCC_493\Debug\control.o
                0x00000b2c                Control_Init
 .text.Control_Start
                0x00000b30        0x4 .\CortexM0\ARM_GCC_493\Debug\control.o
                0x00000b30                Control_Start
 .text.Control_Update
                0x00000b34       0x34 .\CortexM0\ARM_GCC_493\Debug\control.o
                0x00000b34                Control_Update
 .text.main     0x00000b68       0x70 .\CortexM0\ARM_GCC_493\Debug\boardmain.o
                0x00000b68                main
 .text.SysTickIsrHandler
                0x00000bd8       0x10 .\CortexM0\ARM_GCC_493\Debug\time.o
 .text.Time_Init
                0x00000be8        0xc .\CortexM0\ARM_GCC_493\Debug\time.o
                0x00000be8                Time_Init
 .text.Time_Start
                0x00000bf4       0x34 .\CortexM0\ARM_GCC_493\Debug\time.o
                0x00000bf4                Time_Start
 .text.millis   0x00000c28        0xc .\CortexM0\ARM_GCC_493\Debug\time.o
                0x00000c28                millis
 .text.Infrared_Measure
                0x00000c34       0xc8 .\CortexM0\ARM_GCC_493\Debug\infrared.o
                0x00000c34                Infrared_Measure
 .text.MovingAverage
                0x00000cfc       0x20 .\CortexM0\ARM_GCC_493\Debug\utils.o
                0x00000cfc                MovingAverage
 .text.Debug_Init
                0x00000d1c       0x14 .\CortexM0\ARM_GCC_493\Debug\debug.o
                0x00000d1c                Debug_Init
 .text.Debug_Start
                0x00000d30        0x8 .\CortexM0\ARM_GCC_493\Debug\debug.o
                0x00000d30                Debug_Start
 .text.Odom_Init
                0x00000d38       0x20 .\CortexM0\ARM_GCC_493\Debug\odom.o
                0x00000d38                Odom_Init
 .text.Odom_Start
                0x00000d58        0x4 .\CortexM0\ARM_GCC_493\Debug\odom.o
                0x00000d58                Odom_Start
 .text.calc_odom
                0x00000d5c      0x138 .\CortexM0\ARM_GCC_493\Debug\odom.o
                0x00000d5c                calc_odom
 .text.Odom_Update
                0x00000e94       0x24 .\CortexM0\ARM_GCC_493\Debug\odom.o
                0x00000e94                Odom_Update
 .text.SendData
                0x00000eb8       0x44 .\CortexM0\ARM_GCC_493\Debug\cal.o
 .text.RecvData
                0x00000efc       0x38 .\CortexM0\ARM_GCC_493\Debug\cal.o
 .text.Cal_Init
                0x00000f34        0x4 .\CortexM0\ARM_GCC_493\Debug\cal.o
                0x00000f34                Cal_Init
 .text.Cal_Start
                0x00000f38        0xc .\CortexM0\ARM_GCC_493\Debug\cal.o
                0x00000f38                Cal_Start
 .text.Cal_Update
                0x00000f44       0x24 .\CortexM0\ARM_GCC_493\Debug\cal.o
                0x00000f44                Cal_Update
 .text.Cal_Download
                0x00000f68       0x1c .\CortexM0\ARM_GCC_493\Debug\cal.o
                0x00000f68                Cal_Download
 .text.Cal_Upload
                0x00000f84       0x34 .\CortexM0\ARM_GCC_493\Debug\cal.o
                0x00000f84                Cal_Upload
 .text.Cal_Validate
                0x00000fb8        0x8 .\CortexM0\ARM_GCC_493\Debug\cal.o
                0x00000fb8                Cal_Validate
 .text.Diag_Init
                0x00000fc0        0x4 .\CortexM0\ARM_GCC_493\Debug\diag.o
                0x00000fc0                Diag_Init
 .text.Diag_Start
                0x00000fc4        0x4 .\CortexM0\ARM_GCC_493\Debug\diag.o
                0x00000fc4                Diag_Start
 .text.Diag_Update
                0x00000fc8       0x10 .\CortexM0\ARM_GCC_493\Debug\diag.o
                0x00000fc8                Diag_Update
 .text.IntDefaultHandler
                0x00000fd8        0x4 .\CortexM0\ARM_GCC_493\Debug\Cm0Start.o
                0x00000fd8                IntDefaultHandler
 .text.Start_c  0x00000fdc       0x48 .\CortexM0\ARM_GCC_493\Debug\Cm0Start.o
                0x00000fdc                Start_c
 .text.initialize_psoc
                0x00001024       0x54 .\CortexM0\ARM_GCC_493\Debug\Cm0Start.o
                0x00001024                initialize_psoc
 .text.cfg_write_bytes32
                0x00001078       0x34 .\CortexM0\ARM_GCC_493\Debug\Board1-RPi.a(cyfitter_cfg.o)
 .text.AnalogSetDefault
                0x000010ac       0x3c .\CortexM0\ARM_GCC_493\Debug\Board1-RPi.a(cyfitter_cfg.o)
 .text.CYMEMZERO
                0x000010e8        0xc .\CortexM0\ARM_GCC_493\Debug\Board1-RPi.a(cyfitter_cfg.o)
 .text.CySysClkImoDisableWcoLock
                0x000010f4       0x14 .\CortexM0\ARM_GCC_493\Debug\Board1-RPi.a(CyLib.o)
                0x000010f4                CySysClkImoDisableWcoLock
 .text.CySysClkImoGetWcoLock
                0x00001108       0x14 .\CortexM0\ARM_GCC_493\Debug\Board1-RPi.a(CyLib.o)
                0x00001108                CySysClkImoGetWcoLock
 .text.CyIntEnable
                0x0000111c       0x14 .\CortexM0\ARM_GCC_493\Debug\Board1-RPi.a(CyLib.o)
                0x0000111c                CyIntEnable
 .text.CyIntDisable
                0x00001130       0x14 .\CortexM0\ARM_GCC_493\Debug\Board1-RPi.a(CyLib.o)
                0x00001130                CyIntDisable
 .text.CyHalt   0x00001144        0x4 .\CortexM0\ARM_GCC_493\Debug\Board1-RPi.a(CyLib.o)
                0x00001144                CyHalt
 .text.CyIntSetSysVector
                0x00001148       0x20 .\CortexM0\ARM_GCC_493\Debug\Board1-RPi.a(CyLib.o)
                0x00001148                CyIntSetSysVector
 .text.CyIntSetVector
                0x00001168       0x24 .\CortexM0\ARM_GCC_493\Debug\Board1-RPi.a(CyLib.o)
                0x00001168                CyIntSetVector
 .text.CyIntSetPriority
                0x0000118c       0x4c .\CortexM0\ARM_GCC_493\Debug\Board1-RPi.a(CyLib.o)
                0x0000118c                CyIntSetPriority
 .text.CyDelay  0x000011d8       0x30 .\CortexM0\ARM_GCC_493\Debug\Board1-RPi.a(CyLib.o)
                0x000011d8                CyDelay
 .text.CySysClkImoEnableWcoLock
                0x00001208       0xe8 .\CortexM0\ARM_GCC_493\Debug\Board1-RPi.a(CyLib.o)
                0x00001208                CySysClkImoEnableWcoLock
 .text.CySysClkWriteImoFreq
                0x000012f0       0x80 .\CortexM0\ARM_GCC_493\Debug\Board1-RPi.a(CyLib.o)
                0x000012f0                CySysClkWriteImoFreq
 .text.CyDelayUs
                0x00001370       0x14 .\CortexM0\ARM_GCC_493\Debug\Board1-RPi.a(CyLib.o)
                0x00001370                CyDelayUs
 .text.CySysTickEnableInterrupt
                0x00001384       0x10 .\CortexM0\ARM_GCC_493\Debug\Board1-RPi.a(CyLib.o)
                0x00001384                CySysTickEnableInterrupt
 .text.CySysTickEnable
                0x00001394       0x18 .\CortexM0\ARM_GCC_493\Debug\Board1-RPi.a(CyLib.o)
                0x00001394                CySysTickEnable
 .text.CySysTickSetReload
                0x000013ac       0x10 .\CortexM0\ARM_GCC_493\Debug\Board1-RPi.a(CyLib.o)
                0x000013ac                CySysTickSetReload
 .text.CySysTickSetClockSource
                0x000013bc       0x20 .\CortexM0\ARM_GCC_493\Debug\Board1-RPi.a(CyLib.o)
                0x000013bc                CySysTickSetClockSource
 .text.CySysTickGetCountFlag
                0x000013dc       0x10 .\CortexM0\ARM_GCC_493\Debug\Board1-RPi.a(CyLib.o)
                0x000013dc                CySysTickGetCountFlag
 .text.CySysTickServiceCallbacks
                0x000013ec       0x28 .\CortexM0\ARM_GCC_493\Debug\Board1-RPi.a(CyLib.o)
 .text.CySysTickClear
                0x00001414        0xc .\CortexM0\ARM_GCC_493\Debug\Board1-RPi.a(CyLib.o)
                0x00001414                CySysTickClear
 .text.CySysTickInit
                0x00001420       0x4c .\CortexM0\ARM_GCC_493\Debug\Board1-RPi.a(CyLib.o)
                0x00001420                CySysTickInit
 .text.CySysTickStart
                0x0000146c       0x20 .\CortexM0\ARM_GCC_493\Debug\Board1-RPi.a(CyLib.o)
                0x0000146c                CySysTickStart
 .text.CySysTickSetCallback
                0x0000148c       0x10 .\CortexM0\ARM_GCC_493\Debug\Board1-RPi.a(CyLib.o)
                0x0000148c                CySysTickSetCallback
 .text.CySysTickGetCallback
                0x0000149c        0xc .\CortexM0\ARM_GCC_493\Debug\Board1-RPi.a(CyLib.o)
                0x0000149c                CySysTickGetCallback
 .text.CySysWdtLocked
                0x000014a8       0x14 .\CortexM0\ARM_GCC_493\Debug\Board1-RPi.a(CyLFClk.o)
 .text.CySysClkWcoEnabled
                0x000014bc       0x14 .\CortexM0\ARM_GCC_493\Debug\Board1-RPi.a(CyLFClk.o)
                0x000014bc                CySysClkWcoEnabled
 .text.CySysWdtLock
                0x000014d0       0x1c .\CortexM0\ARM_GCC_493\Debug\Board1-RPi.a(CyLFClk.o)
                0x000014d0                CySysWdtLock
 .text.CySysWdtUnlock
                0x000014ec       0x30 .\CortexM0\ARM_GCC_493\Debug\Board1-RPi.a(CyLFClk.o)
                0x000014ec                CySysWdtUnlock
 .text.CySysWdtClearInterrupt
                0x0000151c       0x4c .\CortexM0\ARM_GCC_493\Debug\Board1-RPi.a(CyLFClk.o)
                0x0000151c                CySysWdtClearInterrupt
 .text.CySysWdtIsr
                0x00001568       0xa4 .\CortexM0\ARM_GCC_493\Debug\Board1-RPi.a(CyLFClk.o)
                0x00001568                CySysWdtIsr
 .text.HB25_PWM_WriteCounter
                0x0000160c       0x10 .\CortexM0\ARM_GCC_493\Debug\Board1-RPi.a(HB25_PWM.o)
                0x0000160c                HB25_PWM_WriteCounter
 .text.HB25_PWM_WritePeriod
                0x0000161c       0x10 .\CortexM0\ARM_GCC_493\Debug\Board1-RPi.a(HB25_PWM.o)
                0x0000161c                HB25_PWM_WritePeriod
 .text.HB25_PWM_WriteCompare
                0x0000162c       0x10 .\CortexM0\ARM_GCC_493\Debug\Board1-RPi.a(HB25_PWM.o)
                0x0000162c                HB25_PWM_WriteCompare
 .text.HB25_PWM_TriggerCommand
                0x0000163c       0x1c .\CortexM0\ARM_GCC_493\Debug\Board1-RPi.a(HB25_PWM.o)
                0x0000163c                HB25_PWM_TriggerCommand
 .text.HB25_PWM_Enable
                0x00001658       0x24 .\CortexM0\ARM_GCC_493\Debug\Board1-RPi.a(HB25_PWM.o)
                0x00001658                HB25_PWM_Enable
 .text.HB25_PWM_SetInterruptMode
                0x0000167c        0xc .\CortexM0\ARM_GCC_493\Debug\Board1-RPi.a(HB25_PWM.o)
                0x0000167c                HB25_PWM_SetInterruptMode
 .text.HB25_PWM_Init
                0x00001688       0x4c .\CortexM0\ARM_GCC_493\Debug\Board1-RPi.a(HB25_PWM.o)
                0x00001688                HB25_PWM_Init
 .text.HB25_PWM_Start
                0x000016d4       0x20 .\CortexM0\ARM_GCC_493\Debug\Board1-RPi.a(HB25_PWM.o)
                0x000016d4                HB25_PWM_Start
 .text.ADC_Infrared_StartConvert
                0x000016f4       0x14 .\CortexM0\ARM_GCC_493\Debug\Board1-RPi.a(ADC_Infrared.o)
                0x000016f4                ADC_Infrared_StartConvert
 .text.ADC_Infrared_IsEndConversion
                0x00001708       0x28 .\CortexM0\ARM_GCC_493\Debug\Board1-RPi.a(ADC_Infrared.o)
                0x00001708                ADC_Infrared_IsEndConversion
 .text.ADC_Infrared_GetResult16
                0x00001730       0x2c .\CortexM0\ARM_GCC_493\Debug\Board1-RPi.a(ADC_Infrared.o)
                0x00001730                ADC_Infrared_GetResult16
 .text.HCSR04_Control_Write
                0x0000175c        0xc .\CortexM0\ARM_GCC_493\Debug\Board1-RPi.a(HCSR04_Control.o)
                0x0000175c                HCSR04_Control_Write
 .text.HCSR04_Trigger_0_Write
                0x00001768       0x18 .\CortexM0\ARM_GCC_493\Debug\Board1-RPi.a(HCSR04_Trigger_0.o)
                0x00001768                HCSR04_Trigger_0_Write
 .text.HCSR04_Trigger_2_Write
                0x00001780       0x18 .\CortexM0\ARM_GCC_493\Debug\Board1-RPi.a(HCSR04_Trigger_2.o)
                0x00001780                HCSR04_Trigger_2_Write
 .text.HCSR04_Trigger_3_Write
                0x00001798       0x18 .\CortexM0\ARM_GCC_493\Debug\Board1-RPi.a(HCSR04_Trigger_3.o)
                0x00001798                HCSR04_Trigger_3_Write
 .text.HCSR04_Trigger_1_Write
                0x000017b0       0x18 .\CortexM0\ARM_GCC_493\Debug\Board1-RPi.a(HCSR04_Trigger_1.o)
                0x000017b0                HCSR04_Trigger_1_Write
 .text.HB25_Enable_Pin_Write
                0x000017c8       0x18 .\CortexM0\ARM_GCC_493\Debug\Board1-RPi.a(HB25_Enable_Pin.o)
                0x000017c8                HB25_Enable_Pin_Write
 .text.UARTCOMMS_ScbEnableIntr
                0x000017e0        0xc .\CortexM0\ARM_GCC_493\Debug\Board1-RPi.a(UARTCOMMS.o)
 .text.UARTCOMMS_ScbModePostEnable
                0x000017ec        0x8 .\CortexM0\ARM_GCC_493\Debug\Board1-RPi.a(UARTCOMMS.o)
 .text.UARTCOMMS_Init
                0x000017f4        0x8 .\CortexM0\ARM_GCC_493\Debug\Board1-RPi.a(UARTCOMMS.o)
                0x000017f4                UARTCOMMS_Init
 .text.UARTCOMMS_Enable
                0x000017fc       0x1c .\CortexM0\ARM_GCC_493\Debug\Board1-RPi.a(UARTCOMMS.o)
                0x000017fc                UARTCOMMS_Enable
 .text.UARTCOMMS_Start
                0x00001818       0x20 .\CortexM0\ARM_GCC_493\Debug\Board1-RPi.a(UARTCOMMS.o)
                0x00001818                UARTCOMMS_Start
 .text.UARTCOMMS_UartInit
                0x00001838       0xc4 .\CortexM0\ARM_GCC_493\Debug\Board1-RPi.a(UARTCOMMS_UART.o)
                0x00001838                UARTCOMMS_UartInit
 .text.UARTCOMMS_UartPostEnable
                0x000018fc       0x1c .\CortexM0\ARM_GCC_493\Debug\Board1-RPi.a(UARTCOMMS_UART.o)
                0x000018fc                UARTCOMMS_UartPostEnable
 .text.EZI2C_Slave_ScbEnableIntr
                0x00001918        0xc .\CortexM0\ARM_GCC_493\Debug\Board1-RPi.a(EZI2C_Slave.o)
 .text.EZI2C_Slave_Init
                0x00001924        0x8 .\CortexM0\ARM_GCC_493\Debug\Board1-RPi.a(EZI2C_Slave.o)
                0x00001924                EZI2C_Slave_Init
 .text.EZI2C_Slave_Enable
                0x0000192c       0x18 .\CortexM0\ARM_GCC_493\Debug\Board1-RPi.a(EZI2C_Slave.o)
                0x0000192c                EZI2C_Slave_Enable
 .text.EZI2C_Slave_Start
                0x00001944       0x20 .\CortexM0\ARM_GCC_493\Debug\Board1-RPi.a(EZI2C_Slave.o)
                0x00001944                EZI2C_Slave_Start
 .text.EZI2C_Slave_EzI2CInit
                0x00001964       0xc0 .\CortexM0\ARM_GCC_493\Debug\Board1-RPi.a(EZI2C_Slave_EZI2C.o)
                0x00001964                EZI2C_Slave_EzI2CInit
 .text.EZI2C_Slave_EzI2CSetAddress1
                0x00001a24       0x18 .\CortexM0\ARM_GCC_493\Debug\Board1-RPi.a(EZI2C_Slave_EZI2C.o)
                0x00001a24                EZI2C_Slave_EzI2CSetAddress1
 .text.EZI2C_Slave_EzI2CSetBuffer1
                0x00001a3c       0x30 .\CortexM0\ARM_GCC_493\Debug\Board1-RPi.a(EZI2C_Slave_EZI2C.o)
                0x00001a3c                EZI2C_Slave_EzI2CSetBuffer1
 .text.EZI2C_Slave_EZI2C_STRETCH_ISR
                0x00001a6c      0x324 .\CortexM0\ARM_GCC_493\Debug\Board1-RPi.a(EZI2C_Slave_EZI2C_INT.o)
                0x00001a6c                EZI2C_Slave_EZI2C_STRETCH_ISR
 .text.I2C_Master_ScbEnableIntr
                0x00001d90        0xc .\CortexM0\ARM_GCC_493\Debug\Board1-RPi.a(I2C_Master.o)
 .text.I2C_Master_Init
                0x00001d9c        0x8 .\CortexM0\ARM_GCC_493\Debug\Board1-RPi.a(I2C_Master.o)
                0x00001d9c                I2C_Master_Init
 .text.I2C_Master_Enable
                0x00001da4       0x18 .\CortexM0\ARM_GCC_493\Debug\Board1-RPi.a(I2C_Master.o)
                0x00001da4                I2C_Master_Enable
 .text.I2C_Master_Start
                0x00001dbc       0x20 .\CortexM0\ARM_GCC_493\Debug\Board1-RPi.a(I2C_Master.o)
                0x00001dbc                I2C_Master_Start
 .text.I2C_Master_I2CInit
                0x00001ddc       0xbc .\CortexM0\ARM_GCC_493\Debug\Board1-RPi.a(I2C_Master_I2C.o)
                0x00001ddc                I2C_Master_I2CInit
 .text.I2C_Master_I2CMasterStatus
                0x00001e98       0x30 .\CortexM0\ARM_GCC_493\Debug\Board1-RPi.a(I2C_Master_I2C_MASTER.o)
                0x00001e98                I2C_Master_I2CMasterStatus
 .text.I2C_Master_I2CMasterClearStatus
                0x00001ec8       0x20 .\CortexM0\ARM_GCC_493\Debug\Board1-RPi.a(I2C_Master_I2C_MASTER.o)
                0x00001ec8                I2C_Master_I2CMasterClearStatus
 .text.I2C_Master_I2CReStartGeneration
                0x00001ee8       0x20 .\CortexM0\ARM_GCC_493\Debug\Board1-RPi.a(I2C_Master_I2C_MASTER.o)
                0x00001ee8                I2C_Master_I2CReStartGeneration
 .text.I2C_Master_I2CMasterReadBuf
                0x00001f08       0xfc .\CortexM0\ARM_GCC_493\Debug\Board1-RPi.a(I2C_Master_I2C_MASTER.o)
                0x00001f08                I2C_Master_I2CMasterReadBuf
 .text.Phase_Counter_ReadStatusRegister
                0x00002004        0xc .\CortexM0\ARM_GCC_493\Debug\Board1-RPi.a(Phase_Counter.o)
                0x00002004                Phase_Counter_ReadStatusRegister
 .text.Phase_Counter_WriteCounter
                0x00002010        0xc .\CortexM0\ARM_GCC_493\Debug\Board1-RPi.a(Phase_Counter.o)
                0x00002010                Phase_Counter_WriteCounter
 .text.Phase_Counter_ReadCounter
                0x0000201c       0x14 .\CortexM0\ARM_GCC_493\Debug\Board1-RPi.a(Phase_Counter.o)
                0x0000201c                Phase_Counter_ReadCounter
 .text.PhaseCounter_Intr_SetVector
                0x00002030        0xc .\CortexM0\ARM_GCC_493\Debug\Board1-RPi.a(PhaseCounter_Intr.o)
                0x00002030                PhaseCounter_Intr_SetVector
 .text.PhaseCounter_Intr_SetPriority
                0x0000203c       0x20 .\CortexM0\ARM_GCC_493\Debug\Board1-RPi.a(PhaseCounter_Intr.o)
                0x0000203c                PhaseCounter_Intr_SetPriority
 .text.PhaseCounter_Intr_Enable
                0x0000205c        0xc .\CortexM0\ARM_GCC_493\Debug\Board1-RPi.a(PhaseCounter_Intr.o)
                0x0000205c                PhaseCounter_Intr_Enable
 .text.PhaseCounter_Intr_Disable
                0x00002068        0xc .\CortexM0\ARM_GCC_493\Debug\Board1-RPi.a(PhaseCounter_Intr.o)
                0x00002068                PhaseCounter_Intr_Disable
 .text.PhaseCounter_Intr_StartEx
                0x00002074       0x1c .\CortexM0\ARM_GCC_493\Debug\Board1-RPi.a(PhaseCounter_Intr.o)
                0x00002074                PhaseCounter_Intr_StartEx
 .text.MainLoop_Pin_Write
                0x00002090       0x18 .\CortexM0\ARM_GCC_493\Debug\Board1-RPi.a(MainLoop_Pin.o)
                0x00002090                MainLoop_Pin_Write
 .text.MainLoop_Pin_Read
                0x000020a8       0x10 .\CortexM0\ARM_GCC_493\Debug\Board1-RPi.a(MainLoop_Pin.o)
                0x000020a8                MainLoop_Pin_Read
 .text          0x000020b8       0x20 .\CortexM0\ARM_GCC_493\Debug\Board1-RPi.a(CyBootAsmGnu.o)
                0x000020b8                CyDelayCycles
                0x000020ca                CyEnterCriticalSection
                0x000020d2                CyExitCriticalSection
 .text.CySysFlashSetWaitCycles
                0x000020d8       0x54 .\CortexM0\ARM_GCC_493\Debug\Board1-RPi.a(CyFlash.o)
                0x000020d8                CySysFlashSetWaitCycles
 .text.UARTCOMMS_SPI_UART_ISR
                0x0000212c       0x80 .\CortexM0\ARM_GCC_493\Debug\Board1-RPi.a(UARTCOMMS_SPI_UART_INT.o)
                0x0000212c                UARTCOMMS_SPI_UART_ISR
 .text.I2C_Master_I2C_ISR
                0x000021ac      0x374 .\CortexM0\ARM_GCC_493\Debug\Board1-RPi.a(I2C_Master_I2C_INT.o)
                0x000021ac                I2C_Master_I2C_ISR
 .text.cos      0x00002520       0x9c c:/program files (x86)/cypress/psoc creator/3.3/psoc creator/import/gnu/arm/4.9.3/bin/../lib/gcc/arm-none-eabi/4.9.3/../../../../arm-none-eabi/lib/armv6-m\libm.a(lib_a-s_cos.o)
                0x00002520                cos
 .text.round    0x000025bc       0xac c:/program files (x86)/cypress/psoc creator/3.3/psoc creator/import/gnu/arm/4.9.3/bin/../lib/gcc/arm-none-eabi/4.9.3/../../../../arm-none-eabi/lib/armv6-m\libm.a(lib_a-s_round.o)
                0x000025bc                round
 .text.sin      0x00002668       0xa0 c:/program files (x86)/cypress/psoc creator/3.3/psoc creator/import/gnu/arm/4.9.3/bin/../lib/gcc/arm-none-eabi/4.9.3/../../../../arm-none-eabi/lib/armv6-m\libm.a(lib_a-s_sin.o)
                0x00002668                sin
 .text.pow      0x00002708      0x35c c:/program files (x86)/cypress/psoc creator/3.3/psoc creator/import/gnu/arm/4.9.3/bin/../lib/gcc/arm-none-eabi/4.9.3/../../../../arm-none-eabi/lib/armv6-m\libm.a(lib_a-w_pow.o)
                0x00002708                pow
 .text.__ieee754_pow
                0x00002a64      0xa8c c:/program files (x86)/cypress/psoc creator/3.3/psoc creator/import/gnu/arm/4.9.3/bin/../lib/gcc/arm-none-eabi/4.9.3/../../../../arm-none-eabi/lib/armv6-m\libm.a(lib_a-e_pow.o)
                0x00002a64                __ieee754_pow
 .text.__ieee754_rem_pio2
                0x000034f0      0x430 c:/program files (x86)/cypress/psoc creator/3.3/psoc creator/import/gnu/arm/4.9.3/bin/../lib/gcc/arm-none-eabi/4.9.3/../../../../arm-none-eabi/lib/armv6-m\libm.a(lib_a-e_rem_pio2.o)
                0x000034f0                __ieee754_rem_pio2
 .text.__ieee754_sqrt
                0x00003920      0x1ec c:/program files (x86)/cypress/psoc creator/3.3/psoc creator/import/gnu/arm/4.9.3/bin/../lib/gcc/arm-none-eabi/4.9.3/../../../../arm-none-eabi/lib/armv6-m\libm.a(lib_a-e_sqrt.o)
                0x00003920                __ieee754_sqrt
 .text.__kernel_cos
                0x00003b0c      0x234 c:/program files (x86)/cypress/psoc creator/3.3/psoc creator/import/gnu/arm/4.9.3/bin/../lib/gcc/arm-none-eabi/4.9.3/../../../../arm-none-eabi/lib/armv6-m\libm.a(lib_a-k_cos.o)
                0x00003b0c                __kernel_cos
 .text.__kernel_rem_pio2
                0x00003d40      0x890 c:/program files (x86)/cypress/psoc creator/3.3/psoc creator/import/gnu/arm/4.9.3/bin/../lib/gcc/arm-none-eabi/4.9.3/../../../../arm-none-eabi/lib/armv6-m\libm.a(lib_a-k_rem_pio2.o)
                0x00003d40                __kernel_rem_pio2
 .text.__kernel_sin
                0x000045d0      0x160 c:/program files (x86)/cypress/psoc creator/3.3/psoc creator/import/gnu/arm/4.9.3/bin/../lib/gcc/arm-none-eabi/4.9.3/../../../../arm-none-eabi/lib/armv6-m\libm.a(lib_a-k_sin.o)
                0x000045d0                __kernel_sin
 .text.fabs     0x00004730        0x8 c:/program files (x86)/cypress/psoc creator/3.3/psoc creator/import/gnu/arm/4.9.3/bin/../lib/gcc/arm-none-eabi/4.9.3/../../../../arm-none-eabi/lib/armv6-m\libm.a(lib_a-s_fabs.o)
                0x00004730                fabs
 .text.finite   0x00004738       0x14 c:/program files (x86)/cypress/psoc creator/3.3/psoc creator/import/gnu/arm/4.9.3/bin/../lib/gcc/arm-none-eabi/4.9.3/../../../../arm-none-eabi/lib/armv6-m\libm.a(lib_a-s_finite.o)
                0x00004738                finite
 .text.floor    0x0000474c      0x14c c:/program files (x86)/cypress/psoc creator/3.3/psoc creator/import/gnu/arm/4.9.3/bin/../lib/gcc/arm-none-eabi/4.9.3/../../../../arm-none-eabi/lib/armv6-m\libm.a(lib_a-s_floor.o)
                0x0000474c                floor
 .text.__fpclassifyd
                0x00004898       0x5c c:/program files (x86)/cypress/psoc creator/3.3/psoc creator/import/gnu/arm/4.9.3/bin/../lib/gcc/arm-none-eabi/4.9.3/../../../../arm-none-eabi/lib/armv6-m\libm.a(lib_a-s_fpclassify.o)
                0x00004898                __fpclassifyd
 .text.matherr  0x000048f4        0x4 c:/program files (x86)/cypress/psoc creator/3.3/psoc creator/import/gnu/arm/4.9.3/bin/../lib/gcc/arm-none-eabi/4.9.3/../../../../arm-none-eabi/lib/armv6-m\libm.a(lib_a-s_matherr.o)
                0x000048f4                matherr
 .text.nan      0x000048f8        0xc c:/program files (x86)/cypress/psoc creator/3.3/psoc creator/import/gnu/arm/4.9.3/bin/../lib/gcc/arm-none-eabi/4.9.3/../../../../arm-none-eabi/lib/armv6-m\libm.a(lib_a-s_nan.o)
                0x000048f8                nan
 .text.rint     0x00004904      0x144 c:/program files (x86)/cypress/psoc creator/3.3/psoc creator/import/gnu/arm/4.9.3/bin/../lib/gcc/arm-none-eabi/4.9.3/../../../../arm-none-eabi/lib/armv6-m\libm.a(lib_a-s_rint.o)
                0x00004904                rint
 .text.scalbn   0x00004a48       0xf8 c:/program files (x86)/cypress/psoc creator/3.3/psoc creator/import/gnu/arm/4.9.3/bin/../lib/gcc/arm-none-eabi/4.9.3/../../../../arm-none-eabi/lib/armv6-m\libm.a(lib_a-s_scalbn.o)
                0x00004a48                scalbn
 .text.copysign
                0x00004b40       0x10 c:/program files (x86)/cypress/psoc creator/3.3/psoc creator/import/gnu/arm/4.9.3/bin/../lib/gcc/arm-none-eabi/4.9.3/../../../../arm-none-eabi/lib/armv6-m\libm.a(lib_a-s_copysign.o)
                0x00004b40                copysign
 .text          0x00004b50      0x120 c:/program files (x86)/cypress/psoc creator/3.3/psoc creator/import/gnu/arm/4.9.3/bin/../lib/gcc/arm-none-eabi/4.9.3/armv6-m\libgcc.a(_udivsi3.o)
                0x00004b50                __aeabi_uidiv
                0x00004b50                __udivsi3
                0x00004c5c                __aeabi_uidivmod
 .text          0x00004c70      0x1e0 c:/program files (x86)/cypress/psoc creator/3.3/psoc creator/import/gnu/arm/4.9.3/bin/../lib/gcc/arm-none-eabi/4.9.3/armv6-m\libgcc.a(_divsi3.o)
                0x00004c70                __divsi3
                0x00004c70                __aeabi_idiv
                0x00004e3c                __aeabi_idivmod
 .text          0x00004e50        0x4 c:/program files (x86)/cypress/psoc creator/3.3/psoc creator/import/gnu/arm/4.9.3/bin/../lib/gcc/arm-none-eabi/4.9.3/armv6-m\libgcc.a(_dvmd_tls.o)
                0x00004e50                __aeabi_idiv0
                0x00004e50                __aeabi_ldiv0
 .text          0x00004e54       0x7c c:/program files (x86)/cypress/psoc creator/3.3/psoc creator/import/gnu/arm/4.9.3/bin/../lib/gcc/arm-none-eabi/4.9.3/armv6-m\libgcc.a(_arm_cmpdf2.o)
                0x00004e54                __aeabi_cdrcmple
                0x00004e64                __aeabi_cdcmple
                0x00004e64                __aeabi_cdcmpeq
                0x00004e74                __aeabi_dcmpeq
                0x00004e80                __aeabi_dcmplt
                0x00004e94                __aeabi_dcmple
                0x00004ea8                __aeabi_dcmpgt
                0x00004ebc                __aeabi_dcmpge
 .text          0x00004ed0       0x74 c:/program files (x86)/cypress/psoc creator/3.3/psoc creator/import/gnu/arm/4.9.3/bin/../lib/gcc/arm-none-eabi/4.9.3/armv6-m\libgcc.a(_arm_cmpsf2.o)
                0x00004ed0                __aeabi_cfrcmple
                0x00004ed8                __aeabi_cfcmpeq
                0x00004ed8                __aeabi_cfcmple
                0x00004ee8                __aeabi_fcmpeq
                0x00004ef4                __aeabi_fcmplt
                0x00004f08                __aeabi_fcmple
                0x00004f1c                __aeabi_fcmpgt
                0x00004f30                __aeabi_fcmpge
 .text          0x00004f44       0x30 c:/program files (x86)/cypress/psoc creator/3.3/psoc creator/import/gnu/arm/4.9.3/bin/../lib/gcc/arm-none-eabi/4.9.3/armv6-m\libgcc.a(_fixunssfsi.o)
                0x00004f44                __fixunssfsi
                0x00004f44                __aeabi_f2uiz
 .text          0x00004f74      0x2f8 c:/program files (x86)/cypress/psoc creator/3.3/psoc creator/import/gnu/arm/4.9.3/bin/../lib/gcc/arm-none-eabi/4.9.3/armv6-m\libgcc.a(addsf3.o)
                0x00004f74                __aeabi_fadd
 .text          0x0000526c      0x270 c:/program files (x86)/cypress/psoc creator/3.3/psoc creator/import/gnu/arm/4.9.3/bin/../lib/gcc/arm-none-eabi/4.9.3/armv6-m\libgcc.a(divsf3.o)
                0x0000526c                __aeabi_fdiv
 .text          0x000054dc       0x54 c:/program files (x86)/cypress/psoc creator/3.3/psoc creator/import/gnu/arm/4.9.3/bin/../lib/gcc/arm-none-eabi/4.9.3/armv6-m\libgcc.a(eqsf2.o)
                0x000054dc                __eqsf2
                0x000054dc                __nesf2
 .text          0x00005530       0x94 c:/program files (x86)/cypress/psoc creator/3.3/psoc creator/import/gnu/arm/4.9.3/bin/../lib/gcc/arm-none-eabi/4.9.3/armv6-m\libgcc.a(gesf2.o)
                0x00005530                __gesf2
                0x00005530                __gtsf2
 .text          0x000055c4       0x8c c:/program files (x86)/cypress/psoc creator/3.3/psoc creator/import/gnu/arm/4.9.3/bin/../lib/gcc/arm-none-eabi/4.9.3/armv6-m\libgcc.a(lesf2.o)
                0x000055c4                __ltsf2
                0x000055c4                __lesf2
 .text          0x00005650      0x264 c:/program files (x86)/cypress/psoc creator/3.3/psoc creator/import/gnu/arm/4.9.3/bin/../lib/gcc/arm-none-eabi/4.9.3/armv6-m\libgcc.a(mulsf3.o)
                0x00005650                __aeabi_fmul
 .text          0x000058b4      0x2fc c:/program files (x86)/cypress/psoc creator/3.3/psoc creator/import/gnu/arm/4.9.3/bin/../lib/gcc/arm-none-eabi/4.9.3/armv6-m\libgcc.a(subsf3.o)
                0x000058b4                __aeabi_fsub
 .text          0x00005bb0       0x40 c:/program files (x86)/cypress/psoc creator/3.3/psoc creator/import/gnu/arm/4.9.3/bin/../lib/gcc/arm-none-eabi/4.9.3/armv6-m\libgcc.a(fixsfsi.o)
                0x00005bb0                __aeabi_f2iz
 .text          0x00005bf0       0x90 c:/program files (x86)/cypress/psoc creator/3.3/psoc creator/import/gnu/arm/4.9.3/bin/../lib/gcc/arm-none-eabi/4.9.3/armv6-m\libgcc.a(floatsisf.o)
                0x00005bf0                __aeabi_i2f
 .text          0x00005c80      0x650 c:/program files (x86)/cypress/psoc creator/3.3/psoc creator/import/gnu/arm/4.9.3/bin/../lib/gcc/arm-none-eabi/4.9.3/armv6-m\libgcc.a(adddf3.o)
                0x00005c80                __aeabi_dadd
 .text          0x000062d0      0x648 c:/program files (x86)/cypress/psoc creator/3.3/psoc creator/import/gnu/arm/4.9.3/bin/../lib/gcc/arm-none-eabi/4.9.3/armv6-m\libgcc.a(divdf3.o)
                0x000062d0                __aeabi_ddiv
 .text          0x00006918       0x88 c:/program files (x86)/cypress/psoc creator/3.3/psoc creator/import/gnu/arm/4.9.3/bin/../lib/gcc/arm-none-eabi/4.9.3/armv6-m\libgcc.a(eqdf2.o)
                0x00006918                __nedf2
                0x00006918                __eqdf2
 .text          0x000069a0       0xe0 c:/program files (x86)/cypress/psoc creator/3.3/psoc creator/import/gnu/arm/4.9.3/bin/../lib/gcc/arm-none-eabi/4.9.3/armv6-m\libgcc.a(gedf2.o)
                0x000069a0                __gedf2
                0x000069a0                __gtdf2
 .text          0x00006a80       0xcc c:/program files (x86)/cypress/psoc creator/3.3/psoc creator/import/gnu/arm/4.9.3/bin/../lib/gcc/arm-none-eabi/4.9.3/armv6-m\libgcc.a(ledf2.o)
                0x00006a80                __ledf2
                0x00006a80                __ltdf2
 .text          0x00006b4c      0x534 c:/program files (x86)/cypress/psoc creator/3.3/psoc creator/import/gnu/arm/4.9.3/bin/../lib/gcc/arm-none-eabi/4.9.3/armv6-m\libgcc.a(muldf3.o)
                0x00006b4c                __aeabi_dmul
 .text          0x00007080      0x6f4 c:/program files (x86)/cypress/psoc creator/3.3/psoc creator/import/gnu/arm/4.9.3/bin/../lib/gcc/arm-none-eabi/4.9.3/armv6-m\libgcc.a(subdf3.o)
                0x00007080                __aeabi_dsub
 .text          0x00007774       0x6c c:/program files (x86)/cypress/psoc creator/3.3/psoc creator/import/gnu/arm/4.9.3/bin/../lib/gcc/arm-none-eabi/4.9.3/armv6-m\libgcc.a(fixdfsi.o)
                0x00007774                __aeabi_d2iz
 .text          0x000077e0       0x78 c:/program files (x86)/cypress/psoc creator/3.3/psoc creator/import/gnu/arm/4.9.3/bin/../lib/gcc/arm-none-eabi/4.9.3/armv6-m\libgcc.a(floatsidf.o)
                0x000077e0                __aeabi_i2d
 .text          0x00007858       0xa8 c:/program files (x86)/cypress/psoc creator/3.3/psoc creator/import/gnu/arm/4.9.3/bin/../lib/gcc/arm-none-eabi/4.9.3/armv6-m\libgcc.a(extendsfdf2.o)
                0x00007858                __aeabi_f2d
 .text          0x00007900      0x120 c:/program files (x86)/cypress/psoc creator/3.3/psoc creator/import/gnu/arm/4.9.3/bin/../lib/gcc/arm-none-eabi/4.9.3/armv6-m\libgcc.a(truncdfsf2.o)
                0x00007900                __aeabi_d2f
 .text          0x00007a20       0x3c c:/program files (x86)/cypress/psoc creator/3.3/psoc creator/import/gnu/arm/4.9.3/bin/../lib/gcc/arm-none-eabi/4.9.3/armv6-m\libgcc.a(_clzsi2.o)
                0x00007a20                __clzsi2
 .text.__errno  0x00007a5c        0xc c:/program files (x86)/cypress/psoc creator/3.3/psoc creator/import/gnu/arm/4.9.3/bin/../lib/gcc/arm-none-eabi/4.9.3/../../../../arm-none-eabi/lib/armv6-m\libg.a(lib_a-errno.o)
                0x00007a5c                __errno
 .text.__libc_init_array
                0x00007a68       0x48 c:/program files (x86)/cypress/psoc creator/3.3/psoc creator/import/gnu/arm/4.9.3/bin/../lib/gcc/arm-none-eabi/4.9.3/../../../../arm-none-eabi/lib/armv6-m\libg.a(lib_a-init.o)
                0x00007a68                __libc_init_array
 .text.memset   0x00007ab0       0x8c c:/program files (x86)/cypress/psoc creator/3.3/psoc creator/import/gnu/arm/4.9.3/bin/../lib/gcc/arm-none-eabi/4.9.3/../../../../arm-none-eabi/lib/armv6-m\libg.a(lib_a-memset.o)
                0x00007ab0                memset
 .text.startup.register_fini
                0x00007b3c       0x18 c:/program files (x86)/cypress/psoc creator/3.3/psoc creator/import/gnu/arm/4.9.3/bin/../lib/gcc/arm-none-eabi/4.9.3/../../../../arm-none-eabi/lib/armv6-m\libg.a(lib_a-__call_atexit.o)
 .text.atexit   0x00007b54       0x10 c:/program files (x86)/cypress/psoc creator/3.3/psoc creator/import/gnu/arm/4.9.3/bin/../lib/gcc/arm-none-eabi/4.9.3/../../../../arm-none-eabi/lib/armv6-m\libg.a(lib_a-atexit.o)
                0x00007b54                atexit
 .text.__libc_fini_array
                0x00007b64       0x34 c:/program files (x86)/cypress/psoc creator/3.3/psoc creator/import/gnu/arm/4.9.3/bin/../lib/gcc/arm-none-eabi/4.9.3/../../../../arm-none-eabi/lib/armv6-m\libg.a(lib_a-fini.o)
                0x00007b64                __libc_fini_array
 .text.__register_exitproc
                0x00007b98       0xd4 c:/program files (x86)/cypress/psoc creator/3.3/psoc creator/import/gnu/arm/4.9.3/bin/../lib/gcc/arm-none-eabi/4.9.3/../../../../arm-none-eabi/lib/armv6-m\libg.a(lib_a-__atexit.o)
                0x00007b98                __register_exitproc
 *(.plt)
 *(.gnu.warning)
 *(.glue_7t)
 .glue_7t       0x00000000        0x0 linker stubs
 *(.glue_7)
 .glue_7        0x00000000        0x0 linker stubs
 *(.vfp11_veneer)
 .vfp11_veneer  0x00000000        0x0 linker stubs
 *(.bootloader)
 *(.ARM.extab* .gnu.linkonce.armextab.*)
 *(.gcc_except_table)

.v4_bx          0x00007c6c        0x0
 .v4_bx         0x00000000        0x0 linker stubs

.iplt           0x00007c6c        0x0
 .iplt          0x00000000        0x0 c:/program files (x86)/cypress/psoc creator/3.3/psoc creator/import/gnu/arm/4.9.3/bin/../lib/gcc/arm-none-eabi/4.9.3/armv6-m/crtbegin.o

.eh_frame_hdr
 *(.eh_frame_hdr)

.eh_frame       0x00007c6c        0x4
 *(.eh_frame)
 .eh_frame      0x00007c6c        0x0 c:/program files (x86)/cypress/psoc creator/3.3/psoc creator/import/gnu/arm/4.9.3/bin/../lib/gcc/arm-none-eabi/4.9.3/armv6-m/crtbegin.o
 .eh_frame      0x00007c6c        0x0 c:/program files (x86)/cypress/psoc creator/3.3/psoc creator/import/gnu/arm/4.9.3/bin/../lib/gcc/arm-none-eabi/4.9.3/../../../../arm-none-eabi/lib/armv6-m\libg.a(lib_a-strcmp.o)
                                 0x28 (size before relaxing)
 .eh_frame      0x00007c6c        0x4 c:/program files (x86)/cypress/psoc creator/3.3/psoc creator/import/gnu/arm/4.9.3/bin/../lib/gcc/arm-none-eabi/4.9.3/armv6-m/crtend.o
                0x00007c70                PROVIDE (__exidx_start, .)

.ARM.exidx
 *(.ARM.exidx* .gnu.linkonce.armexidx.*)
                0x00007c70                __exidx_end = .

.rodata         0x00007c70      0x670
 *(.rodata .rodata.* .gnu.linkonce.r.*)
 .rodata        0x00007c70       0x10 .\CortexM0\ARM_GCC_493\Debug\ultrasonic.o
 .rodata.cst2   0x00007c80        0x2 .\CortexM0\ARM_GCC_493\Debug\infrared.o
                                  0x4 (size before relaxing)
 *fill*         0x00007c82        0x2 
 .rodata        0x00007c84      0x26c .\CortexM0\ARM_GCC_493\Debug\Board1-RPi.a(cyfitter_cfg.o)
 .rodata        0x00007ef0       0x48 .\CortexM0\ARM_GCC_493\Debug\Board1-RPi.a(CyLib.o)
                0x00007ef0                cyImoFreqMhz2Reg
                0x00007f20                cyImoFreqMhz2DpllOffset
 .rodata.str1.4
                0x00007f38        0x4 c:/program files (x86)/cypress/psoc creator/3.3/psoc creator/import/gnu/arm/4.9.3/bin/../lib/gcc/arm-none-eabi/4.9.3/../../../../arm-none-eabi/lib/armv6-m\libm.a(lib_a-w_pow.o)
 *fill*         0x00007f3c        0x4 
 .rodata.dp_h   0x00007f40       0x10 c:/program files (x86)/cypress/psoc creator/3.3/psoc creator/import/gnu/arm/4.9.3/bin/../lib/gcc/arm-none-eabi/4.9.3/../../../../arm-none-eabi/lib/armv6-m\libm.a(lib_a-e_pow.o)
 .rodata.dp_l   0x00007f50       0x10 c:/program files (x86)/cypress/psoc creator/3.3/psoc creator/import/gnu/arm/4.9.3/bin/../lib/gcc/arm-none-eabi/4.9.3/../../../../arm-none-eabi/lib/armv6-m\libm.a(lib_a-e_pow.o)
 .rodata.bp     0x00007f60       0x10 c:/program files (x86)/cypress/psoc creator/3.3/psoc creator/import/gnu/arm/4.9.3/bin/../lib/gcc/arm-none-eabi/4.9.3/../../../../arm-none-eabi/lib/armv6-m\libm.a(lib_a-e_pow.o)
 .rodata.str1.4
                0x00007f70        0x1 c:/program files (x86)/cypress/psoc creator/3.3/psoc creator/import/gnu/arm/4.9.3/bin/../lib/gcc/arm-none-eabi/4.9.3/../../../../arm-none-eabi/lib/armv6-m\libm.a(lib_a-e_pow.o)
                                  0x4 (size before relaxing)
 *fill*         0x00007f71        0x3 
 .rodata.npio2_hw
                0x00007f74       0x80 c:/program files (x86)/cypress/psoc creator/3.3/psoc creator/import/gnu/arm/4.9.3/bin/../lib/gcc/arm-none-eabi/4.9.3/../../../../arm-none-eabi/lib/armv6-m\libm.a(lib_a-e_rem_pio2.o)
 .rodata.two_over_pi
                0x00007ff4      0x108 c:/program files (x86)/cypress/psoc creator/3.3/psoc creator/import/gnu/arm/4.9.3/bin/../lib/gcc/arm-none-eabi/4.9.3/../../../../arm-none-eabi/lib/armv6-m\libm.a(lib_a-e_rem_pio2.o)
 .rodata.init_jk
                0x000080fc       0x10 c:/program files (x86)/cypress/psoc creator/3.3/psoc creator/import/gnu/arm/4.9.3/bin/../lib/gcc/arm-none-eabi/4.9.3/../../../../arm-none-eabi/lib/armv6-m\libm.a(lib_a-k_rem_pio2.o)
 *fill*         0x0000810c        0x4 
 .rodata.PIo2   0x00008110       0x40 c:/program files (x86)/cypress/psoc creator/3.3/psoc creator/import/gnu/arm/4.9.3/bin/../lib/gcc/arm-none-eabi/4.9.3/../../../../arm-none-eabi/lib/armv6-m\libm.a(lib_a-k_rem_pio2.o)
 .rodata.TWO52  0x00008150       0x10 c:/program files (x86)/cypress/psoc creator/3.3/psoc creator/import/gnu/arm/4.9.3/bin/../lib/gcc/arm-none-eabi/4.9.3/../../../../arm-none-eabi/lib/armv6-m\libm.a(lib_a-s_rint.o)
 .rodata        0x00008160       0x80 c:/program files (x86)/cypress/psoc creator/3.3/psoc creator/import/gnu/arm/4.9.3/bin/../lib/gcc/arm-none-eabi/4.9.3/armv6-m\libgcc.a(divsf3.o)
 .rodata        0x000081e0       0x40 c:/program files (x86)/cypress/psoc creator/3.3/psoc creator/import/gnu/arm/4.9.3/bin/../lib/gcc/arm-none-eabi/4.9.3/armv6-m\libgcc.a(mulsf3.o)
 .rodata        0x00008220       0x40 c:/program files (x86)/cypress/psoc creator/3.3/psoc creator/import/gnu/arm/4.9.3/bin/../lib/gcc/arm-none-eabi/4.9.3/armv6-m\libgcc.a(divdf3.o)
 .rodata        0x00008260       0x40 c:/program files (x86)/cypress/psoc creator/3.3/psoc creator/import/gnu/arm/4.9.3/bin/../lib/gcc/arm-none-eabi/4.9.3/armv6-m\libgcc.a(muldf3.o)
 .rodata.str1.4
                0x000082a0        0x4 c:/program files (x86)/cypress/psoc creator/3.3/psoc creator/import/gnu/arm/4.9.3/bin/../lib/gcc/arm-none-eabi/4.9.3/../../../../arm-none-eabi/lib/armv6-m\libg.a(lib_a-impure.o)
 .rodata._global_impure_ptr
                0x000082a4        0x4 c:/program files (x86)/cypress/psoc creator/3.3/psoc creator/import/gnu/arm/4.9.3/bin/../lib/gcc/arm-none-eabi/4.9.3/../../../../arm-none-eabi/lib/armv6-m\libg.a(lib_a-impure.o)
                0x000082a4                _global_impure_ptr
                0x000082a8                . = ALIGN (0x4)
 *(.init)
 .init          0x000082a8        0x4 c:/program files (x86)/cypress/psoc creator/3.3/psoc creator/import/gnu/arm/4.9.3/bin/../lib/gcc/arm-none-eabi/4.9.3/armv6-m/crti.o
                0x000082a8                _init
 .init          0x000082ac        0x8 c:/program files (x86)/cypress/psoc creator/3.3/psoc creator/import/gnu/arm/4.9.3/bin/../lib/gcc/arm-none-eabi/4.9.3/armv6-m/crtn.o
                0x000082b4                . = ALIGN (0x4)
                0x000082b4                __preinit_array_start = .
 *(.preinit_array)
                0x000082b4                __preinit_array_end = .
                0x000082b4                . = ALIGN (0x4)
                0x000082b4                __init_array_start = .
 *(SORT(.init_array.*))
 .init_array.00000
                0x000082b4        0x4 c:/program files (x86)/cypress/psoc creator/3.3/psoc creator/import/gnu/arm/4.9.3/bin/../lib/gcc/arm-none-eabi/4.9.3/../../../../arm-none-eabi/lib/armv6-m\libg.a(lib_a-__call_atexit.o)
 *(.init_array)
 .init_array    0x000082b8        0x4 c:/program files (x86)/cypress/psoc creator/3.3/psoc creator/import/gnu/arm/4.9.3/bin/../lib/gcc/arm-none-eabi/4.9.3/armv6-m/crtbegin.o
 .init_array    0x000082bc        0x4 .\CortexM0\ARM_GCC_493\Debug\Cm0Start.o
                0x000082c0                __init_array_end = .
                0x000082c0                . = ALIGN (0x4)
 *(.fini)
 .fini          0x000082c0        0x4 c:/program files (x86)/cypress/psoc creator/3.3/psoc creator/import/gnu/arm/4.9.3/bin/../lib/gcc/arm-none-eabi/4.9.3/armv6-m/crti.o
                0x000082c0                _fini
 .fini          0x000082c4        0x8 c:/program files (x86)/cypress/psoc creator/3.3/psoc creator/import/gnu/arm/4.9.3/bin/../lib/gcc/arm-none-eabi/4.9.3/armv6-m/crtn.o
                0x000082cc                . = ALIGN (0x4)
                0x000082cc                __fini_array_start = .
 *(.fini_array)
 .fini_array    0x000082cc        0x4 c:/program files (x86)/cypress/psoc creator/3.3/psoc creator/import/gnu/arm/4.9.3/bin/../lib/gcc/arm-none-eabi/4.9.3/armv6-m/crtbegin.o
 *(SORT(.fini_array.*))
                0x000082d0                __fini_array_end = .
                0x000082d0                . = ALIGN (0x4)
 *crtbegin.o(.ctors)
 *(EXCLUDE_FILE(*crtend.o) .ctors)
 *(SORT(.ctors.*))
 *crtend.o(.ctors)
                0x000082d0                . = ALIGN (0x4)
 *crtbegin.o(.dtors)
 *(EXCLUDE_FILE(*crtend.o) .dtors)
 *(SORT(.dtors.*))
 *crtend.o(.dtors)
                0x000082d0                . = ALIGN (0x4)
                0x000082d0                __cy_regions = .
                0x000082d0        0x4 LONG 0x82e0 __cy_region_init_ram
                0x000082d4        0x4 LONG 0x200000c8 __cy_region_start_data
                0x000082d8        0x4 LONG 0x5f8 __cy_region_init_size_ram
                0x000082dc        0x4 LONG 0x4a0 __cy_region_zero_size_ram
                0x000082e0                __cy_regions_end = .
                0x000082e0                . = ALIGN (0x8)
                0x000082e0                _etext = .

.cy_checksum_exclude
                0x000082e0        0x0
 *(.cy_checksum_exclude)

.ramvectors     0x20000000       0xc0
                0x20000000                __cy_region_start_ram = .
 *(.ramvectors)
 .ramvectors    0x20000000       0xc0 .\CortexM0\ARM_GCC_493\Debug\Cm0Start.o
                0x20000000                CyRamVectors

.noinit         0x200000c0        0x4
 *(.noinit)
 .noinit        0x200000c0        0x4 .\CortexM0\ARM_GCC_493\Debug\Cm0Start.o

.data           0x200000c8      0x5f8 load address 0x000082e0
                0x200000c8                __cy_region_start_data = .
 *(.jcr)
 .jcr           0x200000c8        0x0 c:/program files (x86)/cypress/psoc creator/3.3/psoc creator/import/gnu/arm/4.9.3/bin/../lib/gcc/arm-none-eabi/4.9.3/armv6-m/crtbegin.o
 .jcr           0x200000c8        0x4 c:/program files (x86)/cypress/psoc creator/3.3/psoc creator/import/gnu/arm/4.9.3/bin/../lib/gcc/arm-none-eabi/4.9.3/armv6-m/crtend.o
 *(.got.plt)
 *(.got)
 *(.shdata)
 *(.data .data.* .gnu.linkonce.d.*)
 .data          0x200000cc      0x190 .\CortexM0\ARM_GCC_493\Debug\motor.o
 .data          0x2000025c       0x1c .\CortexM0\ARM_GCC_493\Debug\pid.o
 .data          0x20000278       0x10 .\CortexM0\ARM_GCC_493\Debug\Board1-RPi.a(CyLib.o)
                0x20000278                cydelay32kMs
                0x2000027c                cydelayFreqKhz
                0x20000280                cydelayFreqMhz
                0x20000284                cydelayFreqHz
 .data          0x20000288        0x4 .\CortexM0\ARM_GCC_493\Debug\Board1-RPi.a(CyLFClk.o)
 .data.__fdlib_version
                0x2000028c        0x1 c:/program files (x86)/cypress/psoc creator/3.3/psoc creator/import/gnu/arm/4.9.3/bin/../lib/gcc/arm-none-eabi/4.9.3/../../../../arm-none-eabi/lib/armv6-m\libm.a(lib_a-s_lib_ver.o)
                0x2000028c                __fdlib_version
 *fill*         0x2000028d        0x3 
 .data.impure_data
                0x20000290      0x428 c:/program files (x86)/cypress/psoc creator/3.3/psoc creator/import/gnu/arm/4.9.3/bin/../lib/gcc/arm-none-eabi/4.9.3/../../../../arm-none-eabi/lib/armv6-m\libg.a(lib_a-impure.o)
 .data._impure_ptr
                0x200006b8        0x4 c:/program files (x86)/cypress/psoc creator/3.3/psoc creator/import/gnu/arm/4.9.3/bin/../lib/gcc/arm-none-eabi/4.9.3/../../../../arm-none-eabi/lib/armv6-m\libg.a(lib_a-impure.o)
                0x200006b8                _impure_ptr
                0x200006c0                . = ALIGN (0x8)
 *fill*         0x200006bc        0x4 
 *(.ram)
                0x200006c0                _edata = .

.igot.plt       0x200006c0        0x0 load address 0x000088d8
 .igot.plt      0x00000000        0x0 c:/program files (x86)/cypress/psoc creator/3.3/psoc creator/import/gnu/arm/4.9.3/bin/../lib/gcc/arm-none-eabi/4.9.3/armv6-m/crtbegin.o

.bss            0x200006c0      0x4a0 load address 0x000088d8
                0x200006c0                PROVIDE (__bss_start__, .)
 *(.shbss)
 *(.bss .bss.* .gnu.linkonce.b.*)
 .bss           0x200006c0       0x1c c:/program files (x86)/cypress/psoc creator/3.3/psoc creator/import/gnu/arm/4.9.3/bin/../lib/gcc/arm-none-eabi/4.9.3/armv6-m/crtbegin.o
 .bss           0x200006dc       0x4c .\CortexM0\ARM_GCC_493\Debug\encoder.o
 .bss           0x20000728       0xcc .\CortexM0\ARM_GCC_493\Debug\motor.o
 .bss           0x200007f4       0x4c .\CortexM0\ARM_GCC_493\Debug\ultrasonic.o
 .bss           0x20000840       0x14 .\CortexM0\ARM_GCC_493\Debug\pid.o
 .bss           0x20000854       0x3c .\CortexM0\ARM_GCC_493\Debug\i2c.o
 .bss           0x20000890        0x4 .\CortexM0\ARM_GCC_493\Debug\time.o
 .bss           0x20000894        0x8 .\CortexM0\ARM_GCC_493\Debug\infrared.o
 .bss           0x2000089c       0x30 .\CortexM0\ARM_GCC_493\Debug\odom.o
 .bss           0x200008cc       0x18 .\CortexM0\ARM_GCC_493\Debug\Board1-RPi.a(CyLib.o)
                0x200008e0                CySysTickInitVar
 .bss           0x200008e4       0x1c .\CortexM0\ARM_GCC_493\Debug\Board1-RPi.a(CyLFClk.o)
 .bss           0x20000900        0x1 .\CortexM0\ARM_GCC_493\Debug\Board1-RPi.a(HB25_PWM.o)
                0x20000900                HB25_PWM_initVar
 *fill*         0x20000901        0x3 
 .bss           0x20000904        0x8 .\CortexM0\ARM_GCC_493\Debug\Board1-RPi.a(UARTCOMMS.o)
                0x20000904                UARTCOMMS_initVar
                0x20000908                UARTCOMMS_customIntrHandler
 .bss           0x2000090c        0x8 .\CortexM0\ARM_GCC_493\Debug\Board1-RPi.a(EZI2C_Slave.o)
                0x2000090c                EZI2C_Slave_initVar
                0x20000910                EZI2C_Slave_customIntrHandler
 .bss           0x20000914        0x2 .\CortexM0\ARM_GCC_493\Debug\Board1-RPi.a(EZI2C_Slave_EZI2C_INT.o)
 *fill*         0x20000916        0x2 
 .bss           0x20000918        0x8 .\CortexM0\ARM_GCC_493\Debug\Board1-RPi.a(I2C_Master.o)
                0x20000918                I2C_Master_initVar
                0x2000091c                I2C_Master_customIntrHandler
 *(COMMON)
 COMMON         0x20000920      0x100 .\CortexM0\ARM_GCC_493\Debug\motor.o
                0x20000920                formatted_string
 COMMON         0x20000a20       0x11 .\CortexM0\ARM_GCC_493\Debug\Board1-RPi.a(EZI2C_Slave_EZI2C.o)
                0x20000a20                EZI2C_Slave_offsetBuf1
                0x20000a24                EZI2C_Slave_dataBuffer1
                0x20000a28                EZI2C_Slave_indexBuf1
                0x20000a2a                EZI2C_Slave_fsmState
                0x20000a2c                EZI2C_Slave_protectBuf1
                0x20000a2e                EZI2C_Slave_bufSizeBuf1
                0x20000a30                EZI2C_Slave_curStatus
 COMMON         0x20000a31        0x1 .\CortexM0\ARM_GCC_493\Debug\Board1-RPi.a(I2C_Master_I2C.o)
                0x20000a31                I2C_Master_state
 *fill*         0x20000a32        0x2 
 COMMON         0x20000a34       0x20 .\CortexM0\ARM_GCC_493\Debug\Board1-RPi.a(I2C_Master_I2C_MASTER.o)
                0x20000a34                I2C_Master_mstrWrBufIndexTmp
                0x20000a38                I2C_Master_mstrRdBufIndex
                0x20000a3c                I2C_Master_mstrWrBufIndex
                0x20000a40                I2C_Master_mstrWrBufSize
                0x20000a44                I2C_Master_mstrWrBufPtr
                0x20000a48                I2C_Master_mstrRdBufPtr
                0x20000a4c                I2C_Master_mstrControl
                0x20000a4e                I2C_Master_mstrStatus
                0x20000a50                I2C_Master_mstrRdBufSize
 COMMON         0x20000a54      0x108 .\CortexM0\ARM_GCC_493\Debug\Board1-RPi.a(UARTCOMMS_SPI_UART.o)
                0x20000a54                UARTCOMMS_txBufferInternal
                0x20000b54                UARTCOMMS_txBufferTail
                0x20000b58                UARTCOMMS_txBufferHead
                0x20000b60                . = ALIGN (0x8)
 *fill*         0x20000b5c        0x4 
 *(.ram.b)
                0x20000b60                _end = .
                0x20000b60                __end = .
                0x20000b60                PROVIDE (end, .)
                0x20000b60                PROVIDE (__bss_end__, .)
                0x000082e0                __cy_region_init_ram = LOADADDR (.data)
                0x000005f8                __cy_region_init_size_ram = (_edata - ADDR (.data))
                0x000004a0                __cy_region_zero_size_ram = (_end - _edata)

.heap           0x20000b60     0x1000 load address 0x000088d8
                0x20000b60                . = _end
                0x20001b60                . = (. + 0x1000)
 *fill*         0x20000b60     0x1000 
                0x20001b60                __cy_heap_limit = .

.stack          0x20003800      0x800
                0x20003800                __cy_stack_limit = .
                0x20004000                . = (. + 0x800)
 *fill*         0x20003800      0x800 
                0x00000001                ASSERT ((__cy_stack_limit >= __cy_heap_limit), region RAM overflowed with stack)
                0x00000000                cy_checksum_exclude_size = (CY_APPL_LOADABLE == 0x1)?SIZEOF (.cy_checksum_exclude):0x0
                0x00000001                ASSERT ((cy_checksum_exclude_size <= CY_CHECKSUM_EXCLUDE_SIZE), CY_BOOT: Section .cy_checksum_exclude size exceedes specified limit.)
                0x0001ffc0                cyloadermeta_start = (cy_project_type_bootloader || cy_project_type_app_for_stack_and_copier)?(0x20000 - CY_METADATA_SIZE):0xf0000000

.cyloadermeta
 *(.cyloadermeta)
                0x0001ffc0                cyloadablemeta_start = cy_project_type_app_for_stack_and_copier?((0x20000 - CY_FLASH_ROW_SIZE) - CY_METADATA_SIZE):((0x20000 - (CY_FLASH_ROW_SIZE * (CY_APPL_NUM - 0x1))) - CY_METADATA_SIZE)

.cyloadablemeta
 *(.cyloadablemeta)

.cyflashprotect
                0x90400000       0x80
 *(.cyflashprotect)
 .cyflashprotect
                0x90400000       0x80 .\CortexM0\ARM_GCC_493\Debug\cymetadata.o
                0x90400000                cy_meta_flashprotect

.cymeta         0x90500000        0xc
 *(.cymeta)
 .cymeta        0x90500000        0xc .\CortexM0\ARM_GCC_493\Debug\cymetadata.o
                0x90500000                cy_metadata

.cychipprotect  0x90600000        0x4
 *(.cychipprotect)
 .cychipprotect
                0x90600000        0x4 .\CortexM0\ARM_GCC_493\Debug\cymetadata.o
                0x90600000                cy_meta_chipprotect

.rel.dyn        0x000088d8        0x0 load address 0x90600004
 .rel.iplt      0x00000000        0x0 c:/program files (x86)/cypress/psoc creator/3.3/psoc creator/import/gnu/arm/4.9.3/bin/../lib/gcc/arm-none-eabi/4.9.3/armv6-m/crtbegin.o

.stab
 *(.stab)

.stabstr
 *(.stabstr)

.debug
 *(.debug)

.line
 *(.line)

.debug_srcinfo
 *(.debug_srcinfo)

.debug_sfnames
 *(.debug_sfnames)

.debug_aranges  0x00000000     0x1218
 *(.debug_aranges)
 .debug_aranges
                0x00000000       0x68 .\CortexM0\ARM_GCC_493\Debug\encoder.o
 .debug_aranges
                0x00000068       0x58 .\CortexM0\ARM_GCC_493\Debug\motor.o
 .debug_aranges
                0x000000c0       0x58 .\CortexM0\ARM_GCC_493\Debug\ultrasonic.o
 .debug_aranges
                0x00000118       0x38 .\CortexM0\ARM_GCC_493\Debug\pid.o
 .debug_aranges
                0x00000150       0xa0 .\CortexM0\ARM_GCC_493\Debug\i2c.o
 .debug_aranges
                0x000001f0       0x30 .\CortexM0\ARM_GCC_493\Debug\control.o
 .debug_aranges
                0x00000220       0x20 .\CortexM0\ARM_GCC_493\Debug\boardmain.o
 .debug_aranges
                0x00000240       0x38 .\CortexM0\ARM_GCC_493\Debug\time.o
 .debug_aranges
                0x00000278       0x38 .\CortexM0\ARM_GCC_493\Debug\infrared.o
 .debug_aranges
                0x000002b0       0x60 .\CortexM0\ARM_GCC_493\Debug\utils.o
 .debug_aranges
                0x00000310       0x28 .\CortexM0\ARM_GCC_493\Debug\debug.o
 .debug_aranges
                0x00000338       0x38 .\CortexM0\ARM_GCC_493\Debug\odom.o
 .debug_aranges
                0x00000370       0x58 .\CortexM0\ARM_GCC_493\Debug\cal.o
 .debug_aranges
                0x000003c8       0x30 .\CortexM0\ARM_GCC_493\Debug\diag.o
 .debug_aranges
                0x000003f8       0x18 .\CortexM0\ARM_GCC_493\Debug\cymetadata.o
 .debug_aranges
                0x00000410       0x48 .\CortexM0\ARM_GCC_493\Debug\Cm0Start.o
 .debug_aranges
                0x00000458       0x48 .\CortexM0\ARM_GCC_493\Debug\Board1-RPi.a(cyfitter_cfg.o)
 .debug_aranges
                0x000004a0      0x1b8 .\CortexM0\ARM_GCC_493\Debug\Board1-RPi.a(CyLib.o)
 .debug_aranges
                0x00000658      0x150 .\CortexM0\ARM_GCC_493\Debug\Board1-RPi.a(CyLFClk.o)
 .debug_aranges
                0x000007a8      0x158 .\CortexM0\ARM_GCC_493\Debug\Board1-RPi.a(HB25_PWM.o)
 .debug_aranges
                0x00000900       0xa8 .\CortexM0\ARM_GCC_493\Debug\Board1-RPi.a(ADC_Infrared.o)
 .debug_aranges
                0x000009a8       0x20 .\CortexM0\ARM_GCC_493\Debug\Board1-RPi.a(ADC_Infrared_INT.o)
 .debug_aranges
                0x000009c8      0x158 .\CortexM0\ARM_GCC_493\Debug\Board1-RPi.a(HCSR04_Timer.o)
 .debug_aranges
                0x00000b20       0x80 .\CortexM0\ARM_GCC_493\Debug\Board1-RPi.a(HCSR04_Timeout_Intr.o)
 .debug_aranges
                0x00000ba0       0x28 .\CortexM0\ARM_GCC_493\Debug\Board1-RPi.a(HCSR04_Control.o)
 .debug_aranges
                0x00000bc8       0x48 .\CortexM0\ARM_GCC_493\Debug\Board1-RPi.a(HCSR04_Trigger_0.o)
 .debug_aranges
                0x00000c10       0x48 .\CortexM0\ARM_GCC_493\Debug\Board1-RPi.a(HCSR04_Trigger_2.o)
 .debug_aranges
                0x00000c58       0x48 .\CortexM0\ARM_GCC_493\Debug\Board1-RPi.a(HCSR04_Trigger_3.o)
 .debug_aranges
                0x00000ca0       0x48 .\CortexM0\ARM_GCC_493\Debug\Board1-RPi.a(HCSR04_Trigger_1.o)
 .debug_aranges
                0x00000ce8       0x48 .\CortexM0\ARM_GCC_493\Debug\Board1-RPi.a(HB25_Enable_Pin.o)
 .debug_aranges
                0x00000d30       0x68 .\CortexM0\ARM_GCC_493\Debug\Board1-RPi.a(UARTCOMMS.o)
 .debug_aranges
                0x00000d98       0x68 .\CortexM0\ARM_GCC_493\Debug\Board1-RPi.a(UARTCOMMS_UART.o)
 .debug_aranges
                0x00000e00       0x60 .\CortexM0\ARM_GCC_493\Debug\Board1-RPi.a(EZI2C_Slave.o)
 .debug_aranges
                0x00000e60       0x50 .\CortexM0\ARM_GCC_493\Debug\Board1-RPi.a(EZI2C_Slave_EZI2C.o)
 .debug_aranges
                0x00000eb0       0x20 .\CortexM0\ARM_GCC_493\Debug\Board1-RPi.a(EZI2C_Slave_EZI2C_INT.o)
 .debug_aranges
                0x00000ed0       0x60 .\CortexM0\ARM_GCC_493\Debug\Board1-RPi.a(I2C_Master.o)
 .debug_aranges
                0x00000f30       0x28 .\CortexM0\ARM_GCC_493\Debug\Board1-RPi.a(I2C_Master_I2C.o)
 .debug_aranges
                0x00000f58       0x88 .\CortexM0\ARM_GCC_493\Debug\Board1-RPi.a(I2C_Master_I2C_MASTER.o)
 .debug_aranges
                0x00000fe0       0x88 .\CortexM0\ARM_GCC_493\Debug\Board1-RPi.a(Phase_Counter.o)
 .debug_aranges
                0x00001068       0x80 .\CortexM0\ARM_GCC_493\Debug\Board1-RPi.a(PhaseCounter_Intr.o)
 .debug_aranges
                0x000010e8       0x48 .\CortexM0\ARM_GCC_493\Debug\Board1-RPi.a(MainLoop_Pin.o)
 .debug_aranges
                0x00001130       0x20 .\CortexM0\ARM_GCC_493\Debug\Board1-RPi.a(CyBootAsmGnu.o)
 .debug_aranges
                0x00001150       0x40 .\CortexM0\ARM_GCC_493\Debug\Board1-RPi.a(CyFlash.o)
 .debug_aranges
                0x00001190       0x48 .\CortexM0\ARM_GCC_493\Debug\Board1-RPi.a(UARTCOMMS_SPI_UART.o)
 .debug_aranges
                0x000011d8       0x20 .\CortexM0\ARM_GCC_493\Debug\Board1-RPi.a(UARTCOMMS_SPI_UART_INT.o)
 .debug_aranges
                0x000011f8       0x20 .\CortexM0\ARM_GCC_493\Debug\Board1-RPi.a(I2C_Master_I2C_INT.o)

.debug_pubnames
 *(.debug_pubnames)

.debug_info     0x00000000     0xa087
 *(.debug_info .gnu.linkonce.wi.*)
 .debug_info    0x00000000      0x4e8 .\CortexM0\ARM_GCC_493\Debug\encoder.o
 .debug_info    0x000004e8      0x61f .\CortexM0\ARM_GCC_493\Debug\motor.o
 .debug_info    0x00000b07      0x536 .\CortexM0\ARM_GCC_493\Debug\ultrasonic.o
 .debug_info    0x0000103d      0x342 .\CortexM0\ARM_GCC_493\Debug\pid.o
 .debug_info    0x0000137f      0x6a1 .\CortexM0\ARM_GCC_493\Debug\i2c.o
 .debug_info    0x00001a20      0x15f .\CortexM0\ARM_GCC_493\Debug\control.o
 .debug_info    0x00001b7f      0x2fb .\CortexM0\ARM_GCC_493\Debug\boardmain.o
 .debug_info    0x00001e7a      0x1a0 .\CortexM0\ARM_GCC_493\Debug\time.o
 .debug_info    0x0000201a      0x40a .\CortexM0\ARM_GCC_493\Debug\infrared.o
 .debug_info    0x00002424      0x2f7 .\CortexM0\ARM_GCC_493\Debug\utils.o
 .debug_info    0x0000271b      0x123 .\CortexM0\ARM_GCC_493\Debug\debug.o
 .debug_info    0x0000283e      0x3a9 .\CortexM0\ARM_GCC_493\Debug\odom.o
 .debug_info    0x00002be7      0x406 .\CortexM0\ARM_GCC_493\Debug\cal.o
 .debug_info    0x00002fed       0xf6 .\CortexM0\ARM_GCC_493\Debug\diag.o
 .debug_info    0x000030e3       0xfe .\CortexM0\ARM_GCC_493\Debug\cymetadata.o
 .debug_info    0x000031e1      0x38e .\CortexM0\ARM_GCC_493\Debug\Cm0Start.o
 .debug_info    0x0000356f      0x420 .\CortexM0\ARM_GCC_493\Debug\Board1-RPi.a(cyfitter_cfg.o)
 .debug_info    0x0000398f      0xcf4 .\CortexM0\ARM_GCC_493\Debug\Board1-RPi.a(CyLib.o)
 .debug_info    0x00004683      0xda4 .\CortexM0\ARM_GCC_493\Debug\Board1-RPi.a(CyLFClk.o)
 .debug_info    0x00005427      0x906 .\CortexM0\ARM_GCC_493\Debug\Board1-RPi.a(HB25_PWM.o)
 .debug_info    0x00005d2d      0x5bf .\CortexM0\ARM_GCC_493\Debug\Board1-RPi.a(ADC_Infrared.o)
 .debug_info    0x000062ec       0xc4 .\CortexM0\ARM_GCC_493\Debug\Board1-RPi.a(ADC_Infrared_INT.o)
 .debug_info    0x000063b0      0x8dd .\CortexM0\ARM_GCC_493\Debug\Board1-RPi.a(HCSR04_Timer.o)
 .debug_info    0x00006c8d      0x300 .\CortexM0\ARM_GCC_493\Debug\Board1-RPi.a(HCSR04_Timeout_Intr.o)
 .debug_info    0x00006f8d       0xd6 .\CortexM0\ARM_GCC_493\Debug\Board1-RPi.a(HCSR04_Control.o)
 .debug_info    0x00007063      0x19d .\CortexM0\ARM_GCC_493\Debug\Board1-RPi.a(HCSR04_Trigger_0.o)
 .debug_info    0x00007200      0x19d .\CortexM0\ARM_GCC_493\Debug\Board1-RPi.a(HCSR04_Trigger_2.o)
 .debug_info    0x0000739d      0x19d .\CortexM0\ARM_GCC_493\Debug\Board1-RPi.a(HCSR04_Trigger_3.o)
 .debug_info    0x0000753a      0x19d .\CortexM0\ARM_GCC_493\Debug\Board1-RPi.a(HCSR04_Trigger_1.o)
 .debug_info    0x000076d7      0x19d .\CortexM0\ARM_GCC_493\Debug\Board1-RPi.a(HB25_Enable_Pin.o)
 .debug_info    0x00007874      0x2c7 .\CortexM0\ARM_GCC_493\Debug\Board1-RPi.a(UARTCOMMS.o)
 .debug_info    0x00007b3b      0x309 .\CortexM0\ARM_GCC_493\Debug\Board1-RPi.a(UARTCOMMS_UART.o)
 .debug_info    0x00007e44      0x297 .\CortexM0\ARM_GCC_493\Debug\Board1-RPi.a(EZI2C_Slave.o)
 .debug_info    0x000080db      0x347 .\CortexM0\ARM_GCC_493\Debug\Board1-RPi.a(EZI2C_Slave_EZI2C.o)
 .debug_info    0x00008422      0x1df .\CortexM0\ARM_GCC_493\Debug\Board1-RPi.a(EZI2C_Slave_EZI2C_INT.o)
 .debug_info    0x00008601      0x297 .\CortexM0\ARM_GCC_493\Debug\Board1-RPi.a(I2C_Master.o)
 .debug_info    0x00008898      0x1ab .\CortexM0\ARM_GCC_493\Debug\Board1-RPi.a(I2C_Master_I2C.o)
 .debug_info    0x00008a43      0x5a3 .\CortexM0\ARM_GCC_493\Debug\Board1-RPi.a(I2C_Master_I2C_MASTER.o)
 .debug_info    0x00008fe6      0x2ed .\CortexM0\ARM_GCC_493\Debug\Board1-RPi.a(Phase_Counter.o)
 .debug_info    0x000092d3      0x300 .\CortexM0\ARM_GCC_493\Debug\Board1-RPi.a(PhaseCounter_Intr.o)
 .debug_info    0x000095d3      0x19b .\CortexM0\ARM_GCC_493\Debug\Board1-RPi.a(MainLoop_Pin.o)
 .debug_info    0x0000976e       0x8d .\CortexM0\ARM_GCC_493\Debug\Board1-RPi.a(CyBootAsmGnu.o)
 .debug_info    0x000097fb      0x36b .\CortexM0\ARM_GCC_493\Debug\Board1-RPi.a(CyFlash.o)
 .debug_info    0x00009b66      0x26a .\CortexM0\ARM_GCC_493\Debug\Board1-RPi.a(UARTCOMMS_SPI_UART.o)
 .debug_info    0x00009dd0      0x12a .\CortexM0\ARM_GCC_493\Debug\Board1-RPi.a(UARTCOMMS_SPI_UART_INT.o)
 .debug_info    0x00009efa      0x18d .\CortexM0\ARM_GCC_493\Debug\Board1-RPi.a(I2C_Master_I2C_INT.o)

.debug_abbrev   0x00000000     0x38f6
 *(.debug_abbrev)
 .debug_abbrev  0x00000000      0x1c2 .\CortexM0\ARM_GCC_493\Debug\encoder.o
 .debug_abbrev  0x000001c2      0x26a .\CortexM0\ARM_GCC_493\Debug\motor.o
 .debug_abbrev  0x0000042c      0x24b .\CortexM0\ARM_GCC_493\Debug\ultrasonic.o
 .debug_abbrev  0x00000677      0x1af .\CortexM0\ARM_GCC_493\Debug\pid.o
 .debug_abbrev  0x00000826      0x1f2 .\CortexM0\ARM_GCC_493\Debug\i2c.o
 .debug_abbrev  0x00000a18       0xb7 .\CortexM0\ARM_GCC_493\Debug\control.o
 .debug_abbrev  0x00000acf       0x97 .\CortexM0\ARM_GCC_493\Debug\boardmain.o
 .debug_abbrev  0x00000b66      0x150 .\CortexM0\ARM_GCC_493\Debug\time.o
 .debug_abbrev  0x00000cb6      0x1bb .\CortexM0\ARM_GCC_493\Debug\infrared.o
 .debug_abbrev  0x00000e71      0x139 .\CortexM0\ARM_GCC_493\Debug\utils.o
 .debug_abbrev  0x00000faa       0xb9 .\CortexM0\ARM_GCC_493\Debug\debug.o
 .debug_abbrev  0x00001063      0x118 .\CortexM0\ARM_GCC_493\Debug\odom.o
 .debug_abbrev  0x0000117b      0x143 .\CortexM0\ARM_GCC_493\Debug\cal.o
 .debug_abbrev  0x000012be       0x9b .\CortexM0\ARM_GCC_493\Debug\diag.o
 .debug_abbrev  0x00001359       0x5d .\CortexM0\ARM_GCC_493\Debug\cymetadata.o
 .debug_abbrev  0x000013b6      0x1d5 .\CortexM0\ARM_GCC_493\Debug\Cm0Start.o
 .debug_abbrev  0x0000158b      0x212 .\CortexM0\ARM_GCC_493\Debug\Board1-RPi.a(cyfitter_cfg.o)
 .debug_abbrev  0x0000179d      0x245 .\CortexM0\ARM_GCC_493\Debug\Board1-RPi.a(CyLib.o)
 .debug_abbrev  0x000019e2      0x26d .\CortexM0\ARM_GCC_493\Debug\Board1-RPi.a(CyLFClk.o)
 .debug_abbrev  0x00001c4f      0x133 .\CortexM0\ARM_GCC_493\Debug\Board1-RPi.a(HB25_PWM.o)
 .debug_abbrev  0x00001d82      0x1dd .\CortexM0\ARM_GCC_493\Debug\Board1-RPi.a(ADC_Infrared.o)
 .debug_abbrev  0x00001f5f       0x65 .\CortexM0\ARM_GCC_493\Debug\Board1-RPi.a(ADC_Infrared_INT.o)
 .debug_abbrev  0x00001fc4      0x133 .\CortexM0\ARM_GCC_493\Debug\Board1-RPi.a(HCSR04_Timer.o)
 .debug_abbrev  0x000020f7      0x1b4 .\CortexM0\ARM_GCC_493\Debug\Board1-RPi.a(HCSR04_Timeout_Intr.o)
 .debug_abbrev  0x000022ab       0x81 .\CortexM0\ARM_GCC_493\Debug\Board1-RPi.a(HCSR04_Control.o)
 .debug_abbrev  0x0000232c       0xc8 .\CortexM0\ARM_GCC_493\Debug\Board1-RPi.a(HCSR04_Trigger_0.o)
 .debug_abbrev  0x000023f4       0xc8 .\CortexM0\ARM_GCC_493\Debug\Board1-RPi.a(HCSR04_Trigger_2.o)
 .debug_abbrev  0x000024bc       0xc8 .\CortexM0\ARM_GCC_493\Debug\Board1-RPi.a(HCSR04_Trigger_3.o)
 .debug_abbrev  0x00002584       0xc8 .\CortexM0\ARM_GCC_493\Debug\Board1-RPi.a(HCSR04_Trigger_1.o)
 .debug_abbrev  0x0000264c       0xc8 .\CortexM0\ARM_GCC_493\Debug\Board1-RPi.a(HB25_Enable_Pin.o)
 .debug_abbrev  0x00002714      0x143 .\CortexM0\ARM_GCC_493\Debug\Board1-RPi.a(UARTCOMMS.o)
 .debug_abbrev  0x00002857      0x14e .\CortexM0\ARM_GCC_493\Debug\Board1-RPi.a(UARTCOMMS_UART.o)
 .debug_abbrev  0x000029a5      0x143 .\CortexM0\ARM_GCC_493\Debug\Board1-RPi.a(EZI2C_Slave.o)
 .debug_abbrev  0x00002ae8      0x170 .\CortexM0\ARM_GCC_493\Debug\Board1-RPi.a(EZI2C_Slave_EZI2C.o)
 .debug_abbrev  0x00002c58       0xc6 .\CortexM0\ARM_GCC_493\Debug\Board1-RPi.a(EZI2C_Slave_EZI2C_INT.o)
 .debug_abbrev  0x00002d1e      0x143 .\CortexM0\ARM_GCC_493\Debug\Board1-RPi.a(I2C_Master.o)
 .debug_abbrev  0x00002e61       0xf3 .\CortexM0\ARM_GCC_493\Debug\Board1-RPi.a(I2C_Master_I2C.o)
 .debug_abbrev  0x00002f54      0x189 .\CortexM0\ARM_GCC_493\Debug\Board1-RPi.a(I2C_Master_I2C_MASTER.o)
 .debug_abbrev  0x000030dd      0x131 .\CortexM0\ARM_GCC_493\Debug\Board1-RPi.a(Phase_Counter.o)
 .debug_abbrev  0x0000320e      0x1b4 .\CortexM0\ARM_GCC_493\Debug\Board1-RPi.a(PhaseCounter_Intr.o)
 .debug_abbrev  0x000033c2       0xc8 .\CortexM0\ARM_GCC_493\Debug\Board1-RPi.a(MainLoop_Pin.o)
 .debug_abbrev  0x0000348a       0x14 .\CortexM0\ARM_GCC_493\Debug\Board1-RPi.a(CyBootAsmGnu.o)
 .debug_abbrev  0x0000349e      0x1c1 .\CortexM0\ARM_GCC_493\Debug\Board1-RPi.a(CyFlash.o)
 .debug_abbrev  0x0000365f      0x175 .\CortexM0\ARM_GCC_493\Debug\Board1-RPi.a(UARTCOMMS_SPI_UART.o)
 .debug_abbrev  0x000037d4       0x9a .\CortexM0\ARM_GCC_493\Debug\Board1-RPi.a(UARTCOMMS_SPI_UART_INT.o)
 .debug_abbrev  0x0000386e       0x88 .\CortexM0\ARM_GCC_493\Debug\Board1-RPi.a(I2C_Master_I2C_INT.o)

.debug_line     0x00000000     0x4509
 *(.debug_line)
 .debug_line    0x00000000      0x177 .\CortexM0\ARM_GCC_493\Debug\encoder.o
 .debug_line    0x00000177      0x2ea .\CortexM0\ARM_GCC_493\Debug\motor.o
 .debug_line    0x00000461      0x20c .\CortexM0\ARM_GCC_493\Debug\ultrasonic.o
 .debug_line    0x0000066d       0xea .\CortexM0\ARM_GCC_493\Debug\pid.o
 .debug_line    0x00000757      0x1f6 .\CortexM0\ARM_GCC_493\Debug\i2c.o
 .debug_line    0x0000094d       0xb2 .\CortexM0\ARM_GCC_493\Debug\control.o
 .debug_line    0x000009ff      0x108 .\CortexM0\ARM_GCC_493\Debug\boardmain.o
 .debug_line    0x00000b07       0xb9 .\CortexM0\ARM_GCC_493\Debug\time.o
 .debug_line    0x00000bc0      0x241 .\CortexM0\ARM_GCC_493\Debug\infrared.o
 .debug_line    0x00000e01      0x102 .\CortexM0\ARM_GCC_493\Debug\utils.o
 .debug_line    0x00000f03       0x85 .\CortexM0\ARM_GCC_493\Debug\debug.o
 .debug_line    0x00000f88      0x147 .\CortexM0\ARM_GCC_493\Debug\odom.o
 .debug_line    0x000010cf      0x127 .\CortexM0\ARM_GCC_493\Debug\cal.o
 .debug_line    0x000011f6       0x98 .\CortexM0\ARM_GCC_493\Debug\diag.o
 .debug_line    0x0000128e       0x53 .\CortexM0\ARM_GCC_493\Debug\cymetadata.o
 .debug_line    0x000012e1      0x249 .\CortexM0\ARM_GCC_493\Debug\Cm0Start.o
 .debug_line    0x0000152a      0x1bb .\CortexM0\ARM_GCC_493\Debug\Board1-RPi.a(cyfitter_cfg.o)
 .debug_line    0x000016e5      0x51a .\CortexM0\ARM_GCC_493\Debug\Board1-RPi.a(CyLib.o)
 .debug_line    0x00001bff      0x4c5 .\CortexM0\ARM_GCC_493\Debug\Board1-RPi.a(CyLFClk.o)
 .debug_line    0x000020c4      0x383 .\CortexM0\ARM_GCC_493\Debug\Board1-RPi.a(HB25_PWM.o)
 .debug_line    0x00002447      0x293 .\CortexM0\ARM_GCC_493\Debug\Board1-RPi.a(ADC_Infrared.o)
 .debug_line    0x000026da       0x6d .\CortexM0\ARM_GCC_493\Debug\Board1-RPi.a(ADC_Infrared_INT.o)
 .debug_line    0x00002747      0x37f .\CortexM0\ARM_GCC_493\Debug\Board1-RPi.a(HCSR04_Timer.o)
 .debug_line    0x00002ac6      0x178 .\CortexM0\ARM_GCC_493\Debug\Board1-RPi.a(HCSR04_Timeout_Intr.o)
 .debug_line    0x00002c3e       0x79 .\CortexM0\ARM_GCC_493\Debug\Board1-RPi.a(HCSR04_Control.o)
 .debug_line    0x00002cb7       0xca .\CortexM0\ARM_GCC_493\Debug\Board1-RPi.a(HCSR04_Trigger_0.o)
 .debug_line    0x00002d81       0xca .\CortexM0\ARM_GCC_493\Debug\Board1-RPi.a(HCSR04_Trigger_2.o)
 .debug_line    0x00002e4b       0xca .\CortexM0\ARM_GCC_493\Debug\Board1-RPi.a(HCSR04_Trigger_3.o)
 .debug_line    0x00002f15       0xca .\CortexM0\ARM_GCC_493\Debug\Board1-RPi.a(HCSR04_Trigger_1.o)
 .debug_line    0x00002fdf       0xc9 .\CortexM0\ARM_GCC_493\Debug\Board1-RPi.a(HB25_Enable_Pin.o)
 .debug_line    0x000030a8      0x15f .\CortexM0\ARM_GCC_493\Debug\Board1-RPi.a(UARTCOMMS.o)
 .debug_line    0x00003207      0x18f .\CortexM0\ARM_GCC_493\Debug\Board1-RPi.a(UARTCOMMS_UART.o)
 .debug_line    0x00003396      0x14d .\CortexM0\ARM_GCC_493\Debug\Board1-RPi.a(EZI2C_Slave.o)
 .debug_line    0x000034e3      0x122 .\CortexM0\ARM_GCC_493\Debug\Board1-RPi.a(EZI2C_Slave_EZI2C.o)
 .debug_line    0x00003605      0x162 .\CortexM0\ARM_GCC_493\Debug\Board1-RPi.a(EZI2C_Slave_EZI2C_INT.o)
 .debug_line    0x00003767      0x14b .\CortexM0\ARM_GCC_493\Debug\Board1-RPi.a(I2C_Master.o)
 .debug_line    0x000038b2       0xcc .\CortexM0\ARM_GCC_493\Debug\Board1-RPi.a(I2C_Master_I2C.o)
 .debug_line    0x0000397e      0x2bc .\CortexM0\ARM_GCC_493\Debug\Board1-RPi.a(I2C_Master_I2C_MASTER.o)
 .debug_line    0x00003c3a      0x16f .\CortexM0\ARM_GCC_493\Debug\Board1-RPi.a(Phase_Counter.o)
 .debug_line    0x00003da9      0x172 .\CortexM0\ARM_GCC_493\Debug\Board1-RPi.a(PhaseCounter_Intr.o)
 .debug_line    0x00003f1b       0xc5 .\CortexM0\ARM_GCC_493\Debug\Board1-RPi.a(MainLoop_Pin.o)
 .debug_line    0x00003fe0       0x68 .\CortexM0\ARM_GCC_493\Debug\Board1-RPi.a(CyBootAsmGnu.o)
 .debug_line    0x00004048      0x147 .\CortexM0\ARM_GCC_493\Debug\Board1-RPi.a(CyFlash.o)
 .debug_line    0x0000418f      0x122 .\CortexM0\ARM_GCC_493\Debug\Board1-RPi.a(UARTCOMMS_SPI_UART.o)
 .debug_line    0x000042b1       0xca .\CortexM0\ARM_GCC_493\Debug\Board1-RPi.a(UARTCOMMS_SPI_UART_INT.o)
 .debug_line    0x0000437b      0x18e .\CortexM0\ARM_GCC_493\Debug\Board1-RPi.a(I2C_Master_I2C_INT.o)

.debug_frame    0x00000000     0x3aa4
 *(.debug_frame)
 .debug_frame   0x00000000      0x120 .\CortexM0\ARM_GCC_493\Debug\encoder.o
 .debug_frame   0x00000120      0x104 .\CortexM0\ARM_GCC_493\Debug\motor.o
 .debug_frame   0x00000224       0xf4 .\CortexM0\ARM_GCC_493\Debug\ultrasonic.o
 .debug_frame   0x00000318       0x7c .\CortexM0\ARM_GCC_493\Debug\pid.o
 .debug_frame   0x00000394      0x150 .\CortexM0\ARM_GCC_493\Debug\i2c.o
 .debug_frame   0x000004e4       0x4c .\CortexM0\ARM_GCC_493\Debug\control.o
 .debug_frame   0x00000530       0x2c .\CortexM0\ARM_GCC_493\Debug\boardmain.o
 .debug_frame   0x0000055c       0x5c .\CortexM0\ARM_GCC_493\Debug\time.o
 .debug_frame   0x000005b8       0x80 .\CortexM0\ARM_GCC_493\Debug\infrared.o
 .debug_frame   0x00000638       0xe0 .\CortexM0\ARM_GCC_493\Debug\utils.o
 .debug_frame   0x00000718       0x48 .\CortexM0\ARM_GCC_493\Debug\debug.o
 .debug_frame   0x00000760       0x7c .\CortexM0\ARM_GCC_493\Debug\odom.o
 .debug_frame   0x000007dc       0xec .\CortexM0\ARM_GCC_493\Debug\cal.o
 .debug_frame   0x000008c8       0x4c .\CortexM0\ARM_GCC_493\Debug\diag.o
 .debug_frame   0x00000914       0xb0 .\CortexM0\ARM_GCC_493\Debug\Cm0Start.o
 .debug_frame   0x000009c4       0xa8 .\CortexM0\ARM_GCC_493\Debug\Board1-RPi.a(cyfitter_cfg.o)
 .debug_frame   0x00000a6c      0x468 .\CortexM0\ARM_GCC_493\Debug\Board1-RPi.a(CyLib.o)
 .debug_frame   0x00000ed4      0x3fc .\CortexM0\ARM_GCC_493\Debug\Board1-RPi.a(CyLFClk.o)
 .debug_frame   0x000012d0      0x390 .\CortexM0\ARM_GCC_493\Debug\Board1-RPi.a(HB25_PWM.o)
 .debug_frame   0x00001660      0x1b0 .\CortexM0\ARM_GCC_493\Debug\Board1-RPi.a(ADC_Infrared.o)
 .debug_frame   0x00001810       0x20 .\CortexM0\ARM_GCC_493\Debug\Board1-RPi.a(ADC_Infrared_INT.o)
 .debug_frame   0x00001830      0x390 .\CortexM0\ARM_GCC_493\Debug\Board1-RPi.a(HCSR04_Timer.o)
 .debug_frame   0x00001bc0      0x110 .\CortexM0\ARM_GCC_493\Debug\Board1-RPi.a(HCSR04_Timeout_Intr.o)
 .debug_frame   0x00001cd0       0x30 .\CortexM0\ARM_GCC_493\Debug\Board1-RPi.a(HCSR04_Control.o)
 .debug_frame   0x00001d00       0x70 .\CortexM0\ARM_GCC_493\Debug\Board1-RPi.a(HCSR04_Trigger_0.o)
 .debug_frame   0x00001d70       0x70 .\CortexM0\ARM_GCC_493\Debug\Board1-RPi.a(HCSR04_Trigger_2.o)
 .debug_frame   0x00001de0       0x70 .\CortexM0\ARM_GCC_493\Debug\Board1-RPi.a(HCSR04_Trigger_3.o)
 .debug_frame   0x00001e50       0x70 .\CortexM0\ARM_GCC_493\Debug\Board1-RPi.a(HCSR04_Trigger_1.o)
 .debug_frame   0x00001ec0       0x70 .\CortexM0\ARM_GCC_493\Debug\Board1-RPi.a(HB25_Enable_Pin.o)
 .debug_frame   0x00001f30      0x104 .\CortexM0\ARM_GCC_493\Debug\Board1-RPi.a(UARTCOMMS.o)
 .debug_frame   0x00002034       0xd8 .\CortexM0\ARM_GCC_493\Debug\Board1-RPi.a(UARTCOMMS_UART.o)
 .debug_frame   0x0000210c       0xe8 .\CortexM0\ARM_GCC_493\Debug\Board1-RPi.a(EZI2C_Slave.o)
 .debug_frame   0x000021f4       0xa8 .\CortexM0\ARM_GCC_493\Debug\Board1-RPi.a(EZI2C_Slave_EZI2C.o)
 .debug_frame   0x0000229c       0x30 .\CortexM0\ARM_GCC_493\Debug\Board1-RPi.a(EZI2C_Slave_EZI2C_INT.o)
 .debug_frame   0x000022cc       0xe8 .\CortexM0\ARM_GCC_493\Debug\Board1-RPi.a(I2C_Master.o)
 .debug_frame   0x000023b4       0x3c .\CortexM0\ARM_GCC_493\Debug\Board1-RPi.a(I2C_Master_I2C.o)
 .debug_frame   0x000023f0      0x16c .\CortexM0\ARM_GCC_493\Debug\Board1-RPi.a(I2C_Master_I2C_MASTER.o)
 .debug_frame   0x0000255c      0x114 .\CortexM0\ARM_GCC_493\Debug\Board1-RPi.a(Phase_Counter.o)
 .debug_frame   0x00002670      0x110 .\CortexM0\ARM_GCC_493\Debug\Board1-RPi.a(PhaseCounter_Intr.o)
 .debug_frame   0x00002780       0x70 .\CortexM0\ARM_GCC_493\Debug\Board1-RPi.a(MainLoop_Pin.o)
 .debug_frame   0x000027f0       0x90 .\CortexM0\ARM_GCC_493\Debug\Board1-RPi.a(CyFlash.o)
 .debug_frame   0x00002880       0x8c .\CortexM0\ARM_GCC_493\Debug\Board1-RPi.a(UARTCOMMS_SPI_UART.o)
 .debug_frame   0x0000290c       0x2c .\CortexM0\ARM_GCC_493\Debug\Board1-RPi.a(UARTCOMMS_SPI_UART_INT.o)
 .debug_frame   0x00002938       0x2c .\CortexM0\ARM_GCC_493\Debug\Board1-RPi.a(I2C_Master_I2C_INT.o)
 .debug_frame   0x00002964       0x2c c:/program files (x86)/cypress/psoc creator/3.3/psoc creator/import/gnu/arm/4.9.3/bin/../lib/gcc/arm-none-eabi/4.9.3/../../../../arm-none-eabi/lib/armv6-m\libm.a(lib_a-s_cos.o)
 .debug_frame   0x00002990       0x30 c:/program files (x86)/cypress/psoc creator/3.3/psoc creator/import/gnu/arm/4.9.3/bin/../lib/gcc/arm-none-eabi/4.9.3/../../../../arm-none-eabi/lib/armv6-m\libm.a(lib_a-s_round.o)
 .debug_frame   0x000029c0       0x2c c:/program files (x86)/cypress/psoc creator/3.3/psoc creator/import/gnu/arm/4.9.3/bin/../lib/gcc/arm-none-eabi/4.9.3/../../../../arm-none-eabi/lib/armv6-m\libm.a(lib_a-s_sin.o)
 .debug_frame   0x000029ec       0x38 c:/program files (x86)/cypress/psoc creator/3.3/psoc creator/import/gnu/arm/4.9.3/bin/../lib/gcc/arm-none-eabi/4.9.3/../../../../arm-none-eabi/lib/armv6-m\libm.a(lib_a-w_pow.o)
 .debug_frame   0x00002a24       0x3c c:/program files (x86)/cypress/psoc creator/3.3/psoc creator/import/gnu/arm/4.9.3/bin/../lib/gcc/arm-none-eabi/4.9.3/../../../../arm-none-eabi/lib/armv6-m\libm.a(lib_a-e_pow.o)
 .debug_frame   0x00002a60       0x3c c:/program files (x86)/cypress/psoc creator/3.3/psoc creator/import/gnu/arm/4.9.3/bin/../lib/gcc/arm-none-eabi/4.9.3/../../../../arm-none-eabi/lib/armv6-m\libm.a(lib_a-e_rem_pio2.o)
 .debug_frame   0x00002a9c       0x3c c:/program files (x86)/cypress/psoc creator/3.3/psoc creator/import/gnu/arm/4.9.3/bin/../lib/gcc/arm-none-eabi/4.9.3/../../../../arm-none-eabi/lib/armv6-m\libm.a(lib_a-e_sqrt.o)
 .debug_frame   0x00002ad8       0x38 c:/program files (x86)/cypress/psoc creator/3.3/psoc creator/import/gnu/arm/4.9.3/bin/../lib/gcc/arm-none-eabi/4.9.3/../../../../arm-none-eabi/lib/armv6-m\libm.a(lib_a-k_cos.o)
 .debug_frame   0x00002b10       0x3c c:/program files (x86)/cypress/psoc creator/3.3/psoc creator/import/gnu/arm/4.9.3/bin/../lib/gcc/arm-none-eabi/4.9.3/../../../../arm-none-eabi/lib/armv6-m\libm.a(lib_a-k_rem_pio2.o)
 .debug_frame   0x00002b4c       0x38 c:/program files (x86)/cypress/psoc creator/3.3/psoc creator/import/gnu/arm/4.9.3/bin/../lib/gcc/arm-none-eabi/4.9.3/../../../../arm-none-eabi/lib/armv6-m\libm.a(lib_a-k_sin.o)
 .debug_frame   0x00002b84       0x20 c:/program files (x86)/cypress/psoc creator/3.3/psoc creator/import/gnu/arm/4.9.3/bin/../lib/gcc/arm-none-eabi/4.9.3/../../../../arm-none-eabi/lib/armv6-m\libm.a(lib_a-s_fabs.o)
 .debug_frame   0x00002ba4       0x20 c:/program files (x86)/cypress/psoc creator/3.3/psoc creator/import/gnu/arm/4.9.3/bin/../lib/gcc/arm-none-eabi/4.9.3/../../../../arm-none-eabi/lib/armv6-m\libm.a(lib_a-s_finite.o)
 .debug_frame   0x00002bc4       0x3c c:/program files (x86)/cypress/psoc creator/3.3/psoc creator/import/gnu/arm/4.9.3/bin/../lib/gcc/arm-none-eabi/4.9.3/../../../../arm-none-eabi/lib/armv6-m\libm.a(lib_a-s_floor.o)
 .debug_frame   0x00002c00       0x2c c:/program files (x86)/cypress/psoc creator/3.3/psoc creator/import/gnu/arm/4.9.3/bin/../lib/gcc/arm-none-eabi/4.9.3/../../../../arm-none-eabi/lib/armv6-m\libm.a(lib_a-s_fpclassify.o)
 .debug_frame   0x00002c2c       0x20 c:/program files (x86)/cypress/psoc creator/3.3/psoc creator/import/gnu/arm/4.9.3/bin/../lib/gcc/arm-none-eabi/4.9.3/../../../../arm-none-eabi/lib/armv6-m\libm.a(lib_a-s_matherr.o)
 .debug_frame   0x00002c4c       0x20 c:/program files (x86)/cypress/psoc creator/3.3/psoc creator/import/gnu/arm/4.9.3/bin/../lib/gcc/arm-none-eabi/4.9.3/../../../../arm-none-eabi/lib/armv6-m\libm.a(lib_a-s_nan.o)
 .debug_frame   0x00002c6c       0x38 c:/program files (x86)/cypress/psoc creator/3.3/psoc creator/import/gnu/arm/4.9.3/bin/../lib/gcc/arm-none-eabi/4.9.3/../../../../arm-none-eabi/lib/armv6-m\libm.a(lib_a-s_rint.o)
 .debug_frame   0x00002ca4       0x30 c:/program files (x86)/cypress/psoc creator/3.3/psoc creator/import/gnu/arm/4.9.3/bin/../lib/gcc/arm-none-eabi/4.9.3/../../../../arm-none-eabi/lib/armv6-m\libm.a(lib_a-s_scalbn.o)
 .debug_frame   0x00002cd4       0x2c c:/program files (x86)/cypress/psoc creator/3.3/psoc creator/import/gnu/arm/4.9.3/bin/../lib/gcc/arm-none-eabi/4.9.3/../../../../arm-none-eabi/lib/armv6-m\libm.a(lib_a-s_copysign.o)
 .debug_frame   0x00002d00       0x20 c:/program files (x86)/cypress/psoc creator/3.3/psoc creator/import/gnu/arm/4.9.3/bin/../lib/gcc/arm-none-eabi/4.9.3/armv6-m\libgcc.a(_udivsi3.o)
 .debug_frame   0x00002d20       0x20 c:/program files (x86)/cypress/psoc creator/3.3/psoc creator/import/gnu/arm/4.9.3/bin/../lib/gcc/arm-none-eabi/4.9.3/armv6-m\libgcc.a(_divsi3.o)
 .debug_frame   0x00002d40       0x34 c:/program files (x86)/cypress/psoc creator/3.3/psoc creator/import/gnu/arm/4.9.3/bin/../lib/gcc/arm-none-eabi/4.9.3/armv6-m\libgcc.a(_muldi3.o)
 .debug_frame   0x00002d74       0x28 c:/program files (x86)/cypress/psoc creator/3.3/psoc creator/import/gnu/arm/4.9.3/bin/../lib/gcc/arm-none-eabi/4.9.3/armv6-m\libgcc.a(_fixunssfsi.o)
 .debug_frame   0x00002d9c       0x50 c:/program files (x86)/cypress/psoc creator/3.3/psoc creator/import/gnu/arm/4.9.3/bin/../lib/gcc/arm-none-eabi/4.9.3/armv6-m\libgcc.a(bpabi.o)
 .debug_frame   0x00002dec       0x30 c:/program files (x86)/cypress/psoc creator/3.3/psoc creator/import/gnu/arm/4.9.3/bin/../lib/gcc/arm-none-eabi/4.9.3/armv6-m\libgcc.a(addsf3.o)
 .debug_frame   0x00002e1c       0x3c c:/program files (x86)/cypress/psoc creator/3.3/psoc creator/import/gnu/arm/4.9.3/bin/../lib/gcc/arm-none-eabi/4.9.3/armv6-m\libgcc.a(divsf3.o)
 .debug_frame   0x00002e58       0x2c c:/program files (x86)/cypress/psoc creator/3.3/psoc creator/import/gnu/arm/4.9.3/bin/../lib/gcc/arm-none-eabi/4.9.3/armv6-m\libgcc.a(eqsf2.o)
 .debug_frame   0x00002e84       0x30 c:/program files (x86)/cypress/psoc creator/3.3/psoc creator/import/gnu/arm/4.9.3/bin/../lib/gcc/arm-none-eabi/4.9.3/armv6-m\libgcc.a(gesf2.o)
 .debug_frame   0x00002eb4       0x30 c:/program files (x86)/cypress/psoc creator/3.3/psoc creator/import/gnu/arm/4.9.3/bin/../lib/gcc/arm-none-eabi/4.9.3/armv6-m\libgcc.a(lesf2.o)
 .debug_frame   0x00002ee4       0x3c c:/program files (x86)/cypress/psoc creator/3.3/psoc creator/import/gnu/arm/4.9.3/bin/../lib/gcc/arm-none-eabi/4.9.3/armv6-m\libgcc.a(mulsf3.o)
 .debug_frame   0x00002f20       0x30 c:/program files (x86)/cypress/psoc creator/3.3/psoc creator/import/gnu/arm/4.9.3/bin/../lib/gcc/arm-none-eabi/4.9.3/armv6-m\libgcc.a(subsf3.o)