Archive member included because of file (symbol)

.\CortexM0\ARM_GCC_493\Debug\Board1-RPi.a(cyfitter_cfg.o)
                              .\CortexM0\ARM_GCC_493\Debug\Cm0Start.o (cyfitter_cfg)
.\CortexM0\ARM_GCC_493\Debug\Board1-RPi.a(CyLib.o)
                              .\CortexM0\ARM_GCC_493\Debug\Board1-RPi.a(cyfitter_cfg.o) (CyIntEnable)
.\CortexM0\ARM_GCC_493\Debug\Board1-RPi.a(CyLFClk.o)
                              .\CortexM0\ARM_GCC_493\Debug\Board1-RPi.a(CyLib.o) (CySysClkWcoEnabled)
.\CortexM0\ARM_GCC_493\Debug\Board1-RPi.a(HB25_PWM.o)
                              .\CortexM0\ARM_GCC_493\Debug\motor.o (HB25_PWM_Stop)
.\CortexM0\ARM_GCC_493\Debug\Board1-RPi.a(ADC_Infrared.o)
                              .\CortexM0\ARM_GCC_493\Debug\infrared.o (ADC_Infrared_Start)
.\CortexM0\ARM_GCC_493\Debug\Board1-RPi.a(ADC_Infrared_INT.o)
                              .\CortexM0\ARM_GCC_493\Debug\Board1-RPi.a(ADC_Infrared.o) (ADC_Infrared_ISR)
.\CortexM0\ARM_GCC_493\Debug\Board1-RPi.a(HCSR04_Timer.o)
                              .\CortexM0\ARM_GCC_493\Debug\ultrasonic.o (HCSR04_Timer_ReadCounter)
.\CortexM0\ARM_GCC_493\Debug\Board1-RPi.a(HCSR04_Timeout_Intr.o)
                              .\CortexM0\ARM_GCC_493\Debug\ultrasonic.o (HCSR04_Timeout_Intr_StartEx)
.\CortexM0\ARM_GCC_493\Debug\Board1-RPi.a(HCSR04_Control.o)
                              .\CortexM0\ARM_GCC_493\Debug\ultrasonic.o (HCSR04_Control_Write)
.\CortexM0\ARM_GCC_493\Debug\Board1-RPi.a(HCSR04_Trigger_0.o)
                              .\CortexM0\ARM_GCC_493\Debug\ultrasonic.o (HCSR04_Trigger_0_Write)
.\CortexM0\ARM_GCC_493\Debug\Board1-RPi.a(HCSR04_Trigger_2.o)
                              .\CortexM0\ARM_GCC_493\Debug\ultrasonic.o (HCSR04_Trigger_2_Write)
.\CortexM0\ARM_GCC_493\Debug\Board1-RPi.a(HCSR04_Trigger_3.o)
                              .\CortexM0\ARM_GCC_493\Debug\ultrasonic.o (HCSR04_Trigger_3_Write)
.\CortexM0\ARM_GCC_493\Debug\Board1-RPi.a(HCSR04_Trigger_1.o)
                              .\CortexM0\ARM_GCC_493\Debug\ultrasonic.o (HCSR04_Trigger_1_Write)
.\CortexM0\ARM_GCC_493\Debug\Board1-RPi.a(HB25_Enable_Pin.o)
                              .\CortexM0\ARM_GCC_493\Debug\motor.o (HB25_Enable_Pin_Write)
.\CortexM0\ARM_GCC_493\Debug\Board1-RPi.a(UARTCOMMS.o)
                              .\CortexM0\ARM_GCC_493\Debug\debug.o (UARTCOMMS_Start)
.\CortexM0\ARM_GCC_493\Debug\Board1-RPi.a(UARTCOMMS_UART.o)
                              .\CortexM0\ARM_GCC_493\Debug\Board1-RPi.a(UARTCOMMS.o) (UARTCOMMS_UartInit)
.\CortexM0\ARM_GCC_493\Debug\Board1-RPi.a(EZI2C_Slave.o)
                              .\CortexM0\ARM_GCC_493\Debug\i2c.o (EZI2C_Slave_Start)
.\CortexM0\ARM_GCC_493\Debug\Board1-RPi.a(EZI2C_Slave_EZI2C.o)
                              .\CortexM0\ARM_GCC_493\Debug\Board1-RPi.a(EZI2C_Slave.o) (EZI2C_Slave_EzI2CInit)
.\CortexM0\ARM_GCC_493\Debug\Board1-RPi.a(EZI2C_Slave_EZI2C_INT.o)
                              .\CortexM0\ARM_GCC_493\Debug\Board1-RPi.a(EZI2C_Slave_EZI2C.o) (EZI2C_Slave_EZI2C_STRETCH_ISR)
.\CortexM0\ARM_GCC_493\Debug\Board1-RPi.a(I2C_Master.o)
                              .\CortexM0\ARM_GCC_493\Debug\i2c.o (I2C_Master_Start)
.\CortexM0\ARM_GCC_493\Debug\Board1-RPi.a(I2C_Master_I2C.o)
                              .\CortexM0\ARM_GCC_493\Debug\Board1-RPi.a(I2C_Master.o) (I2C_Master_I2CInit)
.\CortexM0\ARM_GCC_493\Debug\Board1-RPi.a(I2C_Master_I2C_MASTER.o)
                              .\CortexM0\ARM_GCC_493\Debug\Board1-RPi.a(I2C_Master_I2C.o) (I2C_Master_mstrRdBufIndex)
.\CortexM0\ARM_GCC_493\Debug\Board1-RPi.a(Phase_Counter.o)
                              .\CortexM0\ARM_GCC_493\Debug\encoder.o (Phase_Counter_ReadStatusRegister)
.\CortexM0\ARM_GCC_493\Debug\Board1-RPi.a(PhaseCounter_Intr.o)
                              .\CortexM0\ARM_GCC_493\Debug\encoder.o (PhaseCounter_Intr_StartEx)
.\CortexM0\ARM_GCC_493\Debug\Board1-RPi.a(MainLoop_Pin.o)
                              .\CortexM0\ARM_GCC_493\Debug\diag.o (MainLoop_Pin_Write)
.\CortexM0\ARM_GCC_493\Debug\Board1-RPi.a(CyBootAsmGnu.o)
                              .\CortexM0\ARM_GCC_493\Debug\Board1-RPi.a(CyLib.o) (CyDelayCycles)
.\CortexM0\ARM_GCC_493\Debug\Board1-RPi.a(CyFlash.o)
                              .\CortexM0\ARM_GCC_493\Debug\Board1-RPi.a(CyLib.o) (CySysFlashSetWaitCycles)
.\CortexM0\ARM_GCC_493\Debug\Board1-RPi.a(UARTCOMMS_SPI_UART.o)
                              .\CortexM0\ARM_GCC_493\Debug\Board1-RPi.a(UARTCOMMS_UART.o) (UARTCOMMS_SpiUartWriteTxData)
.\CortexM0\ARM_GCC_493\Debug\Board1-RPi.a(UARTCOMMS_SPI_UART_INT.o)
                              .\CortexM0\ARM_GCC_493\Debug\Board1-RPi.a(UARTCOMMS_UART.o) (UARTCOMMS_SPI_UART_ISR)
.\CortexM0\ARM_GCC_493\Debug\Board1-RPi.a(I2C_Master_I2C_INT.o)
                              .\CortexM0\ARM_GCC_493\Debug\Board1-RPi.a(I2C_Master_I2C.o) (I2C_Master_I2C_ISR)
[...]
Memory Configuration

Name             Origin             Length             Attributes
rom              0x00000000         0x00020000         xr
ram              0x20000000         0x00004000         xrw
*default*        0x00000000         0xffffffff

Linker script and memory map

LOAD c:/program files (x86)/cypress/psoc creator/3.3/psoc creator/import/gnu/arm/4.9.3/bin/../lib/gcc/arm-none-eabi/4.9.3/armv6-m/crti.o
LOAD c:/program files (x86)/cypress/psoc creator/3.3/psoc creator/import/gnu/arm/4.9.3/bin/../lib/gcc/arm-none-eabi/4.9.3/armv6-m/crtbegin.o
LOAD c:/program files (x86)/cypress/psoc creator/3.3/psoc creator/import/gnu/arm/4.9.3/bin/../lib/gcc/arm-none-eabi/4.9.3/../../../../arm-none-eabi/lib/armv6-m/crt0.o
START GROUP
LOAD .\CortexM0\ARM_GCC_493\Debug\encoder.o
LOAD .\CortexM0\ARM_GCC_493\Debug\motor.o
LOAD .\CortexM0\ARM_GCC_493\Debug\ultrasonic.o
LOAD .\CortexM0\ARM_GCC_493\Debug\pid.o
LOAD .\CortexM0\ARM_GCC_493\Debug\i2c.o
LOAD .\CortexM0\ARM_GCC_493\Debug\control.o
LOAD .\CortexM0\ARM_GCC_493\Debug\boardmain.o
LOAD .\CortexM0\ARM_GCC_493\Debug\time.o
LOAD .\CortexM0\ARM_GCC_493\Debug\infrared.o
LOAD .\CortexM0\ARM_GCC_493\Debug\utils.o
LOAD .\CortexM0\ARM_GCC_493\Debug\debug.o
LOAD .\CortexM0\ARM_GCC_493\Debug\odom.o
LOAD .\CortexM0\ARM_GCC_493\Debug\cal.o
LOAD .\CortexM0\ARM_GCC_493\Debug\diag.o
LOAD .\CortexM0\ARM_GCC_493\Debug\cymetadata.o
LOAD .\CortexM0\ARM_GCC_493\Debug\Cm0Start.o
LOAD .\CortexM0\ARM_GCC_493\Debug\Board1-RPi.a
LOAD C:\Program Files (x86)\Cypress\PSoC Creator\3.3\PSoC Creator\psoc\content\cycomponentlibrary\CyComponentLibrary.cylib\CortexM0\ARM_GCC_493\Debug\CyComponentLibrary.a
LOAD c:/program files (x86)/cypress/psoc creator/3.3/psoc creator/import/gnu/arm/4.9.3/bin/../lib/gcc/arm-none-eabi/4.9.3/../../../../arm-none-eabi/lib/armv6-m\libm.a
END GROUP
START GROUP
LOAD c:/program files (x86)/cypress/psoc creator/3.3/psoc creator/import/gnu/arm/4.9.3/bin/../lib/gcc/arm-none-eabi/4.9.3/armv6-m\libgcc.a
LOAD c:/program files (x86)/cypress/psoc creator/3.3/psoc creator/import/gnu/arm/4.9.3/bin/../lib/gcc/arm-none-eabi/4.9.3/../../../../arm-none-eabi/lib/armv6-m\libg.a
LOAD c:/program files (x86)/cypress/psoc creator/3.3/psoc creator/import/gnu/arm/4.9.3/bin/../lib/gcc/arm-none-eabi/4.9.3/../../../../arm-none-eabi/lib/armv6-m\libc.a
END GROUP
LOAD c:/program files (x86)/cypress/psoc creator/3.3/psoc creator/import/gnu/arm/4.9.3/bin/../lib/gcc/arm-none-eabi/4.9.3/armv6-m/crtend.o
LOAD c:/program files (x86)/cypress/psoc creator/3.3/psoc creator/import/gnu/arm/4.9.3/bin/../lib/gcc/arm-none-eabi/4.9.3/armv6-m/crtn.o
START GROUP
LOAD c:/program files (x86)/cypress/psoc creator/3.3/psoc creator/import/gnu/arm/4.9.3/bin/../lib/gcc/arm-none-eabi/4.9.3/armv6-m\libgcc.a
LOAD c:/program files (x86)/cypress/psoc creator/3.3/psoc creator/import/gnu/arm/4.9.3/bin/../lib/gcc/arm-none-eabi/4.9.3/../../../../arm-none-eabi/lib/armv6-m\libc.a
LOAD c:/program files (x86)/cypress/psoc creator/3.3/psoc creator/import/gnu/arm/4.9.3/bin/../lib/gcc/arm-none-eabi/4.9.3/../../../../arm-none-eabi/lib/armv6-m\libnosys.a
END GROUP
                0x00000000                CY_APPL_ORIGIN = 0x0
                0x00000080                CY_FLASH_ROW_SIZE = 0x80
                0x00000001                CY_APPL_NUM = 0x1
                0x00000001                CY_APPL_MAX = 0x1
                0x00000040                CY_METADATA_SIZE = 0x40
                0x00000000                CY_APPL_LOADABLE = 0x0
                0x00000000                CY_CHECKSUM_EXCLUDE_SIZE = ALIGN (0x0, CY_FLASH_ROW_SIZE)
                0x00000000                CY_APP_FOR_STACK_AND_COPIER = 0x0
                0x20000b88                PROVIDE (__cy_heap_start, _end)
                0x00000001                PROVIDE (__cy_region_num, ((__cy_regions_end - __cy_regions) / 0x10))
                0x20004000                PROVIDE (__cy_stack, (ORIGIN (ram) + 0x4000))
                0x20003800                PROVIDE (__cy_heap_end, (__cy_stack - 0x800))

.cybootloader   0x00000000        0x0
 *(.cybootloader)
                0x00000000                appl1_start = CY_APPL_ORIGIN?CY_APPL_ORIGIN:ALIGN (CY_FLASH_ROW_SIZE)
                0x0000ff80                appl2_start = (appl1_start + ALIGN ((((0x20000 - appl1_start) - (0x2 * CY_FLASH_ROW_SIZE)) / 0x2), CY_FLASH_ROW_SIZE))
                0x00000000                appl_start = (CY_APPL_NUM == 0x1)?appl1_start:appl2_start
                0x00000001                cy_project_type_bootloader = (appl_start == 0x0)?0x1:0x0
                0x00000000                cy_project_type_app_for_stack_and_copier = (CY_APP_FOR_STACK_AND_COPIER == 0x1)?0x1:0x0

.text           0x00000000     0x7cf4
 CREATE_OBJECT_SYMBOLS
                0x00000000                PROVIDE (__cy_interrupt_vector, RomVectors)
 *(.romvectors)
 .romvectors    0x00000000       0x10 .\CortexM0\ARM_GCC_493\Debug\Cm0Start.o
                0x00000000                RomVectors
                0x00000001                ASSERT ((. != __cy_interrupt_vector), No interrupt vector)
                0x00000001                ASSERT (CY_APPL_ORIGIN?(SIZEOF (.cybootloader) <= CY_APPL_ORIGIN):0x1, Wrong image location)
                0x00000010                PROVIDE (__cy_reset, Reset)
 *(.text.Reset)
 .text.Reset    0x00000010        0x8 .\CortexM0\ARM_GCC_493\Debug\Cm0Start.o
                0x00000010                Reset
                0x00000001                ASSERT ((. != __cy_reset), No reset code)
 *(.psocinit)
 .psocinit      0x00000018      0x2fc .\CortexM0\ARM_GCC_493\Debug\Board1-RPi.a(cyfitter_cfg.o)
                0x0000013c                cyfitter_cfg
                0x00000314                . = MAX (., 0x100)
 *(.text .text.* .gnu.linkonce.t.*)
 .text          0x00000314       0x60 c:/program files (x86)/cypress/psoc creator/3.3/psoc creator/import/gnu/arm/4.9.3/bin/../lib/gcc/arm-none-eabi/4.9.3/armv6-m/crtbegin.o
 .text.Phase_Counter_Interrupt_Handler
                0x00000374       0x20 .\CortexM0\ARM_GCC_493\Debug\encoder.o
                0x00000374                Phase_Counter_Interrupt_Handler
 .text.LeftCounterWrapper
                0x00000394        0x8 .\CortexM0\ARM_GCC_493\Debug\encoder.o
 .text.RightCounterWrapper
                0x0000039c        0xc .\CortexM0\ARM_GCC_493\Debug\encoder.o
 .text.Encoder_Init
                0x000003a8       0x28 .\CortexM0\ARM_GCC_493\Debug\encoder.o
                0x000003a8                Encoder_Init
 .text.Encoder_Start
                0x000003d0       0x10 .\CortexM0\ARM_GCC_493\Debug\encoder.o
                0x000003d0                Encoder_Start
 .text.Encoder_Update
                0x000003e0       0xcc .\CortexM0\ARM_GCC_493\Debug\encoder.o
                0x000003e0                Encoder_Update
 .text.Encoder_GetLRSpeed
                0x000004ac       0x10 .\CortexM0\ARM_GCC_493\Debug\encoder.o
                0x000004ac                Encoder_GetLRSpeed
 .text.Encoder_GetWheelSpeed
                0x000004bc        0xc .\CortexM0\ARM_GCC_493\Debug\encoder.o
                0x000004bc                Encoder_GetWheelSpeed
 .text.Encoder_GetCount
                0x000004c8        0x8 .\CortexM0\ARM_GCC_493\Debug\encoder.o
                0x000004c8                Encoder_GetCount
 .text.Encoder_GetLRCount
                0x000004d0       0x14 .\CortexM0\ARM_GCC_493\Debug\encoder.o
                0x000004d0                Encoder_GetLRCount
 .text.Encoder_Reset
                0x000004e4        0xc .\CortexM0\ARM_GCC_493\Debug\encoder.o
                0x000004e4                Encoder_Reset
 .text.CalculateAverageCountPerSec
                0x000004f0       0x4c .\CortexM0\ARM_GCC_493\Debug\motor.o
 .text.Motor_Init
                0x0000053c       0x54 .\CortexM0\ARM_GCC_493\Debug\motor.o
                0x0000053c                Motor_Init
 .text.Motor_SetOutput
                0x00000590       0x90 .\CortexM0\ARM_GCC_493\Debug\motor.o
                0x00000590                Motor_SetOutput
 .text.Motor_Start
                0x00000620       0x14 .\CortexM0\ARM_GCC_493\Debug\motor.o
                0x00000620                Motor_Start
 .text.Motor_Calibrate
                0x00000634      0x14c .\CortexM0\ARM_GCC_493\Debug\motor.o
                0x00000634                Motor_Calibrate
 .text.Motor_ValidateCalibration
                0x00000780       0x54 .\CortexM0\ARM_GCC_493\Debug\motor.o
                0x00000780                Motor_ValidateCalibration
 .text.Motor_GetCalValues
                0x000007d4       0x18 .\CortexM0\ARM_GCC_493\Debug\motor.o
                0x000007d4                Motor_GetCalValues
 .text.WaitForPulseIn
                0x000007ec       0x2c .\CortexM0\ARM_GCC_493\Debug\ultrasonic.o
 .text.PulseOut
                0x00000818       0x24 .\CortexM0\ARM_GCC_493\Debug\ultrasonic.o
 .text.CalcDistance
                0x0000083c       0x54 .\CortexM0\ARM_GCC_493\Debug\ultrasonic.o
 .text.Ultrasonic_Measure
                0x00000890       0x58 .\CortexM0\ARM_GCC_493\Debug\ultrasonic.o
                0x00000890                Ultrasonic_Measure
 .text.pid_calc
                0x000008e8       0x7c .\CortexM0\ARM_GCC_493\Debug\pid.o
                0x000008e8                pid_calc
 .text.PID_Start
                0x00000964       0x20 .\CortexM0\ARM_GCC_493\Debug\pid.o
                0x00000964                PID_Start
 .text.PID_Update
                0x00000984       0x60 .\CortexM0\ARM_GCC_493\Debug\pid.o
                0x00000984                PID_Update
 .text.I2c_Init
                0x000009e4       0x2c .\CortexM0\ARM_GCC_493\Debug\i2c.o
                0x000009e4                I2c_Init
 .text.I2c_Start
                0x00000a10       0x20 .\CortexM0\ARM_GCC_493\Debug\i2c.o
                0x00000a10                I2c_Start
 .text.I2c_ReadControl
                0x00000a30       0x10 .\CortexM0\ARM_GCC_493\Debug\i2c.o
                0x00000a30                I2c_ReadControl
 .text.I2c_SetStatusBit
                0x00000a40       0x10 .\CortexM0\ARM_GCC_493\Debug\i2c.o
                0x00000a40                I2c_SetStatusBit
 .text.I2c_ClearStatusBit
                0x00000a50       0x10 .\CortexM0\ARM_GCC_493\Debug\i2c.o
                0x00000a50                I2c_ClearStatusBit
 .text.I2c_ReadVelocity
                0x00000a60        0xc .\CortexM0\ARM_GCC_493\Debug\i2c.o
                0x00000a60                I2c_ReadVelocity
 .text.I2c_WriteCount
                0x00000a6c       0x10 .\CortexM0\ARM_GCC_493\Debug\i2c.o
                0x00000a6c                I2c_WriteCount
 .text.I2c_ReadCount
                0x00000a7c       0x2c .\CortexM0\ARM_GCC_493\Debug\i2c.o
                0x00000a7c                I2c_ReadCount
 .text.I2c_WriteUltrasonicDistance
                0x00000aa8       0x10 .\CortexM0\ARM_GCC_493\Debug\i2c.o
                0x00000aa8                I2c_WriteUltrasonicDistance
 .text.I2c_WriteInfraredDistance
                0x00000ab8       0x10 .\CortexM0\ARM_GCC_493\Debug\i2c.o
                0x00000ab8                I2c_WriteInfraredDistance
 .text.I2c_WriteCountPerSecond
                0x00000ac8        0xc .\CortexM0\ARM_GCC_493\Debug\i2c.o
                0x00000ac8                I2c_WriteCountPerSecond
 .text.I2c_WriteWheelVelocity
                0x00000ad4        0xc .\CortexM0\ARM_GCC_493\Debug\i2c.o
                0x00000ad4                I2c_WriteWheelVelocity
 .text.I2c_WriteOdom
                0x00000ae0       0x2c .\CortexM0\ARM_GCC_493\Debug\i2c.o
                0x00000ae0                I2c_WriteOdom
 .text.I2c_WriteCalReg
                0x00000b0c        0xc .\CortexM0\ARM_GCC_493\Debug\i2c.o
                0x00000b0c                I2c_WriteCalReg
 .text.I2c_ReadCalReg
                0x00000b18        0xc .\CortexM0\ARM_GCC_493\Debug\i2c.o
                0x00000b18                I2c_ReadCalReg
 .text.Control_Init
                0x00000b24        0x4 .\CortexM0\ARM_GCC_493\Debug\control.o
                0x00000b24                Control_Init
 .text.Control_Start
                0x00000b28        0x4 .\CortexM0\ARM_GCC_493\Debug\control.o
                0x00000b28                Control_Start
 .text.Control_Update
                0x00000b2c       0x34 .\CortexM0\ARM_GCC_493\Debug\control.o
                0x00000b2c                Control_Update
 .text.main     0x00000b60       0x70 .\CortexM0\ARM_GCC_493\Debug\boardmain.o
                0x00000b60                main
 .text.SysTickIsrHandler
                0x00000bd0       0x10 .\CortexM0\ARM_GCC_493\Debug\time.o
 .text.Time_Init
                0x00000be0        0xc .\CortexM0\ARM_GCC_493\Debug\time.o
                0x00000be0                Time_Init
 .text.Time_Start
                0x00000bec       0x34 .\CortexM0\ARM_GCC_493\Debug\time.o
                0x00000bec                Time_Start
 .text.millis   0x00000c20        0xc .\CortexM0\ARM_GCC_493\Debug\time.o
                0x00000c20                millis
 .text.Infrared_Measure
                0x00000c2c       0xc8 .\CortexM0\ARM_GCC_493\Debug\infrared.o
                0x00000c2c                Infrared_Measure
 .text.MovingAverage
                0x00000cf4       0x20 .\CortexM0\ARM_GCC_493\Debug\utils.o
                0x00000cf4                MovingAverage
 .text.Debug_Init
                0x00000d14       0x14 .\CortexM0\ARM_GCC_493\Debug\debug.o
                0x00000d14                Debug_Init
 .text.Debug_Start
                0x00000d28        0x8 .\CortexM0\ARM_GCC_493\Debug\debug.o
                0x00000d28                Debug_Start
 .text.Odom_Init
                0x00000d30       0x20 .\CortexM0\ARM_GCC_493\Debug\odom.o
                0x00000d30                Odom_Init
 .text.Odom_Start
                0x00000d50        0x4 .\CortexM0\ARM_GCC_493\Debug\odom.o
                0x00000d50                Odom_Start
 .text.calc_odom
                0x00000d54      0x138 .\CortexM0\ARM_GCC_493\Debug\odom.o
                0x00000d54                calc_odom
 .text.Odom_Update
                0x00000e8c       0x24 .\CortexM0\ARM_GCC_493\Debug\odom.o
                0x00000e8c                Odom_Update
 .text.SendData
                0x00000eb0       0x44 .\CortexM0\ARM_GCC_493\Debug\cal.o
 .text.RecvData
                0x00000ef4       0x38 .\CortexM0\ARM_GCC_493\Debug\cal.o
 .text.Cal_Init
                0x00000f2c        0x4 .\CortexM0\ARM_GCC_493\Debug\cal.o
                0x00000f2c                Cal_Init
 .text.Cal_Start
                0x00000f30        0xc .\CortexM0\ARM_GCC_493\Debug\cal.o
                0x00000f30                Cal_Start
 .text.Cal_Update
                0x00000f3c       0x24 .\CortexM0\ARM_GCC_493\Debug\cal.o
                0x00000f3c                Cal_Update
 .text.Cal_Download
                0x00000f60       0x1c .\CortexM0\ARM_GCC_493\Debug\cal.o
                0x00000f60                Cal_Download
 .text.Cal_Upload
                0x00000f7c       0x34 .\CortexM0\ARM_GCC_493\Debug\cal.o
                0x00000f7c                Cal_Upload
 .text.Cal_Validate
                0x00000fb0        0x8 .\CortexM0\ARM_GCC_493\Debug\cal.o
                0x00000fb0                Cal_Validate
 .text.Diag_Init
                0x00000fb8        0x4 .\CortexM0\ARM_GCC_493\Debug\diag.o
                0x00000fb8                Diag_Init
 .text.Diag_Start
                0x00000fbc        0x4 .\CortexM0\ARM_GCC_493\Debug\diag.o
                0x00000fbc                Diag_Start
 .text.Diag_Update
                0x00000fc0       0x10 .\CortexM0\ARM_GCC_493\Debug\diag.o
                0x00000fc0                Diag_Update
 .text.IntDefaultHandler
                0x00000fd0        0x4 .\CortexM0\ARM_GCC_493\Debug\Cm0Start.o
                0x00000fd0                IntDefaultHandler
 .text.Start_c  0x00000fd4       0x48 .\CortexM0\ARM_GCC_493\Debug\Cm0Start.o
                0x00000fd4                Start_c
 .text.initialize_psoc
                0x0000101c       0x54 .\CortexM0\ARM_GCC_493\Debug\Cm0Start.o
                0x0000101c                initialize_psoc
 .text.cfg_write_bytes32
                0x00001070       0x34 .\CortexM0\ARM_GCC_493\Debug\Board1-RPi.a(cyfitter_cfg.o)
 .text.AnalogSetDefault
                0x000010a4       0x3c .\CortexM0\ARM_GCC_493\Debug\Board1-RPi.a(cyfitter_cfg.o)
 .text.CYMEMZERO
                0x000010e0        0xc .\CortexM0\ARM_GCC_493\Debug\Board1-RPi.a(cyfitter_cfg.o)
 .text.CySysClkImoDisableWcoLock
                0x000010ec       0x14 .\CortexM0\ARM_GCC_493\Debug\Board1-RPi.a(CyLib.o)
                0x000010ec                CySysClkImoDisableWcoLock
 .text.CySysClkImoGetWcoLock
                0x00001100       0x14 .\CortexM0\ARM_GCC_493\Debug\Board1-RPi.a(CyLib.o)
                0x00001100                CySysClkImoGetWcoLock
 .text.CyIntEnable
                0x00001114       0x14 .\CortexM0\ARM_GCC_493\Debug\Board1-RPi.a(CyLib.o)
                0x00001114                CyIntEnable
 .text.CyIntDisable
                0x00001128       0x14 .\CortexM0\ARM_GCC_493\Debug\Board1-RPi.a(CyLib.o)
                0x00001128                CyIntDisable
 .text.CyHalt   0x0000113c        0x4 .\CortexM0\ARM_GCC_493\Debug\Board1-RPi.a(CyLib.o)
                0x0000113c                CyHalt
 .text.CyIntSetSysVector
                0x00001140       0x20 .\CortexM0\ARM_GCC_493\Debug\Board1-RPi.a(CyLib.o)
                0x00001140                CyIntSetSysVector
 .text.CyIntSetVector
                0x00001160       0x24 .\CortexM0\ARM_GCC_493\Debug\Board1-RPi.a(CyLib.o)
                0x00001160                CyIntSetVector
 .text.CyIntSetPriority
                0x00001184       0x4c .\CortexM0\ARM_GCC_493\Debug\Board1-RPi.a(CyLib.o)
                0x00001184                CyIntSetPriority
 .text.CyDelay  0x000011d0       0x30 .\CortexM0\ARM_GCC_493\Debug\Board1-RPi.a(CyLib.o)
                0x000011d0                CyDelay
 .text.CySysClkImoEnableWcoLock
                0x00001200       0xe8 .\CortexM0\ARM_GCC_493\Debug\Board1-RPi.a(CyLib.o)
                0x00001200                CySysClkImoEnableWcoLock
 .text.CySysClkWriteImoFreq
                0x000012e8       0x80 .\CortexM0\ARM_GCC_493\Debug\Board1-RPi.a(CyLib.o)
                0x000012e8                CySysClkWriteImoFreq
 .text.CyDelayUs
                0x00001368       0x14 .\CortexM0\ARM_GCC_493\Debug\Board1-RPi.a(CyLib.o)
                0x00001368                CyDelayUs
 .text.CySysTickEnableInterrupt
                0x0000137c       0x10 .\CortexM0\ARM_GCC_493\Debug\Board1-RPi.a(CyLib.o)
                0x0000137c                CySysTickEnableInterrupt
 .text.CySysTickEnable
                0x0000138c       0x18 .\CortexM0\ARM_GCC_493\Debug\Board1-RPi.a(CyLib.o)
                0x0000138c                CySysTickEnable
 .text.CySysTickSetReload
                0x000013a4       0x10 .\CortexM0\ARM_GCC_493\Debug\Board1-RPi.a(CyLib.o)
                0x000013a4                CySysTickSetReload
 .text.CySysTickSetClockSource
                0x000013b4       0x20 .\CortexM0\ARM_GCC_493\Debug\Board1-RPi.a(CyLib.o)
                0x000013b4                CySysTickSetClockSource
 .text.CySysTickGetCountFlag
                0x000013d4       0x10 .\CortexM0\ARM_GCC_493\Debug\Board1-RPi.a(CyLib.o)
                0x000013d4                CySysTickGetCountFlag
 .text.CySysTickServiceCallbacks
                0x000013e4       0x28 .\CortexM0\ARM_GCC_493\Debug\Board1-RPi.a(CyLib.o)
 .text.CySysTickClear
                0x0000140c        0xc .\CortexM0\ARM_GCC_493\Debug\Board1-RPi.a(CyLib.o)
                0x0000140c                CySysTickClear
 .text.CySysTickInit
                0x00001418       0x4c .\CortexM0\ARM_GCC_493\Debug\Board1-RPi.a(CyLib.o)
                0x00001418                CySysTickInit
 .text.CySysTickStart
                0x00001464       0x20 .\CortexM0\ARM_GCC_493\Debug\Board1-RPi.a(CyLib.o)
                0x00001464                CySysTickStart
 .text.CySysTickSetCallback
                0x00001484       0x10 .\CortexM0\ARM_GCC_493\Debug\Board1-RPi.a(CyLib.o)
                0x00001484                CySysTickSetCallback
 .text.CySysTickGetCallback
                0x00001494        0xc .\CortexM0\ARM_GCC_493\Debug\Board1-RPi.a(CyLib.o)
                0x00001494                CySysTickGetCallback
 .text.CySysWdtLocked
                0x000014a0       0x14 .\CortexM0\ARM_GCC_493\Debug\Board1-RPi.a(CyLFClk.o)
 .text.CySysClkWcoEnabled
                0x000014b4       0x14 .\CortexM0\ARM_GCC_493\Debug\Board1-RPi.a(CyLFClk.o)
                0x000014b4                CySysClkWcoEnabled
 .text.CySysWdtLock
                0x000014c8       0x1c .\CortexM0\ARM_GCC_493\Debug\Board1-RPi.a(CyLFClk.o)
                0x000014c8                CySysWdtLock
 .text.CySysWdtUnlock
                0x000014e4       0x30 .\CortexM0\ARM_GCC_493\Debug\Board1-RPi.a(CyLFClk.o)
                0x000014e4                CySysWdtUnlock
 .text.CySysWdtClearInterrupt
                0x00001514       0x4c .\CortexM0\ARM_GCC_493\Debug\Board1-RPi.a(CyLFClk.o)
                0x00001514                CySysWdtClearInterrupt
 .text.CySysWdtIsr
                0x00001560       0xa4 .\CortexM0\ARM_GCC_493\Debug\Board1-RPi.a(CyLFClk.o)
                0x00001560                CySysWdtIsr
 .text.HB25_PWM_WriteCounter
                0x00001604       0x10 .\CortexM0\ARM_GCC_493\Debug\Board1-RPi.a(HB25_PWM.o)
                0x00001604                HB25_PWM_WriteCounter
 .text.HB25_PWM_WritePeriod
                0x00001614       0x10 .\CortexM0\ARM_GCC_493\Debug\Board1-RPi.a(HB25_PWM.o)
                0x00001614                HB25_PWM_WritePeriod
 .text.HB25_PWM_WriteCompare
                0x00001624       0x10 .\CortexM0\ARM_GCC_493\Debug\Board1-RPi.a(HB25_PWM.o)
                0x00001624                HB25_PWM_WriteCompare
 .text.HB25_PWM_TriggerCommand
                0x00001634       0x1c .\CortexM0\ARM_GCC_493\Debug\Board1-RPi.a(HB25_PWM.o)
                0x00001634                HB25_PWM_TriggerCommand
 .text.HB25_PWM_Enable
                0x00001650       0x24 .\CortexM0\ARM_GCC_493\Debug\Board1-RPi.a(HB25_PWM.o)
                0x00001650                HB25_PWM_Enable
 .text.HB25_PWM_SetInterruptMode
                0x00001674        0xc .\CortexM0\ARM_GCC_493\Debug\Board1-RPi.a(HB25_PWM.o)
                0x00001674                HB25_PWM_SetInterruptMode
 .text.HB25_PWM_Init
                0x00001680       0x4c .\CortexM0\ARM_GCC_493\Debug\Board1-RPi.a(HB25_PWM.o)
                0x00001680                HB25_PWM_Init
 .text.HB25_PWM_Start
                0x000016cc       0x20 .\CortexM0\ARM_GCC_493\Debug\Board1-RPi.a(HB25_PWM.o)
                0x000016cc                HB25_PWM_Start
 .text.ADC_Infrared_StartConvert
                0x000016ec       0x14 .\CortexM0\ARM_GCC_493\Debug\Board1-RPi.a(ADC_Infrared.o)
                0x000016ec                ADC_Infrared_StartConvert
 .text.ADC_Infrared_IsEndConversion
                0x00001700       0x28 .\CortexM0\ARM_GCC_493\Debug\Board1-RPi.a(ADC_Infrared.o)
                0x00001700                ADC_Infrared_IsEndConversion
 .text.ADC_Infrared_GetResult16
                0x00001728       0x2c .\CortexM0\ARM_GCC_493\Debug\Board1-RPi.a(ADC_Infrared.o)
                0x00001728                ADC_Infrared_GetResult16
 .text.HCSR04_Control_Write
                0x00001754        0xc .\CortexM0\ARM_GCC_493\Debug\Board1-RPi.a(HCSR04_Control.o)
                0x00001754                HCSR04_Control_Write
 .text.HCSR04_Trigger_0_Write
                0x00001760       0x18 .\CortexM0\ARM_GCC_493\Debug\Board1-RPi.a(HCSR04_Trigger_0.o)
                0x00001760                HCSR04_Trigger_0_Write
 .text.HCSR04_Trigger_2_Write
                0x00001778       0x18 .\CortexM0\ARM_GCC_493\Debug\Board1-RPi.a(HCSR04_Trigger_2.o)
                0x00001778                HCSR04_Trigger_2_Write
 .text.HCSR04_Trigger_3_Write
                0x00001790       0x18 .\CortexM0\ARM_GCC_493\Debug\Board1-RPi.a(HCSR04_Trigger_3.o)
                0x00001790                HCSR04_Trigger_3_Write
 .text.HCSR04_Trigger_1_Write
                0x000017a8       0x18 .\CortexM0\ARM_GCC_493\Debug\Board1-RPi.a(HCSR04_Trigger_1.o)
                0x000017a8                HCSR04_Trigger_1_Write
 .text.HB25_Enable_Pin_Write
                0x000017c0       0x18 .\CortexM0\ARM_GCC_493\Debug\Board1-RPi.a(HB25_Enable_Pin.o)
                0x000017c0                HB25_Enable_Pin_Write
 .text.UARTCOMMS_ScbEnableIntr
                0x000017d8        0xc .\CortexM0\ARM_GCC_493\Debug\Board1-RPi.a(UARTCOMMS.o)
 .text.UARTCOMMS_ScbModePostEnable
                0x000017e4        0x8 .\CortexM0\ARM_GCC_493\Debug\Board1-RPi.a(UARTCOMMS.o)
 .text.UARTCOMMS_Init
                0x000017ec        0x8 .\CortexM0\ARM_GCC_493\Debug\Board1-RPi.a(UARTCOMMS.o)
                0x000017ec                UARTCOMMS_Init
 .text.UARTCOMMS_Enable
                0x000017f4       0x1c .\CortexM0\ARM_GCC_493\Debug\Board1-RPi.a(UARTCOMMS.o)
                0x000017f4                UARTCOMMS_Enable
 .text.UARTCOMMS_Start
                0x00001810       0x20 .\CortexM0\ARM_GCC_493\Debug\Board1-RPi.a(UARTCOMMS.o)
                0x00001810                UARTCOMMS_Start
 .text.UARTCOMMS_UartInit
                0x00001830       0xc4 .\CortexM0\ARM_GCC_493\Debug\Board1-RPi.a(UARTCOMMS_UART.o)
                0x00001830                UARTCOMMS_UartInit
 .text.UARTCOMMS_UartPostEnable
                0x000018f4       0x1c .\CortexM0\ARM_GCC_493\Debug\Board1-RPi.a(UARTCOMMS_UART.o)
                0x000018f4                UARTCOMMS_UartPostEnable
 .text.EZI2C_Slave_ScbEnableIntr
                0x00001910        0xc .\CortexM0\ARM_GCC_493\Debug\Board1-RPi.a(EZI2C_Slave.o)
 .text.EZI2C_Slave_Init
                0x0000191c        0x8 .\CortexM0\ARM_GCC_493\Debug\Board1-RPi.a(EZI2C_Slave.o)
                0x0000191c                EZI2C_Slave_Init
 .text.EZI2C_Slave_Enable
                0x00001924       0x18 .\CortexM0\ARM_GCC_493\Debug\Board1-RPi.a(EZI2C_Slave.o)
                0x00001924                EZI2C_Slave_Enable
 .text.EZI2C_Slave_Start
                0x0000193c       0x20 .\CortexM0\ARM_GCC_493\Debug\Board1-RPi.a(EZI2C_Slave.o)
                0x0000193c                EZI2C_Slave_Start
 .text.EZI2C_Slave_EzI2CInit
                0x0000195c       0xc0 .\CortexM0\ARM_GCC_493\Debug\Board1-RPi.a(EZI2C_Slave_EZI2C.o)
                0x0000195c                EZI2C_Slave_EzI2CInit
 .text.EZI2C_Slave_EzI2CSetAddress1
                0x00001a1c       0x18 .\CortexM0\ARM_GCC_493\Debug\Board1-RPi.a(EZI2C_Slave_EZI2C.o)
                0x00001a1c                EZI2C_Slave_EzI2CSetAddress1
 .text.EZI2C_Slave_EzI2CSetBuffer1
                0x00001a34       0x30 .\CortexM0\ARM_GCC_493\Debug\Board1-RPi.a(EZI2C_Slave_EZI2C.o)
                0x00001a34                EZI2C_Slave_EzI2CSetBuffer1
 .text.EZI2C_Slave_EZI2C_STRETCH_ISR
                0x00001a64      0x324 .\CortexM0\ARM_GCC_493\Debug\Board1-RPi.a(EZI2C_Slave_EZI2C_INT.o)
                0x00001a64                EZI2C_Slave_EZI2C_STRETCH_ISR
 .text.I2C_Master_ScbEnableIntr
                0x00001d88        0xc .\CortexM0\ARM_GCC_493\Debug\Board1-RPi.a(I2C_Master.o)
 .text.I2C_Master_Init
                0x00001d94        0x8 .\CortexM0\ARM_GCC_493\Debug\Board1-RPi.a(I2C_Master.o)
                0x00001d94                I2C_Master_Init
 .text.I2C_Master_Enable
                0x00001d9c       0x18 .\CortexM0\ARM_GCC_493\Debug\Board1-RPi.a(I2C_Master.o)
                0x00001d9c                I2C_Master_Enable
 .text.I2C_Master_Start
                0x00001db4       0x20 .\CortexM0\ARM_GCC_493\Debug\Board1-RPi.a(I2C_Master.o)
                0x00001db4                I2C_Master_Start
 .text.I2C_Master_I2CInit
                0x00001dd4       0xbc .\CortexM0\ARM_GCC_493\Debug\Board1-RPi.a(I2C_Master_I2C.o)
                0x00001dd4                I2C_Master_I2CInit
 .text.I2C_Master_I2CMasterStatus
                0x00001e90       0x30 .\CortexM0\ARM_GCC_493\Debug\Board1-RPi.a(I2C_Master_I2C_MASTER.o)
                0x00001e90                I2C_Master_I2CMasterStatus
 .text.I2C_Master_I2CMasterClearStatus
                0x00001ec0       0x20 .\CortexM0\ARM_GCC_493\Debug\Board1-RPi.a(I2C_Master_I2C_MASTER.o)
                0x00001ec0                I2C_Master_I2CMasterClearStatus
 .text.I2C_Master_I2CReStartGeneration
                0x00001ee0       0x20 .\CortexM0\ARM_GCC_493\Debug\Board1-RPi.a(I2C_Master_I2C_MASTER.o)
                0x00001ee0                I2C_Master_I2CReStartGeneration
 .text.I2C_Master_I2CMasterReadBuf
                0x00001f00       0xfc .\CortexM0\ARM_GCC_493\Debug\Board1-RPi.a(I2C_Master_I2C_MASTER.o)
                0x00001f00                I2C_Master_I2CMasterReadBuf
 .text.Phase_Counter_ReadStatusRegister
                0x00001ffc        0xc .\CortexM0\ARM_GCC_493\Debug\Board1-RPi.a(Phase_Counter.o)
                0x00001ffc                Phase_Counter_ReadStatusRegister
 .text.Phase_Counter_WriteCounter
                0x00002008        0xc .\CortexM0\ARM_GCC_493\Debug\Board1-RPi.a(Phase_Counter.o)
                0x00002008                Phase_Counter_WriteCounter
 .text.Phase_Counter_ReadCounter
                0x00002014       0x14 .\CortexM0\ARM_GCC_493\Debug\Board1-RPi.a(Phase_Counter.o)
                0x00002014                Phase_Counter_ReadCounter
 .text.PhaseCounter_Intr_SetVector
                0x00002028        0xc .\CortexM0\ARM_GCC_493\Debug\Board1-RPi.a(PhaseCounter_Intr.o)
                0x00002028                PhaseCounter_Intr_SetVector
 .text.PhaseCounter_Intr_SetPriority
                0x00002034       0x20 .\CortexM0\ARM_GCC_493\Debug\Board1-RPi.a(PhaseCounter_Intr.o)
                0x00002034                PhaseCounter_Intr_SetPriority
 .text.PhaseCounter_Intr_Enable
                0x00002054        0xc .\CortexM0\ARM_GCC_493\Debug\Board1-RPi.a(PhaseCounter_Intr.o)
                0x00002054                PhaseCounter_Intr_Enable
 .text.PhaseCounter_Intr_Disable
                0x00002060        0xc .\CortexM0\ARM_GCC_493\Debug\Board1-RPi.a(PhaseCounter_Intr.o)
                0x00002060                PhaseCounter_Intr_Disable
 .text.PhaseCounter_Intr_StartEx
                0x0000206c       0x1c .\CortexM0\ARM_GCC_493\Debug\Board1-RPi.a(PhaseCounter_Intr.o)
                0x0000206c                PhaseCounter_Intr_StartEx
 .text.MainLoop_Pin_Write
                0x00002088       0x18 .\CortexM0\ARM_GCC_493\Debug\Board1-RPi.a(MainLoop_Pin.o)
                0x00002088                MainLoop_Pin_Write
 .text.MainLoop_Pin_Read
                0x000020a0       0x10 .\CortexM0\ARM_GCC_493\Debug\Board1-RPi.a(MainLoop_Pin.o)
                0x000020a0                MainLoop_Pin_Read
 .text          0x000020b0       0x20 .\CortexM0\ARM_GCC_493\Debug\Board1-RPi.a(CyBootAsmGnu.o)
                0x000020b0                CyDelayCycles
                0x000020c2                CyEnterCriticalSection
                0x000020ca                CyExitCriticalSection
 .text.CySysFlashSetWaitCycles
                0x000020d0       0x54 .\CortexM0\ARM_GCC_493\Debug\Board1-RPi.a(CyFlash.o)
                0x000020d0                CySysFlashSetWaitCycles
 .text.UARTCOMMS_SPI_UART_ISR
                0x00002124       0x80 .\CortexM0\ARM_GCC_493\Debug\Board1-RPi.a(UARTCOMMS_SPI_UART_INT.o)
                0x00002124                UARTCOMMS_SPI_UART_ISR
 .text.I2C_Master_I2C_ISR
                0x000021a4      0x374 .\CortexM0\ARM_GCC_493\Debug\Board1-RPi.a(I2C_Master_I2C_INT.o)
                0x000021a4                I2C_Master_I2C_ISR
 .text.cos      0x00002518       0x9c c:/program files (x86)/cypress/psoc creator/3.3/psoc creator/import/gnu/arm/4.9.3/bin/../lib/gcc/arm-none-eabi/4.9.3/../../../../arm-none-eabi/lib/armv6-m\libm.a(lib_a-s_cos.o)
                0x00002518                cos
 .text.round    0x000025b4       0xac c:/program files (x86)/cypress/psoc creator/3.3/psoc creator/import/gnu/arm/4.9.3/bin/../lib/gcc/arm-none-eabi/4.9.3/../../../../arm-none-eabi/lib/armv6-m\libm.a(lib_a-s_round.o)
                0x000025b4                round
 .text.sin      0x00002660       0xa0 c:/program files (x86)/cypress/psoc creator/3.3/psoc creator/import/gnu/arm/4.9.3/bin/../lib/gcc/arm-none-eabi/4.9.3/../../../../arm-none-eabi/lib/armv6-m\libm.a(lib_a-s_sin.o)
                0x00002660                sin
 .text.pow      0x00002700      0x35c c:/program files (x86)/cypress/psoc creator/3.3/psoc creator/import/gnu/arm/4.9.3/bin/../lib/gcc/arm-none-eabi/4.9.3/../../../../arm-none-eabi/lib/armv6-m\libm.a(lib_a-w_pow.o)
                0x00002700                pow
 .text.__ieee754_pow
                0x00002a5c      0xa8c c:/program files (x86)/cypress/psoc creator/3.3/psoc creator/import/gnu/arm/4.9.3/bin/../lib/gcc/arm-none-eabi/4.9.3/../../../../arm-none-eabi/lib/armv6-m\libm.a(lib_a-e_pow.o)
                0x00002a5c                __ieee754_pow
 .text.__ieee754_rem_pio2
                0x000034e8      0x430 c:/program files (x86)/cypress/psoc creator/3.3/psoc creator/import/gnu/arm/4.9.3/bin/../lib/gcc/arm-none-eabi/4.9.3/../../../../arm-none-eabi/lib/armv6-m\libm.a(lib_a-e_rem_pio2.o)
                0x000034e8                __ieee754_rem_pio2
 .text.__ieee754_sqrt
                0x00003918      0x1ec c:/program files (x86)/cypress/psoc creator/3.3/psoc creator/import/gnu/arm/4.9.3/bin/../lib/gcc/arm-none-eabi/4.9.3/../../../../arm-none-eabi/lib/armv6-m\libm.a(lib_a-e_sqrt.o)
                0x00003918                __ieee754_sqrt
 .text.__kernel_cos
                0x00003b04      0x234 c:/program files (x86)/cypress/psoc creator/3.3/psoc creator/import/gnu/arm/4.9.3/bin/../lib/gcc/arm-none-eabi/4.9.3/../../../../arm-none-eabi/lib/armv6-m\libm.a(lib_a-k_cos.o)
                0x00003b04                __kernel_cos
 .text.__kernel_rem_pio2
                0x00003d38      0x890 c:/program files (x86)/cypress/psoc creator/3.3/psoc creator/import/gnu/arm/4.9.3/bin/../lib/gcc/arm-none-eabi/4.9.3/../../../../arm-none-eabi/lib/armv6-m\libm.a(lib_a-k_rem_pio2.o)
                0x00003d38                __kernel_rem_pio2
 .text.__kernel_sin
                0x000045c8      0x160 c:/program files (x86)/cypress/psoc creator/3.3/psoc creator/import/gnu/arm/4.9.3/bin/../lib/gcc/arm-none-eabi/4.9.3/../../../../arm-none-eabi/lib/armv6-m\libm.a(lib_a-k_sin.o)
                0x000045c8                __kernel_sin
 .text.fabs     0x00004728        0x8 c:/program files (x86)/cypress/psoc creator/3.3/psoc creator/import/gnu/arm/4.9.3/bin/../lib/gcc/arm-none-eabi/4.9.3/../../../../arm-none-eabi/lib/armv6-m\libm.a(lib_a-s_fabs.o)
                0x00004728                fabs
 .text.finite   0x00004730       0x14 c:/program files (x86)/cypress/psoc creator/3.3/psoc creator/import/gnu/arm/4.9.3/bin/../lib/gcc/arm-none-eabi/4.9.3/../../../../arm-none-eabi/lib/armv6-m\libm.a(lib_a-s_finite.o)
                0x00004730                finite
 .text.floor    0x00004744      0x14c c:/program files (x86)/cypress/psoc creator/3.3/psoc creator/import/gnu/arm/4.9.3/bin/../lib/gcc/arm-none-eabi/4.9.3/../../../../arm-none-eabi/lib/armv6-m\libm.a(lib_a-s_floor.o)
                0x00004744                floor
 .text.__fpclassifyd
                0x00004890       0x5c c:/program files (x86)/cypress/psoc creator/3.3/psoc creator/import/gnu/arm/4.9.3/bin/../lib/gcc/arm-none-eabi/4.9.3/../../../../arm-none-eabi/lib/armv6-m\libm.a(lib_a-s_fpclassify.o)
                0x00004890                __fpclassifyd
 .text.matherr  0x000048ec        0x4 c:/program files (x86)/cypress/psoc creator/3.3/psoc creator/import/gnu/arm/4.9.3/bin/../lib/gcc/arm-none-eabi/4.9.3/../../../../arm-none-eabi/lib/armv6-m\libm.a(lib_a-s_matherr.o)
                0x000048ec                matherr
 .text.nan      0x000048f0        0xc c:/program files (x86)/cypress/psoc creator/3.3/psoc creator/import/gnu/arm/4.9.3/bin/../lib/gcc/arm-none-eabi/4.9.3/../../../../arm-none-eabi/lib/armv6-m\libm.a(lib_a-s_nan.o)
                0x000048f0                nan
 .text.rint     0x000048fc      0x144 c:/program files (x86)/cypress/psoc creator/3.3/psoc creator/import/gnu/arm/4.9.3/bin/../lib/gcc/arm-none-eabi/4.9.3/../../../../arm-none-eabi/lib/armv6-m\libm.a(lib_a-s_rint.o)
                0x000048fc                rint
 .text.scalbn   0x00004a40       0xf8 c:/program files (x86)/cypress/psoc creator/3.3/psoc creator/import/gnu/arm/4.9.3/bin/../lib/gcc/arm-none-eabi/4.9.3/../../../../arm-none-eabi/lib/armv6-m\libm.a(lib_a-s_scalbn.o)
                0x00004a40                scalbn
 .text.copysign
                0x00004b38       0x10 c:/program files (x86)/cypress/psoc creator/3.3/psoc creator/import/gnu/arm/4.9.3/bin/../lib/gcc/arm-none-eabi/4.9.3/../../../../arm-none-eabi/lib/armv6-m\libm.a(lib_a-s_copysign.o)
                0x00004b38                copysign
 .text          0x00004b48      0x120 c:/program files (x86)/cypress/psoc creator/3.3/psoc creator/import/gnu/arm/4.9.3/bin/../lib/gcc/arm-none-eabi/4.9.3/armv6-m\libgcc.a(_udivsi3.o)
                0x00004b48                __aeabi_uidiv
                0x00004b48                __udivsi3
                0x00004c54                __aeabi_uidivmod
 .text          0x00004c68      0x1e0 c:/program files (x86)/cypress/psoc creator/3.3/psoc creator/import/gnu/arm/4.9.3/bin/../lib/gcc/arm-none-eabi/4.9.3/armv6-m\libgcc.a(_divsi3.o)
                0x00004c68                __divsi3
                0x00004c68                __aeabi_idiv
                0x00004e34                __aeabi_idivmod
 .text          0x00004e48        0x4 c:/program files (x86)/cypress/psoc creator/3.3/psoc creator/import/gnu/arm/4.9.3/bin/../lib/gcc/arm-none-eabi/4.9.3/armv6-m\libgcc.a(_dvmd_tls.o)
                0x00004e48                __aeabi_idiv0
                0x00004e48                __aeabi_ldiv0
 .text          0x00004e4c       0x7c c:/program files (x86)/cypress/psoc creator/3.3/psoc creator/import/gnu/arm/4.9.3/bin/../lib/gcc/arm-none-eabi/4.9.3/armv6-m\libgcc.a(_arm_cmpdf2.o)
                0x00004e4c                __aeabi_cdrcmple
                0x00004e5c                __aeabi_cdcmple
                0x00004e5c                __aeabi_cdcmpeq
                0x00004e6c                __aeabi_dcmpeq
                0x00004e78                __aeabi_dcmplt
                0x00004e8c                __aeabi_dcmple
                0x00004ea0                __aeabi_dcmpgt
                0x00004eb4                __aeabi_dcmpge
 .text          0x00004ec8       0x74 c:/program files (x86)/cypress/psoc creator/3.3/psoc creator/import/gnu/arm/4.9.3/bin/../lib/gcc/arm-none-eabi/4.9.3/armv6-m\libgcc.a(_arm_cmpsf2.o)
                0x00004ec8                __aeabi_cfrcmple
                0x00004ed0                __aeabi_cfcmpeq
                0x00004ed0                __aeabi_cfcmple
                0x00004ee0                __aeabi_fcmpeq
                0x00004eec                __aeabi_fcmplt
                0x00004f00                __aeabi_fcmple
                0x00004f14                __aeabi_fcmpgt
                0x00004f28                __aeabi_fcmpge
 .text          0x00004f3c       0x30 c:/program files (x86)/cypress/psoc creator/3.3/psoc creator/import/gnu/arm/4.9.3/bin/../lib/gcc/arm-none-eabi/4.9.3/armv6-m\libgcc.a(_fixunssfsi.o)
                0x00004f3c                __fixunssfsi
                0x00004f3c                __aeabi_f2uiz
 .text          0x00004f6c      0x2f8 c:/program files (x86)/cypress/psoc creator/3.3/psoc creator/import/gnu/arm/4.9.3/bin/../lib/gcc/arm-none-eabi/4.9.3/armv6-m\libgcc.a(addsf3.o)
                0x00004f6c                __aeabi_fadd
 .text          0x00005264      0x270 c:/program files (x86)/cypress/psoc creator/3.3/psoc creator/import/gnu/arm/4.9.3/bin/../lib/gcc/arm-none-eabi/4.9.3/armv6-m\libgcc.a(divsf3.o)
                0x00005264                __aeabi_fdiv
 .text          0x000054d4       0x54 c:/program files (x86)/cypress/psoc creator/3.3/psoc creator/import/gnu/arm/4.9.3/bin/../lib/gcc/arm-none-eabi/4.9.3/armv6-m\libgcc.a(eqsf2.o)
                0x000054d4                __eqsf2
                0x000054d4                __nesf2
 .text          0x00005528       0x94 c:/program files (x86)/cypress/psoc creator/3.3/psoc creator/import/gnu/arm/4.9.3/bin/../lib/gcc/arm-none-eabi/4.9.3/armv6-m\libgcc.a(gesf2.o)
                0x00005528                __gesf2
                0x00005528                __gtsf2
 .text          0x000055bc       0x8c c:/program files (x86)/cypress/psoc creator/3.3/psoc creator/import/gnu/arm/4.9.3/bin/../lib/gcc/arm-none-eabi/4.9.3/armv6-m\libgcc.a(lesf2.o)
                0x000055bc                __ltsf2
                0x000055bc                __lesf2
 .text          0x00005648      0x264 c:/program files (x86)/cypress/psoc creator/3.3/psoc creator/import/gnu/arm/4.9.3/bin/../lib/gcc/arm-none-eabi/4.9.3/armv6-m\libgcc.a(mulsf3.o)
                0x00005648                __aeabi_fmul
 .text          0x000058ac      0x2fc c:/program files (x86)/cypress/psoc creator/3.3/psoc creator/import/gnu/arm/4.9.3/bin/../lib/gcc/arm-none-eabi/4.9.3/armv6-m\libgcc.a(subsf3.o)
                0x000058ac                __aeabi_fsub
 .text          0x00005ba8       0x40 c:/program files (x86)/cypress/psoc creator/3.3/psoc creator/import/gnu/arm/4.9.3/bin/../lib/gcc/arm-none-eabi/4.9.3/armv6-m\libgcc.a(fixsfsi.o)
                0x00005ba8                __aeabi_f2iz
 .text          0x00005be8       0x90 c:/program files (x86)/cypress/psoc creator/3.3/psoc creator/import/gnu/arm/4.9.3/bin/../lib/gcc/arm-none-eabi/4.9.3/armv6-m\libgcc.a(floatsisf.o)
                0x00005be8                __aeabi_i2f
 .text          0x00005c78       0x90 c:/program files (x86)/cypress/psoc creator/3.3/psoc creator/import/gnu/arm/4.9.3/bin/../lib/gcc/arm-none-eabi/4.9.3/armv6-m\libgcc.a(floatunsisf.o)
                0x00005c78                __aeabi_ui2f
 .text          0x00005d08      0x650 c:/program files (x86)/cypress/psoc creator/3.3/psoc creator/import/gnu/arm/4.9.3/bin/../lib/gcc/arm-none-eabi/4.9.3/armv6-m\libgcc.a(adddf3.o)
                0x00005d08                __aeabi_dadd
 .text          0x00006358      0x648 c:/program files (x86)/cypress/psoc creator/3.3/psoc creator/import/gnu/arm/4.9.3/bin/../lib/gcc/arm-none-eabi/4.9.3/armv6-m\libgcc.a(divdf3.o)
                0x00006358                __aeabi_ddiv
 .text          0x000069a0       0x88 c:/program files (x86)/cypress/psoc creator/3.3/psoc creator/import/gnu/arm/4.9.3/bin/../lib/gcc/arm-none-eabi/4.9.3/armv6-m\libgcc.a(eqdf2.o)
                0x000069a0                __nedf2
                0x000069a0                __eqdf2
 .text          0x00006a28       0xe0 c:/program files (x86)/cypress/psoc creator/3.3/psoc creator/import/gnu/arm/4.9.3/bin/../lib/gcc/arm-none-eabi/4.9.3/armv6-m\libgcc.a(gedf2.o)
                0x00006a28                __gedf2
                0x00006a28                __gtdf2
 .text          0x00006b08       0xcc c:/program files (x86)/cypress/psoc creator/3.3/psoc creator/import/gnu/arm/4.9.3/bin/../lib/gcc/arm-none-eabi/4.9.3/armv6-m\libgcc.a(ledf2.o)
                0x00006b08                __ledf2
                0x00006b08                __ltdf2
 .text          0x00006bd4      0x534 c:/program files (x86)/cypress/psoc creator/3.3/psoc creator/import/gnu/arm/4.9.3/bin/../lib/gcc/arm-none-eabi/4.9.3/armv6-m\libgcc.a(muldf3.o)
                0x00006bd4                __aeabi_dmul
 .text          0x00007108      0x6f4 c:/program files (x86)/cypress/psoc creator/3.3/psoc creator/import/gnu/arm/4.9.3/bin/../lib/gcc/arm-none-eabi/4.9.3/armv6-m\libgcc.a(subdf3.o)
                0x00007108                __aeabi_dsub
 .text          0x000077fc       0x6c c:/program files (x86)/cypress/psoc creator/3.3/psoc creator/import/gnu/arm/4.9.3/bin/../lib/gcc/arm-none-eabi/4.9.3/armv6-m\libgcc.a(fixdfsi.o)
                0x000077fc                __aeabi_d2iz
 .text          0x00007868       0x78 c:/program files (x86)/cypress/psoc creator/3.3/psoc creator/import/gnu/arm/4.9.3/bin/../lib/gcc/arm-none-eabi/4.9.3/armv6-m\libgcc.a(floatsidf.o)
                0x00007868                __aeabi_i2d
 .text          0x000078e0       0xa8 c:/program files (x86)/cypress/psoc creator/3.3/psoc creator/import/gnu/arm/4.9.3/bin/../lib/gcc/arm-none-eabi/4.9.3/armv6-m\libgcc.a(extendsfdf2.o)
                0x000078e0                __aeabi_f2d
 .text          0x00007988      0x120 c:/program files (x86)/cypress/psoc creator/3.3/psoc creator/import/gnu/arm/4.9.3/bin/../lib/gcc/arm-none-eabi/4.9.3/armv6-m\libgcc.a(truncdfsf2.o)
                0x00007988                __aeabi_d2f
 .text          0x00007aa8       0x3c c:/program files (x86)/cypress/psoc creator/3.3/psoc creator/import/gnu/arm/4.9.3/bin/../lib/gcc/arm-none-eabi/4.9.3/armv6-m\libgcc.a(_clzsi2.o)
                0x00007aa8                __clzsi2
 .text.__errno  0x00007ae4        0xc c:/program files (x86)/cypress/psoc creator/3.3/psoc creator/import/gnu/arm/4.9.3/bin/../lib/gcc/arm-none-eabi/4.9.3/../../../../arm-none-eabi/lib/armv6-m\libg.a(lib_a-errno.o)
                0x00007ae4                __errno
 .text.__libc_init_array
                0x00007af0       0x48 c:/program files (x86)/cypress/psoc creator/3.3/psoc creator/import/gnu/arm/4.9.3/bin/../lib/gcc/arm-none-eabi/4.9.3/../../../../arm-none-eabi/lib/armv6-m\libg.a(lib_a-init.o)
                0x00007af0                __libc_init_array
 .text.memset   0x00007b38       0x8c c:/program files (x86)/cypress/psoc creator/3.3/psoc creator/import/gnu/arm/4.9.3/bin/../lib/gcc/arm-none-eabi/4.9.3/../../../../arm-none-eabi/lib/armv6-m\libg.a(lib_a-memset.o)
                0x00007b38                memset
 .text.startup.register_fini
                0x00007bc4       0x18 c:/program files (x86)/cypress/psoc creator/3.3/psoc creator/import/gnu/arm/4.9.3/bin/../lib/gcc/arm-none-eabi/4.9.3/../../../../arm-none-eabi/lib/armv6-m\libg.a(lib_a-__call_atexit.o)
 .text.atexit   0x00007bdc       0x10 c:/program files (x86)/cypress/psoc creator/3.3/psoc creator/import/gnu/arm/4.9.3/bin/../lib/gcc/arm-none-eabi/4.9.3/../../../../arm-none-eabi/lib/armv6-m\libg.a(lib_a-atexit.o)
                0x00007bdc                atexit
 .text.__libc_fini_array
                0x00007bec       0x34 c:/program files (x86)/cypress/psoc creator/3.3/psoc creator/import/gnu/arm/4.9.3/bin/../lib/gcc/arm-none-eabi/4.9.3/../../../../arm-none-eabi/lib/armv6-m\libg.a(lib_a-fini.o)
                0x00007bec                __libc_fini_array
 .text.__register_exitproc
                0x00007c20       0xd4 c:/program files (x86)/cypress/psoc creator/3.3/psoc creator/import/gnu/arm/4.9.3/bin/../lib/gcc/arm-none-eabi/4.9.3/../../../../arm-none-eabi/lib/armv6-m\libg.a(lib_a-__atexit.o)
                0x00007c20                __register_exitproc
 *(.plt)
 *(.gnu.warning)
 *(.glue_7t)
 .glue_7t       0x00000000        0x0 linker stubs
 *(.glue_7)
 .glue_7        0x00000000        0x0 linker stubs
 *(.vfp11_veneer)
 .vfp11_veneer  0x00000000        0x0 linker stubs
 *(.bootloader)
 *(.ARM.extab* .gnu.linkonce.armextab.*)
 *(.gcc_except_table)

.v4_bx          0x00007cf4        0x0
 .v4_bx         0x00000000        0x0 linker stubs

.iplt           0x00007cf4        0x0
 .iplt          0x00000000        0x0 c:/program files (x86)/cypress/psoc creator/3.3/psoc creator/import/gnu/arm/4.9.3/bin/../lib/gcc/arm-none-eabi/4.9.3/armv6-m/crtbegin.o

.eh_frame_hdr
 *(.eh_frame_hdr)

.eh_frame       0x00007cf4        0x4
 *(.eh_frame)
 .eh_frame      0x00007cf4        0x0 c:/program files (x86)/cypress/psoc creator/3.3/psoc creator/import/gnu/arm/4.9.3/bin/../lib/gcc/arm-none-eabi/4.9.3/armv6-m/crtbegin.o
 .eh_frame      0x00007cf4        0x0 c:/program files (x86)/cypress/psoc creator/3.3/psoc creator/import/gnu/arm/4.9.3/bin/../lib/gcc/arm-none-eabi/4.9.3/../../../../arm-none-eabi/lib/armv6-m\libg.a(lib_a-strcmp.o)
                                 0x28 (size before relaxing)
 .eh_frame      0x00007cf4        0x4 c:/program files (x86)/cypress/psoc creator/3.3/psoc creator/import/gnu/arm/4.9.3/bin/../lib/gcc/arm-none-eabi/4.9.3/armv6-m/crtend.o
                0x00007cf8                PROVIDE (__exidx_start, .)

.ARM.exidx
 *(.ARM.exidx* .gnu.linkonce.armexidx.*)
                0x00007cf8                __exidx_end = .

.rodata         0x00007cf8      0x670
 *(.rodata .rodata.* .gnu.linkonce.r.*)
 .rodata        0x00007cf8       0x10 .\CortexM0\ARM_GCC_493\Debug\ultrasonic.o
 .rodata.cst2   0x00007d08        0x2 .\CortexM0\ARM_GCC_493\Debug\infrared.o
                                  0x4 (size before relaxing)
 *fill*         0x00007d0a        0x2 
 .rodata        0x00007d0c      0x26c .\CortexM0\ARM_GCC_493\Debug\Board1-RPi.a(cyfitter_cfg.o)
 .rodata        0x00007f78       0x48 .\CortexM0\ARM_GCC_493\Debug\Board1-RPi.a(CyLib.o)
                0x00007f78                cyImoFreqMhz2Reg
                0x00007fa8                cyImoFreqMhz2DpllOffset
 .rodata.str1.4
                0x00007fc0        0x4 c:/program files (x86)/cypress/psoc creator/3.3/psoc creator/import/gnu/arm/4.9.3/bin/../lib/gcc/arm-none-eabi/4.9.3/../../../../arm-none-eabi/lib/armv6-m\libm.a(lib_a-w_pow.o)
 *fill*         0x00007fc4        0x4 
 .rodata.dp_h   0x00007fc8       0x10 c:/program files (x86)/cypress/psoc creator/3.3/psoc creator/import/gnu/arm/4.9.3/bin/../lib/gcc/arm-none-eabi/4.9.3/../../../../arm-none-eabi/lib/armv6-m\libm.a(lib_a-e_pow.o)
 .rodata.dp_l   0x00007fd8       0x10 c:/program files (x86)/cypress/psoc creator/3.3/psoc creator/import/gnu/arm/4.9.3/bin/../lib/gcc/arm-none-eabi/4.9.3/../../../../arm-none-eabi/lib/armv6-m\libm.a(lib_a-e_pow.o)
 .rodata.bp     0x00007fe8       0x10 c:/program files (x86)/cypress/psoc creator/3.3/psoc creator/import/gnu/arm/4.9.3/bin/../lib/gcc/arm-none-eabi/4.9.3/../../../../arm-none-eabi/lib/armv6-m\libm.a(lib_a-e_pow.o)
 .rodata.str1.4
                0x00007ff8        0x1 c:/program files (x86)/cypress/psoc creator/3.3/psoc creator/import/gnu/arm/4.9.3/bin/../lib/gcc/arm-none-eabi/4.9.3/../../../../arm-none-eabi/lib/armv6-m\libm.a(lib_a-e_pow.o)
                                  0x4 (size before relaxing)
 *fill*         0x00007ff9        0x3 
 .rodata.npio2_hw
                0x00007ffc       0x80 c:/program files (x86)/cypress/psoc creator/3.3/psoc creator/import/gnu/arm/4.9.3/bin/../lib/gcc/arm-none-eabi/4.9.3/../../../../arm-none-eabi/lib/armv6-m\libm.a(lib_a-e_rem_pio2.o)
 .rodata.two_over_pi
                0x0000807c      0x108 c:/program files (x86)/cypress/psoc creator/3.3/psoc creator/import/gnu/arm/4.9.3/bin/../lib/gcc/arm-none-eabi/4.9.3/../../../../arm-none-eabi/lib/armv6-m\libm.a(lib_a-e_rem_pio2.o)
 .rodata.init_jk
                0x00008184       0x10 c:/program files (x86)/cypress/psoc creator/3.3/psoc creator/import/gnu/arm/4.9.3/bin/../lib/gcc/arm-none-eabi/4.9.3/../../../../arm-none-eabi/lib/armv6-m\libm.a(lib_a-k_rem_pio2.o)
 *fill*         0x00008194        0x4 
 .rodata.PIo2   0x00008198       0x40 c:/program files (x86)/cypress/psoc creator/3.3/psoc creator/import/gnu/arm/4.9.3/bin/../lib/gcc/arm-none-eabi/4.9.3/../../../../arm-none-eabi/lib/armv6-m\libm.a(lib_a-k_rem_pio2.o)
 .rodata.TWO52  0x000081d8       0x10 c:/program files (x86)/cypress/psoc creator/3.3/psoc creator/import/gnu/arm/4.9.3/bin/../lib/gcc/arm-none-eabi/4.9.3/../../../../arm-none-eabi/lib/armv6-m\libm.a(lib_a-s_rint.o)
 .rodata        0x000081e8       0x80 c:/program files (x86)/cypress/psoc creator/3.3/psoc creator/import/gnu/arm/4.9.3/bin/../lib/gcc/arm-none-eabi/4.9.3/armv6-m\libgcc.a(divsf3.o)
 .rodata        0x00008268       0x40 c:/program files (x86)/cypress/psoc creator/3.3/psoc creator/import/gnu/arm/4.9.3/bin/../lib/gcc/arm-none-eabi/4.9.3/armv6-m\libgcc.a(mulsf3.o)
 .rodata        0x000082a8       0x40 c:/program files (x86)/cypress/psoc creator/3.3/psoc creator/import/gnu/arm/4.9.3/bin/../lib/gcc/arm-none-eabi/4.9.3/armv6-m\libgcc.a(divdf3.o)
 .rodata        0x000082e8       0x40 c:/program files (x86)/cypress/psoc creator/3.3/psoc creator/import/gnu/arm/4.9.3/bin/../lib/gcc/arm-none-eabi/4.9.3/armv6-m\libgcc.a(muldf3.o)
 .rodata.str1.4
                0x00008328        0x4 c:/program files (x86)/cypress/psoc creator/3.3/psoc creator/import/gnu/arm/4.9.3/bin/../lib/gcc/arm-none-eabi/4.9.3/../../../../arm-none-eabi/lib/armv6-m\libg.a(lib_a-impure.o)
 .rodata._global_impure_ptr
                0x0000832c        0x4 c:/program files (x86)/cypress/psoc creator/3.3/psoc creator/import/gnu/arm/4.9.3/bin/../lib/gcc/arm-none-eabi/4.9.3/../../../../arm-none-eabi/lib/armv6-m\libg.a(lib_a-impure.o)
                0x0000832c                _global_impure_ptr
                0x00008330                . = ALIGN (0x4)
 *(.init)
 .init          0x00008330        0x4 c:/program files (x86)/cypress/psoc creator/3.3/psoc creator/import/gnu/arm/4.9.3/bin/../lib/gcc/arm-none-eabi/4.9.3/armv6-m/crti.o
                0x00008330                _init
 .init          0x00008334        0x8 c:/program files (x86)/cypress/psoc creator/3.3/psoc creator/import/gnu/arm/4.9.3/bin/../lib/gcc/arm-none-eabi/4.9.3/armv6-m/crtn.o
                0x0000833c                . = ALIGN (0x4)
                0x0000833c                __preinit_array_start = .
 *(.preinit_array)
                0x0000833c                __preinit_array_end = .
                0x0000833c                . = ALIGN (0x4)
                0x0000833c                __init_array_start = .
 *(SORT(.init_array.*))
 .init_array.00000
                0x0000833c        0x4 c:/program files (x86)/cypress/psoc creator/3.3/psoc creator/import/gnu/arm/4.9.3/bin/../lib/gcc/arm-none-eabi/4.9.3/../../../../arm-none-eabi/lib/armv6-m\libg.a(lib_a-__call_atexit.o)
 *(.init_array)
 .init_array    0x00008340        0x4 c:/program files (x86)/cypress/psoc creator/3.3/psoc creator/import/gnu/arm/4.9.3/bin/../lib/gcc/arm-none-eabi/4.9.3/armv6-m/crtbegin.o
 .init_array    0x00008344        0x4 .\CortexM0\ARM_GCC_493\Debug\Cm0Start.o
                0x00008348                __init_array_end = .
                0x00008348                . = ALIGN (0x4)
 *(.fini)
 .fini          0x00008348        0x4 c:/program files (x86)/cypress/psoc creator/3.3/psoc creator/import/gnu/arm/4.9.3/bin/../lib/gcc/arm-none-eabi/4.9.3/armv6-m/crti.o
                0x00008348                _fini
 .fini          0x0000834c        0x8 c:/program files (x86)/cypress/psoc creator/3.3/psoc creator/import/gnu/arm/4.9.3/bin/../lib/gcc/arm-none-eabi/4.9.3/armv6-m/crtn.o
                0x00008354                . = ALIGN (0x4)
                0x00008354                __fini_array_start = .
 *(.fini_array)
 .fini_array    0x00008354        0x4 c:/program files (x86)/cypress/psoc creator/3.3/psoc creator/import/gnu/arm/4.9.3/bin/../lib/gcc/arm-none-eabi/4.9.3/armv6-m/crtbegin.o
 *(SORT(.fini_array.*))
                0x00008358                __fini_array_end = .
                0x00008358                . = ALIGN (0x4)
 *crtbegin.o(.ctors)
 *(EXCLUDE_FILE(*crtend.o) .ctors)
 *(SORT(.ctors.*))
 *crtend.o(.ctors)
                0x00008358                . = ALIGN (0x4)
 *crtbegin.o(.dtors)
 *(EXCLUDE_FILE(*crtend.o) .dtors)
 *(SORT(.dtors.*))
 *crtend.o(.dtors)
                0x00008358                . = ALIGN (0x4)
                0x00008358                __cy_regions = .
                0x00008358        0x4 LONG 0x8368 __cy_region_init_ram
                0x0000835c        0x4 LONG 0x200000c8 __cy_region_start_data
                0x00008360        0x4 LONG 0x5f8 __cy_region_init_size_ram
                0x00008364        0x4 LONG 0x4c8 __cy_region_zero_size_ram
                0x00008368                __cy_regions_end = .
                0x00008368                . = ALIGN (0x8)
                0x00008368                _etext = .

.cy_checksum_exclude
                0x00008368        0x0
 *(.cy_checksum_exclude)

.ramvectors     0x20000000       0xc0
                0x20000000                __cy_region_start_ram = .
 *(.ramvectors)
 .ramvectors    0x20000000       0xc0 .\CortexM0\ARM_GCC_493\Debug\Cm0Start.o
                0x20000000                CyRamVectors

.noinit         0x200000c0        0x4
 *(.noinit)
 .noinit        0x200000c0        0x4 .\CortexM0\ARM_GCC_493\Debug\Cm0Start.o

.data           0x200000c8      0x5f8 load address 0x00008368
                0x200000c8                __cy_region_start_data = .
 *(.jcr)
 .jcr           0x200000c8        0x0 c:/program files (x86)/cypress/psoc creator/3.3/psoc creator/import/gnu/arm/4.9.3/bin/../lib/gcc/arm-none-eabi/4.9.3/armv6-m/crtbegin.o
 .jcr           0x200000c8        0x4 c:/program files (x86)/cypress/psoc creator/3.3/psoc creator/import/gnu/arm/4.9.3/bin/../lib/gcc/arm-none-eabi/4.9.3/armv6-m/crtend.o
 *(.got.plt)
 *(.got)
 *(.shdata)
 *(.data .data.* .gnu.linkonce.d.*)
 .data          0x200000cc      0x190 .\CortexM0\ARM_GCC_493\Debug\motor.o
 .data          0x2000025c       0x1c .\CortexM0\ARM_GCC_493\Debug\pid.o
 .data          0x20000278       0x10 .\CortexM0\ARM_GCC_493\Debug\Board1-RPi.a(CyLib.o)
                0x20000278                cydelay32kMs
                0x2000027c                cydelayFreqKhz
                0x20000280                cydelayFreqMhz
                0x20000284                cydelayFreqHz
 .data          0x20000288        0x4 .\CortexM0\ARM_GCC_493\Debug\Board1-RPi.a(CyLFClk.o)
 .data.__fdlib_version
                0x2000028c        0x1 c:/program files (x86)/cypress/psoc creator/3.3/psoc creator/import/gnu/arm/4.9.3/bin/../lib/gcc/arm-none-eabi/4.9.3/../../../../arm-none-eabi/lib/armv6-m\libm.a(lib_a-s_lib_ver.o)
                0x2000028c                __fdlib_version
 *fill*         0x2000028d        0x3 
 .data.impure_data
                0x20000290      0x428 c:/program files (x86)/cypress/psoc creator/3.3/psoc creator/import/gnu/arm/4.9.3/bin/../lib/gcc/arm-none-eabi/4.9.3/../../../../arm-none-eabi/lib/armv6-m\libg.a(lib_a-impure.o)
 .data._impure_ptr
                0x200006b8        0x4 c:/program files (x86)/cypress/psoc creator/3.3/psoc creator/import/gnu/arm/4.9.3/bin/../lib/gcc/arm-none-eabi/4.9.3/../../../../arm-none-eabi/lib/armv6-m\libg.a(lib_a-impure.o)
                0x200006b8                _impure_ptr
                0x200006c0                . = ALIGN (0x8)
 *fill*         0x200006bc        0x4 
 *(.ram)
                0x200006c0                _edata = .

.igot.plt       0x200006c0        0x0 load address 0x00008960
 .igot.plt      0x00000000        0x0 c:/program files (x86)/cypress/psoc creator/3.3/psoc creator/import/gnu/arm/4.9.3/bin/../lib/gcc/arm-none-eabi/4.9.3/armv6-m/crtbegin.o

.bss            0x200006c0      0x4c8 load address 0x00008960
                0x200006c0                PROVIDE (__bss_start__, .)
 *(.shbss)
 *(.bss .bss.* .gnu.linkonce.b.*)
 .bss           0x200006c0       0x1c c:/program files (x86)/cypress/psoc creator/3.3/psoc creator/import/gnu/arm/4.9.3/bin/../lib/gcc/arm-none-eabi/4.9.3/armv6-m/crtbegin.o
 .bss           0x200006dc       0x4c .\CortexM0\ARM_GCC_493\Debug\encoder.o
 .bss           0x20000728       0xf4 .\CortexM0\ARM_GCC_493\Debug\motor.o
 .bss           0x2000081c       0x4c .\CortexM0\ARM_GCC_493\Debug\ultrasonic.o
 .bss           0x20000868       0x14 .\CortexM0\ARM_GCC_493\Debug\pid.o
 .bss           0x2000087c       0x3c .\CortexM0\ARM_GCC_493\Debug\i2c.o
 .bss           0x200008b8        0x4 .\CortexM0\ARM_GCC_493\Debug\time.o
 .bss           0x200008bc        0x8 .\CortexM0\ARM_GCC_493\Debug\infrared.o
 .bss           0x200008c4       0x30 .\CortexM0\ARM_GCC_493\Debug\odom.o
 .bss           0x200008f4       0x18 .\CortexM0\ARM_GCC_493\Debug\Board1-RPi.a(CyLib.o)
                0x20000908                CySysTickInitVar
 .bss           0x2000090c       0x1c .\CortexM0\ARM_GCC_493\Debug\Board1-RPi.a(CyLFClk.o)
 .bss           0x20000928        0x1 .\CortexM0\ARM_GCC_493\Debug\Board1-RPi.a(HB25_PWM.o)
                0x20000928                HB25_PWM_initVar
 *fill*         0x20000929        0x3 
 .bss           0x2000092c        0x8 .\CortexM0\ARM_GCC_493\Debug\Board1-RPi.a(UARTCOMMS.o)
                0x2000092c                UARTCOMMS_initVar
                0x20000930                UARTCOMMS_customIntrHandler
 .bss           0x20000934        0x8 .\CortexM0\ARM_GCC_493\Debug\Board1-RPi.a(EZI2C_Slave.o)
                0x20000934                EZI2C_Slave_initVar
                0x20000938                EZI2C_Slave_customIntrHandler
 .bss           0x2000093c        0x2 .\CortexM0\ARM_GCC_493\Debug\Board1-RPi.a(EZI2C_Slave_EZI2C_INT.o)
 *fill*         0x2000093e        0x2 
 .bss           0x20000940        0x8 .\CortexM0\ARM_GCC_493\Debug\Board1-RPi.a(I2C_Master.o)
                0x20000940                I2C_Master_initVar
                0x20000944                I2C_Master_customIntrHandler
 *(COMMON)
 COMMON         0x20000948      0x100 .\CortexM0\ARM_GCC_493\Debug\motor.o
                0x20000948                formatted_string
 COMMON         0x20000a48       0x11 .\CortexM0\ARM_GCC_493\Debug\Board1-RPi.a(EZI2C_Slave_EZI2C.o)
                0x20000a48                EZI2C_Slave_offsetBuf1
                0x20000a4c                EZI2C_Slave_dataBuffer1
                0x20000a50                EZI2C_Slave_indexBuf1
                0x20000a52                EZI2C_Slave_fsmState
                0x20000a54                EZI2C_Slave_protectBuf1
                0x20000a56                EZI2C_Slave_bufSizeBuf1
                0x20000a58                EZI2C_Slave_curStatus
 COMMON         0x20000a59        0x1 .\CortexM0\ARM_GCC_493\Debug\Board1-RPi.a(I2C_Master_I2C.o)
                0x20000a59                I2C_Master_state
 *fill*         0x20000a5a        0x2 
 COMMON         0x20000a5c       0x20 .\CortexM0\ARM_GCC_493\Debug\Board1-RPi.a(I2C_Master_I2C_MASTER.o)
                0x20000a5c                I2C_Master_mstrWrBufIndexTmp
                0x20000a60                I2C_Master_mstrRdBufIndex
                0x20000a64                I2C_Master_mstrWrBufIndex
                0x20000a68                I2C_Master_mstrWrBufSize
                0x20000a6c                I2C_Master_mstrWrBufPtr
                0x20000a70                I2C_Master_mstrRdBufPtr
                0x20000a74                I2C_Master_mstrControl
                0x20000a76                I2C_Master_mstrStatus
                0x20000a78                I2C_Master_mstrRdBufSize
 COMMON         0x20000a7c      0x108 .\CortexM0\ARM_GCC_493\Debug\Board1-RPi.a(UARTCOMMS_SPI_UART.o)
                0x20000a7c                UARTCOMMS_txBufferInternal
                0x20000b7c                UARTCOMMS_txBufferTail
                0x20000b80                UARTCOMMS_txBufferHead
                0x20000b88                . = ALIGN (0x8)
 *fill*         0x20000b84        0x4 
 *(.ram.b)
                0x20000b88                _end = .
                0x20000b88                __end = .
                0x20000b88                PROVIDE (end, .)
                0x20000b88                PROVIDE (__bss_end__, .)
                0x00008368                __cy_region_init_ram = LOADADDR (.data)
                0x000005f8                __cy_region_init_size_ram = (_edata - ADDR (.data))
                0x000004c8                __cy_region_zero_size_ram = (_end - _edata)

.heap           0x20000b88     0x1000 load address 0x00008960
                0x20000b88                . = _end
                0x20001b88                . = (. + 0x1000)
 *fill*         0x20000b88     0x1000 
                0x20001b88                __cy_heap_limit = .

.stack          0x20003800      0x800
                0x20003800                __cy_stack_limit = .
                0x20004000                . = (. + 0x800)
 *fill*         0x20003800      0x800 
                0x00000001                ASSERT ((__cy_stack_limit >= __cy_heap_limit), region RAM overflowed with stack)
                0x00000000                cy_checksum_exclude_size = (CY_APPL_LOADABLE == 0x1)?SIZEOF (.cy_checksum_exclude):0x0
                0x00000001                ASSERT ((cy_checksum_exclude_size <= CY_CHECKSUM_EXCLUDE_SIZE), CY_BOOT: Section .cy_checksum_exclude size exceedes specified limit.)
                0x0001ffc0                cyloadermeta_start = (cy_project_type_bootloader || cy_project_type_app_for_stack_and_copier)?(0x20000 - CY_METADATA_SIZE):0xf0000000

.cyloadermeta
 *(.cyloadermeta)
                0x0001ffc0                cyloadablemeta_start = cy_project_type_app_for_stack_and_copier?((0x20000 - CY_FLASH_ROW_SIZE) - CY_METADATA_SIZE):((0x20000 - (CY_FLASH_ROW_SIZE * (CY_APPL_NUM - 0x1))) - CY_METADATA_SIZE)

.cyloadablemeta
 *(.cyloadablemeta)

.cyflashprotect
                0x90400000       0x80
 *(.cyflashprotect)
 .cyflashprotect
                0x90400000       0x80 .\CortexM0\ARM_GCC_493\Debug\cymetadata.o
                0x90400000                cy_meta_flashprotect

.cymeta         0x90500000        0xc
 *(.cymeta)
 .cymeta        0x90500000        0xc .\CortexM0\ARM_GCC_493\Debug\cymetadata.o
                0x90500000                cy_metadata

.cychipprotect  0x90600000        0x4
 *(.cychipprotect)
 .cychipprotect
                0x90600000        0x4 .\CortexM0\ARM_GCC_493\Debug\cymetadata.o
                0x90600000                cy_meta_chipprotect

.rel.dyn        0x00008960        0x0 load address 0x90600004
 .rel.iplt      0x00000000        0x0 c:/program files (x86)/cypress/psoc creator/3.3/psoc creator/import/gnu/arm/4.9.3/bin/../lib/gcc/arm-none-eabi/4.9.3/armv6-m/crtbegin.o

.stab
 *(.stab)

.stabstr
 *(.stabstr)

.debug
 *(.debug)

.line
 *(.line)

.debug_srcinfo
 *(.debug_srcinfo)

.debug_sfnames
 *(.debug_sfnames)

.debug_aranges  0x00000000     0x1220
 *(.debug_aranges)
 .debug_aranges
                0x00000000       0x70 .\CortexM0\ARM_GCC_493\Debug\encoder.o
 .debug_aranges
                0x00000070       0x58 .\CortexM0\ARM_GCC_493\Debug\motor.o
 .debug_aranges
                0x000000c8       0x58 .\CortexM0\ARM_GCC_493\Debug\ultrasonic.o
 .debug_aranges
                0x00000120       0x38 .\CortexM0\ARM_GCC_493\Debug\pid.o
 .debug_aranges
                0x00000158       0xa0 .\CortexM0\ARM_GCC_493\Debug\i2c.o
 .debug_aranges
                0x000001f8       0x30 .\CortexM0\ARM_GCC_493\Debug\control.o
 .debug_aranges
                0x00000228       0x20 .\CortexM0\ARM_GCC_493\Debug\boardmain.o
 .debug_aranges
                0x00000248       0x38 .\CortexM0\ARM_GCC_493\Debug\time.o
 .debug_aranges
                0x00000280       0x38 .\CortexM0\ARM_GCC_493\Debug\infrared.o
 .debug_aranges
                0x000002b8       0x60 .\CortexM0\ARM_GCC_493\Debug\utils.o
 .debug_aranges
                0x00000318       0x28 .\CortexM0\ARM_GCC_493\Debug\debug.o
 .debug_aranges
                0x00000340       0x38 .\CortexM0\ARM_GCC_493\Debug\odom.o
 .debug_aranges
                0x00000378       0x58 .\CortexM0\ARM_GCC_493\Debug\cal.o
 .debug_aranges
                0x000003d0       0x30 .\CortexM0\ARM_GCC_493\Debug\diag.o
 .debug_aranges
                0x00000400       0x18 .\CortexM0\ARM_GCC_493\Debug\cymetadata.o
 .debug_aranges
                0x00000418       0x48 .\CortexM0\ARM_GCC_493\Debug\Cm0Start.o
 .debug_aranges
                0x00000460       0x48 .\CortexM0\ARM_GCC_493\Debug\Board1-RPi.a(cyfitter_cfg.o)
 .debug_aranges
                0x000004a8      0x1b8 .\CortexM0\ARM_GCC_493\Debug\Board1-RPi.a(CyLib.o)
 .debug_aranges
                0x00000660      0x150 .\CortexM0\ARM_GCC_493\Debug\Board1-RPi.a(CyLFClk.o)
 .debug_aranges
                0x000007b0      0x158 .\CortexM0\ARM_GCC_493\Debug\Board1-RPi.a(HB25_PWM.o)
 .debug_aranges
                0x00000908       0xa8 .\CortexM0\ARM_GCC_493\Debug\Board1-RPi.a(ADC_Infrared.o)
 .debug_aranges
                0x000009b0       0x20 .\CortexM0\ARM_GCC_493\Debug\Board1-RPi.a(ADC_Infrared_INT.o)
 .debug_aranges
                0x000009d0      0x158 .\CortexM0\ARM_GCC_493\Debug\Board1-RPi.a(HCSR04_Timer.o)
 .debug_aranges
                0x00000b28       0x80 .\CortexM0\ARM_GCC_493\Debug\Board1-RPi.a(HCSR04_Timeout_Intr.o)
 .debug_aranges
                0x00000ba8       0x28 .\CortexM0\ARM_GCC_493\Debug\Board1-RPi.a(HCSR04_Control.o)
 .debug_aranges
                0x00000bd0       0x48 .\CortexM0\ARM_GCC_493\Debug\Board1-RPi.a(HCSR04_Trigger_0.o)
 .debug_aranges
                0x00000c18       0x48 .\CortexM0\ARM_GCC_493\Debug\Board1-RPi.a(HCSR04_Trigger_2.o)
 .debug_aranges
                0x00000c60       0x48 .\CortexM0\ARM_GCC_493\Debug\Board1-RPi.a(HCSR04_Trigger_3.o)
 .debug_aranges
                0x00000ca8       0x48 .\CortexM0\ARM_GCC_493\Debug\Board1-RPi.a(HCSR04_Trigger_1.o)
 .debug_aranges
                0x00000cf0       0x48 .\CortexM0\ARM_GCC_493\Debug\Board1-RPi.a(HB25_Enable_Pin.o)
 .debug_aranges
                0x00000d38       0x68 .\CortexM0\ARM_GCC_493\Debug\Board1-RPi.a(UARTCOMMS.o)
 .debug_aranges
                0x00000da0       0x68 .\CortexM0\ARM_GCC_493\Debug\Board1-RPi.a(UARTCOMMS_UART.o)
 .debug_aranges
                0x00000e08       0x60 .\CortexM0\ARM_GCC_493\Debug\Board1-RPi.a(EZI2C_Slave.o)
 .debug_aranges
                0x00000e68       0x50 .\CortexM0\ARM_GCC_493\Debug\Board1-RPi.a(EZI2C_Slave_EZI2C.o)
 .debug_aranges
                0x00000eb8       0x20 .\CortexM0\ARM_GCC_493\Debug\Board1-RPi.a(EZI2C_Slave_EZI2C_INT.o)
 .debug_aranges
                0x00000ed8       0x60 .\CortexM0\ARM_GCC_493\Debug\Board1-RPi.a(I2C_Master.o)
 .debug_aranges
                0x00000f38       0x28 .\CortexM0\ARM_GCC_493\Debug\Board1-RPi.a(I2C_Master_I2C.o)
 .debug_aranges
                0x00000f60       0x88 .\CortexM0\ARM_GCC_493\Debug\Board1-RPi.a(I2C_Master_I2C_MASTER.o)
 .debug_aranges
                0x00000fe8       0x88 .\CortexM0\ARM_GCC_493\Debug\Board1-RPi.a(Phase_Counter.o)
 .debug_aranges
                0x00001070       0x80 .\CortexM0\ARM_GCC_493\Debug\Board1-RPi.a(PhaseCounter_Intr.o)
 .debug_aranges
                0x000010f0       0x48 .\CortexM0\ARM_GCC_493\Debug\Board1-RPi.a(MainLoop_Pin.o)
 .debug_aranges
                0x00001138       0x20 .\CortexM0\ARM_GCC_493\Debug\Board1-RPi.a(CyBootAsmGnu.o)
 .debug_aranges
                0x00001158       0x40 .\CortexM0\ARM_GCC_493\Debug\Board1-RPi.a(CyFlash.o)
 .debug_aranges
                0x00001198       0x48 .\CortexM0\ARM_GCC_493\Debug\Board1-RPi.a(UARTCOMMS_SPI_UART.o)
 .debug_aranges
                0x000011e0       0x20 .\CortexM0\ARM_GCC_493\Debug\Board1-RPi.a(UARTCOMMS_SPI_UART_INT.o)
 .debug_aranges
                0x00001200       0x20 .\CortexM0\ARM_GCC_493\Debug\Board1-RPi.a(I2C_Master_I2C_INT.o)

.debug_pubnames
 *(.debug_pubnames)

.debug_info     0x00000000     0xa081
 *(.debug_info .gnu.linkonce.wi.*)
 .debug_info    0x00000000      0x50b .\CortexM0\ARM_GCC_493\Debug\encoder.o
 .debug_info    0x0000050b      0x5f6 .\CortexM0\ARM_GCC_493\Debug\motor.o
 .debug_info    0x00000b01      0x536 .\CortexM0\ARM_GCC_493\Debug\ultrasonic.o
 .debug_info    0x00001037      0x342 .\CortexM0\ARM_GCC_493\Debug\pid.o
 .debug_info    0x00001379      0x6a1 .\CortexM0\ARM_GCC_493\Debug\i2c.o
 .debug_info    0x00001a1a      0x15f .\CortexM0\ARM_GCC_493\Debug\control.o
 .debug_info    0x00001b79      0x2fb .\CortexM0\ARM_GCC_493\Debug\boardmain.o
 .debug_info    0x00001e74      0x1a0 .\CortexM0\ARM_GCC_493\Debug\time.o
 .debug_info    0x00002014      0x40a .\CortexM0\ARM_GCC_493\Debug\infrared.o
 .debug_info    0x0000241e      0x2f7 .\CortexM0\ARM_GCC_493\Debug\utils.o
 .debug_info    0x00002715      0x123 .\CortexM0\ARM_GCC_493\Debug\debug.o
 .debug_info    0x00002838      0x3a9 .\CortexM0\ARM_GCC_493\Debug\odom.o
 .debug_info    0x00002be1      0x406 .\CortexM0\ARM_GCC_493\Debug\cal.o
 .debug_info    0x00002fe7       0xf6 .\CortexM0\ARM_GCC_493\Debug\diag.o
 .debug_info    0x000030dd       0xfe .\CortexM0\ARM_GCC_493\Debug\cymetadata.o
 .debug_info    0x000031db      0x38e .\CortexM0\ARM_GCC_493\Debug\Cm0Start.o
 .debug_info    0x00003569      0x420 .\CortexM0\ARM_GCC_493\Debug\Board1-RPi.a(cyfitter_cfg.o)
 .debug_info    0x00003989      0xcf4 .\CortexM0\ARM_GCC_493\Debug\Board1-RPi.a(CyLib.o)
 .debug_info    0x0000467d      0xda4 .\CortexM0\ARM_GCC_493\Debug\Board1-RPi.a(CyLFClk.o)
 .debug_info    0x00005421      0x906 .\CortexM0\ARM_GCC_493\Debug\Board1-RPi.a(HB25_PWM.o)
 .debug_info    0x00005d27      0x5bf .\CortexM0\ARM_GCC_493\Debug\Board1-RPi.a(ADC_Infrared.o)
 .debug_info    0x000062e6       0xc4 .\CortexM0\ARM_GCC_493\Debug\Board1-RPi.a(ADC_Infrared_INT.o)
 .debug_info    0x000063aa      0x8dd .\CortexM0\ARM_GCC_493\Debug\Board1-RPi.a(HCSR04_Timer.o)
 .debug_info    0x00006c87      0x300 .\CortexM0\ARM_GCC_493\Debug\Board1-RPi.a(HCSR04_Timeout_Intr.o)
 .debug_info    0x00006f87       0xd6 .\CortexM0\ARM_GCC_493\Debug\Board1-RPi.a(HCSR04_Control.o)
 .debug_info    0x0000705d      0x19d .\CortexM0\ARM_GCC_493\Debug\Board1-RPi.a(HCSR04_Trigger_0.o)
 .debug_info    0x000071fa      0x19d .\CortexM0\ARM_GCC_493\Debug\Board1-RPi.a(HCSR04_Trigger_2.o)
 .debug_info    0x00007397      0x19d .\CortexM0\ARM_GCC_493\Debug\Board1-RPi.a(HCSR04_Trigger_3.o)
 .debug_info    0x00007534      0x19d .\CortexM0\ARM_GCC_493\Debug\Board1-RPi.a(HCSR04_Trigger_1.o)
 .debug_info    0x000076d1      0x19d .\CortexM0\ARM_GCC_493\Debug\Board1-RPi.a(HB25_Enable_Pin.o)
 .debug_info    0x0000786e      0x2c7 .\CortexM0\ARM_GCC_493\Debug\Board1-RPi.a(UARTCOMMS.o)
 .debug_info    0x00007b35      0x309 .\CortexM0\ARM_GCC_493\Debug\Board1-RPi.a(UARTCOMMS_UART.o)
 .debug_info    0x00007e3e      0x297 .\CortexM0\ARM_GCC_493\Debug\Board1-RPi.a(EZI2C_Slave.o)
 .debug_info    0x000080d5      0x347 .\CortexM0\ARM_GCC_493\Debug\Board1-RPi.a(EZI2C_Slave_EZI2C.o)
 .debug_info    0x0000841c      0x1df .\CortexM0\ARM_GCC_493\Debug\Board1-RPi.a(EZI2C_Slave_EZI2C_INT.o)
 .debug_info    0x000085fb      0x297 .\CortexM0\ARM_GCC_493\Debug\Board1-RPi.a(I2C_Master.o)
 .debug_info    0x00008892      0x1ab .\CortexM0\ARM_GCC_493\Debug\Board1-RPi.a(I2C_Master_I2C.o)
 .debug_info    0x00008a3d      0x5a3 .\CortexM0\ARM_GCC_493\Debug\Board1-RPi.a(I2C_Master_I2C_MASTER.o)
 .debug_info    0x00008fe0      0x2ed .\CortexM0\ARM_GCC_493\Debug\Board1-RPi.a(Phase_Counter.o)
 .debug_info    0x000092cd      0x300 .\CortexM0\ARM_GCC_493\Debug\Board1-RPi.a(PhaseCounter_Intr.o)
 .debug_info    0x000095cd      0x19b .\CortexM0\ARM_GCC_493\Debug\Board1-RPi.a(MainLoop_Pin.o)
 .debug_info    0x00009768       0x8d .\CortexM0\ARM_GCC_493\Debug\Board1-RPi.a(CyBootAsmGnu.o)
 .debug_info    0x000097f5      0x36b .\CortexM0\ARM_GCC_493\Debug\Board1-RPi.a(CyFlash.o)
 .debug_info    0x00009b60      0x26a .\CortexM0\ARM_GCC_493\Debug\Board1-RPi.a(UARTCOMMS_SPI_UART.o)
 .debug_info    0x00009dca      0x12a .\CortexM0\ARM_GCC_493\Debug\Board1-RPi.a(UARTCOMMS_SPI_UART_INT.o)
 .debug_info    0x00009ef4      0x18d .\CortexM0\ARM_GCC_493\Debug\Board1-RPi.a(I2C_Master_I2C_INT.o)

.debug_abbrev   0x00000000     0x38f4
 *(.debug_abbrev)
 .debug_abbrev  0x00000000      0x1dc .\CortexM0\ARM_GCC_493\Debug\encoder.o
 .debug_abbrev  0x000001dc      0x24e .\CortexM0\ARM_GCC_493\Debug\motor.o
 .debug_abbrev  0x0000042a      0x24b .\CortexM0\ARM_GCC_493\Debug\ultrasonic.o
 .debug_abbrev  0x00000675      0x1af .\CortexM0\ARM_GCC_493\Debug\pid.o
 .debug_abbrev  0x00000824      0x1f2 .\CortexM0\ARM_GCC_493\Debug\i2c.o
 .debug_abbrev  0x00000a16       0xb7 .\CortexM0\ARM_GCC_493\Debug\control.o
 .debug_abbrev  0x00000acd       0x97 .\CortexM0\ARM_GCC_493\Debug\boardmain.o
 .debug_abbrev  0x00000b64      0x150 .\CortexM0\ARM_GCC_493\Debug\time.o
 .debug_abbrev  0x00000cb4      0x1bb .\CortexM0\ARM_GCC_493\Debug\infrared.o
 .debug_abbrev  0x00000e6f      0x139 .\CortexM0\ARM_GCC_493\Debug\utils.o
 .debug_abbrev  0x00000fa8       0xb9 .\CortexM0\ARM_GCC_493\Debug\debug.o
 .debug_abbrev  0x00001061      0x118 .\CortexM0\ARM_GCC_493\Debug\odom.o
 .debug_abbrev  0x00001179      0x143 .\CortexM0\ARM_GCC_493\Debug\cal.o
 .debug_abbrev  0x000012bc       0x9b .\CortexM0\ARM_GCC_493\Debug\diag.o
 .debug_abbrev  0x00001357       0x5d .\CortexM0\ARM_GCC_493\Debug\cymetadata.o
 .debug_abbrev  0x000013b4      0x1d5 .\CortexM0\ARM_GCC_493\Debug\Cm0Start.o
 .debug_abbrev  0x00001589      0x212 .\CortexM0\ARM_GCC_493\Debug\Board1-RPi.a(cyfitter_cfg.o)
 .debug_abbrev  0x0000179b      0x245 .\CortexM0\ARM_GCC_493\Debug\Board1-RPi.a(CyLib.o)
 .debug_abbrev  0x000019e0      0x26d .\CortexM0\ARM_GCC_493\Debug\Board1-RPi.a(CyLFClk.o)
 .debug_abbrev  0x00001c4d      0x133 .\CortexM0\ARM_GCC_493\Debug\Board1-RPi.a(HB25_PWM.o)
 .debug_abbrev  0x00001d80      0x1dd .\CortexM0\ARM_GCC_493\Debug\Board1-RPi.a(ADC_Infrared.o)
 .debug_abbrev  0x00001f5d       0x65 .\CortexM0\ARM_GCC_493\Debug\Board1-RPi.a(ADC_Infrared_INT.o)
 .debug_abbrev  0x00001fc2      0x133 .\CortexM0\ARM_GCC_493\Debug\Board1-RPi.a(HCSR04_Timer.o)
 .debug_abbrev  0x000020f5      0x1b4 .\CortexM0\ARM_GCC_493\Debug\Board1-RPi.a(HCSR04_Timeout_Intr.o)
 .debug_abbrev  0x000022a9       0x81 .\CortexM0\ARM_GCC_493\Debug\Board1-RPi.a(HCSR04_Control.o)
 .debug_abbrev  0x0000232a       0xc8 .\CortexM0\ARM_GCC_493\Debug\Board1-RPi.a(HCSR04_Trigger_0.o)
 .debug_abbrev  0x000023f2       0xc8 .\CortexM0\ARM_GCC_493\Debug\Board1-RPi.a(HCSR04_Trigger_2.o)
 .debug_abbrev  0x000024ba       0xc8 .\CortexM0\ARM_GCC_493\Debug\Board1-RPi.a(HCSR04_Trigger_3.o)
 .debug_abbrev  0x00002582       0xc8 .\CortexM0\ARM_GCC_493\Debug\Board1-RPi.a(HCSR04_Trigger_1.o)
 .debug_abbrev  0x0000264a       0xc8 .\CortexM0\ARM_GCC_493\Debug\Board1-RPi.a(HB25_Enable_Pin.o)
 .debug_abbrev  0x00002712      0x143 .\CortexM0\ARM_GCC_493\Debug\Board1-RPi.a(UARTCOMMS.o)
 .debug_abbrev  0x00002855      0x14e .\CortexM0\ARM_GCC_493\Debug\Board1-RPi.a(UARTCOMMS_UART.o)
 .debug_abbrev  0x000029a3      0x143 .\CortexM0\ARM_GCC_493\Debug\Board1-RPi.a(EZI2C_Slave.o)
 .debug_abbrev  0x00002ae6      0x170 .\CortexM0\ARM_GCC_493\Debug\Board1-RPi.a(EZI2C_Slave_EZI2C.o)
 .debug_abbrev  0x00002c56       0xc6 .\CortexM0\ARM_GCC_493\Debug\Board1-RPi.a(EZI2C_Slave_EZI2C_INT.o)
 .debug_abbrev  0x00002d1c      0x143 .\CortexM0\ARM_GCC_493\Debug\Board1-RPi.a(I2C_Master.o)
 .debug_abbrev  0x00002e5f       0xf3 .\CortexM0\ARM_GCC_493\Debug\Board1-RPi.a(I2C_Master_I2C.o)
 .debug_abbrev  0x00002f52      0x189 .\CortexM0\ARM_GCC_493\Debug\Board1-RPi.a(I2C_Master_I2C_MASTER.o)
 .debug_abbrev  0x000030db      0x131 .\CortexM0\ARM_GCC_493\Debug\Board1-RPi.a(Phase_Counter.o)
 .debug_abbrev  0x0000320c      0x1b4 .\CortexM0\ARM_GCC_493\Debug\Board1-RPi.a(PhaseCounter_Intr.o)
 .debug_abbrev  0x000033c0       0xc8 .\CortexM0\ARM_GCC_493\Debug\Board1-RPi.a(MainLoop_Pin.o)
 .debug_abbrev  0x00003488       0x14 .\CortexM0\ARM_GCC_493\Debug\Board1-RPi.a(CyBootAsmGnu.o)
 .debug_abbrev  0x0000349c      0x1c1 .\CortexM0\ARM_GCC_493\Debug\Board1-RPi.a(CyFlash.o)
 .debug_abbrev  0x0000365d      0x175 .\CortexM0\ARM_GCC_493\Debug\Board1-RPi.a(UARTCOMMS_SPI_UART.o)
 .debug_abbrev  0x000037d2       0x9a .\CortexM0\ARM_GCC_493\Debug\Board1-RPi.a(UARTCOMMS_SPI_UART_INT.o)
 .debug_abbrev  0x0000386c       0x88 .\CortexM0\ARM_GCC_493\Debug\Board1-RPi.a(I2C_Master_I2C_INT.o)

.debug_line     0x00000000     0x44e9
 *(.debug_line)
 .debug_line    0x00000000      0x188 .\CortexM0\ARM_GCC_493\Debug\encoder.o
 .debug_line    0x00000188      0x2bb .\CortexM0\ARM_GCC_493\Debug\motor.o
 .debug_line    0x00000443      0x20c .\CortexM0\ARM_GCC_493\Debug\ultrasonic.o
 .debug_line    0x0000064f       0xe8 .\CortexM0\ARM_GCC_493\Debug\pid.o
 .debug_line    0x00000737      0x1f6 .\CortexM0\ARM_GCC_493\Debug\i2c.o
 .debug_line    0x0000092d       0xb2 .\CortexM0\ARM_GCC_493\Debug\control.o
 .debug_line    0x000009df      0x108 .\CortexM0\ARM_GCC_493\Debug\boardmain.o
 .debug_line    0x00000ae7       0xb9 .\CortexM0\ARM_GCC_493\Debug\time.o
 .debug_line    0x00000ba0      0x241 .\CortexM0\ARM_GCC_493\Debug\infrared.o
 .debug_line    0x00000de1      0x102 .\CortexM0\ARM_GCC_493\Debug\utils.o
 .debug_line    0x00000ee3       0x85 .\CortexM0\ARM_GCC_493\Debug\debug.o
 .debug_line    0x00000f68      0x147 .\CortexM0\ARM_GCC_493\Debug\odom.o
 .debug_line    0x000010af      0x127 .\CortexM0\ARM_GCC_493\Debug\cal.o
 .debug_line    0x000011d6       0x98 .\CortexM0\ARM_GCC_493\Debug\diag.o
 .debug_line    0x0000126e       0x53 .\CortexM0\ARM_GCC_493\Debug\cymetadata.o
 .debug_line    0x000012c1      0x249 .\CortexM0\ARM_GCC_493\Debug\Cm0Start.o
 .debug_line    0x0000150a      0x1bb .\CortexM0\ARM_GCC_493\Debug\Board1-RPi.a(cyfitter_cfg.o)
 .debug_line    0x000016c5      0x51a .\CortexM0\ARM_GCC_493\Debug\Board1-RPi.a(CyLib.o)
 .debug_line    0x00001bdf      0x4c5 .\CortexM0\ARM_GCC_493\Debug\Board1-RPi.a(CyLFClk.o)
 .debug_line    0x000020a4      0x383 .\CortexM0\ARM_GCC_493\Debug\Board1-RPi.a(HB25_PWM.o)
 .debug_line    0x00002427      0x293 .\CortexM0\ARM_GCC_493\Debug\Board1-RPi.a(ADC_Infrared.o)
 .debug_line    0x000026ba       0x6d .\CortexM0\ARM_GCC_493\Debug\Board1-RPi.a(ADC_Infrared_INT.o)
 .debug_line    0x00002727      0x37f .\CortexM0\ARM_GCC_493\Debug\Board1-RPi.a(HCSR04_Timer.o)
 .debug_line    0x00002aa6      0x178 .\CortexM0\ARM_GCC_493\Debug\Board1-RPi.a(HCSR04_Timeout_Intr.o)
 .debug_line    0x00002c1e       0x79 .\CortexM0\ARM_GCC_493\Debug\Board1-RPi.a(HCSR04_Control.o)
 .debug_line    0x00002c97       0xca .\CortexM0\ARM_GCC_493\Debug\Board1-RPi.a(HCSR04_Trigger_0.o)
 .debug_line    0x00002d61       0xca .\CortexM0\ARM_GCC_493\Debug\Board1-RPi.a(HCSR04_Trigger_2.o)
 .debug_line    0x00002e2b       0xca .\CortexM0\ARM_GCC_493\Debug\Board1-RPi.a(HCSR04_Trigger_3.o)
 .debug_line    0x00002ef5       0xca .\CortexM0\ARM_GCC_493\Debug\Board1-RPi.a(HCSR04_Trigger_1.o)
 .debug_line    0x00002fbf       0xc9 .\CortexM0\ARM_GCC_493\Debug\Board1-RPi.a(HB25_Enable_Pin.o)
 .debug_line    0x00003088      0x15f .\CortexM0\ARM_GCC_493\Debug\Board1-RPi.a(UARTCOMMS.o)
 .debug_line    0x000031e7      0x18f .\CortexM0\ARM_GCC_493\Debug\Board1-RPi.a(UARTCOMMS_UART.o)
 .debug_line    0x00003376      0x14d .\CortexM0\ARM_GCC_493\Debug\Board1-RPi.a(EZI2C_Slave.o)
 .debug_line    0x000034c3      0x122 .\CortexM0\ARM_GCC_493\Debug\Board1-RPi.a(EZI2C_Slave_EZI2C.o)
 .debug_line    0x000035e5      0x162 .\CortexM0\ARM_GCC_493\Debug\Board1-RPi.a(EZI2C_Slave_EZI2C_INT.o)
 .debug_line    0x00003747      0x14b .\CortexM0\ARM_GCC_493\Debug\Board1-RPi.a(I2C_Master.o)
 .debug_line    0x00003892       0xcc .\CortexM0\ARM_GCC_493\Debug\Board1-RPi.a(I2C_Master_I2C.o)
 .debug_line    0x0000395e      0x2bc .\CortexM0\ARM_GCC_493\Debug\Board1-RPi.a(I2C_Master_I2C_MASTER.o)
 .debug_line    0x00003c1a      0x16f .\CortexM0\ARM_GCC_493\Debug\Board1-RPi.a(Phase_Counter.o)
 .debug_line    0x00003d89      0x172 .\CortexM0\ARM_GCC_493\Debug\Board1-RPi.a(PhaseCounter_Intr.o)
 .debug_line    0x00003efb       0xc5 .\CortexM0\ARM_GCC_493\Debug\Board1-RPi.a(MainLoop_Pin.o)
 .debug_line    0x00003fc0       0x68 .\CortexM0\ARM_GCC_493\Debug\Board1-RPi.a(CyBootAsmGnu.o)
 .debug_line    0x00004028      0x147 .\CortexM0\ARM_GCC_493\Debug\Board1-RPi.a(CyFlash.o)
 .debug_line    0x0000416f      0x122 .\CortexM0\ARM_GCC_493\Debug\Board1-RPi.a(UARTCOMMS_SPI_UART.o)
 .debug_line    0x00004291       0xca .\CortexM0\ARM_GCC_493\Debug\Board1-RPi.a(UARTCOMMS_SPI_UART_INT.o)
 .debug_line    0x0000435b      0x18e .\CortexM0\ARM_GCC_493\Debug\Board1-RPi.a(I2C_Master_I2C_INT.o)

.debug_frame    0x00000000     0x3aec
 *(.debug_frame)
 .debug_frame   0x00000000      0x13c .\CortexM0\ARM_GCC_493\Debug\encoder.o
 .debug_frame   0x0000013c      0x108 .\CortexM0\ARM_GCC_493\Debug\motor.o
 .debug_frame   0x00000244       0xf4 .\CortexM0\ARM_GCC_493\Debug\ultrasonic.o
 .debug_frame   0x00000338       0x7c .\CortexM0\ARM_GCC_493\Debug\pid.o
 .debug_frame   0x000003b4      0x150 .\CortexM0\ARM_GCC_493\Debug\i2c.o
 .debug_frame   0x00000504       0x4c .\CortexM0\ARM_GCC_493\Debug\control.o
 .debug_frame   0x00000550       0x2c .\CortexM0\ARM_GCC_493\Debug\boardmain.o
 .debug_frame   0x0000057c       0x5c .\CortexM0\ARM_GCC_493\Debug\time.o
 .debug_frame   0x000005d8       0x80 .\CortexM0\ARM_GCC_493\Debug\infrared.o
 .debug_frame   0x00000658       0xe0 .\CortexM0\ARM_GCC_493\Debug\utils.o
 .debug_frame   0x00000738       0x48 .\CortexM0\ARM_GCC_493\Debug\debug.o
 .debug_frame   0x00000780       0x7c .\CortexM0\ARM_GCC_493\Debug\odom.o
 .debug_frame   0x000007fc       0xec .\CortexM0\ARM_GCC_493\Debug\cal.o
 .debug_frame   0x000008e8       0x4c .\CortexM0\ARM_GCC_493\Debug\diag.o
 .debug_frame   0x00000934       0xb0 .\CortexM0\ARM_GCC_493\Debug\Cm0Start.o
 .debug_frame   0x000009e4       0xa8 .\CortexM0\ARM_GCC_493\Debug\Board1-RPi.a(cyfitter_cfg.o)
 .debug_frame   0x00000a8c      0x468 .\CortexM0\ARM_GCC_493\Debug\Board1-RPi.a(CyLib.o)
 .debug_frame   0x00000ef4      0x3fc .\CortexM0\ARM_GCC_493\Debug\Board1-RPi.a(CyLFClk.o)
 .debug_frame   0x000012f0      0x390 .\CortexM0\ARM_GCC_493\Debug\Board1-RPi.a(HB25_PWM.o)
 .debug_frame   0x00001680      0x1b0 .\CortexM0\ARM_GCC_493\Debug\Board1-RPi.a(ADC_Infrared.o)
 .debug_frame   0x00001830       0x20 .\CortexM0\ARM_GCC_493\Debug\Board1-RPi.a(ADC_Infrared_INT.o)
 .debug_frame   0x00001850      0x390 .\CortexM0\ARM_GCC_493\Debug\Board1-RPi.a(HCSR04_Timer.o)
 .debug_frame   0x00001be0      0x110 .\CortexM0\ARM_GCC_493\Debug\Board1-RPi.a(HCSR04_Timeout_Intr.o)
 .debug_frame   0x00001cf0       0x30 .\CortexM0\ARM_GCC_493\Debug\Board1-RPi.a(HCSR04_Control.o)
 .debug_frame   0x00001d20       0x70 .\CortexM0\ARM_GCC_493\Debug\Board1-RPi.a(HCSR04_Trigger_0.o)
 .debug_frame   0x00001d90       0x70 .\CortexM0\ARM_GCC_493\Debug\Board1-RPi.a(HCSR04_Trigger_2.o)
 .debug_frame   0x00001e00       0x70 .\CortexM0\ARM_GCC_493\Debug\Board1-RPi.a(HCSR04_Trigger_3.o)
 .debug_frame   0x00001e70       0x70 .\CortexM0\ARM_GCC_493\Debug\Board1-RPi.a(HCSR04_Trigger_1.o)
 .debug_frame   0x00001ee0       0x70 .\CortexM0\ARM_GCC_493\Debug\Board1-RPi.a(HB25_Enable_Pin.o)
 .debug_frame   0x00001f50      0x104 .\CortexM0\ARM_GCC_493\Debug\Board1-RPi.a(UARTCOMMS.o)
 .debug_frame   0x00002054       0xd8 .\CortexM0\ARM_GCC_493\Debug\Board1-RPi.a(UARTCOMMS_UART.o)
 .debug_frame   0x0000212c       0xe8 .\CortexM0\ARM_GCC_493\Debug\Board1-RPi.a(EZI2C_Slave.o)
 .debug_frame   0x00002214       0xa8 .\CortexM0\ARM_GCC_493\Debug\Board1-RPi.a(EZI2C_Slave_EZI2C.o)
 .debug_frame   0x000022bc       0x30 .\CortexM0\ARM_GCC_493\Debug\Board1-RPi.a(EZI2C_Slave_EZI2C_INT.o)
 .debug_frame   0x000022ec       0xe8 .\CortexM0\ARM_GCC_493\Debug\Board1-RPi.a(I2C_Master.o)
 .debug_frame   0x000023d4       0x3c .\CortexM0\ARM_GCC_493\Debug\Board1-RPi.a(I2C_Master_I2C.o)
 .debug_frame   0x00002410      0x16c .\CortexM0\ARM_GCC_493\Debug\Board1-RPi.a(I2C_Master_I2C_MASTER.o)
 .debug_frame   0x0000257c      0x114 .\CortexM0\ARM_GCC_493\Debug\Board1-RPi.a(Phase_Counter.o)
 .debug_frame   0x00002690      0x110 .\CortexM0\ARM_GCC_493\Debug\Board1-RPi.a(PhaseCounter_Intr.o)
 .debug_frame   0x000027a0       0x70 .\CortexM0\ARM_GCC_493\Debug\Board1-RPi.a(MainLoop_Pin.o)
 .debug_frame   0x00002810       0x90 .\CortexM0\ARM_GCC_493\Debug\Board1-RPi.a(CyFlash.o)
 .debug_frame   0x000028a0       0x8c .\CortexM0\ARM_GCC_493\Debug\Board1-RPi.a(UARTCOMMS_SPI_UART.o)
 .debug_frame   0x0000292c       0x2c .\CortexM0\ARM_GCC_493\Debug\Board1-RPi.a(UARTCOMMS_SPI_UART_INT.o)
 .debug_frame   0x00002958       0x2c .\CortexM0\ARM_GCC_493\Debug\Board1-RPi.a(I2C_Master_I2C_INT.o)
 .debug_frame   0x00002984       0x2c c:/program files (x86)/cypress/psoc creator/3.3/psoc creator/import/gnu/arm/4.9.3/bin/../lib/gcc/arm-none-eabi/4.9.3/../../../../arm-none-eabi/lib/armv6-m\libm.a(lib_a-s_cos.o)
 .debug_frame   0x000029b0       0x30 c:/program files (x86)/cypress/psoc creator/3.3/psoc creator/import/gnu/arm/4.9.3/bin/../lib/gcc/arm-none-eabi/4.9.3/../../../../arm-none-eabi/lib/armv6-m\libm.a(lib_a-s_round.o)
 .debug_frame   0x000029e0       0x2c c:/program files (x86)/cypress/psoc creator/3.3/psoc creator/import/gnu/arm/4.9.3/bin/../lib/gcc/arm-none-eabi/4.9.3/../../../../arm-none-eabi/lib/armv6-m\libm.a(lib_a-s_sin.o)
 .debug_frame   0x00002a0c       0x38 c:/program files (x86)/cypress/psoc creator/3.3/psoc creator/import/gnu/arm/4.9.3/bin/../lib/gcc/arm-none-eabi/4.9.3/../../../../arm-none-eabi/lib/armv6-m\libm.a(lib_a-w_pow.o)
 .debug_frame   0x00002a44       0x3c c:/program files (x86)/cypress/psoc creator/3.3/psoc creator/import/gnu/arm/4.9.3/bin/../lib/gcc/arm-none-eabi/4.9.3/../../../../arm-none-eabi/lib/armv6-m\libm.a(lib_a-e_pow.o)
 .debug_frame   0x00002a80       0x3c c:/program files (x86)/cypress/psoc creator/3.3/psoc creator/import/gnu/arm/4.9.3/bin/../lib/gcc/arm-none-eabi/4.9.3/../../../../arm-none-eabi/lib/armv6-m\libm.a(lib_a-e_rem_pio2.o)
 .debug_frame   0x00002abc       0x3c c:/program files (x86)/cypress/psoc creator/3.3/psoc creator/import/gnu/arm/4.9.3/bin/../lib/gcc/arm-none-eabi/4.9.3/../../../../arm-none-eabi/lib/armv6-m\libm.a(lib_a-e_sqrt.o)
 .debug_frame   0x00002af8       0x38 c:/program files (x86)/cypress/psoc creator/3.3/psoc creator/import/gnu/arm/4.9.3/bin/../lib/gcc/arm-none-eabi/4.9.3/../../../../arm-none-eabi/lib/armv6-m\libm.a(lib_a-k_cos.o)
 .debug_frame   0x00002b30       0x3c c:/program files (x86)/cypress/psoc creator/3.3/psoc creator/import/gnu/arm/4.9.3/bin/../lib/gcc/arm-none-eabi/4.9.3/../../../../arm-none-eabi/lib/armv6-m\libm.a(lib_a-k_rem_pio2.o)
 .debug_frame   0x00002b6c       0x38 c:/program files (x86)/cypress/psoc creator/3.3/psoc creator/import/gnu/arm/4.9.3/bin/../lib/gcc/arm-none-eabi/4.9.3/../../../../arm-none-eabi/lib/armv6-m\libm.a(lib_a-k_sin.o)
 .debug_frame   0x00002ba4       0x20 c:/program files (x86)/cypress/psoc creator/3.3/psoc creator/import/gnu/arm/4.9.3/bin/../lib/gcc/arm-none-eabi/4.9.3/../../../../arm-none-eabi/lib/armv6-m\libm.a(lib_a-s_fabs.o)
 .debug_frame   0x00002bc4       0x20 c:/program files (x86)/cypress/psoc creator/3.3/psoc creator/import/gnu/arm/4.9.3/bin/../lib/gcc/arm-none-eabi/4.9.3/../../../../arm-none-eabi/lib/armv6-m\libm.a(lib_a-s_finite.o)
 .debug_frame   0x00002be4       0x3c c:/program files (x86)/cypress/psoc creator/3.3/psoc creator/import/gnu/arm/4.9.3/bin/../lib/gcc/arm-none-eabi/4.9.3/../../../../arm-none-eabi/lib/armv6-m\libm.a(lib_a-s_floor.o)
 .debug_frame   0x00002c20       0x2c c:/program files (x86)/cypress/psoc creator/3.3/psoc creator/import/gnu/arm/4.9.3/bin/../lib/gcc/arm-none-eabi/4.9.3/../../../../arm-none-eabi/lib/armv6-m\libm.a(lib_a-s_fpclassify.o)
 .debug_frame   0x00002c4c       0x20 c:/program files (x86)/cypress/psoc creator/3.3/psoc creator/import/gnu/arm/4.9.3/bin/../lib/gcc/arm-none-eabi/4.9.3/../../../../arm-none-eabi/lib/armv6-m\libm.a(lib_a-s_matherr.o)
 .debug_frame   0x00002c6c       0x20 c:/program files (x86)/cypress/psoc creator/3.3/psoc creator/import/gnu/arm/4.9.3/bin/../lib/gcc/arm-none-eabi/4.9.3/../../../../arm-none-eabi/lib/armv6-m\libm.a(lib_a-s_nan.o)
 .debug_frame   0x00002c8c       0x38 c:/program files (x86)/cypress/psoc creator/3.3/psoc creator/import/gnu/arm/4.9.3/bin/../lib/gcc/arm-none-eabi/4.9.3/../../../../arm-none-eabi/lib/armv6-m\libm.a(lib_a-s_rint.o)
 .debug_frame   0x00002cc4       0x30 c:/program files (x86)/cypress/psoc creator/3.3/psoc creator/import/gnu/arm/4.9.3/bin/../lib/gcc/arm-none-eabi/4.9.3/../../../../arm-none-eabi/lib/armv6-m\libm.a(lib_a-s_scalbn.o)
 .debug_frame   0x00002cf4       0x2c c:/program files (x86)/cypress/psoc creator/3.3/psoc creator/import/gnu/arm/4.9.3/bin/../lib/gcc/arm-none-eabi/4.9.3/../../../../arm-none-eabi/lib/armv6-m\libm.a(lib_a-s_copysign.o)
 .debug_frame   0x00002d20       0x20 c:/program files (x86)/cypress/psoc creator/3.3/psoc creator/import/gnu/arm/4.9.3/bin/../lib/gcc/arm-none-eabi/4.9.3/armv6-m\libgcc.a(_udivsi3.o)
 .debug_frame   0x00002d40       0x20 c:/program files (x86)/cypress/psoc creator/3.3/psoc creator/import/gnu/arm/4.9.3/bin/../lib/gcc/arm-none-eabi/4.9.3/armv6-m\libgcc.a(_divsi3.o)
 .debug_frame   0x00002d60       0x34 c:/program files (x86)/cypress/psoc creator/3.3/psoc creator/import/gnu/arm/4.9.3/bin/../lib/gcc/arm-none-eabi/4.9.3/armv6-m\libgcc.a(_muldi3.o)
 .debug_frame   0x00002d94       0x28 c:/program files (x86)/cypress/psoc creator/3.3/psoc creator/import/gnu/arm/4.9.3/bin/../lib/gcc/arm-none-eabi/4.9.3/armv6-m\libgcc.a(_fixunssfsi.o)
 .debug_frame   0x00002dbc       0x50 c:/program files (x86)/cypress/psoc creator/3.3/psoc creator/import/gnu/arm/4.9.3/bin/../lib/gcc/arm-none-eabi/4.9.3/armv6-m\libgcc.a(bpabi.o)
 .debug_frame   0x00002e0c       0x30 c:/program files (x86)/cypress/psoc creator/3.3/psoc creator/import/gnu/arm/4.9.3/bin/../lib/gcc/arm-none-eabi/4.9.3/armv6-m\libgcc.a(addsf3.o)
 .debug_frame   0x00002e3c       0x3c c:/program files (x86)/cypress/psoc creator/3.3/psoc creator/import/gnu/arm/4.9.3/bin/../lib/gcc/arm-none-eabi/4.9.3/armv6-m\libgcc.a(divsf3.o)
 .debug_frame   0x00002e78       0x2c c:/program files (x86)/cypress/psoc creator/3.3/psoc creator/import/gnu/arm/4.9.3/bin/../lib/gcc/arm-none-eabi/4.9.3/armv6-m\libgcc.a(eqsf2.o)
 .debug_frame   0x00002ea4       0x30 c:/program files (x86)/cypress/psoc creator/3.3/psoc creator/import/gnu/arm/4.9.3/bin/../lib/gcc/arm-none-eabi/4.9.3/armv6-m\libgcc.a(gesf2.o)
 .debug_frame   0x00002ed4       0x30 c:/program files (x86)/cypress/psoc creator/3.3/psoc creator/import/gnu/arm/4.9.3/bin/../lib/gcc/arm-none-eabi/4.9.3/armv6-m\libgcc.a(lesf2.o)