Archive member included because of file (symbol)

.\CortexM0\ARM_GCC_493\Debug\Board1-RPi.a(cyfitter_cfg.o)
                              .\CortexM0\ARM_GCC_493\Debug\Cm0Start.o (cyfitter_cfg)
.\CortexM0\ARM_GCC_493\Debug\Board1-RPi.a(Encoder_Intr.o)
                              .\CortexM0\ARM_GCC_493\Debug\encoder.o (Encoder_Intr_Enable)
.\CortexM0\ARM_GCC_493\Debug\Board1-RPi.a(CyBootAsmGnu.o)
                              .\CortexM0\ARM_GCC_493\Debug\Board1-RPi.a(Encoder_Intr.o) (CyEnterCriticalSection)
.\CortexM0\ARM_GCC_493\Debug\Board1-RPi.a(CyLib.o)
                              .\CortexM0\ARM_GCC_493\Debug\Board1-RPi.a(cyfitter_cfg.o) (CyIntEnable)
.\CortexM0\ARM_GCC_493\Debug\Board1-RPi.a(CyLFClk.o)
                              .\CortexM0\ARM_GCC_493\Debug\Board1-RPi.a(CyLib.o) (CySysClkWcoEnabled)
.\CortexM0\ARM_GCC_493\Debug\Board1-RPi.a(HB25_PWM.o)
                              .\CortexM0\ARM_GCC_493\Debug\motor.o (HB25_PWM_Stop)
.\CortexM0\ARM_GCC_493\Debug\Board1-RPi.a(Encoder_Pins.o)
                              .\CortexM0\ARM_GCC_493\Debug\encoder.o (Encoder_Pins_Read)
.\CortexM0\ARM_GCC_493\Debug\Board1-RPi.a(ADC_Infrared.o)
                              .\CortexM0\ARM_GCC_493\Debug\infrared.o (ADC_Infrared_Start)
.\CortexM0\ARM_GCC_493\Debug\Board1-RPi.a(ADC_Infrared_INT.o)
                              .\CortexM0\ARM_GCC_493\Debug\Board1-RPi.a(ADC_Infrared.o) (ADC_Infrared_ISR)
.\CortexM0\ARM_GCC_493\Debug\Board1-RPi.a(HCSR04_Timer.o)
                              .\CortexM0\ARM_GCC_493\Debug\ultrasonic.o (HCSR04_Timer_ReadCounter)
.\CortexM0\ARM_GCC_493\Debug\Board1-RPi.a(HCSR04_Timeout_Intr.o)
                              .\CortexM0\ARM_GCC_493\Debug\ultrasonic.o (HCSR04_Timeout_Intr_StartEx)
.\CortexM0\ARM_GCC_493\Debug\Board1-RPi.a(HCSR04_Control.o)
                              .\CortexM0\ARM_GCC_493\Debug\ultrasonic.o (HCSR04_Control_Write)
.\CortexM0\ARM_GCC_493\Debug\Board1-RPi.a(HCSR04_Trigger_0.o)
                              .\CortexM0\ARM_GCC_493\Debug\ultrasonic.o (HCSR04_Trigger_0_Write)
.\CortexM0\ARM_GCC_493\Debug\Board1-RPi.a(HCSR04_Trigger_2.o)
                              .\CortexM0\ARM_GCC_493\Debug\ultrasonic.o (HCSR04_Trigger_2_Write)
.\CortexM0\ARM_GCC_493\Debug\Board1-RPi.a(HCSR04_Trigger_3.o)
                              .\CortexM0\ARM_GCC_493\Debug\ultrasonic.o (HCSR04_Trigger_3_Write)
.\CortexM0\ARM_GCC_493\Debug\Board1-RPi.a(HCSR04_Trigger_1.o)
                              .\CortexM0\ARM_GCC_493\Debug\ultrasonic.o (HCSR04_Trigger_1_Write)
.\CortexM0\ARM_GCC_493\Debug\Board1-RPi.a(HB25_Enable_Pin.o)
                              .\CortexM0\ARM_GCC_493\Debug\motor.o (HB25_Enable_Pin_Write)
.\CortexM0\ARM_GCC_493\Debug\Board1-RPi.a(UARTCOMMS.o)
                              .\CortexM0\ARM_GCC_493\Debug\debug.o (UARTCOMMS_Start)
.\CortexM0\ARM_GCC_493\Debug\Board1-RPi.a(UARTCOMMS_UART.o)
                              .\CortexM0\ARM_GCC_493\Debug\Board1-RPi.a(UARTCOMMS.o) (UARTCOMMS_UartInit)
.\CortexM0\ARM_GCC_493\Debug\Board1-RPi.a(EZI2C_Slave.o)
                              .\CortexM0\ARM_GCC_493\Debug\i2c.o (EZI2C_Slave_Start)
.\CortexM0\ARM_GCC_493\Debug\Board1-RPi.a(EZI2C_Slave_EZI2C.o)
                              .\CortexM0\ARM_GCC_493\Debug\Board1-RPi.a(EZI2C_Slave.o) (EZI2C_Slave_EzI2CInit)
.\CortexM0\ARM_GCC_493\Debug\Board1-RPi.a(EZI2C_Slave_EZI2C_INT.o)
                              .\CortexM0\ARM_GCC_493\Debug\Board1-RPi.a(EZI2C_Slave_EZI2C.o) (EZI2C_Slave_EZI2C_STRETCH_ISR)
.\CortexM0\ARM_GCC_493\Debug\Board1-RPi.a(I2C_Master.o)
                              .\CortexM0\ARM_GCC_493\Debug\i2c.o (I2C_Master_Init)
.\CortexM0\ARM_GCC_493\Debug\Board1-RPi.a(I2C_Master_I2C.o)
                              .\CortexM0\ARM_GCC_493\Debug\Board1-RPi.a(I2C_Master.o) (I2C_Master_I2CInit)
.\CortexM0\ARM_GCC_493\Debug\Board1-RPi.a(I2C_Master_I2C_MASTER.o)
                              .\CortexM0\ARM_GCC_493\Debug\Board1-RPi.a(I2C_Master_I2C.o) (I2C_Master_mstrRdBufIndex)
.\CortexM0\ARM_GCC_493\Debug\Board1-RPi.a(CyFlash.o)
                              .\CortexM0\ARM_GCC_493\Debug\Board1-RPi.a(CyLib.o) (CySysFlashSetWaitCycles)
.\CortexM0\ARM_GCC_493\Debug\Board1-RPi.a(UARTCOMMS_SPI_UART.o)
                              .\CortexM0\ARM_GCC_493\Debug\Board1-RPi.a(UARTCOMMS_UART.o) (UARTCOMMS_SpiUartWriteTxData)
.\CortexM0\ARM_GCC_493\Debug\Board1-RPi.a(UARTCOMMS_SPI_UART_INT.o)
                              .\CortexM0\ARM_GCC_493\Debug\Board1-RPi.a(UARTCOMMS_UART.o) (UARTCOMMS_SPI_UART_ISR)
.\CortexM0\ARM_GCC_493\Debug\Board1-RPi.a(I2C_Master_I2C_INT.o)
                              .\CortexM0\ARM_GCC_493\Debug\Board1-RPi.a(I2C_Master_I2C.o) (I2C_Master_I2C_ISR)
c:/program files (x86)/cypress/psoc creator/3.3/psoc creator/import/gnu/arm/4.9.3/bin/../lib/gcc/arm-none-eabi/4.9.3/../../../../arm-none-eabi/lib/armv6-m\libm.a(lib_a-s_cos.o)
[...]
Memory Configuration

Name             Origin             Length             Attributes
rom              0x00000000         0x00020000         xr
ram              0x20000000         0x00004000         xrw
*default*        0x00000000         0xffffffff

Linker script and memory map

LOAD c:/program files (x86)/cypress/psoc creator/3.3/psoc creator/import/gnu/arm/4.9.3/bin/../lib/gcc/arm-none-eabi/4.9.3/armv6-m/crti.o
LOAD c:/program files (x86)/cypress/psoc creator/3.3/psoc creator/import/gnu/arm/4.9.3/bin/../lib/gcc/arm-none-eabi/4.9.3/armv6-m/crtbegin.o
LOAD c:/program files (x86)/cypress/psoc creator/3.3/psoc creator/import/gnu/arm/4.9.3/bin/../lib/gcc/arm-none-eabi/4.9.3/../../../../arm-none-eabi/lib/armv6-m/crt0.o
START GROUP
LOAD .\CortexM0\ARM_GCC_493\Debug\encoder.o
LOAD .\CortexM0\ARM_GCC_493\Debug\motor.o
LOAD .\CortexM0\ARM_GCC_493\Debug\ultrasonic.o
LOAD .\CortexM0\ARM_GCC_493\Debug\pid.o
LOAD .\CortexM0\ARM_GCC_493\Debug\i2c.o
LOAD .\CortexM0\ARM_GCC_493\Debug\control.o
LOAD .\CortexM0\ARM_GCC_493\Debug\boardmain.o
LOAD .\CortexM0\ARM_GCC_493\Debug\time.o
LOAD .\CortexM0\ARM_GCC_493\Debug\infrared.o
LOAD .\CortexM0\ARM_GCC_493\Debug\utils.o
LOAD .\CortexM0\ARM_GCC_493\Debug\debug.o
LOAD .\CortexM0\ARM_GCC_493\Debug\odom.o
LOAD .\CortexM0\ARM_GCC_493\Debug\cymetadata.o
LOAD .\CortexM0\ARM_GCC_493\Debug\Cm0Start.o
LOAD .\CortexM0\ARM_GCC_493\Debug\Board1-RPi.a
LOAD C:\Program Files (x86)\Cypress\PSoC Creator\3.3\PSoC Creator\psoc\content\cycomponentlibrary\CyComponentLibrary.cylib\CortexM0\ARM_GCC_493\Debug\CyComponentLibrary.a
LOAD c:/program files (x86)/cypress/psoc creator/3.3/psoc creator/import/gnu/arm/4.9.3/bin/../lib/gcc/arm-none-eabi/4.9.3/../../../../arm-none-eabi/lib/armv6-m\libm.a
END GROUP
START GROUP
LOAD c:/program files (x86)/cypress/psoc creator/3.3/psoc creator/import/gnu/arm/4.9.3/bin/../lib/gcc/arm-none-eabi/4.9.3/armv6-m\libgcc.a
LOAD c:/program files (x86)/cypress/psoc creator/3.3/psoc creator/import/gnu/arm/4.9.3/bin/../lib/gcc/arm-none-eabi/4.9.3/../../../../arm-none-eabi/lib/armv6-m\libg.a
LOAD c:/program files (x86)/cypress/psoc creator/3.3/psoc creator/import/gnu/arm/4.9.3/bin/../lib/gcc/arm-none-eabi/4.9.3/../../../../arm-none-eabi/lib/armv6-m\libc.a
END GROUP
LOAD c:/program files (x86)/cypress/psoc creator/3.3/psoc creator/import/gnu/arm/4.9.3/bin/../lib/gcc/arm-none-eabi/4.9.3/armv6-m/crtend.o
LOAD c:/program files (x86)/cypress/psoc creator/3.3/psoc creator/import/gnu/arm/4.9.3/bin/../lib/gcc/arm-none-eabi/4.9.3/armv6-m/crtn.o
START GROUP
LOAD c:/program files (x86)/cypress/psoc creator/3.3/psoc creator/import/gnu/arm/4.9.3/bin/../lib/gcc/arm-none-eabi/4.9.3/armv6-m\libgcc.a
LOAD c:/program files (x86)/cypress/psoc creator/3.3/psoc creator/import/gnu/arm/4.9.3/bin/../lib/gcc/arm-none-eabi/4.9.3/../../../../arm-none-eabi/lib/armv6-m\libc.a
LOAD c:/program files (x86)/cypress/psoc creator/3.3/psoc creator/import/gnu/arm/4.9.3/bin/../lib/gcc/arm-none-eabi/4.9.3/../../../../arm-none-eabi/lib/armv6-m\libnosys.a
END GROUP
                0x00000000                CY_APPL_ORIGIN = 0x0
                0x00000080                CY_FLASH_ROW_SIZE = 0x80
                0x00000001                CY_APPL_NUM = 0x1
                0x00000001                CY_APPL_MAX = 0x1
                0x00000040                CY_METADATA_SIZE = 0x40
                0x00000000                CY_APPL_LOADABLE = 0x0
                0x00000000                CY_CHECKSUM_EXCLUDE_SIZE = ALIGN (0x0, CY_FLASH_ROW_SIZE)
                0x00000000                CY_APP_FOR_STACK_AND_COPIER = 0x0
                0x20000d68                PROVIDE (__cy_heap_start, _end)
                0x00000001                PROVIDE (__cy_region_num, ((__cy_regions_end - __cy_regions) / 0x10))
                0x20004000                PROVIDE (__cy_stack, (ORIGIN (ram) + 0x4000))
                0x20003800                PROVIDE (__cy_heap_end, (__cy_stack - 0x800))

.cybootloader   0x00000000        0x0
 *(.cybootloader)
                0x00000000                appl1_start = CY_APPL_ORIGIN?CY_APPL_ORIGIN:ALIGN (CY_FLASH_ROW_SIZE)
                0x0000ff80                appl2_start = (appl1_start + ALIGN ((((0x20000 - appl1_start) - (0x2 * CY_FLASH_ROW_SIZE)) / 0x2), CY_FLASH_ROW_SIZE))
                0x00000000                appl_start = (CY_APPL_NUM == 0x1)?appl1_start:appl2_start
                0x00000001                cy_project_type_bootloader = (appl_start == 0x0)?0x1:0x0
                0x00000000                cy_project_type_app_for_stack_and_copier = (CY_APP_FOR_STACK_AND_COPIER == 0x1)?0x1:0x0

.text           0x00000000     0xb7d8
 CREATE_OBJECT_SYMBOLS
                0x00000000                PROVIDE (__cy_interrupt_vector, RomVectors)
 *(.romvectors)
 .romvectors    0x00000000       0x10 .\CortexM0\ARM_GCC_493\Debug\Cm0Start.o
                0x00000000                RomVectors
                0x00000001                ASSERT ((. != __cy_interrupt_vector), No interrupt vector)
                0x00000001                ASSERT (CY_APPL_ORIGIN?(SIZEOF (.cybootloader) <= CY_APPL_ORIGIN):0x1, Wrong image location)
                0x00000010                PROVIDE (__cy_reset, Reset)
 *(.text.Reset)
 .text.Reset    0x00000010        0x8 .\CortexM0\ARM_GCC_493\Debug\Cm0Start.o
                0x00000010                Reset
                0x00000001                ASSERT ((. != __cy_reset), No reset code)
 *(.psocinit)
 .psocinit      0x00000018      0x28c .\CortexM0\ARM_GCC_493\Debug\Board1-RPi.a(cyfitter_cfg.o)
                0x0000011c                cyfitter_cfg
                0x000002a4                . = MAX (., 0x100)
 *(.text .text.* .gnu.linkonce.t.*)
 .text          0x000002a4       0x60 c:/program files (x86)/cypress/psoc creator/3.3/psoc creator/import/gnu/arm/4.9.3/bin/../lib/gcc/arm-none-eabi/4.9.3/armv6-m/crtbegin.o
 .text.Encoder_Interrupt_Handler
                0x00000304       0x48 .\CortexM0\ARM_GCC_493\Debug\encoder.o
                0x00000304                Encoder_Interrupt_Handler
 .text.Encoder_Init
                0x0000034c       0x14 .\CortexM0\ARM_GCC_493\Debug\encoder.o
                0x0000034c                Encoder_Init
 .text.Encoder_Start
                0x00000360       0x10 .\CortexM0\ARM_GCC_493\Debug\encoder.o
                0x00000360                Encoder_Start
 .text.Encoder_GetVelocity
                0x00000370        0xc .\CortexM0\ARM_GCC_493\Debug\encoder.o
                0x00000370                Encoder_GetVelocity
 .text.Encoder_GetCount
                0x0000037c       0x18 .\CortexM0\ARM_GCC_493\Debug\encoder.o
                0x0000037c                Encoder_GetCount
 .text.Encoder_GetLeftCount
                0x00000394        0x8 .\CortexM0\ARM_GCC_493\Debug\encoder.o
                0x00000394                Encoder_GetLeftCount
 .text.Encoder_GetRightCount
                0x0000039c        0x8 .\CortexM0\ARM_GCC_493\Debug\encoder.o
                0x0000039c                Encoder_GetRightCount
 .text.Encoder_Reset
                0x000003a4       0x18 .\CortexM0\ARM_GCC_493\Debug\encoder.o
                0x000003a4                Encoder_Reset
 .text.Motor_Init
                0x000003bc        0xc .\CortexM0\ARM_GCC_493\Debug\motor.o
                0x000003bc                Motor_Init
 .text.Motor_Start
                0x000003c8       0x10 .\CortexM0\ARM_GCC_493\Debug\motor.o
                0x000003c8                Motor_Start
 .text.Motor_SetOutput
                0x000003d8       0x58 .\CortexM0\ARM_GCC_493\Debug\motor.o
                0x000003d8                Motor_SetOutput
 .text.Motor_Stop
                0x00000430       0x10 .\CortexM0\ARM_GCC_493\Debug\motor.o
                0x00000430                Motor_Stop
 .text.WaitForPulseIn
                0x00000440       0x2c .\CortexM0\ARM_GCC_493\Debug\ultrasonic.o
 .text.PulseOut
                0x0000046c       0x24 .\CortexM0\ARM_GCC_493\Debug\ultrasonic.o
 .text.CalcDistance
                0x00000490       0x54 .\CortexM0\ARM_GCC_493\Debug\ultrasonic.o
 .text.Ultrasonic_Measure
                0x000004e4       0x58 .\CortexM0\ARM_GCC_493\Debug\ultrasonic.o
                0x000004e4                Ultrasonic_Measure
 .text.PrintPid
                0x0000053c       0x68 .\CortexM0\ARM_GCC_493\Debug\pid.o
 .text.pid_calc
                0x000005a4       0xcc .\CortexM0\ARM_GCC_493\Debug\pid.o
                0x000005a4                pid_calc
 .text.PID_Start
                0x00000670       0x18 .\CortexM0\ARM_GCC_493\Debug\pid.o
                0x00000670                PID_Start
 .text.PID_Update
                0x00000688       0x7c .\CortexM0\ARM_GCC_493\Debug\pid.o
                0x00000688                PID_Update
 .text.I2c_Init
                0x00000704       0x2c .\CortexM0\ARM_GCC_493\Debug\i2c.o
                0x00000704                I2c_Init
 .text.I2c_Start
                0x00000730       0x20 .\CortexM0\ARM_GCC_493\Debug\i2c.o
                0x00000730                I2c_Start
 .text.I2c_ReadControl
                0x00000750       0x10 .\CortexM0\ARM_GCC_493\Debug\i2c.o
                0x00000750                I2c_ReadControl
 .text.I2c_ReadVelocity
                0x00000760        0xc .\CortexM0\ARM_GCC_493\Debug\i2c.o
                0x00000760                I2c_ReadVelocity
 .text.I2c_WriteCount
                0x0000076c        0xc .\CortexM0\ARM_GCC_493\Debug\i2c.o
                0x0000076c                I2c_WriteCount
 .text.I2c_ReadCount
                0x00000778       0x3c .\CortexM0\ARM_GCC_493\Debug\i2c.o
                0x00000778                I2c_ReadCount
 .text.I2c_WriteUltrasonicDistance
                0x000007b4       0x10 .\CortexM0\ARM_GCC_493\Debug\i2c.o
                0x000007b4                I2c_WriteUltrasonicDistance
 .text.I2c_WriteInfraredDistance
                0x000007c4       0x10 .\CortexM0\ARM_GCC_493\Debug\i2c.o
                0x000007c4                I2c_WriteInfraredDistance
 .text.I2c_WriteOdom
                0x000007d4       0x18 .\CortexM0\ARM_GCC_493\Debug\i2c.o
                0x000007d4                I2c_WriteOdom
 .text.Control_Init
                0x000007ec       0x10 .\CortexM0\ARM_GCC_493\Debug\control.o
                0x000007ec                Control_Init
 .text.Control_Start
                0x000007fc        0x8 .\CortexM0\ARM_GCC_493\Debug\control.o
                0x000007fc                Control_Start
 .text.Control_Update
                0x00000804       0x20 .\CortexM0\ARM_GCC_493\Debug\control.o
                0x00000804                Control_Update
 .text.main     0x00000824       0x58 .\CortexM0\ARM_GCC_493\Debug\boardmain.o
                0x00000824                main
 .text.SysTickIsrHandler
                0x0000087c       0x10 .\CortexM0\ARM_GCC_493\Debug\time.o
 .text.Time_Init
                0x0000088c        0xc .\CortexM0\ARM_GCC_493\Debug\time.o
                0x0000088c                Time_Init
 .text.Time_Start
                0x00000898       0x34 .\CortexM0\ARM_GCC_493\Debug\time.o
                0x00000898                Time_Start
 .text.millis   0x000008cc        0xc .\CortexM0\ARM_GCC_493\Debug\time.o
                0x000008cc                millis
 .text.Infrared_Measure
                0x000008d8       0xc8 .\CortexM0\ARM_GCC_493\Debug\infrared.o
                0x000008d8                Infrared_Measure
 .text.MovingAverage
                0x000009a0       0x20 .\CortexM0\ARM_GCC_493\Debug\utils.o
                0x000009a0                MovingAverage
 .text.Debug_Init
                0x000009c0       0x14 .\CortexM0\ARM_GCC_493\Debug\debug.o
                0x000009c0                Debug_Init
 .text.Debug_Start
                0x000009d4        0x8 .\CortexM0\ARM_GCC_493\Debug\debug.o
                0x000009d4                Debug_Start
 .text.Odom_Init
                0x000009dc       0x1c .\CortexM0\ARM_GCC_493\Debug\odom.o
                0x000009dc                Odom_Init
 .text.Odom_Start
                0x000009f8        0x4 .\CortexM0\ARM_GCC_493\Debug\odom.o
                0x000009f8                Odom_Start
 .text.calc_odom
                0x000009fc      0x134 .\CortexM0\ARM_GCC_493\Debug\odom.o
                0x000009fc                calc_odom
 .text.Odom_Update
                0x00000b30       0x24 .\CortexM0\ARM_GCC_493\Debug\odom.o
                0x00000b30                Odom_Update
 .text.IntDefaultHandler
                0x00000b54        0x4 .\CortexM0\ARM_GCC_493\Debug\Cm0Start.o
                0x00000b54                IntDefaultHandler
 .text._sbrk    0x00000b58       0x34 .\CortexM0\ARM_GCC_493\Debug\Cm0Start.o
                0x00000b58                _sbrk
 .text.Start_c  0x00000b8c       0x48 .\CortexM0\ARM_GCC_493\Debug\Cm0Start.o
                0x00000b8c                Start_c
 .text.initialize_psoc
                0x00000bd4       0x54 .\CortexM0\ARM_GCC_493\Debug\Cm0Start.o
                0x00000bd4                initialize_psoc
 .text.cfg_write_bytes32
                0x00000c28       0x34 .\CortexM0\ARM_GCC_493\Debug\Board1-RPi.a(cyfitter_cfg.o)
 .text.AnalogSetDefault
                0x00000c5c       0x3c .\CortexM0\ARM_GCC_493\Debug\Board1-RPi.a(cyfitter_cfg.o)
 .text.CYMEMZERO
                0x00000c98        0xc .\CortexM0\ARM_GCC_493\Debug\Board1-RPi.a(cyfitter_cfg.o)
 .text.Encoder_Intr_SetVector
                0x00000ca4        0xc .\CortexM0\ARM_GCC_493\Debug\Board1-RPi.a(Encoder_Intr.o)
                0x00000ca4                Encoder_Intr_SetVector
 .text.Encoder_Intr_SetPriority
                0x00000cb0       0x24 .\CortexM0\ARM_GCC_493\Debug\Board1-RPi.a(Encoder_Intr.o)
                0x00000cb0                Encoder_Intr_SetPriority
 .text.Encoder_Intr_Enable
                0x00000cd4        0xc .\CortexM0\ARM_GCC_493\Debug\Board1-RPi.a(Encoder_Intr.o)
                0x00000cd4                Encoder_Intr_Enable
 .text.Encoder_Intr_Disable
                0x00000ce0        0xc .\CortexM0\ARM_GCC_493\Debug\Board1-RPi.a(Encoder_Intr.o)
                0x00000ce0                Encoder_Intr_Disable
 .text.Encoder_Intr_StartEx
                0x00000cec       0x1c .\CortexM0\ARM_GCC_493\Debug\Board1-RPi.a(Encoder_Intr.o)
                0x00000cec                Encoder_Intr_StartEx
 .text          0x00000d08       0x20 .\CortexM0\ARM_GCC_493\Debug\Board1-RPi.a(CyBootAsmGnu.o)
                0x00000d08                CyDelayCycles
                0x00000d1a                CyEnterCriticalSection
                0x00000d22                CyExitCriticalSection
 .text.CySysClkImoGetWcoLock
                0x00000d28       0x14 .\CortexM0\ARM_GCC_493\Debug\Board1-RPi.a(CyLib.o)
 .text.CySysClkImoDisableWcoLock
                0x00000d3c       0x14 .\CortexM0\ARM_GCC_493\Debug\Board1-RPi.a(CyLib.o)
                0x00000d3c                CySysClkImoDisableWcoLock
 .text.CyIntEnable
                0x00000d50       0x14 .\CortexM0\ARM_GCC_493\Debug\Board1-RPi.a(CyLib.o)
                0x00000d50                CyIntEnable
 .text.CyIntDisable
                0x00000d64       0x14 .\CortexM0\ARM_GCC_493\Debug\Board1-RPi.a(CyLib.o)
                0x00000d64                CyIntDisable
 .text.CyHalt   0x00000d78        0x4 .\CortexM0\ARM_GCC_493\Debug\Board1-RPi.a(CyLib.o)
                0x00000d78                CyHalt
 .text.CyIntSetSysVector
                0x00000d7c       0x20 .\CortexM0\ARM_GCC_493\Debug\Board1-RPi.a(CyLib.o)
                0x00000d7c                CyIntSetSysVector
 .text.CyIntSetVector
                0x00000d9c       0x24 .\CortexM0\ARM_GCC_493\Debug\Board1-RPi.a(CyLib.o)
                0x00000d9c                CyIntSetVector
 .text.CyIntSetPriority
                0x00000dc0       0x4c .\CortexM0\ARM_GCC_493\Debug\Board1-RPi.a(CyLib.o)
                0x00000dc0                CyIntSetPriority
 .text.CyDelay  0x00000e0c       0x30 .\CortexM0\ARM_GCC_493\Debug\Board1-RPi.a(CyLib.o)
                0x00000e0c                CyDelay
 .text.CySysClkImoEnableWcoLock
                0x00000e3c       0xbc .\CortexM0\ARM_GCC_493\Debug\Board1-RPi.a(CyLib.o)
                0x00000e3c                CySysClkImoEnableWcoLock
 .text.CySysClkWriteImoFreq
                0x00000ef8       0x80 .\CortexM0\ARM_GCC_493\Debug\Board1-RPi.a(CyLib.o)
                0x00000ef8                CySysClkWriteImoFreq
 .text.CyDelayUs
                0x00000f78       0x14 .\CortexM0\ARM_GCC_493\Debug\Board1-RPi.a(CyLib.o)
                0x00000f78                CyDelayUs
 .text.CySysTickEnableInterrupt
                0x00000f8c       0x10 .\CortexM0\ARM_GCC_493\Debug\Board1-RPi.a(CyLib.o)
                0x00000f8c                CySysTickEnableInterrupt
 .text.CySysTickEnable
                0x00000f9c       0x18 .\CortexM0\ARM_GCC_493\Debug\Board1-RPi.a(CyLib.o)
                0x00000f9c                CySysTickEnable
 .text.CySysTickSetReload
                0x00000fb4       0x10 .\CortexM0\ARM_GCC_493\Debug\Board1-RPi.a(CyLib.o)
                0x00000fb4                CySysTickSetReload
 .text.CySysTickSetClockSource
                0x00000fc4       0x20 .\CortexM0\ARM_GCC_493\Debug\Board1-RPi.a(CyLib.o)
                0x00000fc4                CySysTickSetClockSource
 .text.CySysTickGetCountFlag
                0x00000fe4       0x10 .\CortexM0\ARM_GCC_493\Debug\Board1-RPi.a(CyLib.o)
                0x00000fe4                CySysTickGetCountFlag
 .text.CySysTickServiceCallbacks
                0x00000ff4       0x28 .\CortexM0\ARM_GCC_493\Debug\Board1-RPi.a(CyLib.o)
 .text.CySysTickClear
                0x0000101c        0xc .\CortexM0\ARM_GCC_493\Debug\Board1-RPi.a(CyLib.o)
                0x0000101c                CySysTickClear
 .text.CySysTickInit
                0x00001028       0x4c .\CortexM0\ARM_GCC_493\Debug\Board1-RPi.a(CyLib.o)
                0x00001028                CySysTickInit
 .text.CySysTickStart
                0x00001074       0x20 .\CortexM0\ARM_GCC_493\Debug\Board1-RPi.a(CyLib.o)
                0x00001074                CySysTickStart
 .text.CySysTickSetCallback
                0x00001094       0x10 .\CortexM0\ARM_GCC_493\Debug\Board1-RPi.a(CyLib.o)
                0x00001094                CySysTickSetCallback
 .text.CySysTickGetCallback
                0x000010a4        0xc .\CortexM0\ARM_GCC_493\Debug\Board1-RPi.a(CyLib.o)
                0x000010a4                CySysTickGetCallback
 .text.CySysWdtLocked
                0x000010b0       0x14 .\CortexM0\ARM_GCC_493\Debug\Board1-RPi.a(CyLFClk.o)
 .text.CySysClkWcoEnabled
                0x000010c4       0x14 .\CortexM0\ARM_GCC_493\Debug\Board1-RPi.a(CyLFClk.o)
                0x000010c4                CySysClkWcoEnabled
 .text.CySysWdtLock
                0x000010d8       0x1c .\CortexM0\ARM_GCC_493\Debug\Board1-RPi.a(CyLFClk.o)
                0x000010d8                CySysWdtLock
 .text.CySysWdtUnlock
                0x000010f4       0x30 .\CortexM0\ARM_GCC_493\Debug\Board1-RPi.a(CyLFClk.o)
                0x000010f4                CySysWdtUnlock
 .text.CySysWdtClearInterrupt
                0x00001124       0x4c .\CortexM0\ARM_GCC_493\Debug\Board1-RPi.a(CyLFClk.o)
                0x00001124                CySysWdtClearInterrupt
 .text.CySysWdtIsr
                0x00001170       0xa4 .\CortexM0\ARM_GCC_493\Debug\Board1-RPi.a(CyLFClk.o)
                0x00001170                CySysWdtIsr
 .text.HB25_PWM_Stop
                0x00001214       0x1c .\CortexM0\ARM_GCC_493\Debug\Board1-RPi.a(HB25_PWM.o)
                0x00001214                HB25_PWM_Stop
 .text.HB25_PWM_WriteCounter
                0x00001230       0x10 .\CortexM0\ARM_GCC_493\Debug\Board1-RPi.a(HB25_PWM.o)
                0x00001230                HB25_PWM_WriteCounter
 .text.HB25_PWM_WritePeriod
                0x00001240       0x10 .\CortexM0\ARM_GCC_493\Debug\Board1-RPi.a(HB25_PWM.o)
                0x00001240                HB25_PWM_WritePeriod
 .text.HB25_PWM_WriteCompare
                0x00001250       0x10 .\CortexM0\ARM_GCC_493\Debug\Board1-RPi.a(HB25_PWM.o)
                0x00001250                HB25_PWM_WriteCompare
 .text.HB25_PWM_TriggerCommand
                0x00001260       0x1c .\CortexM0\ARM_GCC_493\Debug\Board1-RPi.a(HB25_PWM.o)
                0x00001260                HB25_PWM_TriggerCommand
 .text.HB25_PWM_Enable
                0x0000127c       0x24 .\CortexM0\ARM_GCC_493\Debug\Board1-RPi.a(HB25_PWM.o)
                0x0000127c                HB25_PWM_Enable
 .text.HB25_PWM_SetInterruptMode
                0x000012a0        0xc .\CortexM0\ARM_GCC_493\Debug\Board1-RPi.a(HB25_PWM.o)
                0x000012a0                HB25_PWM_SetInterruptMode
 .text.HB25_PWM_Init
                0x000012ac       0x4c .\CortexM0\ARM_GCC_493\Debug\Board1-RPi.a(HB25_PWM.o)
                0x000012ac                HB25_PWM_Init
 .text.HB25_PWM_Start
                0x000012f8       0x20 .\CortexM0\ARM_GCC_493\Debug\Board1-RPi.a(HB25_PWM.o)
                0x000012f8                HB25_PWM_Start
 .text.Encoder_Pins_Read
                0x00001318       0x10 .\CortexM0\ARM_GCC_493\Debug\Board1-RPi.a(Encoder_Pins.o)
                0x00001318                Encoder_Pins_Read
 .text.Encoder_Pins_ClearInterrupt
                0x00001328       0x14 .\CortexM0\ARM_GCC_493\Debug\Board1-RPi.a(Encoder_Pins.o)
                0x00001328                Encoder_Pins_ClearInterrupt
 .text.ADC_Infrared_StartConvert
                0x0000133c       0x14 .\CortexM0\ARM_GCC_493\Debug\Board1-RPi.a(ADC_Infrared.o)
                0x0000133c                ADC_Infrared_StartConvert
 .text.ADC_Infrared_IsEndConversion
                0x00001350       0x28 .\CortexM0\ARM_GCC_493\Debug\Board1-RPi.a(ADC_Infrared.o)
                0x00001350                ADC_Infrared_IsEndConversion
 .text.ADC_Infrared_GetResult16
                0x00001378       0x2c .\CortexM0\ARM_GCC_493\Debug\Board1-RPi.a(ADC_Infrared.o)
                0x00001378                ADC_Infrared_GetResult16
 .text.HCSR04_Control_Write
                0x000013a4        0xc .\CortexM0\ARM_GCC_493\Debug\Board1-RPi.a(HCSR04_Control.o)
                0x000013a4                HCSR04_Control_Write
 .text.HCSR04_Trigger_0_Write
                0x000013b0       0x18 .\CortexM0\ARM_GCC_493\Debug\Board1-RPi.a(HCSR04_Trigger_0.o)
                0x000013b0                HCSR04_Trigger_0_Write
 .text.HCSR04_Trigger_2_Write
                0x000013c8       0x18 .\CortexM0\ARM_GCC_493\Debug\Board1-RPi.a(HCSR04_Trigger_2.o)
                0x000013c8                HCSR04_Trigger_2_Write
 .text.HCSR04_Trigger_3_Write
                0x000013e0       0x18 .\CortexM0\ARM_GCC_493\Debug\Board1-RPi.a(HCSR04_Trigger_3.o)
                0x000013e0                HCSR04_Trigger_3_Write
 .text.HCSR04_Trigger_1_Write
                0x000013f8       0x18 .\CortexM0\ARM_GCC_493\Debug\Board1-RPi.a(HCSR04_Trigger_1.o)
                0x000013f8                HCSR04_Trigger_1_Write
 .text.HB25_Enable_Pin_Write
                0x00001410       0x18 .\CortexM0\ARM_GCC_493\Debug\Board1-RPi.a(HB25_Enable_Pin.o)
                0x00001410                HB25_Enable_Pin_Write
 .text.UARTCOMMS_ScbEnableIntr
                0x00001428        0xc .\CortexM0\ARM_GCC_493\Debug\Board1-RPi.a(UARTCOMMS.o)
 .text.UARTCOMMS_ScbModePostEnable
                0x00001434        0x8 .\CortexM0\ARM_GCC_493\Debug\Board1-RPi.a(UARTCOMMS.o)
 .text.UARTCOMMS_Init
                0x0000143c        0x8 .\CortexM0\ARM_GCC_493\Debug\Board1-RPi.a(UARTCOMMS.o)
                0x0000143c                UARTCOMMS_Init
 .text.UARTCOMMS_Enable
                0x00001444       0x1c .\CortexM0\ARM_GCC_493\Debug\Board1-RPi.a(UARTCOMMS.o)
                0x00001444                UARTCOMMS_Enable
 .text.UARTCOMMS_Start
                0x00001460       0x20 .\CortexM0\ARM_GCC_493\Debug\Board1-RPi.a(UARTCOMMS.o)
                0x00001460                UARTCOMMS_Start
 .text.UARTCOMMS_UartInit
                0x00001480       0xc4 .\CortexM0\ARM_GCC_493\Debug\Board1-RPi.a(UARTCOMMS_UART.o)
                0x00001480                UARTCOMMS_UartInit
 .text.UARTCOMMS_UartPostEnable
                0x00001544       0x14 .\CortexM0\ARM_GCC_493\Debug\Board1-RPi.a(UARTCOMMS_UART.o)
                0x00001544                UARTCOMMS_UartPostEnable
 .text.UARTCOMMS_UartPutString
                0x00001558       0x18 .\CortexM0\ARM_GCC_493\Debug\Board1-RPi.a(UARTCOMMS_UART.o)
                0x00001558                UARTCOMMS_UartPutString
 .text.EZI2C_Slave_ScbEnableIntr
                0x00001570        0xc .\CortexM0\ARM_GCC_493\Debug\Board1-RPi.a(EZI2C_Slave.o)
 .text.EZI2C_Slave_Init
                0x0000157c        0x8 .\CortexM0\ARM_GCC_493\Debug\Board1-RPi.a(EZI2C_Slave.o)
                0x0000157c                EZI2C_Slave_Init
 .text.EZI2C_Slave_Enable
                0x00001584       0x18 .\CortexM0\ARM_GCC_493\Debug\Board1-RPi.a(EZI2C_Slave.o)
                0x00001584                EZI2C_Slave_Enable
 .text.EZI2C_Slave_Start
                0x0000159c       0x20 .\CortexM0\ARM_GCC_493\Debug\Board1-RPi.a(EZI2C_Slave.o)
                0x0000159c                EZI2C_Slave_Start
 .text.EZI2C_Slave_EzI2CInit
                0x000015bc       0xc0 .\CortexM0\ARM_GCC_493\Debug\Board1-RPi.a(EZI2C_Slave_EZI2C.o)
                0x000015bc                EZI2C_Slave_EzI2CInit
 .text.EZI2C_Slave_EzI2CSetAddress1
                0x0000167c       0x18 .\CortexM0\ARM_GCC_493\Debug\Board1-RPi.a(EZI2C_Slave_EZI2C.o)
                0x0000167c                EZI2C_Slave_EzI2CSetAddress1
 .text.EZI2C_Slave_EzI2CSetBuffer1
                0x00001694       0x30 .\CortexM0\ARM_GCC_493\Debug\Board1-RPi.a(EZI2C_Slave_EZI2C.o)
                0x00001694                EZI2C_Slave_EzI2CSetBuffer1
 .text.EZI2C_Slave_EZI2C_STRETCH_ISR
                0x000016c4      0x324 .\CortexM0\ARM_GCC_493\Debug\Board1-RPi.a(EZI2C_Slave_EZI2C_INT.o)
                0x000016c4                EZI2C_Slave_EZI2C_STRETCH_ISR
 .text.I2C_Master_ScbEnableIntr
                0x000019e8        0xc .\CortexM0\ARM_GCC_493\Debug\Board1-RPi.a(I2C_Master.o)
 .text.I2C_Master_Init
                0x000019f4        0x8 .\CortexM0\ARM_GCC_493\Debug\Board1-RPi.a(I2C_Master.o)
                0x000019f4                I2C_Master_Init
 .text.I2C_Master_Enable
                0x000019fc       0x18 .\CortexM0\ARM_GCC_493\Debug\Board1-RPi.a(I2C_Master.o)
                0x000019fc                I2C_Master_Enable
 .text.I2C_Master_Start
                0x00001a14       0x20 .\CortexM0\ARM_GCC_493\Debug\Board1-RPi.a(I2C_Master.o)
                0x00001a14                I2C_Master_Start
 .text.I2C_Master_I2CInit
                0x00001a34       0xbc .\CortexM0\ARM_GCC_493\Debug\Board1-RPi.a(I2C_Master_I2C.o)
                0x00001a34                I2C_Master_I2CInit
 .text.I2C_Master_I2CMasterStatus
                0x00001af0       0x30 .\CortexM0\ARM_GCC_493\Debug\Board1-RPi.a(I2C_Master_I2C_MASTER.o)
                0x00001af0                I2C_Master_I2CMasterStatus
 .text.I2C_Master_I2CMasterClearStatus
                0x00001b20       0x20 .\CortexM0\ARM_GCC_493\Debug\Board1-RPi.a(I2C_Master_I2C_MASTER.o)
                0x00001b20                I2C_Master_I2CMasterClearStatus
 .text.I2C_Master_I2CReStartGeneration
                0x00001b40       0x20 .\CortexM0\ARM_GCC_493\Debug\Board1-RPi.a(I2C_Master_I2C_MASTER.o)
                0x00001b40                I2C_Master_I2CReStartGeneration
 .text.I2C_Master_I2CMasterReadBuf
                0x00001b60       0xfc .\CortexM0\ARM_GCC_493\Debug\Board1-RPi.a(I2C_Master_I2C_MASTER.o)
                0x00001b60                I2C_Master_I2CMasterReadBuf
 .text.CySysFlashSetWaitCycles
                0x00001c5c       0x54 .\CortexM0\ARM_GCC_493\Debug\Board1-RPi.a(CyFlash.o)
                0x00001c5c                CySysFlashSetWaitCycles
 .text.UARTCOMMS_SpiUartWriteTxData
                0x00001cb0       0x70 .\CortexM0\ARM_GCC_493\Debug\Board1-RPi.a(UARTCOMMS_SPI_UART.o)
                0x00001cb0                UARTCOMMS_SpiUartWriteTxData
 .text.UARTCOMMS_SPI_UART_ISR
                0x00001d20       0x80 .\CortexM0\ARM_GCC_493\Debug\Board1-RPi.a(UARTCOMMS_SPI_UART_INT.o)
                0x00001d20                UARTCOMMS_SPI_UART_ISR
 .text.I2C_Master_I2C_ISR
                0x00001da0      0x374 .\CortexM0\ARM_GCC_493\Debug\Board1-RPi.a(I2C_Master_I2C_INT.o)
                0x00001da0                I2C_Master_I2C_ISR
 .text.cos      0x00002114       0x9c c:/program files (x86)/cypress/psoc creator/3.3/psoc creator/import/gnu/arm/4.9.3/bin/../lib/gcc/arm-none-eabi/4.9.3/../../../../arm-none-eabi/lib/armv6-m\libm.a(lib_a-s_cos.o)
                0x00002114                cos
 .text.sin      0x000021b0       0xa0 c:/program files (x86)/cypress/psoc creator/3.3/psoc creator/import/gnu/arm/4.9.3/bin/../lib/gcc/arm-none-eabi/4.9.3/../../../../arm-none-eabi/lib/armv6-m\libm.a(lib_a-s_sin.o)
                0x000021b0                sin
 .text.pow      0x00002250      0x35c c:/program files (x86)/cypress/psoc creator/3.3/psoc creator/import/gnu/arm/4.9.3/bin/../lib/gcc/arm-none-eabi/4.9.3/../../../../arm-none-eabi/lib/armv6-m\libm.a(lib_a-w_pow.o)
                0x00002250                pow
 .text.__ieee754_pow
                0x000025ac      0xa8c c:/program files (x86)/cypress/psoc creator/3.3/psoc creator/import/gnu/arm/4.9.3/bin/../lib/gcc/arm-none-eabi/4.9.3/../../../../arm-none-eabi/lib/armv6-m\libm.a(lib_a-e_pow.o)
                0x000025ac                __ieee754_pow
 .text.__ieee754_rem_pio2
                0x00003038      0x430 c:/program files (x86)/cypress/psoc creator/3.3/psoc creator/import/gnu/arm/4.9.3/bin/../lib/gcc/arm-none-eabi/4.9.3/../../../../arm-none-eabi/lib/armv6-m\libm.a(lib_a-e_rem_pio2.o)
                0x00003038                __ieee754_rem_pio2
 .text.__ieee754_sqrt
                0x00003468      0x1ec c:/program files (x86)/cypress/psoc creator/3.3/psoc creator/import/gnu/arm/4.9.3/bin/../lib/gcc/arm-none-eabi/4.9.3/../../../../arm-none-eabi/lib/armv6-m\libm.a(lib_a-e_sqrt.o)
                0x00003468                __ieee754_sqrt
 .text.__kernel_cos
                0x00003654      0x234 c:/program files (x86)/cypress/psoc creator/3.3/psoc creator/import/gnu/arm/4.9.3/bin/../lib/gcc/arm-none-eabi/4.9.3/../../../../arm-none-eabi/lib/armv6-m\libm.a(lib_a-k_cos.o)
                0x00003654                __kernel_cos
 .text.__kernel_rem_pio2
                0x00003888      0x890 c:/program files (x86)/cypress/psoc creator/3.3/psoc creator/import/gnu/arm/4.9.3/bin/../lib/gcc/arm-none-eabi/4.9.3/../../../../arm-none-eabi/lib/armv6-m\libm.a(lib_a-k_rem_pio2.o)
                0x00003888                __kernel_rem_pio2
 .text.__kernel_sin
                0x00004118      0x160 c:/program files (x86)/cypress/psoc creator/3.3/psoc creator/import/gnu/arm/4.9.3/bin/../lib/gcc/arm-none-eabi/4.9.3/../../../../arm-none-eabi/lib/armv6-m\libm.a(lib_a-k_sin.o)
                0x00004118                __kernel_sin
 .text.fabs     0x00004278        0x8 c:/program files (x86)/cypress/psoc creator/3.3/psoc creator/import/gnu/arm/4.9.3/bin/../lib/gcc/arm-none-eabi/4.9.3/../../../../arm-none-eabi/lib/armv6-m\libm.a(lib_a-s_fabs.o)
                0x00004278                fabs
 .text.finite   0x00004280       0x14 c:/program files (x86)/cypress/psoc creator/3.3/psoc creator/import/gnu/arm/4.9.3/bin/../lib/gcc/arm-none-eabi/4.9.3/../../../../arm-none-eabi/lib/armv6-m\libm.a(lib_a-s_finite.o)
                0x00004280                finite
 .text.floor    0x00004294      0x14c c:/program files (x86)/cypress/psoc creator/3.3/psoc creator/import/gnu/arm/4.9.3/bin/../lib/gcc/arm-none-eabi/4.9.3/../../../../arm-none-eabi/lib/armv6-m\libm.a(lib_a-s_floor.o)
                0x00004294                floor
 .text.__fpclassifyd
                0x000043e0       0x5c c:/program files (x86)/cypress/psoc creator/3.3/psoc creator/import/gnu/arm/4.9.3/bin/../lib/gcc/arm-none-eabi/4.9.3/../../../../arm-none-eabi/lib/armv6-m\libm.a(lib_a-s_fpclassify.o)
                0x000043e0                __fpclassifyd
 .text.matherr  0x0000443c        0x4 c:/program files (x86)/cypress/psoc creator/3.3/psoc creator/import/gnu/arm/4.9.3/bin/../lib/gcc/arm-none-eabi/4.9.3/../../../../arm-none-eabi/lib/armv6-m\libm.a(lib_a-s_matherr.o)
                0x0000443c                matherr
 .text.nan      0x00004440        0xc c:/program files (x86)/cypress/psoc creator/3.3/psoc creator/import/gnu/arm/4.9.3/bin/../lib/gcc/arm-none-eabi/4.9.3/../../../../arm-none-eabi/lib/armv6-m\libm.a(lib_a-s_nan.o)
                0x00004440                nan
 .text.rint     0x0000444c      0x144 c:/program files (x86)/cypress/psoc creator/3.3/psoc creator/import/gnu/arm/4.9.3/bin/../lib/gcc/arm-none-eabi/4.9.3/../../../../arm-none-eabi/lib/armv6-m\libm.a(lib_a-s_rint.o)
                0x0000444c                rint
 .text.scalbn   0x00004590       0xf8 c:/program files (x86)/cypress/psoc creator/3.3/psoc creator/import/gnu/arm/4.9.3/bin/../lib/gcc/arm-none-eabi/4.9.3/../../../../arm-none-eabi/lib/armv6-m\libm.a(lib_a-s_scalbn.o)
                0x00004590                scalbn
 .text.copysign
                0x00004688       0x10 c:/program files (x86)/cypress/psoc creator/3.3/psoc creator/import/gnu/arm/4.9.3/bin/../lib/gcc/arm-none-eabi/4.9.3/../../../../arm-none-eabi/lib/armv6-m\libm.a(lib_a-s_copysign.o)
                0x00004688                copysign
 .text          0x00004698      0x120 c:/program files (x86)/cypress/psoc creator/3.3/psoc creator/import/gnu/arm/4.9.3/bin/../lib/gcc/arm-none-eabi/4.9.3/armv6-m\libgcc.a(_udivsi3.o)
                0x00004698                __aeabi_uidiv
                0x00004698                __udivsi3
                0x000047a4                __aeabi_uidivmod
 .text          0x000047b8      0x1e0 c:/program files (x86)/cypress/psoc creator/3.3/psoc creator/import/gnu/arm/4.9.3/bin/../lib/gcc/arm-none-eabi/4.9.3/armv6-m\libgcc.a(_divsi3.o)
                0x000047b8                __divsi3
                0x000047b8                __aeabi_idiv
                0x00004984                __aeabi_idivmod
 .text          0x00004998        0x4 c:/program files (x86)/cypress/psoc creator/3.3/psoc creator/import/gnu/arm/4.9.3/bin/../lib/gcc/arm-none-eabi/4.9.3/armv6-m\libgcc.a(_dvmd_tls.o)
                0x00004998                __aeabi_idiv0
                0x00004998                __aeabi_ldiv0
 .text          0x0000499c       0x7c c:/program files (x86)/cypress/psoc creator/3.3/psoc creator/import/gnu/arm/4.9.3/bin/../lib/gcc/arm-none-eabi/4.9.3/armv6-m\libgcc.a(_arm_cmpdf2.o)
                0x0000499c                __aeabi_cdrcmple
                0x000049ac                __aeabi_cdcmple
                0x000049ac                __aeabi_cdcmpeq
                0x000049bc                __aeabi_dcmpeq
                0x000049c8                __aeabi_dcmplt
                0x000049dc                __aeabi_dcmple
                0x000049f0                __aeabi_dcmpgt
                0x00004a04                __aeabi_dcmpge
 .text          0x00004a18       0x54 c:/program files (x86)/cypress/psoc creator/3.3/psoc creator/import/gnu/arm/4.9.3/bin/../lib/gcc/arm-none-eabi/4.9.3/armv6-m\libgcc.a(_muldi3.o)
                0x00004a18                __muldi3
                0x00004a18                __aeabi_lmul
 .text          0x00004a6c       0x30 c:/program files (x86)/cypress/psoc creator/3.3/psoc creator/import/gnu/arm/4.9.3/bin/../lib/gcc/arm-none-eabi/4.9.3/armv6-m\libgcc.a(_fixunssfsi.o)
                0x00004a6c                __fixunssfsi
                0x00004a6c                __aeabi_f2uiz
 .text          0x00004a9c       0x6c c:/program files (x86)/cypress/psoc creator/3.3/psoc creator/import/gnu/arm/4.9.3/bin/../lib/gcc/arm-none-eabi/4.9.3/armv6-m\libgcc.a(bpabi.o)
                0x00004a9c                __gnu_ldivmod_helper
                0x00004ad4                __gnu_uldivmod_helper
 .text          0x00004b08      0x2f8 c:/program files (x86)/cypress/psoc creator/3.3/psoc creator/import/gnu/arm/4.9.3/bin/../lib/gcc/arm-none-eabi/4.9.3/armv6-m\libgcc.a(addsf3.o)
                0x00004b08                __aeabi_fadd
 .text          0x00004e00      0x270 c:/program files (x86)/cypress/psoc creator/3.3/psoc creator/import/gnu/arm/4.9.3/bin/../lib/gcc/arm-none-eabi/4.9.3/armv6-m\libgcc.a(divsf3.o)
                0x00004e00                __aeabi_fdiv
 .text          0x00005070      0x264 c:/program files (x86)/cypress/psoc creator/3.3/psoc creator/import/gnu/arm/4.9.3/bin/../lib/gcc/arm-none-eabi/4.9.3/armv6-m\libgcc.a(mulsf3.o)
                0x00005070                __aeabi_fmul
 .text          0x000052d4      0x2fc c:/program files (x86)/cypress/psoc creator/3.3/psoc creator/import/gnu/arm/4.9.3/bin/../lib/gcc/arm-none-eabi/4.9.3/armv6-m\libgcc.a(subsf3.o)
                0x000052d4                __aeabi_fsub
 .text          0x000055d0       0x40 c:/program files (x86)/cypress/psoc creator/3.3/psoc creator/import/gnu/arm/4.9.3/bin/../lib/gcc/arm-none-eabi/4.9.3/armv6-m\libgcc.a(fixsfsi.o)
                0x000055d0                __aeabi_f2iz
 .text          0x00005610      0x650 c:/program files (x86)/cypress/psoc creator/3.3/psoc creator/import/gnu/arm/4.9.3/bin/../lib/gcc/arm-none-eabi/4.9.3/armv6-m\libgcc.a(adddf3.o)
                0x00005610                __aeabi_dadd
 .text          0x00005c60      0x648 c:/program files (x86)/cypress/psoc creator/3.3/psoc creator/import/gnu/arm/4.9.3/bin/../lib/gcc/arm-none-eabi/4.9.3/armv6-m\libgcc.a(divdf3.o)
                0x00005c60                __aeabi_ddiv
 .text          0x000062a8       0x88 c:/program files (x86)/cypress/psoc creator/3.3/psoc creator/import/gnu/arm/4.9.3/bin/../lib/gcc/arm-none-eabi/4.9.3/armv6-m\libgcc.a(eqdf2.o)
                0x000062a8                __nedf2
                0x000062a8                __eqdf2
 .text          0x00006330       0xe0 c:/program files (x86)/cypress/psoc creator/3.3/psoc creator/import/gnu/arm/4.9.3/bin/../lib/gcc/arm-none-eabi/4.9.3/armv6-m\libgcc.a(gedf2.o)
                0x00006330                __gedf2
                0x00006330                __gtdf2
 .text          0x00006410       0xcc c:/program files (x86)/cypress/psoc creator/3.3/psoc creator/import/gnu/arm/4.9.3/bin/../lib/gcc/arm-none-eabi/4.9.3/armv6-m\libgcc.a(ledf2.o)
                0x00006410                __ledf2
                0x00006410                __ltdf2
 .text          0x000064dc      0x534 c:/program files (x86)/cypress/psoc creator/3.3/psoc creator/import/gnu/arm/4.9.3/bin/../lib/gcc/arm-none-eabi/4.9.3/armv6-m\libgcc.a(muldf3.o)
                0x000064dc                __aeabi_dmul
 .text          0x00006a10      0x6f4 c:/program files (x86)/cypress/psoc creator/3.3/psoc creator/import/gnu/arm/4.9.3/bin/../lib/gcc/arm-none-eabi/4.9.3/armv6-m\libgcc.a(subdf3.o)
                0x00006a10                __aeabi_dsub
 .text          0x00007104       0x6c c:/program files (x86)/cypress/psoc creator/3.3/psoc creator/import/gnu/arm/4.9.3/bin/../lib/gcc/arm-none-eabi/4.9.3/armv6-m\libgcc.a(fixdfsi.o)
                0x00007104                __aeabi_d2iz
 .text          0x00007170       0x78 c:/program files (x86)/cypress/psoc creator/3.3/psoc creator/import/gnu/arm/4.9.3/bin/../lib/gcc/arm-none-eabi/4.9.3/armv6-m\libgcc.a(floatsidf.o)
                0x00007170                __aeabi_i2d
 .text          0x000071e8       0xa8 c:/program files (x86)/cypress/psoc creator/3.3/psoc creator/import/gnu/arm/4.9.3/bin/../lib/gcc/arm-none-eabi/4.9.3/armv6-m\libgcc.a(extendsfdf2.o)
                0x000071e8                __aeabi_f2d
 .text          0x00007290      0x120 c:/program files (x86)/cypress/psoc creator/3.3/psoc creator/import/gnu/arm/4.9.3/bin/../lib/gcc/arm-none-eabi/4.9.3/armv6-m\libgcc.a(truncdfsf2.o)
                0x00007290                __aeabi_d2f
 .text          0x000073b0       0x74 c:/program files (x86)/cypress/psoc creator/3.3/psoc creator/import/gnu/arm/4.9.3/bin/../lib/gcc/arm-none-eabi/4.9.3/armv6-m\libgcc.a(_arm_cmpsf2.o)
                0x000073b0                __aeabi_cfrcmple
                0x000073b8                __aeabi_cfcmpeq
                0x000073b8                __aeabi_cfcmple
                0x000073c8                __aeabi_fcmpeq
                0x000073d4                __aeabi_fcmplt
                0x000073e8                __aeabi_fcmple
                0x000073fc                __aeabi_fcmpgt
                0x00007410                __aeabi_fcmpge
 .text          0x00007424       0x3c c:/program files (x86)/cypress/psoc creator/3.3/psoc creator/import/gnu/arm/4.9.3/bin/../lib/gcc/arm-none-eabi/4.9.3/armv6-m\libgcc.a(_clzsi2.o)
                0x00007424                __clzsi2
 .text          0x00007460      0x1f0 c:/program files (x86)/cypress/psoc creator/3.3/psoc creator/import/gnu/arm/4.9.3/bin/../lib/gcc/arm-none-eabi/4.9.3/armv6-m\libgcc.a(_divdi3.o)
                0x00007460                __divdi3
 .text          0x00007650      0x158 c:/program files (x86)/cypress/psoc creator/3.3/psoc creator/import/gnu/arm/4.9.3/bin/../lib/gcc/arm-none-eabi/4.9.3/armv6-m\libgcc.a(_udivdi3.o)
                0x00007650                __udivdi3
 .text          0x000077a8       0x54 c:/program files (x86)/cypress/psoc creator/3.3/psoc creator/import/gnu/arm/4.9.3/bin/../lib/gcc/arm-none-eabi/4.9.3/armv6-m\libgcc.a(eqsf2.o)
                0x000077a8                __eqsf2
                0x000077a8                __nesf2
 .text          0x000077fc       0x94 c:/program files (x86)/cypress/psoc creator/3.3/psoc creator/import/gnu/arm/4.9.3/bin/../lib/gcc/arm-none-eabi/4.9.3/armv6-m\libgcc.a(gesf2.o)
                0x000077fc                __gesf2
                0x000077fc                __gtsf2
 .text          0x00007890       0x8c c:/program files (x86)/cypress/psoc creator/3.3/psoc creator/import/gnu/arm/4.9.3/bin/../lib/gcc/arm-none-eabi/4.9.3/armv6-m\libgcc.a(lesf2.o)
                0x00007890                __ltsf2
                0x00007890                __lesf2
 .text          0x0000791c       0x18 c:/program files (x86)/cypress/psoc creator/3.3/psoc creator/import/gnu/arm/4.9.3/bin/../lib/gcc/arm-none-eabi/4.9.3/armv6-m\libgcc.a(_clzdi2.o)
                0x0000791c                __clzdi2
 .text.__errno  0x00007934        0xc c:/program files (x86)/cypress/psoc creator/3.3/psoc creator/import/gnu/arm/4.9.3/bin/../lib/gcc/arm-none-eabi/4.9.3/../../../../arm-none-eabi/lib/armv6-m\libg.a(lib_a-errno.o)
                0x00007934                __errno
 .text.__libc_init_array
                0x00007940       0x48 c:/program files (x86)/cypress/psoc creator/3.3/psoc creator/import/gnu/arm/4.9.3/bin/../lib/gcc/arm-none-eabi/4.9.3/../../../../arm-none-eabi/lib/armv6-m\libg.a(lib_a-init.o)
                0x00007940                __libc_init_array
 .text.memcpy   0x00007988       0x7c c:/program files (x86)/cypress/psoc creator/3.3/psoc creator/import/gnu/arm/4.9.3/bin/../lib/gcc/arm-none-eabi/4.9.3/../../../../arm-none-eabi/lib/armv6-m\libg.a(lib_a-memcpy.o)
                0x00007988                memcpy
 .text.memset   0x00007a04       0x8c c:/program files (x86)/cypress/psoc creator/3.3/psoc creator/import/gnu/arm/4.9.3/bin/../lib/gcc/arm-none-eabi/4.9.3/../../../../arm-none-eabi/lib/armv6-m\libg.a(lib_a-memset.o)
                0x00007a04                memset
 .text.snprintf
                0x00007a90       0x84 c:/program files (x86)/cypress/psoc creator/3.3/psoc creator/import/gnu/arm/4.9.3/bin/../lib/gcc/arm-none-eabi/4.9.3/../../../../arm-none-eabi/lib/armv6-m\libg.a(lib_a-snprintf.o)
                0x00007a90                snprintf
 .text._svfprintf_r
                0x00007b14     0x14e4 c:/program files (x86)/cypress/psoc creator/3.3/psoc creator/import/gnu/arm/4.9.3/bin/../lib/gcc/arm-none-eabi/4.9.3/../../../../arm-none-eabi/lib/armv6-m\libg.a(lib_a-svfprintf.o)
                0x00007b14                _svfprintf_r
 .text.startup.register_fini
                0x00008ff8       0x18 c:/program files (x86)/cypress/psoc creator/3.3/psoc creator/import/gnu/arm/4.9.3/bin/../lib/gcc/arm-none-eabi/4.9.3/../../../../arm-none-eabi/lib/armv6-m\libg.a(lib_a-__call_atexit.o)
 .text.atexit   0x00009010       0x10 c:/program files (x86)/cypress/psoc creator/3.3/psoc creator/import/gnu/arm/4.9.3/bin/../lib/gcc/arm-none-eabi/4.9.3/../../../../arm-none-eabi/lib/armv6-m\libg.a(lib_a-atexit.o)
                0x00009010                atexit
 .text.quorem   0x00009020      0x158 c:/program files (x86)/cypress/psoc creator/3.3/psoc creator/import/gnu/arm/4.9.3/bin/../lib/gcc/arm-none-eabi/4.9.3/../../../../arm-none-eabi/lib/armv6-m\libg.a(lib_a-dtoa.o)
 .text._dtoa_r  0x00009178      0xfb4 c:/program files (x86)/cypress/psoc creator/3.3/psoc creator/import/gnu/arm/4.9.3/bin/../lib/gcc/arm-none-eabi/4.9.3/../../../../arm-none-eabi/lib/armv6-m\libg.a(lib_a-dtoa.o)
                0x00009178                _dtoa_r
 .text.__libc_fini_array
                0x0000a12c       0x34 c:/program files (x86)/cypress/psoc creator/3.3/psoc creator/import/gnu/arm/4.9.3/bin/../lib/gcc/arm-none-eabi/4.9.3/../../../../arm-none-eabi/lib/armv6-m\libg.a(lib_a-fini.o)
                0x0000a12c                __libc_fini_array
 .text._localeconv_r
                0x0000a160        0x8 c:/program files (x86)/cypress/psoc creator/3.3/psoc creator/import/gnu/arm/4.9.3/bin/../lib/gcc/arm-none-eabi/4.9.3/../../../../arm-none-eabi/lib/armv6-m\libg.a(lib_a-locale.o)
                0x0000a160                _localeconv_r
 .text._malloc_r
                0x0000a168      0x53c c:/program files (x86)/cypress/psoc creator/3.3/psoc creator/import/gnu/arm/4.9.3/bin/../lib/gcc/arm-none-eabi/4.9.3/../../../../arm-none-eabi/lib/armv6-m\libg.a(lib_a-mallocr.o)
                0x0000a168                _malloc_r
 .text.memchr   0x0000a6a4       0x84 c:/program files (x86)/cypress/psoc creator/3.3/psoc creator/import/gnu/arm/4.9.3/bin/../lib/gcc/arm-none-eabi/4.9.3/../../../../arm-none-eabi/lib/armv6-m\libg.a(lib_a-memchr.o)
                0x0000a6a4                memchr
 .text.__malloc_lock
                0x0000a728        0x4 c:/program files (x86)/cypress/psoc creator/3.3/psoc creator/import/gnu/arm/4.9.3/bin/../lib/gcc/arm-none-eabi/4.9.3/../../../../arm-none-eabi/lib/armv6-m\libg.a(lib_a-mlock.o)
                0x0000a728                __malloc_lock
 .text.__malloc_unlock
                0x0000a72c        0x4 c:/program files (x86)/cypress/psoc creator/3.3/psoc creator/import/gnu/arm/4.9.3/bin/../lib/gcc/arm-none-eabi/4.9.3/../../../../arm-none-eabi/lib/armv6-m\libg.a(lib_a-mlock.o)
                0x0000a72c                __malloc_unlock
 .text._Balloc  0x0000a730       0x50 c:/program files (x86)/cypress/psoc creator/3.3/psoc creator/import/gnu/arm/4.9.3/bin/../lib/gcc/arm-none-eabi/4.9.3/../../../../arm-none-eabi/lib/armv6-m\libg.a(lib_a-mprec.o)
                0x0000a730                _Balloc
 .text._Bfree   0x0000a780       0x14 c:/program files (x86)/cypress/psoc creator/3.3/psoc creator/import/gnu/arm/4.9.3/bin/../lib/gcc/arm-none-eabi/4.9.3/../../../../arm-none-eabi/lib/armv6-m\libg.a(lib_a-mprec.o)
                0x0000a780                _Bfree
 .text.__multadd
                0x0000a794       0x8c c:/program files (x86)/cypress/psoc creator/3.3/psoc creator/import/gnu/arm/4.9.3/bin/../lib/gcc/arm-none-eabi/4.9.3/../../../../arm-none-eabi/lib/armv6-m\libg.a(lib_a-mprec.o)
                0x0000a794                __multadd
 .text.__hi0bits
                0x0000a820       0x3c c:/program files (x86)/cypress/psoc creator/3.3/psoc creator/import/gnu/arm/4.9.3/bin/../lib/gcc/arm-none-eabi/4.9.3/../../../../arm-none-eabi/lib/armv6-m\libg.a(lib_a-mprec.o)
                0x0000a820                __hi0bits
 .text.__lo0bits
                0x0000a85c       0x5c c:/program files (x86)/cypress/psoc creator/3.3/psoc creator/import/gnu/arm/4.9.3/bin/../lib/gcc/arm-none-eabi/4.9.3/../../../../arm-none-eabi/lib/armv6-m\libg.a(lib_a-mprec.o)
                0x0000a85c                __lo0bits
 .text.__i2b    0x0000a8b8       0x14 c:/program files (x86)/cypress/psoc creator/3.3/psoc creator/import/gnu/arm/4.9.3/bin/../lib/gcc/arm-none-eabi/4.9.3/../../../../arm-none-eabi/lib/armv6-m\libg.a(lib_a-mprec.o)
                0x0000a8b8                __i2b
 .text.__multiply
                0x0000a8cc      0x15c c:/program files (x86)/cypress/psoc creator/3.3/psoc creator/import/gnu/arm/4.9.3/bin/../lib/gcc/arm-none-eabi/4.9.3/../../../../arm-none-eabi/lib/armv6-m\libg.a(lib_a-mprec.o)
                0x0000a8cc                __multiply
 .text.__pow5mult
                0x0000aa28       0xbc c:/program files (x86)/cypress/psoc creator/3.3/psoc creator/import/gnu/arm/4.9.3/bin/../lib/gcc/arm-none-eabi/4.9.3/../../../../arm-none-eabi/lib/armv6-m\libg.a(lib_a-mprec.o)
                0x0000aa28                __pow5mult
 .text.__lshift
                0x0000aae4       0xcc c:/program files (x86)/cypress/psoc creator/3.3/psoc creator/import/gnu/arm/4.9.3/bin/../lib/gcc/arm-none-eabi/4.9.3/../../../../arm-none-eabi/lib/armv6-m\libg.a(lib_a-mprec.o)
                0x0000aae4                __lshift
 .text.__mcmp   0x0000abb0       0x38 c:/program files (x86)/cypress/psoc creator/3.3/psoc creator/import/gnu/arm/4.9.3/bin/../lib/gcc/arm-none-eabi/4.9.3/../../../../arm-none-eabi/lib/armv6-m\libg.a(lib_a-mprec.o)
                0x0000abb0                __mcmp
 .text.__mdiff  0x0000abe8       0xec c:/program files (x86)/cypress/psoc creator/3.3/psoc creator/import/gnu/arm/4.9.3/bin/../lib/gcc/arm-none-eabi/4.9.3/../../../../arm-none-eabi/lib/armv6-m\libg.a(lib_a-mprec.o)
                0x0000abe8                __mdiff
 .text.__d2b    0x0000acd4       0xbc c:/program files (x86)/cypress/psoc creator/3.3/psoc creator/import/gnu/arm/4.9.3/bin/../lib/gcc/arm-none-eabi/4.9.3/../../../../arm-none-eabi/lib/armv6-m\libg.a(lib_a-mprec.o)
                0x0000acd4                __d2b
 .text._sbrk_r  0x0000ad90       0x24 c:/program files (x86)/cypress/psoc creator/3.3/psoc creator/import/gnu/arm/4.9.3/bin/../lib/gcc/arm-none-eabi/4.9.3/../../../../arm-none-eabi/lib/armv6-m\libg.a(lib_a-sbrkr.o)
                0x0000ad90                _sbrk_r
 .text.strlen   0x0000adb4       0x68 c:/program files (x86)/cypress/psoc creator/3.3/psoc creator/import/gnu/arm/4.9.3/bin/../lib/gcc/arm-none-eabi/4.9.3/../../../../arm-none-eabi/lib/armv6-m\libg.a(lib_a-strlen.o)
                0x0000adb4                strlen
 .text.__ssprint_r
                0x0000ae1c      0x12c c:/program files (x86)/cypress/psoc creator/3.3/psoc creator/import/gnu/arm/4.9.3/bin/../lib/gcc/arm-none-eabi/4.9.3/../../../../arm-none-eabi/lib/armv6-m\libg.a(lib_a-svfiprintf.o)
                0x0000ae1c                __ssprint_r
 .text.__register_exitproc
                0x0000af48       0xd4 c:/program files (x86)/cypress/psoc creator/3.3/psoc creator/import/gnu/arm/4.9.3/bin/../lib/gcc/arm-none-eabi/4.9.3/../../../../arm-none-eabi/lib/armv6-m\libg.a(lib_a-__atexit.o)
                0x0000af48                __register_exitproc
 .text._calloc_r
                0x0000b01c       0x60 c:/program files (x86)/cypress/psoc creator/3.3/psoc creator/import/gnu/arm/4.9.3/bin/../lib/gcc/arm-none-eabi/4.9.3/../../../../arm-none-eabi/lib/armv6-m\libg.a(lib_a-callocr.o)
                0x0000b01c                _calloc_r
 .text._malloc_trim_r
                0x0000b07c       0xa0 c:/program files (x86)/cypress/psoc creator/3.3/psoc creator/import/gnu/arm/4.9.3/bin/../lib/gcc/arm-none-eabi/4.9.3/../../../../arm-none-eabi/lib/armv6-m\libg.a(lib_a-freer.o)
                0x0000b07c                _malloc_trim_r
 .text._free_r  0x0000b11c      0x1b0 c:/program files (x86)/cypress/psoc creator/3.3/psoc creator/import/gnu/arm/4.9.3/bin/../lib/gcc/arm-none-eabi/4.9.3/../../../../arm-none-eabi/lib/armv6-m\libg.a(lib_a-freer.o)
                0x0000b11c                _free_r
 .text.memmove  0x0000b2cc       0x98 c:/program files (x86)/cypress/psoc creator/3.3/psoc creator/import/gnu/arm/4.9.3/bin/../lib/gcc/arm-none-eabi/4.9.3/../../../../arm-none-eabi/lib/armv6-m\libg.a(lib_a-memmove.o)
                0x0000b2cc                memmove
 .text._realloc_r
                0x0000b364      0x3d0 c:/program files (x86)/cypress/psoc creator/3.3/psoc creator/import/gnu/arm/4.9.3/bin/../lib/gcc/arm-none-eabi/4.9.3/../../../../arm-none-eabi/lib/armv6-m\libg.a(lib_a-reallocr.o)
                0x0000b364                _realloc_r
 .text          0x0000b734       0x40 c:/program files (x86)/cypress/psoc creator/3.3/psoc creator/import/gnu/arm/4.9.3/bin/../lib/gcc/arm-none-eabi/4.9.3/armv6-m\libgcc.a(_aeabi_uldivmod.o)
                0x0000b734                __aeabi_uldivmod
 .text          0x0000b774       0x64 c:/program files (x86)/cypress/psoc creator/3.3/psoc creator/import/gnu/arm/4.9.3/bin/../lib/gcc/arm-none-eabi/4.9.3/armv6-m\libgcc.a(floatunsidf.o)
                0x0000b774                __aeabi_ui2d
 *(.plt)
 *(.gnu.warning)
 *(.glue_7t)
 .glue_7t       0x00000000        0x0 linker stubs
 *(.glue_7)
 .glue_7        0x00000000        0x0 linker stubs
 *(.vfp11_veneer)
 .vfp11_veneer  0x00000000        0x0 linker stubs
 *(.bootloader)
 *(.ARM.extab* .gnu.linkonce.armextab.*)
 *(.gcc_except_table)

.v4_bx          0x0000b7d8        0x0
 .v4_bx         0x00000000        0x0 linker stubs

.iplt           0x0000b7d8        0x0
 .iplt          0x00000000        0x0 c:/program files (x86)/cypress/psoc creator/3.3/psoc creator/import/gnu/arm/4.9.3/bin/../lib/gcc/arm-none-eabi/4.9.3/armv6-m/crtbegin.o

.eh_frame_hdr
 *(.eh_frame_hdr)

.eh_frame       0x0000b7d8        0x4
 *(.eh_frame)
 .eh_frame      0x0000b7d8        0x0 c:/program files (x86)/cypress/psoc creator/3.3/psoc creator/import/gnu/arm/4.9.3/bin/../lib/gcc/arm-none-eabi/4.9.3/armv6-m/crtbegin.o
 .eh_frame      0x0000b7d8        0x0 c:/program files (x86)/cypress/psoc creator/3.3/psoc creator/import/gnu/arm/4.9.3/bin/../lib/gcc/arm-none-eabi/4.9.3/../../../../arm-none-eabi/lib/armv6-m\libg.a(lib_a-strcmp.o)
                                 0x28 (size before relaxing)
 .eh_frame      0x0000b7d8        0x4 c:/program files (x86)/cypress/psoc creator/3.3/psoc creator/import/gnu/arm/4.9.3/bin/../lib/gcc/arm-none-eabi/4.9.3/armv6-m/crtend.o
                0x0000b7dc                PROVIDE (__exidx_start, .)

.ARM.exidx      0x0000b7dc        0x8
 *(.ARM.exidx* .gnu.linkonce.armexidx.*)
 .ARM.exidx     0x0000b7dc        0x8 c:/program files (x86)/cypress/psoc creator/3.3/psoc creator/import/gnu/arm/4.9.3/bin/../lib/gcc/arm-none-eabi/4.9.3/armv6-m\libgcc.a(_divdi3.o)
 .ARM.exidx     0x0000b7e4        0x0 c:/program files (x86)/cypress/psoc creator/3.3/psoc creator/import/gnu/arm/4.9.3/bin/../lib/gcc/arm-none-eabi/4.9.3/armv6-m\libgcc.a(_udivdi3.o)
                                  0x8 (size before relaxing)
                0x0000b7e4                __exidx_end = .

.rodata         0x0000b7e8      0x7e8
 *(.rodata .rodata.* .gnu.linkonce.r.*)
 .rodata        0x0000b7e8       0x10 .\CortexM0\ARM_GCC_493\Debug\encoder.o
 .rodata.cst2   0x0000b7f8        0x2 .\CortexM0\ARM_GCC_493\Debug\motor.o
 *fill*         0x0000b7fa        0x2 
 .rodata        0x0000b7fc       0x10 .\CortexM0\ARM_GCC_493\Debug\ultrasonic.o
 .rodata.str1.4
                0x0000b80c       0x54 .\CortexM0\ARM_GCC_493\Debug\pid.o
 .rodata.cst2   0x0000b860        0x2 .\CortexM0\ARM_GCC_493\Debug\infrared.o
                                  0x4 (size before relaxing)
 *fill*         0x0000b862        0x2 
 .rodata        0x0000b864       0xc0 .\CortexM0\ARM_GCC_493\Debug\Board1-RPi.a(cyfitter_cfg.o)
 .rodata        0x0000b924       0x30 .\CortexM0\ARM_GCC_493\Debug\Board1-RPi.a(CyLib.o)
                0x0000b924                cyImoFreqMhz2Reg
 .rodata.str1.4
                0x0000b954        0x4 c:/program files (x86)/cypress/psoc creator/3.3/psoc creator/import/gnu/arm/4.9.3/bin/../lib/gcc/arm-none-eabi/4.9.3/../../../../arm-none-eabi/lib/armv6-m\libm.a(lib_a-w_pow.o)
 .rodata.dp_h   0x0000b958       0x10 c:/program files (x86)/cypress/psoc creator/3.3/psoc creator/import/gnu/arm/4.9.3/bin/../lib/gcc/arm-none-eabi/4.9.3/../../../../arm-none-eabi/lib/armv6-m\libm.a(lib_a-e_pow.o)
 .rodata.dp_l   0x0000b968       0x10 c:/program files (x86)/cypress/psoc creator/3.3/psoc creator/import/gnu/arm/4.9.3/bin/../lib/gcc/arm-none-eabi/4.9.3/../../../../arm-none-eabi/lib/armv6-m\libm.a(lib_a-e_pow.o)
 .rodata.bp     0x0000b978       0x10 c:/program files (x86)/cypress/psoc creator/3.3/psoc creator/import/gnu/arm/4.9.3/bin/../lib/gcc/arm-none-eabi/4.9.3/../../../../arm-none-eabi/lib/armv6-m\libm.a(lib_a-e_pow.o)
 .rodata.str1.4
                0x00000000        0x4 c:/program files (x86)/cypress/psoc creator/3.3/psoc creator/import/gnu/arm/4.9.3/bin/../lib/gcc/arm-none-eabi/4.9.3/../../../../arm-none-eabi/lib/armv6-m\libm.a(lib_a-e_pow.o)
 .rodata.npio2_hw
                0x0000b988       0x80 c:/program files (x86)/cypress/psoc creator/3.3/psoc creator/import/gnu/arm/4.9.3/bin/../lib/gcc/arm-none-eabi/4.9.3/../../../../arm-none-eabi/lib/armv6-m\libm.a(lib_a-e_rem_pio2.o)
 .rodata.two_over_pi
                0x0000ba08      0x108 c:/program files (x86)/cypress/psoc creator/3.3/psoc creator/import/gnu/arm/4.9.3/bin/../lib/gcc/arm-none-eabi/4.9.3/../../../../arm-none-eabi/lib/armv6-m\libm.a(lib_a-e_rem_pio2.o)
 .rodata.init_jk
                0x0000bb10       0x10 c:/program files (x86)/cypress/psoc creator/3.3/psoc creator/import/gnu/arm/4.9.3/bin/../lib/gcc/arm-none-eabi/4.9.3/../../../../arm-none-eabi/lib/armv6-m\libm.a(lib_a-k_rem_pio2.o)
 .rodata.PIo2   0x0000bb20       0x40 c:/program files (x86)/cypress/psoc creator/3.3/psoc creator/import/gnu/arm/4.9.3/bin/../lib/gcc/arm-none-eabi/4.9.3/../../../../arm-none-eabi/lib/armv6-m\libm.a(lib_a-k_rem_pio2.o)
 .rodata.TWO52  0x0000bb60       0x10 c:/program files (x86)/cypress/psoc creator/3.3/psoc creator/import/gnu/arm/4.9.3/bin/../lib/gcc/arm-none-eabi/4.9.3/../../../../arm-none-eabi/lib/armv6-m\libm.a(lib_a-s_rint.o)
 .rodata        0x0000bb70       0x80 c:/program files (x86)/cypress/psoc creator/3.3/psoc creator/import/gnu/arm/4.9.3/bin/../lib/gcc/arm-none-eabi/4.9.3/armv6-m\libgcc.a(divsf3.o)
 .rodata        0x0000bbf0       0x40 c:/program files (x86)/cypress/psoc creator/3.3/psoc creator/import/gnu/arm/4.9.3/bin/../lib/gcc/arm-none-eabi/4.9.3/armv6-m\libgcc.a(mulsf3.o)
 .rodata        0x0000bc30       0x40 c:/program files (x86)/cypress/psoc creator/3.3/psoc creator/import/gnu/arm/4.9.3/bin/../lib/gcc/arm-none-eabi/4.9.3/armv6-m\libgcc.a(divdf3.o)
 .rodata        0x0000bc70       0x40 c:/program files (x86)/cypress/psoc creator/3.3/psoc creator/import/gnu/arm/4.9.3/bin/../lib/gcc/arm-none-eabi/4.9.3/armv6-m\libgcc.a(muldf3.o)
 .rodata.str1.4
                0x0000bcb0        0x2 c:/program files (x86)/cypress/psoc creator/3.3/psoc creator/import/gnu/arm/4.9.3/bin/../lib/gcc/arm-none-eabi/4.9.3/../../../../arm-none-eabi/lib/armv6-m\libg.a(lib_a-impure.o)
                                  0x4 (size before relaxing)
 *fill*         0x0000bcb2        0x2 
 .rodata._global_impure_ptr
                0x0000bcb4        0x4 c:/program files (x86)/cypress/psoc creator/3.3/psoc creator/import/gnu/arm/4.9.3/bin/../lib/gcc/arm-none-eabi/4.9.3/../../../../arm-none-eabi/lib/armv6-m\libg.a(lib_a-impure.o)
                0x0000bcb4                _global_impure_ptr
 .rodata._svfprintf_r
                0x0000bcb8      0x164 c:/program files (x86)/cypress/psoc creator/3.3/psoc creator/import/gnu/arm/4.9.3/bin/../lib/gcc/arm-none-eabi/4.9.3/../../../../arm-none-eabi/lib/armv6-m\libg.a(lib_a-svfprintf.o)
 .rodata.zeroes.6916
                0x0000be1c       0x10 c:/program files (x86)/cypress/psoc creator/3.3/psoc creator/import/gnu/arm/4.9.3/bin/../lib/gcc/arm-none-eabi/4.9.3/../../../../arm-none-eabi/lib/armv6-m\libg.a(lib_a-svfprintf.o)
 .rodata.str1.4
                0x0000be2c       0x42 c:/program files (x86)/cypress/psoc creator/3.3/psoc creator/import/gnu/arm/4.9.3/bin/../lib/gcc/arm-none-eabi/4.9.3/../../../../arm-none-eabi/lib/armv6-m\libg.a(lib_a-svfprintf.o)
                                 0x44 (size before relaxing)
 *fill*         0x0000be6e        0x2 
 .rodata.blanks.6915
                0x0000be70       0x10 c:/program files (x86)/cypress/psoc creator/3.3/psoc creator/import/gnu/arm/4.9.3/bin/../lib/gcc/arm-none-eabi/4.9.3/../../../../arm-none-eabi/lib/armv6-m\libg.a(lib_a-svfprintf.o)
 .rodata.str1.4
                0x0000be80       0x10 c:/program files (x86)/cypress/psoc creator/3.3/psoc creator/import/gnu/arm/4.9.3/bin/../lib/gcc/arm-none-eabi/4.9.3/../../../../arm-none-eabi/lib/armv6-m\libg.a(lib_a-dtoa.o)
                                 0x14 (size before relaxing)
 .rodata.str1.4
                0x0000be90        0xc c:/program files (x86)/cypress/psoc creator/3.3/psoc creator/import/gnu/arm/4.9.3/bin/../lib/gcc/arm-none-eabi/4.9.3/../../../../arm-none-eabi/lib/armv6-m\libg.a(lib_a-locale.o)
                                 0x14 (size before relaxing)
 .rodata.p05.5296
                0x0000be9c        0xc c:/program files (x86)/cypress/psoc creator/3.3/psoc creator/import/gnu/arm/4.9.3/bin/../lib/gcc/arm-none-eabi/4.9.3/../../../../arm-none-eabi/lib/armv6-m\libg.a(lib_a-mprec.o)
 .rodata.__mprec_tens
                0x0000bea8       0xc8 c:/program files (x86)/cypress/psoc creator/3.3/psoc creator/import/gnu/arm/4.9.3/bin/../lib/gcc/arm-none-eabi/4.9.3/../../../../arm-none-eabi/lib/armv6-m\libg.a(lib_a-mprec.o)
                0x0000bea8                __mprec_tens
 .rodata.__mprec_bigtens
                0x0000bf70       0x28 c:/program files (x86)/cypress/psoc creator/3.3/psoc creator/import/gnu/arm/4.9.3/bin/../lib/gcc/arm-none-eabi/4.9.3/../../../../arm-none-eabi/lib/armv6-m\libg.a(lib_a-mprec.o)
                0x0000bf70                __mprec_bigtens
                0x0000bf98                . = ALIGN (0x4)
 *(.init)
 .init          0x0000bf98        0x4 c:/program files (x86)/cypress/psoc creator/3.3/psoc creator/import/gnu/arm/4.9.3/bin/../lib/gcc/arm-none-eabi/4.9.3/armv6-m/crti.o
                0x0000bf98                _init
 .init          0x0000bf9c        0x8 c:/program files (x86)/cypress/psoc creator/3.3/psoc creator/import/gnu/arm/4.9.3/bin/../lib/gcc/arm-none-eabi/4.9.3/armv6-m/crtn.o
                0x0000bfa4                . = ALIGN (0x4)
                0x0000bfa4                __preinit_array_start = .
 *(.preinit_array)
                0x0000bfa4                __preinit_array_end = .
                0x0000bfa4                . = ALIGN (0x4)
                0x0000bfa4                __init_array_start = .
 *(SORT(.init_array.*))
 .init_array.00000
                0x0000bfa4        0x4 c:/program files (x86)/cypress/psoc creator/3.3/psoc creator/import/gnu/arm/4.9.3/bin/../lib/gcc/arm-none-eabi/4.9.3/../../../../arm-none-eabi/lib/armv6-m\libg.a(lib_a-__call_atexit.o)
 *(.init_array)
 .init_array    0x0000bfa8        0x4 c:/program files (x86)/cypress/psoc creator/3.3/psoc creator/import/gnu/arm/4.9.3/bin/../lib/gcc/arm-none-eabi/4.9.3/armv6-m/crtbegin.o
 .init_array    0x0000bfac        0x4 .\CortexM0\ARM_GCC_493\Debug\Cm0Start.o
                0x0000bfb0                __init_array_end = .
                0x0000bfb0                . = ALIGN (0x4)
 *(.fini)
 .fini          0x0000bfb0        0x4 c:/program files (x86)/cypress/psoc creator/3.3/psoc creator/import/gnu/arm/4.9.3/bin/../lib/gcc/arm-none-eabi/4.9.3/armv6-m/crti.o
                0x0000bfb0                _fini
 .fini          0x0000bfb4        0x8 c:/program files (x86)/cypress/psoc creator/3.3/psoc creator/import/gnu/arm/4.9.3/bin/../lib/gcc/arm-none-eabi/4.9.3/armv6-m/crtn.o
                0x0000bfbc                . = ALIGN (0x4)
                0x0000bfbc                __fini_array_start = .
 *(.fini_array)
 .fini_array    0x0000bfbc        0x4 c:/program files (x86)/cypress/psoc creator/3.3/psoc creator/import/gnu/arm/4.9.3/bin/../lib/gcc/arm-none-eabi/4.9.3/armv6-m/crtbegin.o
 *(SORT(.fini_array.*))
                0x0000bfc0                __fini_array_end = .
                0x0000bfc0                . = ALIGN (0x4)
 *crtbegin.o(.ctors)
 *(EXCLUDE_FILE(*crtend.o) .ctors)
 *(SORT(.ctors.*))
 *crtend.o(.ctors)
                0x0000bfc0                . = ALIGN (0x4)
 *crtbegin.o(.dtors)
 *(EXCLUDE_FILE(*crtend.o) .dtors)
 *(SORT(.dtors.*))
 *crtend.o(.dtors)
                0x0000bfc0                . = ALIGN (0x4)
                0x0000bfc0                __cy_regions = .
                0x0000bfc0        0x4 LONG 0xbfd0 __cy_region_init_ram
                0x0000bfc4        0x4 LONG 0x200000c8 __cy_region_start_data
                0x0000bfc8        0x4 LONG 0x8d8 __cy_region_init_size_ram
                0x0000bfcc        0x4 LONG 0x3c8 __cy_region_zero_size_ram
                0x0000bfd0                __cy_regions_end = .
                0x0000bfd0                . = ALIGN (0x8)
                0x0000bfd0                _etext = .

.cy_checksum_exclude
                0x0000bfd0        0x0
 *(.cy_checksum_exclude)

.ramvectors     0x20000000       0xc0
                0x20000000                __cy_region_start_ram = .
 *(.ramvectors)
 .ramvectors    0x20000000       0xc0 .\CortexM0\ARM_GCC_493\Debug\Cm0Start.o
                0x20000000                CyRamVectors

.noinit         0x200000c0        0x4
 *(.noinit)
 .noinit        0x200000c0        0x4 .\CortexM0\ARM_GCC_493\Debug\Cm0Start.o

.data           0x200000c8      0x8d8 load address 0x0000bfd0
                0x200000c8                __cy_region_start_data = .
 *(.jcr)
 .jcr           0x200000c8        0x0 c:/program files (x86)/cypress/psoc creator/3.3/psoc creator/import/gnu/arm/4.9.3/bin/../lib/gcc/arm-none-eabi/4.9.3/armv6-m/crtbegin.o
 .jcr           0x200000c8        0x4 c:/program files (x86)/cypress/psoc creator/3.3/psoc creator/import/gnu/arm/4.9.3/bin/../lib/gcc/arm-none-eabi/4.9.3/armv6-m/crtend.o
 *(.got.plt)
 *(.got)
 *(.shdata)
 *(.data .data.* .gnu.linkonce.d.*)
 *fill*         0x200000cc        0x4 
 .data          0x200000d0       0x38 .\CortexM0\ARM_GCC_493\Debug\pid.o
 .data          0x20000108        0x4 .\CortexM0\ARM_GCC_493\Debug\Cm0Start.o
 .data          0x2000010c       0x10 .\CortexM0\ARM_GCC_493\Debug\Board1-RPi.a(CyLib.o)
                0x2000010c                cydelay32kMs
                0x20000110                cydelayFreqKhz
                0x20000114                cydelayFreqMhz
                0x20000118                cydelayFreqHz
 .data          0x2000011c        0x4 .\CortexM0\ARM_GCC_493\Debug\Board1-RPi.a(CyLFClk.o)
 .data.__fdlib_version
                0x20000120        0x1 c:/program files (x86)/cypress/psoc creator/3.3/psoc creator/import/gnu/arm/4.9.3/bin/../lib/gcc/arm-none-eabi/4.9.3/../../../../arm-none-eabi/lib/armv6-m\libm.a(lib_a-s_lib_ver.o)
                0x20000120                __fdlib_version
 *fill*         0x20000121        0x7 
 .data.impure_data
                0x20000128      0x428 c:/program files (x86)/cypress/psoc creator/3.3/psoc creator/import/gnu/arm/4.9.3/bin/../lib/gcc/arm-none-eabi/4.9.3/../../../../arm-none-eabi/lib/armv6-m\libg.a(lib_a-impure.o)
 .data._impure_ptr
                0x20000550        0x4 c:/program files (x86)/cypress/psoc creator/3.3/psoc creator/import/gnu/arm/4.9.3/bin/../lib/gcc/arm-none-eabi/4.9.3/../../../../arm-none-eabi/lib/armv6-m\libg.a(lib_a-impure.o)
                0x20000550                _impure_ptr
 .data.lconv    0x20000554       0x38 c:/program files (x86)/cypress/psoc creator/3.3/psoc creator/import/gnu/arm/4.9.3/bin/../lib/gcc/arm-none-eabi/4.9.3/../../../../arm-none-eabi/lib/armv6-m\libg.a(lib_a-locale.o)
 .data.__malloc_av_
                0x2000058c      0x408 c:/program files (x86)/cypress/psoc creator/3.3/psoc creator/import/gnu/arm/4.9.3/bin/../lib/gcc/arm-none-eabi/4.9.3/../../../../arm-none-eabi/lib/armv6-m\libg.a(lib_a-mallocr.o)
                0x2000058c                __malloc_av_
 .data.__malloc_trim_threshold
                0x20000994        0x4 c:/program files (x86)/cypress/psoc creator/3.3/psoc creator/import/gnu/arm/4.9.3/bin/../lib/gcc/arm-none-eabi/4.9.3/../../../../arm-none-eabi/lib/armv6-m\libg.a(lib_a-mallocr.o)
                0x20000994                __malloc_trim_threshold
 .data.__malloc_sbrk_base
                0x20000998        0x4 c:/program files (x86)/cypress/psoc creator/3.3/psoc creator/import/gnu/arm/4.9.3/bin/../lib/gcc/arm-none-eabi/4.9.3/../../../../arm-none-eabi/lib/armv6-m\libg.a(lib_a-mallocr.o)
                0x20000998                __malloc_sbrk_base
                0x200009a0                . = ALIGN (0x8)
 *fill*         0x2000099c        0x4 
 *(.ram)
                0x200009a0                _edata = .

.igot.plt       0x200009a0        0x0 load address 0x0000c8a8
 .igot.plt      0x00000000        0x0 c:/program files (x86)/cypress/psoc creator/3.3/psoc creator/import/gnu/arm/4.9.3/bin/../lib/gcc/arm-none-eabi/4.9.3/armv6-m/crtbegin.o

.bss            0x200009a0      0x3c8 load address 0x0000c8a8
                0x200009a0                PROVIDE (__bss_start__, .)
 *(.shbss)
 *(.bss .bss.* .gnu.linkonce.b.*)
 .bss           0x200009a0       0x1c c:/program files (x86)/cypress/psoc creator/3.3/psoc creator/import/gnu/arm/4.9.3/bin/../lib/gcc/arm-none-eabi/4.9.3/armv6-m/crtbegin.o
 .bss           0x200009bc       0x14 .\CortexM0\ARM_GCC_493\Debug\encoder.o
 .bss           0x200009d0       0x4c .\CortexM0\ARM_GCC_493\Debug\ultrasonic.o
 .bss           0x20000a1c       0x14 .\CortexM0\ARM_GCC_493\Debug\pid.o
 .bss           0x20000a30       0x3c .\CortexM0\ARM_GCC_493\Debug\i2c.o
 .bss           0x20000a6c        0x4 .\CortexM0\ARM_GCC_493\Debug\control.o
 .bss           0x20000a70        0x4 .\CortexM0\ARM_GCC_493\Debug\time.o
 .bss           0x20000a74        0x8 .\CortexM0\ARM_GCC_493\Debug\infrared.o
 .bss           0x20000a7c       0x20 .\CortexM0\ARM_GCC_493\Debug\odom.o
 .bss           0x20000a9c       0x18 .\CortexM0\ARM_GCC_493\Debug\Board1-RPi.a(CyLib.o)
                0x20000ab0                CySysTickInitVar
 .bss           0x20000ab4       0x1c .\CortexM0\ARM_GCC_493\Debug\Board1-RPi.a(CyLFClk.o)
 .bss           0x20000ad0        0x1 .\CortexM0\ARM_GCC_493\Debug\Board1-RPi.a(HB25_PWM.o)
                0x20000ad0                HB25_PWM_initVar
 *fill*         0x20000ad1        0x3 
 .bss           0x20000ad4        0x8 .\CortexM0\ARM_GCC_493\Debug\Board1-RPi.a(UARTCOMMS.o)
                0x20000ad4                UARTCOMMS_initVar
                0x20000ad8                UARTCOMMS_customIntrHandler
 .bss           0x20000adc        0x8 .\CortexM0\ARM_GCC_493\Debug\Board1-RPi.a(EZI2C_Slave.o)
                0x20000adc                EZI2C_Slave_initVar
                0x20000ae0                EZI2C_Slave_customIntrHandler
 .bss           0x20000ae4        0x2 .\CortexM0\ARM_GCC_493\Debug\Board1-RPi.a(EZI2C_Slave_EZI2C_INT.o)
 *fill*         0x20000ae6        0x2 
 .bss           0x20000ae8        0x8 .\CortexM0\ARM_GCC_493\Debug\Board1-RPi.a(I2C_Master.o)
                0x20000ae8                I2C_Master_initVar
                0x20000aec                I2C_Master_customIntrHandler
 .bss.__malloc_max_total_mem
                0x20000af0        0x4 c:/program files (x86)/cypress/psoc creator/3.3/psoc creator/import/gnu/arm/4.9.3/bin/../lib/gcc/arm-none-eabi/4.9.3/../../../../arm-none-eabi/lib/armv6-m\libg.a(lib_a-mallocr.o)
                0x20000af0                __malloc_max_total_mem
 .bss.__malloc_max_sbrked_mem
                0x20000af4        0x4 c:/program files (x86)/cypress/psoc creator/3.3/psoc creator/import/gnu/arm/4.9.3/bin/../lib/gcc/arm-none-eabi/4.9.3/../../../../arm-none-eabi/lib/armv6-m\libg.a(lib_a-mallocr.o)
                0x20000af4                __malloc_max_sbrked_mem
 .bss.__malloc_top_pad
                0x20000af8        0x4 c:/program files (x86)/cypress/psoc creator/3.3/psoc creator/import/gnu/arm/4.9.3/bin/../lib/gcc/arm-none-eabi/4.9.3/../../../../arm-none-eabi/lib/armv6-m\libg.a(lib_a-mallocr.o)
                0x20000af8                __malloc_top_pad
 .bss.__malloc_current_mallinfo
                0x20000afc       0x28 c:/program files (x86)/cypress/psoc creator/3.3/psoc creator/import/gnu/arm/4.9.3/bin/../lib/gcc/arm-none-eabi/4.9.3/../../../../arm-none-eabi/lib/armv6-m\libg.a(lib_a-mallocr.o)
                0x20000afc                __malloc_current_mallinfo
 *(COMMON)
 COMMON         0x20000b24      0x100 .\CortexM0\ARM_GCC_493\Debug\encoder.o
                0x20000b24                formatted_string
 COMMON         0x20000c24       0x11 .\CortexM0\ARM_GCC_493\Debug\Board1-RPi.a(EZI2C_Slave_EZI2C.o)
                0x20000c24                EZI2C_Slave_offsetBuf1
                0x20000c28                EZI2C_Slave_dataBuffer1
                0x20000c2c                EZI2C_Slave_indexBuf1
                0x20000c2e                EZI2C_Slave_fsmState
                0x20000c30                EZI2C_Slave_protectBuf1
                0x20000c32                EZI2C_Slave_bufSizeBuf1
                0x20000c34                EZI2C_Slave_curStatus
 COMMON         0x20000c35        0x1 .\CortexM0\ARM_GCC_493\Debug\Board1-RPi.a(I2C_Master_I2C.o)
                0x20000c35                I2C_Master_state
 *fill*         0x20000c36        0x2 
 COMMON         0x20000c38       0x20 .\CortexM0\ARM_GCC_493\Debug\Board1-RPi.a(I2C_Master_I2C_MASTER.o)
                0x20000c38                I2C_Master_mstrWrBufIndexTmp
                0x20000c3c                I2C_Master_mstrRdBufIndex
                0x20000c40                I2C_Master_mstrWrBufIndex
                0x20000c44                I2C_Master_mstrWrBufSize
                0x20000c48                I2C_Master_mstrWrBufPtr
                0x20000c4c                I2C_Master_mstrRdBufPtr
                0x20000c50                I2C_Master_mstrControl
                0x20000c52                I2C_Master_mstrStatus
                0x20000c54                I2C_Master_mstrRdBufSize
 COMMON         0x20000c58      0x108 .\CortexM0\ARM_GCC_493\Debug\Board1-RPi.a(UARTCOMMS_SPI_UART.o)
                0x20000c58                UARTCOMMS_txBufferInternal
                0x20000d58                UARTCOMMS_txBufferTail
                0x20000d5c                UARTCOMMS_txBufferHead
 COMMON         0x20000d60        0x4 c:/program files (x86)/cypress/psoc creator/3.3/psoc creator/import/gnu/arm/4.9.3/bin/../lib/gcc/arm-none-eabi/4.9.3/../../../../arm-none-eabi/lib/armv6-m\libg.a(lib_a-reent.o)
                0x20000d60                errno
                0x20000d68                . = ALIGN (0x8)
 *fill*         0x20000d64        0x4 
 *(.ram.b)
                0x20000d68                _end = .
                0x20000d68                __end = .
                0x20000d68                PROVIDE (end, .)
                0x20000d68                PROVIDE (__bss_end__, .)
                0x0000bfd0                __cy_region_init_ram = LOADADDR (.data)
                0x000008d8                __cy_region_init_size_ram = (_edata - ADDR (.data))
                0x000003c8                __cy_region_zero_size_ram = (_end - _edata)

.heap           0x20000d68     0x1000 load address 0x0000c8a8
                0x20000d68                . = _end
                0x20001d68                . = (. + 0x1000)
 *fill*         0x20000d68     0x1000 
                0x20001d68                __cy_heap_limit = .

.stack          0x20003800      0x800
                0x20003800                __cy_stack_limit = .
                0x20004000                . = (. + 0x800)
 *fill*         0x20003800      0x800 
                0x00000001                ASSERT ((__cy_stack_limit >= __cy_heap_limit), region RAM overflowed with stack)
                0x00000000                cy_checksum_exclude_size = (CY_APPL_LOADABLE == 0x1)?SIZEOF (.cy_checksum_exclude):0x0
                0x00000001                ASSERT ((cy_checksum_exclude_size <= CY_CHECKSUM_EXCLUDE_SIZE), CY_BOOT: Section .cy_checksum_exclude size exceedes specified limit.)
                0x0001ffc0                cyloadermeta_start = (cy_project_type_bootloader || cy_project_type_app_for_stack_and_copier)?(0x20000 - CY_METADATA_SIZE):0xf0000000

.cyloadermeta
 *(.cyloadermeta)
                0x0001ffc0                cyloadablemeta_start = cy_project_type_app_for_stack_and_copier?((0x20000 - CY_FLASH_ROW_SIZE) - CY_METADATA_SIZE):((0x20000 - (CY_FLASH_ROW_SIZE * (CY_APPL_NUM - 0x1))) - CY_METADATA_SIZE)

.cyloadablemeta
 *(.cyloadablemeta)

.cyflashprotect
                0x90400000       0x80
 *(.cyflashprotect)
 .cyflashprotect
                0x90400000       0x80 .\CortexM0\ARM_GCC_493\Debug\cymetadata.o
                0x90400000                cy_meta_flashprotect

.cymeta         0x90500000        0xc
 *(.cymeta)
 .cymeta        0x90500000        0xc .\CortexM0\ARM_GCC_493\Debug\cymetadata.o
                0x90500000                cy_metadata

.cychipprotect  0x90600000        0x4
 *(.cychipprotect)
 .cychipprotect
                0x90600000        0x4 .\CortexM0\ARM_GCC_493\Debug\cymetadata.o
                0x90600000                cy_meta_chipprotect

.rel.dyn        0x0000c8a8        0x0 load address 0x90600004
 .rel.iplt      0x00000000        0x0 c:/program files (x86)/cypress/psoc creator/3.3/psoc creator/import/gnu/arm/4.9.3/bin/../lib/gcc/arm-none-eabi/4.9.3/armv6-m/crtbegin.o

.stab
 *(.stab)

.stabstr
 *(.stabstr)

.debug
 *(.debug)

.line
 *(.line)

.debug_srcinfo
 *(.debug_srcinfo)

.debug_sfnames
 *(.debug_sfnames)

.debug_aranges  0x00000000     0x1090
 *(.debug_aranges)
 .debug_aranges
                0x00000000       0x58 .\CortexM0\ARM_GCC_493\Debug\encoder.o
 .debug_aranges
                0x00000058       0x40 .\CortexM0\ARM_GCC_493\Debug\motor.o
 .debug_aranges
                0x00000098       0x58 .\CortexM0\ARM_GCC_493\Debug\ultrasonic.o
 .debug_aranges
                0x000000f0       0x40 .\CortexM0\ARM_GCC_493\Debug\pid.o
 .debug_aranges
                0x00000130       0x80 .\CortexM0\ARM_GCC_493\Debug\i2c.o
 .debug_aranges
                0x000001b0       0x30 .\CortexM0\ARM_GCC_493\Debug\control.o
 .debug_aranges
                0x000001e0       0x20 .\CortexM0\ARM_GCC_493\Debug\boardmain.o
 .debug_aranges
                0x00000200       0x38 .\CortexM0\ARM_GCC_493\Debug\time.o
 .debug_aranges
                0x00000238       0x38 .\CortexM0\ARM_GCC_493\Debug\infrared.o
 .debug_aranges
                0x00000270       0x60 .\CortexM0\ARM_GCC_493\Debug\utils.o
 .debug_aranges
                0x000002d0       0x28 .\CortexM0\ARM_GCC_493\Debug\debug.o
 .debug_aranges
                0x000002f8       0x38 .\CortexM0\ARM_GCC_493\Debug\odom.o
 .debug_aranges
                0x00000330       0x18 .\CortexM0\ARM_GCC_493\Debug\cymetadata.o
 .debug_aranges
                0x00000348       0x48 .\CortexM0\ARM_GCC_493\Debug\Cm0Start.o
 .debug_aranges
                0x00000390       0x48 .\CortexM0\ARM_GCC_493\Debug\Board1-RPi.a(cyfitter_cfg.o)
 .debug_aranges
                0x000003d8       0x80 .\CortexM0\ARM_GCC_493\Debug\Board1-RPi.a(Encoder_Intr.o)
 .debug_aranges
                0x00000458       0x20 .\CortexM0\ARM_GCC_493\Debug\Board1-RPi.a(CyBootAsmGnu.o)
 .debug_aranges
                0x00000478      0x190 .\CortexM0\ARM_GCC_493\Debug\Board1-RPi.a(CyLib.o)
 .debug_aranges
                0x00000608      0x150 .\CortexM0\ARM_GCC_493\Debug\Board1-RPi.a(CyLFClk.o)
 .debug_aranges
                0x00000758      0x158 .\CortexM0\ARM_GCC_493\Debug\Board1-RPi.a(HB25_PWM.o)
 .debug_aranges
                0x000008b0       0x40 .\CortexM0\ARM_GCC_493\Debug\Board1-RPi.a(Encoder_Pins.o)
 .debug_aranges
                0x000008f0       0xa8 .\CortexM0\ARM_GCC_493\Debug\Board1-RPi.a(ADC_Infrared.o)
 .debug_aranges
                0x00000998       0x20 .\CortexM0\ARM_GCC_493\Debug\Board1-RPi.a(ADC_Infrared_INT.o)
 .debug_aranges
                0x000009b8      0x158 .\CortexM0\ARM_GCC_493\Debug\Board1-RPi.a(HCSR04_Timer.o)
 .debug_aranges
                0x00000b10       0x80 .\CortexM0\ARM_GCC_493\Debug\Board1-RPi.a(HCSR04_Timeout_Intr.o)
 .debug_aranges
                0x00000b90       0x28 .\CortexM0\ARM_GCC_493\Debug\Board1-RPi.a(HCSR04_Control.o)
 .debug_aranges
                0x00000bb8       0x48 .\CortexM0\ARM_GCC_493\Debug\Board1-RPi.a(HCSR04_Trigger_0.o)
 .debug_aranges
                0x00000c00       0x48 .\CortexM0\ARM_GCC_493\Debug\Board1-RPi.a(HCSR04_Trigger_2.o)
 .debug_aranges
                0x00000c48       0x48 .\CortexM0\ARM_GCC_493\Debug\Board1-RPi.a(HCSR04_Trigger_3.o)
 .debug_aranges
                0x00000c90       0x48 .\CortexM0\ARM_GCC_493\Debug\Board1-RPi.a(HCSR04_Trigger_1.o)
 .debug_aranges
                0x00000cd8       0x48 .\CortexM0\ARM_GCC_493\Debug\Board1-RPi.a(HB25_Enable_Pin.o)
 .debug_aranges
                0x00000d20       0x68 .\CortexM0\ARM_GCC_493\Debug\Board1-RPi.a(UARTCOMMS.o)
 .debug_aranges
                0x00000d88       0x68 .\CortexM0\ARM_GCC_493\Debug\Board1-RPi.a(UARTCOMMS_UART.o)
 .debug_aranges
                0x00000df0       0x60 .\CortexM0\ARM_GCC_493\Debug\Board1-RPi.a(EZI2C_Slave.o)
 .debug_aranges
                0x00000e50       0x50 .\CortexM0\ARM_GCC_493\Debug\Board1-RPi.a(EZI2C_Slave_EZI2C.o)
 .debug_aranges
                0x00000ea0       0x20 .\CortexM0\ARM_GCC_493\Debug\Board1-RPi.a(EZI2C_Slave_EZI2C_INT.o)
 .debug_aranges
                0x00000ec0       0x60 .\CortexM0\ARM_GCC_493\Debug\Board1-RPi.a(I2C_Master.o)
 .debug_aranges
                0x00000f20       0x28 .\CortexM0\ARM_GCC_493\Debug\Board1-RPi.a(I2C_Master_I2C.o)
 .debug_aranges
                0x00000f48       0x88 .\CortexM0\ARM_GCC_493\Debug\Board1-RPi.a(I2C_Master_I2C_MASTER.o)
 .debug_aranges
                0x00000fd0       0x38 .\CortexM0\ARM_GCC_493\Debug\Board1-RPi.a(CyFlash.o)
 .debug_aranges
                0x00001008       0x48 .\CortexM0\ARM_GCC_493\Debug\Board1-RPi.a(UARTCOMMS_SPI_UART.o)
 .debug_aranges
                0x00001050       0x20 .\CortexM0\ARM_GCC_493\Debug\Board1-RPi.a(UARTCOMMS_SPI_UART_INT.o)
 .debug_aranges
                0x00001070       0x20 .\CortexM0\ARM_GCC_493\Debug\Board1-RPi.a(I2C_Master_I2C_INT.o)

.debug_pubnames
 *(.debug_pubnames)

.debug_info     0x00000000     0x8f91
 *(.debug_info .gnu.linkonce.wi.*)
 .debug_info    0x00000000      0x355 .\CortexM0\ARM_GCC_493\Debug\encoder.o
 .debug_info    0x00000355      0x1f5 .\CortexM0\ARM_GCC_493\Debug\motor.o
 .debug_info    0x0000054a      0x527 .\CortexM0\ARM_GCC_493\Debug\ultrasonic.o
 .debug_info    0x00000a71      0x47e .\CortexM0\ARM_GCC_493\Debug\pid.o
 .debug_info    0x00000eef      0x5f6 .\CortexM0\ARM_GCC_493\Debug\i2c.o
 .debug_info    0x000014e5      0x1af .\CortexM0\ARM_GCC_493\Debug\control.o
 .debug_info    0x00001694      0x277 .\CortexM0\ARM_GCC_493\Debug\boardmain.o
 .debug_info    0x0000190b      0x19f .\CortexM0\ARM_GCC_493\Debug\time.o
 .debug_info    0x00001aaa      0x404 .\CortexM0\ARM_GCC_493\Debug\infrared.o
 .debug_info    0x00001eae      0x2f2 .\CortexM0\ARM_GCC_493\Debug\utils.o
 .debug_info    0x000021a0      0x123 .\CortexM0\ARM_GCC_493\Debug\debug.o
 .debug_info    0x000022c3      0x31a .\CortexM0\ARM_GCC_493\Debug\odom.o
 .debug_info    0x000025dd       0xfd .\CortexM0\ARM_GCC_493\Debug\cymetadata.o
 .debug_info    0x000026da      0x38a .\CortexM0\ARM_GCC_493\Debug\Cm0Start.o
 .debug_info    0x00002a64      0x40b .\CortexM0\ARM_GCC_493\Debug\Board1-RPi.a(cyfitter_cfg.o)
 .debug_info    0x00002e6f      0x2fe .\CortexM0\ARM_GCC_493\Debug\Board1-RPi.a(Encoder_Intr.o)
 .debug_info    0x0000316d       0x8d .\CortexM0\ARM_GCC_493\Debug\Board1-RPi.a(CyBootAsmGnu.o)
 .debug_info    0x000031fa      0xb64 .\CortexM0\ARM_GCC_493\Debug\Board1-RPi.a(CyLib.o)
 .debug_info    0x00003d5e      0xda1 .\CortexM0\ARM_GCC_493\Debug\Board1-RPi.a(CyLFClk.o)
 .debug_info    0x00004aff      0x902 .\CortexM0\ARM_GCC_493\Debug\Board1-RPi.a(HB25_PWM.o)
 .debug_info    0x00005401      0x150 .\CortexM0\ARM_GCC_493\Debug\Board1-RPi.a(Encoder_Pins.o)
 .debug_info    0x00005551      0x5b8 .\CortexM0\ARM_GCC_493\Debug\Board1-RPi.a(ADC_Infrared.o)
 .debug_info    0x00005b09       0xc3 .\CortexM0\ARM_GCC_493\Debug\Board1-RPi.a(ADC_Infrared_INT.o)
 .debug_info    0x00005bcc      0x8d9 .\CortexM0\ARM_GCC_493\Debug\Board1-RPi.a(HCSR04_Timer.o)
 .debug_info    0x000064a5      0x2fe .\CortexM0\ARM_GCC_493\Debug\Board1-RPi.a(HCSR04_Timeout_Intr.o)
 .debug_info    0x000067a3       0xd5 .\CortexM0\ARM_GCC_493\Debug\Board1-RPi.a(HCSR04_Control.o)
 .debug_info    0x00006878      0x198 .\CortexM0\ARM_GCC_493\Debug\Board1-RPi.a(HCSR04_Trigger_0.o)
 .debug_info    0x00006a10      0x19a .\CortexM0\ARM_GCC_493\Debug\Board1-RPi.a(HCSR04_Trigger_2.o)
 .debug_info    0x00006baa      0x198 .\CortexM0\ARM_GCC_493\Debug\Board1-RPi.a(HCSR04_Trigger_3.o)
 .debug_info    0x00006d42      0x19a .\CortexM0\ARM_GCC_493\Debug\Board1-RPi.a(HCSR04_Trigger_1.o)
 .debug_info    0x00006edc      0x19a .\CortexM0\ARM_GCC_493\Debug\Board1-RPi.a(HB25_Enable_Pin.o)
 .debug_info    0x00007076      0x2c5 .\CortexM0\ARM_GCC_493\Debug\Board1-RPi.a(UARTCOMMS.o)
 .debug_info    0x0000733b      0x306 .\CortexM0\ARM_GCC_493\Debug\Board1-RPi.a(UARTCOMMS_UART.o)
 .debug_info    0x00007641      0x295 .\CortexM0\ARM_GCC_493\Debug\Board1-RPi.a(EZI2C_Slave.o)
 .debug_info    0x000078d6      0x344 .\CortexM0\ARM_GCC_493\Debug\Board1-RPi.a(EZI2C_Slave_EZI2C.o)
 .debug_info    0x00007c1a      0x1dc .\CortexM0\ARM_GCC_493\Debug\Board1-RPi.a(EZI2C_Slave_EZI2C_INT.o)
 .debug_info    0x00007df6      0x295 .\CortexM0\ARM_GCC_493\Debug\Board1-RPi.a(I2C_Master.o)
 .debug_info    0x0000808b      0x1a8 .\CortexM0\ARM_GCC_493\Debug\Board1-RPi.a(I2C_Master_I2C.o)
 .debug_info    0x00008233      0x5a0 .\CortexM0\ARM_GCC_493\Debug\Board1-RPi.a(I2C_Master_I2C_MASTER.o)
 .debug_info    0x000087d3      0x2a4 .\CortexM0\ARM_GCC_493\Debug\Board1-RPi.a(CyFlash.o)
 .debug_info    0x00008a77      0x268 .\CortexM0\ARM_GCC_493\Debug\Board1-RPi.a(UARTCOMMS_SPI_UART.o)
 .debug_info    0x00008cdf      0x128 .\CortexM0\ARM_GCC_493\Debug\Board1-RPi.a(UARTCOMMS_SPI_UART_INT.o)
 .debug_info    0x00008e07      0x18a .\CortexM0\ARM_GCC_493\Debug\Board1-RPi.a(I2C_Master_I2C_INT.o)

.debug_abbrev   0x00000000     0x35b4
 *(.debug_abbrev)
 .debug_abbrev  0x00000000      0x193 .\CortexM0\ARM_GCC_493\Debug\encoder.o
 .debug_abbrev  0x00000193      0x12d .\CortexM0\ARM_GCC_493\Debug\motor.o
 .debug_abbrev  0x000002c0      0x24b .\CortexM0\ARM_GCC_493\Debug\ultrasonic.o
 .debug_abbrev  0x0000050b      0x224 .\CortexM0\ARM_GCC_493\Debug\pid.o
 .debug_abbrev  0x0000072f      0x1b7 .\CortexM0\ARM_GCC_493\Debug\i2c.o
 .debug_abbrev  0x000008e6       0xbd .\CortexM0\ARM_GCC_493\Debug\control.o
 .debug_abbrev  0x000009a3       0x97 .\CortexM0\ARM_GCC_493\Debug\boardmain.o
 .debug_abbrev  0x00000a3a      0x143 .\CortexM0\ARM_GCC_493\Debug\time.o
 .debug_abbrev  0x00000b7d      0x1ae .\CortexM0\ARM_GCC_493\Debug\infrared.o
 .debug_abbrev  0x00000d2b      0x12c .\CortexM0\ARM_GCC_493\Debug\utils.o
 .debug_abbrev  0x00000e57       0xb9 .\CortexM0\ARM_GCC_493\Debug\debug.o
 .debug_abbrev  0x00000f10      0x122 .\CortexM0\ARM_GCC_493\Debug\odom.o
 .debug_abbrev  0x00001032       0x5d .\CortexM0\ARM_GCC_493\Debug\cymetadata.o
 .debug_abbrev  0x0000108f      0x1fe .\CortexM0\ARM_GCC_493\Debug\Cm0Start.o
 .debug_abbrev  0x0000128d      0x209 .\CortexM0\ARM_GCC_493\Debug\Board1-RPi.a(cyfitter_cfg.o)
 .debug_abbrev  0x00001496      0x1c1 .\CortexM0\ARM_GCC_493\Debug\Board1-RPi.a(Encoder_Intr.o)
 .debug_abbrev  0x00001657       0x14 .\CortexM0\ARM_GCC_493\Debug\Board1-RPi.a(CyBootAsmGnu.o)
 .debug_abbrev  0x0000166b      0x25d .\CortexM0\ARM_GCC_493\Debug\Board1-RPi.a(CyLib.o)
 .debug_abbrev  0x000018c8      0x26d .\CortexM0\ARM_GCC_493\Debug\Board1-RPi.a(CyLFClk.o)
 .debug_abbrev  0x00001b35      0x140 .\CortexM0\ARM_GCC_493\Debug\Board1-RPi.a(HB25_PWM.o)
 .debug_abbrev  0x00001c75       0xb7 .\CortexM0\ARM_GCC_493\Debug\Board1-RPi.a(Encoder_Pins.o)
 .debug_abbrev  0x00001d2c      0x1ea .\CortexM0\ARM_GCC_493\Debug\Board1-RPi.a(ADC_Infrared.o)
 .debug_abbrev  0x00001f16       0x72 .\CortexM0\ARM_GCC_493\Debug\Board1-RPi.a(ADC_Infrared_INT.o)
 .debug_abbrev  0x00001f88      0x140 .\CortexM0\ARM_GCC_493\Debug\Board1-RPi.a(HCSR04_Timer.o)
 .debug_abbrev  0x000020c8      0x1c1 .\CortexM0\ARM_GCC_493\Debug\Board1-RPi.a(HCSR04_Timeout_Intr.o)
 .debug_abbrev  0x00002289       0x8e .\CortexM0\ARM_GCC_493\Debug\Board1-RPi.a(HCSR04_Control.o)
 .debug_abbrev  0x00002317       0xd5 .\CortexM0\ARM_GCC_493\Debug\Board1-RPi.a(HCSR04_Trigger_0.o)
 .debug_abbrev  0x000023ec       0xd5 .\CortexM0\ARM_GCC_493\Debug\Board1-RPi.a(HCSR04_Trigger_2.o)
 .debug_abbrev  0x000024c1       0xd5 .\CortexM0\ARM_GCC_493\Debug\Board1-RPi.a(HCSR04_Trigger_3.o)
 .debug_abbrev  0x00002596       0xd5 .\CortexM0\ARM_GCC_493\Debug\Board1-RPi.a(HCSR04_Trigger_1.o)
 .debug_abbrev  0x0000266b       0xd5 .\CortexM0\ARM_GCC_493\Debug\Board1-RPi.a(HB25_Enable_Pin.o)
 .debug_abbrev  0x00002740      0x150 .\CortexM0\ARM_GCC_493\Debug\Board1-RPi.a(UARTCOMMS.o)
 .debug_abbrev  0x00002890      0x15b .\CortexM0\ARM_GCC_493\Debug\Board1-RPi.a(UARTCOMMS_UART.o)
 .debug_abbrev  0x000029eb      0x150 .\CortexM0\ARM_GCC_493\Debug\Board1-RPi.a(EZI2C_Slave.o)
 .debug_abbrev  0x00002b3b      0x17d .\CortexM0\ARM_GCC_493\Debug\Board1-RPi.a(EZI2C_Slave_EZI2C.o)
 .debug_abbrev  0x00002cb8       0xd3 .\CortexM0\ARM_GCC_493\Debug\Board1-RPi.a(EZI2C_Slave_EZI2C_INT.o)
 .debug_abbrev  0x00002d8b      0x150 .\CortexM0\ARM_GCC_493\Debug\Board1-RPi.a(I2C_Master.o)
 .debug_abbrev  0x00002edb      0x100 .\CortexM0\ARM_GCC_493\Debug\Board1-RPi.a(I2C_Master_I2C.o)
 .debug_abbrev  0x00002fdb      0x196 .\CortexM0\ARM_GCC_493\Debug\Board1-RPi.a(I2C_Master_I2C_MASTER.o)
 .debug_abbrev  0x00003171      0x185 .\CortexM0\ARM_GCC_493\Debug\Board1-RPi.a(CyFlash.o)
 .debug_abbrev  0x000032f6      0x182 .\CortexM0\ARM_GCC_493\Debug\Board1-RPi.a(UARTCOMMS_SPI_UART.o)
 .debug_abbrev  0x00003478       0xa7 .\CortexM0\ARM_GCC_493\Debug\Board1-RPi.a(UARTCOMMS_SPI_UART_INT.o)
 .debug_abbrev  0x0000351f       0x95 .\CortexM0\ARM_GCC_493\Debug\Board1-RPi.a(I2C_Master_I2C_INT.o)

.debug_line     0x00000000     0x4063
 *(.debug_line)
 .debug_line    0x00000000      0x227 .\CortexM0\ARM_GCC_493\Debug\encoder.o
 .debug_line    0x00000227       0xf1 .\CortexM0\ARM_GCC_493\Debug\motor.o
 .debug_line    0x00000318      0x20c .\CortexM0\ARM_GCC_493\Debug\ultrasonic.o
 .debug_line    0x00000524      0x20e .\CortexM0\ARM_GCC_493\Debug\pid.o
 .debug_line    0x00000732      0x1ae .\CortexM0\ARM_GCC_493\Debug\i2c.o
 .debug_line    0x000008e0       0xbc .\CortexM0\ARM_GCC_493\Debug\control.o
 .debug_line    0x0000099c       0xe7 .\CortexM0\ARM_GCC_493\Debug\boardmain.o
 .debug_line    0x00000a83       0xb9 .\CortexM0\ARM_GCC_493\Debug\time.o
 .debug_line    0x00000b3c      0x241 .\CortexM0\ARM_GCC_493\Debug\infrared.o
 .debug_line    0x00000d7d      0x102 .\CortexM0\ARM_GCC_493\Debug\utils.o
 .debug_line    0x00000e7f       0x81 .\CortexM0\ARM_GCC_493\Debug\debug.o
 .debug_line    0x00000f00      0x148 .\CortexM0\ARM_GCC_493\Debug\odom.o
 .debug_line    0x00001048       0x53 .\CortexM0\ARM_GCC_493\Debug\cymetadata.o
 .debug_line    0x0000109b      0x249 .\CortexM0\ARM_GCC_493\Debug\Cm0Start.o
 .debug_line    0x000012e4      0x1b0 .\CortexM0\ARM_GCC_493\Debug\Board1-RPi.a(cyfitter_cfg.o)
 .debug_line    0x00001494      0x171 .\CortexM0\ARM_GCC_493\Debug\Board1-RPi.a(Encoder_Intr.o)
 .debug_line    0x00001605       0x68 .\CortexM0\ARM_GCC_493\Debug\Board1-RPi.a(CyBootAsmGnu.o)
 .debug_line    0x0000166d      0x498 .\CortexM0\ARM_GCC_493\Debug\Board1-RPi.a(CyLib.o)
 .debug_line    0x00001b05      0x4c5 .\CortexM0\ARM_GCC_493\Debug\Board1-RPi.a(CyLFClk.o)
 .debug_line    0x00001fca      0x383 .\CortexM0\ARM_GCC_493\Debug\Board1-RPi.a(HB25_PWM.o)
 .debug_line    0x0000234d       0xb3 .\CortexM0\ARM_GCC_493\Debug\Board1-RPi.a(Encoder_Pins.o)
 .debug_line    0x00002400      0x293 .\CortexM0\ARM_GCC_493\Debug\Board1-RPi.a(ADC_Infrared.o)
 .debug_line    0x00002693       0x6d .\CortexM0\ARM_GCC_493\Debug\Board1-RPi.a(ADC_Infrared_INT.o)
 .debug_line    0x00002700      0x37f .\CortexM0\ARM_GCC_493\Debug\Board1-RPi.a(HCSR04_Timer.o)
 .debug_line    0x00002a7f      0x178 .\CortexM0\ARM_GCC_493\Debug\Board1-RPi.a(HCSR04_Timeout_Intr.o)
 .debug_line    0x00002bf7       0x79 .\CortexM0\ARM_GCC_493\Debug\Board1-RPi.a(HCSR04_Control.o)
 .debug_line    0x00002c70       0xc9 .\CortexM0\ARM_GCC_493\Debug\Board1-RPi.a(HCSR04_Trigger_0.o)
 .debug_line    0x00002d39       0xca .\CortexM0\ARM_GCC_493\Debug\Board1-RPi.a(HCSR04_Trigger_2.o)
 .debug_line    0x00002e03       0xc9 .\CortexM0\ARM_GCC_493\Debug\Board1-RPi.a(HCSR04_Trigger_3.o)
 .debug_line    0x00002ecc       0xca .\CortexM0\ARM_GCC_493\Debug\Board1-RPi.a(HCSR04_Trigger_1.o)
 .debug_line    0x00002f96       0xc9 .\CortexM0\ARM_GCC_493\Debug\Board1-RPi.a(HB25_Enable_Pin.o)
 .debug_line    0x0000305f      0x15f .\CortexM0\ARM_GCC_493\Debug\Board1-RPi.a(UARTCOMMS.o)
 .debug_line    0x000031be      0x18f .\CortexM0\ARM_GCC_493\Debug\Board1-RPi.a(UARTCOMMS_UART.o)
 .debug_line    0x0000334d      0x14d .\CortexM0\ARM_GCC_493\Debug\Board1-RPi.a(EZI2C_Slave.o)
 .debug_line    0x0000349a      0x122 .\CortexM0\ARM_GCC_493\Debug\Board1-RPi.a(EZI2C_Slave_EZI2C.o)
 .debug_line    0x000035bc      0x162 .\CortexM0\ARM_GCC_493\Debug\Board1-RPi.a(EZI2C_Slave_EZI2C_INT.o)
 .debug_line    0x0000371e      0x14b .\CortexM0\ARM_GCC_493\Debug\Board1-RPi.a(I2C_Master.o)