Archive member included because of file (symbol)

.\CortexM0\ARM_GCC_493\Debug\Board1-RPi.a(cyfitter_cfg.o)
                              .\CortexM0\ARM_GCC_493\Debug\Cm0Start.o (cyfitter_cfg)
.\CortexM0\ARM_GCC_493\Debug\Board1-RPi.a(CyLib.o)
                              .\CortexM0\ARM_GCC_493\Debug\Board1-RPi.a(cyfitter_cfg.o) (CyIntEnable)
.\CortexM0\ARM_GCC_493\Debug\Board1-RPi.a(CyLFClk.o)
                              .\CortexM0\ARM_GCC_493\Debug\Board1-RPi.a(CyLib.o) (CySysClkWcoEnabled)
.\CortexM0\ARM_GCC_493\Debug\Board1-RPi.a(HB25_PWM.o)
                              .\CortexM0\ARM_GCC_493\Debug\motor.o (HB25_PWM_Stop)
.\CortexM0\ARM_GCC_493\Debug\Board1-RPi.a(ADC_Infrared.o)
                              .\CortexM0\ARM_GCC_493\Debug\infrared.o (ADC_Infrared_Start)
.\CortexM0\ARM_GCC_493\Debug\Board1-RPi.a(ADC_Infrared_INT.o)
                              .\CortexM0\ARM_GCC_493\Debug\Board1-RPi.a(ADC_Infrared.o) (ADC_Infrared_ISR)
.\CortexM0\ARM_GCC_493\Debug\Board1-RPi.a(HCSR04_Timer.o)
                              .\CortexM0\ARM_GCC_493\Debug\ultrasonic.o (HCSR04_Timer_ReadCounter)
.\CortexM0\ARM_GCC_493\Debug\Board1-RPi.a(HCSR04_Timeout_Intr.o)
                              .\CortexM0\ARM_GCC_493\Debug\ultrasonic.o (HCSR04_Timeout_Intr_StartEx)
.\CortexM0\ARM_GCC_493\Debug\Board1-RPi.a(HCSR04_Control.o)
                              .\CortexM0\ARM_GCC_493\Debug\ultrasonic.o (HCSR04_Control_Write)
.\CortexM0\ARM_GCC_493\Debug\Board1-RPi.a(HCSR04_Trigger_0.o)
                              .\CortexM0\ARM_GCC_493\Debug\ultrasonic.o (HCSR04_Trigger_0_Write)
.\CortexM0\ARM_GCC_493\Debug\Board1-RPi.a(HCSR04_Trigger_2.o)
                              .\CortexM0\ARM_GCC_493\Debug\ultrasonic.o (HCSR04_Trigger_2_Write)
.\CortexM0\ARM_GCC_493\Debug\Board1-RPi.a(HCSR04_Trigger_3.o)
                              .\CortexM0\ARM_GCC_493\Debug\ultrasonic.o (HCSR04_Trigger_3_Write)
.\CortexM0\ARM_GCC_493\Debug\Board1-RPi.a(HCSR04_Trigger_1.o)
                              .\CortexM0\ARM_GCC_493\Debug\ultrasonic.o (HCSR04_Trigger_1_Write)
.\CortexM0\ARM_GCC_493\Debug\Board1-RPi.a(HB25_Enable_Pin.o)
                              .\CortexM0\ARM_GCC_493\Debug\motor.o (HB25_Enable_Pin_Write)
.\CortexM0\ARM_GCC_493\Debug\Board1-RPi.a(UARTCOMMS.o)
                              .\CortexM0\ARM_GCC_493\Debug\debug.o (UARTCOMMS_Start)
.\CortexM0\ARM_GCC_493\Debug\Board1-RPi.a(UARTCOMMS_UART.o)
                              .\CortexM0\ARM_GCC_493\Debug\Board1-RPi.a(UARTCOMMS.o) (UARTCOMMS_UartInit)
.\CortexM0\ARM_GCC_493\Debug\Board1-RPi.a(EZI2C_Slave.o)
                              .\CortexM0\ARM_GCC_493\Debug\i2c.o (EZI2C_Slave_Start)
.\CortexM0\ARM_GCC_493\Debug\Board1-RPi.a(EZI2C_Slave_EZI2C.o)
                              .\CortexM0\ARM_GCC_493\Debug\Board1-RPi.a(EZI2C_Slave.o) (EZI2C_Slave_EzI2CInit)
.\CortexM0\ARM_GCC_493\Debug\Board1-RPi.a(EZI2C_Slave_EZI2C_INT.o)
                              .\CortexM0\ARM_GCC_493\Debug\Board1-RPi.a(EZI2C_Slave_EZI2C.o) (EZI2C_Slave_EZI2C_STRETCH_ISR)
.\CortexM0\ARM_GCC_493\Debug\Board1-RPi.a(I2C_Master.o)
                              .\CortexM0\ARM_GCC_493\Debug\i2c.o (I2C_Master_Init)
.\CortexM0\ARM_GCC_493\Debug\Board1-RPi.a(I2C_Master_I2C.o)
                              .\CortexM0\ARM_GCC_493\Debug\Board1-RPi.a(I2C_Master.o) (I2C_Master_I2CInit)
.\CortexM0\ARM_GCC_493\Debug\Board1-RPi.a(I2C_Master_I2C_MASTER.o)
                              .\CortexM0\ARM_GCC_493\Debug\Board1-RPi.a(I2C_Master_I2C.o) (I2C_Master_mstrRdBufIndex)
.\CortexM0\ARM_GCC_493\Debug\Board1-RPi.a(Phase_Counter.o)
                              .\CortexM0\ARM_GCC_493\Debug\encoder.o (Phase_Counter_ReadStatusRegister)
.\CortexM0\ARM_GCC_493\Debug\Board1-RPi.a(PhaseCounter_Intr.o)
                              .\CortexM0\ARM_GCC_493\Debug\encoder.o (PhaseCounter_Intr_StartEx)
.\CortexM0\ARM_GCC_493\Debug\Board1-RPi.a(CyBootAsmGnu.o)
                              .\CortexM0\ARM_GCC_493\Debug\Board1-RPi.a(CyLib.o) (CyDelayCycles)
.\CortexM0\ARM_GCC_493\Debug\Board1-RPi.a(CyFlash.o)
                              .\CortexM0\ARM_GCC_493\Debug\Board1-RPi.a(CyLib.o) (CySysFlashSetWaitCycles)
.\CortexM0\ARM_GCC_493\Debug\Board1-RPi.a(UARTCOMMS_SPI_UART.o)
                              .\CortexM0\ARM_GCC_493\Debug\Board1-RPi.a(UARTCOMMS_UART.o) (UARTCOMMS_SpiUartWriteTxData)
.\CortexM0\ARM_GCC_493\Debug\Board1-RPi.a(UARTCOMMS_SPI_UART_INT.o)
                              .\CortexM0\ARM_GCC_493\Debug\Board1-RPi.a(UARTCOMMS_UART.o) (UARTCOMMS_SPI_UART_ISR)
.\CortexM0\ARM_GCC_493\Debug\Board1-RPi.a(I2C_Master_I2C_INT.o)
                              .\CortexM0\ARM_GCC_493\Debug\Board1-RPi.a(I2C_Master_I2C.o) (I2C_Master_I2C_ISR)
c:/program files (x86)/cypress/psoc creator/3.3/psoc creator/import/gnu/arm/4.9.3/bin/../lib/gcc/arm-none-eabi/4.9.3/../../../../arm-none-eabi/lib/armv6-m\libm.a(lib_a-s_cos.o)
[...]
Memory Configuration

Name             Origin             Length             Attributes
rom              0x00000000         0x00020000         xr
ram              0x20000000         0x00004000         xrw
*default*        0x00000000         0xffffffff

Linker script and memory map

LOAD c:/program files (x86)/cypress/psoc creator/3.3/psoc creator/import/gnu/arm/4.9.3/bin/../lib/gcc/arm-none-eabi/4.9.3/armv6-m/crti.o
LOAD c:/program files (x86)/cypress/psoc creator/3.3/psoc creator/import/gnu/arm/4.9.3/bin/../lib/gcc/arm-none-eabi/4.9.3/armv6-m/crtbegin.o
LOAD c:/program files (x86)/cypress/psoc creator/3.3/psoc creator/import/gnu/arm/4.9.3/bin/../lib/gcc/arm-none-eabi/4.9.3/../../../../arm-none-eabi/lib/armv6-m/crt0.o
START GROUP
LOAD .\CortexM0\ARM_GCC_493\Debug\encoder.o
LOAD .\CortexM0\ARM_GCC_493\Debug\motor.o
LOAD .\CortexM0\ARM_GCC_493\Debug\ultrasonic.o
LOAD .\CortexM0\ARM_GCC_493\Debug\pid.o
LOAD .\CortexM0\ARM_GCC_493\Debug\i2c.o
LOAD .\CortexM0\ARM_GCC_493\Debug\control.o
LOAD .\CortexM0\ARM_GCC_493\Debug\boardmain.o
LOAD .\CortexM0\ARM_GCC_493\Debug\time.o
LOAD .\CortexM0\ARM_GCC_493\Debug\infrared.o
LOAD .\CortexM0\ARM_GCC_493\Debug\utils.o
LOAD .\CortexM0\ARM_GCC_493\Debug\debug.o
LOAD .\CortexM0\ARM_GCC_493\Debug\odom.o
LOAD .\CortexM0\ARM_GCC_493\Debug\cymetadata.o
LOAD .\CortexM0\ARM_GCC_493\Debug\Cm0Start.o
LOAD .\CortexM0\ARM_GCC_493\Debug\Board1-RPi.a
LOAD C:\Program Files (x86)\Cypress\PSoC Creator\3.3\PSoC Creator\psoc\content\cycomponentlibrary\CyComponentLibrary.cylib\CortexM0\ARM_GCC_493\Debug\CyComponentLibrary.a
LOAD c:/program files (x86)/cypress/psoc creator/3.3/psoc creator/import/gnu/arm/4.9.3/bin/../lib/gcc/arm-none-eabi/4.9.3/../../../../arm-none-eabi/lib/armv6-m\libm.a
END GROUP
START GROUP
LOAD c:/program files (x86)/cypress/psoc creator/3.3/psoc creator/import/gnu/arm/4.9.3/bin/../lib/gcc/arm-none-eabi/4.9.3/armv6-m\libgcc.a
LOAD c:/program files (x86)/cypress/psoc creator/3.3/psoc creator/import/gnu/arm/4.9.3/bin/../lib/gcc/arm-none-eabi/4.9.3/../../../../arm-none-eabi/lib/armv6-m\libg.a
LOAD c:/program files (x86)/cypress/psoc creator/3.3/psoc creator/import/gnu/arm/4.9.3/bin/../lib/gcc/arm-none-eabi/4.9.3/../../../../arm-none-eabi/lib/armv6-m\libc.a
END GROUP
LOAD c:/program files (x86)/cypress/psoc creator/3.3/psoc creator/import/gnu/arm/4.9.3/bin/../lib/gcc/arm-none-eabi/4.9.3/armv6-m/crtend.o
LOAD c:/program files (x86)/cypress/psoc creator/3.3/psoc creator/import/gnu/arm/4.9.3/bin/../lib/gcc/arm-none-eabi/4.9.3/armv6-m/crtn.o
START GROUP
LOAD c:/program files (x86)/cypress/psoc creator/3.3/psoc creator/import/gnu/arm/4.9.3/bin/../lib/gcc/arm-none-eabi/4.9.3/armv6-m\libgcc.a
LOAD c:/program files (x86)/cypress/psoc creator/3.3/psoc creator/import/gnu/arm/4.9.3/bin/../lib/gcc/arm-none-eabi/4.9.3/../../../../arm-none-eabi/lib/armv6-m\libc.a
LOAD c:/program files (x86)/cypress/psoc creator/3.3/psoc creator/import/gnu/arm/4.9.3/bin/../lib/gcc/arm-none-eabi/4.9.3/../../../../arm-none-eabi/lib/armv6-m\libnosys.a
END GROUP
                0x00000000                CY_APPL_ORIGIN = 0x0
                0x00000080                CY_FLASH_ROW_SIZE = 0x80
                0x00000001                CY_APPL_NUM = 0x1
                0x00000001                CY_APPL_MAX = 0x1
                0x00000040                CY_METADATA_SIZE = 0x40
                0x00000000                CY_APPL_LOADABLE = 0x0
                0x00000000                CY_CHECKSUM_EXCLUDE_SIZE = ALIGN (0x0, CY_FLASH_ROW_SIZE)
                0x00000000                CY_APP_FOR_STACK_AND_COPIER = 0x0
                0x20000d58                PROVIDE (__cy_heap_start, _end)
                0x00000001                PROVIDE (__cy_region_num, ((__cy_regions_end - __cy_regions) / 0x10))
                0x20004000                PROVIDE (__cy_stack, (ORIGIN (ram) + 0x4000))
                0x20003800                PROVIDE (__cy_heap_end, (__cy_stack - 0x800))

.cybootloader   0x00000000        0x0
 *(.cybootloader)
                0x00000000                appl1_start = CY_APPL_ORIGIN?CY_APPL_ORIGIN:ALIGN (CY_FLASH_ROW_SIZE)
                0x0000ff80                appl2_start = (appl1_start + ALIGN ((((0x20000 - appl1_start) - (0x2 * CY_FLASH_ROW_SIZE)) / 0x2), CY_FLASH_ROW_SIZE))
                0x00000000                appl_start = (CY_APPL_NUM == 0x1)?appl1_start:appl2_start
                0x00000001                cy_project_type_bootloader = (appl_start == 0x0)?0x1:0x0
                0x00000000                cy_project_type_app_for_stack_and_copier = (CY_APP_FOR_STACK_AND_COPIER == 0x1)?0x1:0x0

.text           0x00000000     0xb7b4
 CREATE_OBJECT_SYMBOLS
                0x00000000                PROVIDE (__cy_interrupt_vector, RomVectors)
 *(.romvectors)
 .romvectors    0x00000000       0x10 .\CortexM0\ARM_GCC_493\Debug\Cm0Start.o
                0x00000000                RomVectors
                0x00000001                ASSERT ((. != __cy_interrupt_vector), No interrupt vector)
                0x00000001                ASSERT (CY_APPL_ORIGIN?(SIZEOF (.cybootloader) <= CY_APPL_ORIGIN):0x1, Wrong image location)
                0x00000010                PROVIDE (__cy_reset, Reset)
 *(.text.Reset)
 .text.Reset    0x00000010        0x8 .\CortexM0\ARM_GCC_493\Debug\Cm0Start.o
                0x00000010                Reset
                0x00000001                ASSERT ((. != __cy_reset), No reset code)
 *(.psocinit)
 .psocinit      0x00000018      0x2d0 .\CortexM0\ARM_GCC_493\Debug\Board1-RPi.a(cyfitter_cfg.o)
                0x0000013c                cyfitter_cfg
                0x000002e8                . = MAX (., 0x100)
 *(.text .text.* .gnu.linkonce.t.*)
 .text          0x000002e8       0x60 c:/program files (x86)/cypress/psoc creator/3.3/psoc creator/import/gnu/arm/4.9.3/bin/../lib/gcc/arm-none-eabi/4.9.3/armv6-m/crtbegin.o
 .text.Phase_Counter_Interrupt_Handler
                0x00000348        0x8 .\CortexM0\ARM_GCC_493\Debug\encoder.o
                0x00000348                Phase_Counter_Interrupt_Handler
 .text.Encoder_Init
                0x00000350        0xc .\CortexM0\ARM_GCC_493\Debug\encoder.o
                0x00000350                Encoder_Init
 .text.Encoder_Start
                0x0000035c       0x10 .\CortexM0\ARM_GCC_493\Debug\encoder.o
                0x0000035c                Encoder_Start
 .text.Encoder_GetLeftCount
                0x0000036c        0x8 .\CortexM0\ARM_GCC_493\Debug\encoder.o
                0x0000036c                Encoder_GetLeftCount
 .text.Encoder_GetRightCount
                0x00000374        0x8 .\CortexM0\ARM_GCC_493\Debug\encoder.o
                0x00000374                Encoder_GetRightCount
 .text.Encoder_Reset
                0x0000037c        0xc .\CortexM0\ARM_GCC_493\Debug\encoder.o
                0x0000037c                Encoder_Reset
 .text.Motor_Init
                0x00000388        0xc .\CortexM0\ARM_GCC_493\Debug\motor.o
                0x00000388                Motor_Init
 .text.Motor_Start
                0x00000394       0x10 .\CortexM0\ARM_GCC_493\Debug\motor.o
                0x00000394                Motor_Start
 .text.Motor_SetOutput
                0x000003a4       0x58 .\CortexM0\ARM_GCC_493\Debug\motor.o
                0x000003a4                Motor_SetOutput
 .text.Motor_Stop
                0x000003fc       0x10 .\CortexM0\ARM_GCC_493\Debug\motor.o
                0x000003fc                Motor_Stop
 .text.WaitForPulseIn
                0x0000040c       0x2c .\CortexM0\ARM_GCC_493\Debug\ultrasonic.o
 .text.PulseOut
                0x00000438       0x24 .\CortexM0\ARM_GCC_493\Debug\ultrasonic.o
 .text.CalcDistance
                0x0000045c       0x54 .\CortexM0\ARM_GCC_493\Debug\ultrasonic.o
 .text.Ultrasonic_Measure
                0x000004b0       0x58 .\CortexM0\ARM_GCC_493\Debug\ultrasonic.o
                0x000004b0                Ultrasonic_Measure
 .text.PrintPid
                0x00000508       0x68 .\CortexM0\ARM_GCC_493\Debug\pid.o
 .text.pid_calc
                0x00000570       0xcc .\CortexM0\ARM_GCC_493\Debug\pid.o
                0x00000570                pid_calc
 .text.PID_Start
                0x0000063c       0x18 .\CortexM0\ARM_GCC_493\Debug\pid.o
                0x0000063c                PID_Start
 .text.PID_Update
                0x00000654       0x7c .\CortexM0\ARM_GCC_493\Debug\pid.o
                0x00000654                PID_Update
 .text.I2c_Init
                0x000006d0       0x2c .\CortexM0\ARM_GCC_493\Debug\i2c.o
                0x000006d0                I2c_Init
 .text.I2c_Start
                0x000006fc       0x20 .\CortexM0\ARM_GCC_493\Debug\i2c.o
                0x000006fc                I2c_Start
 .text.I2c_ReadControl
                0x0000071c       0x10 .\CortexM0\ARM_GCC_493\Debug\i2c.o
                0x0000071c                I2c_ReadControl
 .text.I2c_ReadVelocity
                0x0000072c        0xc .\CortexM0\ARM_GCC_493\Debug\i2c.o
                0x0000072c                I2c_ReadVelocity
 .text.I2c_ReadCount
                0x00000738       0x3c .\CortexM0\ARM_GCC_493\Debug\i2c.o
                0x00000738                I2c_ReadCount
 .text.I2c_WriteUltrasonicDistance
                0x00000774       0x10 .\CortexM0\ARM_GCC_493\Debug\i2c.o
                0x00000774                I2c_WriteUltrasonicDistance
 .text.I2c_WriteInfraredDistance
                0x00000784       0x10 .\CortexM0\ARM_GCC_493\Debug\i2c.o
                0x00000784                I2c_WriteInfraredDistance
 .text.I2c_WriteOdom
                0x00000794       0x18 .\CortexM0\ARM_GCC_493\Debug\i2c.o
                0x00000794                I2c_WriteOdom
 .text.Control_Init
                0x000007ac       0x10 .\CortexM0\ARM_GCC_493\Debug\control.o
                0x000007ac                Control_Init
 .text.Control_Start
                0x000007bc        0x8 .\CortexM0\ARM_GCC_493\Debug\control.o
                0x000007bc                Control_Start
 .text.Control_Update
                0x000007c4       0x20 .\CortexM0\ARM_GCC_493\Debug\control.o
                0x000007c4                Control_Update
 .text.main     0x000007e4       0x58 .\CortexM0\ARM_GCC_493\Debug\boardmain.o
                0x000007e4                main
 .text.SysTickIsrHandler
                0x0000083c       0x10 .\CortexM0\ARM_GCC_493\Debug\time.o
 .text.Time_Init
                0x0000084c        0xc .\CortexM0\ARM_GCC_493\Debug\time.o
                0x0000084c                Time_Init
 .text.Time_Start
                0x00000858       0x34 .\CortexM0\ARM_GCC_493\Debug\time.o
                0x00000858                Time_Start
 .text.millis   0x0000088c        0xc .\CortexM0\ARM_GCC_493\Debug\time.o
                0x0000088c                millis
 .text.Infrared_Measure
                0x00000898       0xc8 .\CortexM0\ARM_GCC_493\Debug\infrared.o
                0x00000898                Infrared_Measure
 .text.MovingAverage
                0x00000960       0x20 .\CortexM0\ARM_GCC_493\Debug\utils.o
                0x00000960                MovingAverage
 .text.Debug_Init
                0x00000980       0x14 .\CortexM0\ARM_GCC_493\Debug\debug.o
                0x00000980                Debug_Init
 .text.Debug_Start
                0x00000994        0x8 .\CortexM0\ARM_GCC_493\Debug\debug.o
                0x00000994                Debug_Start
 .text.Odom_Init
                0x0000099c       0x1c .\CortexM0\ARM_GCC_493\Debug\odom.o
                0x0000099c                Odom_Init
 .text.Odom_Start
                0x000009b8        0x4 .\CortexM0\ARM_GCC_493\Debug\odom.o
                0x000009b8                Odom_Start
 .text.calc_odom
                0x000009bc      0x138 .\CortexM0\ARM_GCC_493\Debug\odom.o
                0x000009bc                calc_odom
 .text.Odom_Update
                0x00000af4       0x24 .\CortexM0\ARM_GCC_493\Debug\odom.o
                0x00000af4                Odom_Update
 .text.Odom_GetVelocity
                0x00000b18       0x14 .\CortexM0\ARM_GCC_493\Debug\odom.o
                0x00000b18                Odom_GetVelocity
 .text.IntDefaultHandler
                0x00000b2c        0x4 .\CortexM0\ARM_GCC_493\Debug\Cm0Start.o
                0x00000b2c                IntDefaultHandler
 .text._sbrk    0x00000b30       0x34 .\CortexM0\ARM_GCC_493\Debug\Cm0Start.o
                0x00000b30                _sbrk
 .text.Start_c  0x00000b64       0x48 .\CortexM0\ARM_GCC_493\Debug\Cm0Start.o
                0x00000b64                Start_c
 .text.initialize_psoc
                0x00000bac       0x54 .\CortexM0\ARM_GCC_493\Debug\Cm0Start.o
                0x00000bac                initialize_psoc
 .text.cfg_write_bytes32
                0x00000c00       0x34 .\CortexM0\ARM_GCC_493\Debug\Board1-RPi.a(cyfitter_cfg.o)
 .text.AnalogSetDefault
                0x00000c34       0x3c .\CortexM0\ARM_GCC_493\Debug\Board1-RPi.a(cyfitter_cfg.o)
 .text.CYMEMZERO
                0x00000c70        0xc .\CortexM0\ARM_GCC_493\Debug\Board1-RPi.a(cyfitter_cfg.o)
 .text.CySysClkImoGetWcoLock
                0x00000c7c       0x14 .\CortexM0\ARM_GCC_493\Debug\Board1-RPi.a(CyLib.o)
 .text.CySysClkImoDisableWcoLock
                0x00000c90       0x14 .\CortexM0\ARM_GCC_493\Debug\Board1-RPi.a(CyLib.o)
                0x00000c90                CySysClkImoDisableWcoLock
 .text.CyIntEnable
                0x00000ca4       0x14 .\CortexM0\ARM_GCC_493\Debug\Board1-RPi.a(CyLib.o)
                0x00000ca4                CyIntEnable
 .text.CyIntDisable
                0x00000cb8       0x14 .\CortexM0\ARM_GCC_493\Debug\Board1-RPi.a(CyLib.o)
                0x00000cb8                CyIntDisable
 .text.CyHalt   0x00000ccc        0x4 .\CortexM0\ARM_GCC_493\Debug\Board1-RPi.a(CyLib.o)
                0x00000ccc                CyHalt
 .text.CyIntSetSysVector
                0x00000cd0       0x20 .\CortexM0\ARM_GCC_493\Debug\Board1-RPi.a(CyLib.o)
                0x00000cd0                CyIntSetSysVector
 .text.CyIntSetVector
                0x00000cf0       0x24 .\CortexM0\ARM_GCC_493\Debug\Board1-RPi.a(CyLib.o)
                0x00000cf0                CyIntSetVector
 .text.CyIntSetPriority
                0x00000d14       0x4c .\CortexM0\ARM_GCC_493\Debug\Board1-RPi.a(CyLib.o)
                0x00000d14                CyIntSetPriority
 .text.CyDelay  0x00000d60       0x30 .\CortexM0\ARM_GCC_493\Debug\Board1-RPi.a(CyLib.o)
                0x00000d60                CyDelay
 .text.CySysClkImoEnableWcoLock
                0x00000d90       0xbc .\CortexM0\ARM_GCC_493\Debug\Board1-RPi.a(CyLib.o)
                0x00000d90                CySysClkImoEnableWcoLock
 .text.CySysClkWriteImoFreq
                0x00000e4c       0x80 .\CortexM0\ARM_GCC_493\Debug\Board1-RPi.a(CyLib.o)
                0x00000e4c                CySysClkWriteImoFreq
 .text.CyDelayUs
                0x00000ecc       0x14 .\CortexM0\ARM_GCC_493\Debug\Board1-RPi.a(CyLib.o)
                0x00000ecc                CyDelayUs
 .text.CySysTickEnableInterrupt
                0x00000ee0       0x10 .\CortexM0\ARM_GCC_493\Debug\Board1-RPi.a(CyLib.o)
                0x00000ee0                CySysTickEnableInterrupt
 .text.CySysTickEnable
                0x00000ef0       0x18 .\CortexM0\ARM_GCC_493\Debug\Board1-RPi.a(CyLib.o)
                0x00000ef0                CySysTickEnable
 .text.CySysTickSetReload
                0x00000f08       0x10 .\CortexM0\ARM_GCC_493\Debug\Board1-RPi.a(CyLib.o)
                0x00000f08                CySysTickSetReload
 .text.CySysTickSetClockSource
                0x00000f18       0x20 .\CortexM0\ARM_GCC_493\Debug\Board1-RPi.a(CyLib.o)
                0x00000f18                CySysTickSetClockSource
 .text.CySysTickGetCountFlag
                0x00000f38       0x10 .\CortexM0\ARM_GCC_493\Debug\Board1-RPi.a(CyLib.o)
                0x00000f38                CySysTickGetCountFlag
 .text.CySysTickServiceCallbacks
                0x00000f48       0x28 .\CortexM0\ARM_GCC_493\Debug\Board1-RPi.a(CyLib.o)
 .text.CySysTickClear
                0x00000f70        0xc .\CortexM0\ARM_GCC_493\Debug\Board1-RPi.a(CyLib.o)
                0x00000f70                CySysTickClear
 .text.CySysTickInit
                0x00000f7c       0x4c .\CortexM0\ARM_GCC_493\Debug\Board1-RPi.a(CyLib.o)
                0x00000f7c                CySysTickInit
 .text.CySysTickStart
                0x00000fc8       0x20 .\CortexM0\ARM_GCC_493\Debug\Board1-RPi.a(CyLib.o)
                0x00000fc8                CySysTickStart
 .text.CySysTickSetCallback
                0x00000fe8       0x10 .\CortexM0\ARM_GCC_493\Debug\Board1-RPi.a(CyLib.o)
                0x00000fe8                CySysTickSetCallback
 .text.CySysTickGetCallback
                0x00000ff8        0xc .\CortexM0\ARM_GCC_493\Debug\Board1-RPi.a(CyLib.o)
                0x00000ff8                CySysTickGetCallback
 .text.CySysWdtLocked
                0x00001004       0x14 .\CortexM0\ARM_GCC_493\Debug\Board1-RPi.a(CyLFClk.o)
 .text.CySysClkWcoEnabled
                0x00001018       0x14 .\CortexM0\ARM_GCC_493\Debug\Board1-RPi.a(CyLFClk.o)
                0x00001018                CySysClkWcoEnabled
 .text.CySysWdtLock
                0x0000102c       0x1c .\CortexM0\ARM_GCC_493\Debug\Board1-RPi.a(CyLFClk.o)
                0x0000102c                CySysWdtLock
 .text.CySysWdtUnlock
                0x00001048       0x30 .\CortexM0\ARM_GCC_493\Debug\Board1-RPi.a(CyLFClk.o)
                0x00001048                CySysWdtUnlock
 .text.CySysWdtClearInterrupt
                0x00001078       0x4c .\CortexM0\ARM_GCC_493\Debug\Board1-RPi.a(CyLFClk.o)
                0x00001078                CySysWdtClearInterrupt
 .text.CySysWdtIsr
                0x000010c4       0xa4 .\CortexM0\ARM_GCC_493\Debug\Board1-RPi.a(CyLFClk.o)
                0x000010c4                CySysWdtIsr
 .text.HB25_PWM_Stop
                0x00001168       0x1c .\CortexM0\ARM_GCC_493\Debug\Board1-RPi.a(HB25_PWM.o)
                0x00001168                HB25_PWM_Stop
 .text.HB25_PWM_WriteCounter
                0x00001184       0x10 .\CortexM0\ARM_GCC_493\Debug\Board1-RPi.a(HB25_PWM.o)
                0x00001184                HB25_PWM_WriteCounter
 .text.HB25_PWM_WritePeriod
                0x00001194       0x10 .\CortexM0\ARM_GCC_493\Debug\Board1-RPi.a(HB25_PWM.o)
                0x00001194                HB25_PWM_WritePeriod
 .text.HB25_PWM_WriteCompare
                0x000011a4       0x10 .\CortexM0\ARM_GCC_493\Debug\Board1-RPi.a(HB25_PWM.o)
                0x000011a4                HB25_PWM_WriteCompare
 .text.HB25_PWM_TriggerCommand
                0x000011b4       0x1c .\CortexM0\ARM_GCC_493\Debug\Board1-RPi.a(HB25_PWM.o)
                0x000011b4                HB25_PWM_TriggerCommand
 .text.HB25_PWM_Enable
                0x000011d0       0x24 .\CortexM0\ARM_GCC_493\Debug\Board1-RPi.a(HB25_PWM.o)
                0x000011d0                HB25_PWM_Enable
 .text.HB25_PWM_SetInterruptMode
                0x000011f4        0xc .\CortexM0\ARM_GCC_493\Debug\Board1-RPi.a(HB25_PWM.o)
                0x000011f4                HB25_PWM_SetInterruptMode
 .text.HB25_PWM_Init
                0x00001200       0x4c .\CortexM0\ARM_GCC_493\Debug\Board1-RPi.a(HB25_PWM.o)
                0x00001200                HB25_PWM_Init
 .text.HB25_PWM_Start
                0x0000124c       0x20 .\CortexM0\ARM_GCC_493\Debug\Board1-RPi.a(HB25_PWM.o)
                0x0000124c                HB25_PWM_Start
 .text.ADC_Infrared_StartConvert
                0x0000126c       0x14 .\CortexM0\ARM_GCC_493\Debug\Board1-RPi.a(ADC_Infrared.o)
                0x0000126c                ADC_Infrared_StartConvert
 .text.ADC_Infrared_IsEndConversion
                0x00001280       0x28 .\CortexM0\ARM_GCC_493\Debug\Board1-RPi.a(ADC_Infrared.o)
                0x00001280                ADC_Infrared_IsEndConversion
 .text.ADC_Infrared_GetResult16
                0x000012a8       0x2c .\CortexM0\ARM_GCC_493\Debug\Board1-RPi.a(ADC_Infrared.o)
                0x000012a8                ADC_Infrared_GetResult16
 .text.HCSR04_Control_Write
                0x000012d4        0xc .\CortexM0\ARM_GCC_493\Debug\Board1-RPi.a(HCSR04_Control.o)
                0x000012d4                HCSR04_Control_Write
 .text.HCSR04_Trigger_0_Write
                0x000012e0       0x18 .\CortexM0\ARM_GCC_493\Debug\Board1-RPi.a(HCSR04_Trigger_0.o)
                0x000012e0                HCSR04_Trigger_0_Write
 .text.HCSR04_Trigger_2_Write
                0x000012f8       0x18 .\CortexM0\ARM_GCC_493\Debug\Board1-RPi.a(HCSR04_Trigger_2.o)
                0x000012f8                HCSR04_Trigger_2_Write
 .text.HCSR04_Trigger_3_Write
                0x00001310       0x18 .\CortexM0\ARM_GCC_493\Debug\Board1-RPi.a(HCSR04_Trigger_3.o)
                0x00001310                HCSR04_Trigger_3_Write
 .text.HCSR04_Trigger_1_Write
                0x00001328       0x18 .\CortexM0\ARM_GCC_493\Debug\Board1-RPi.a(HCSR04_Trigger_1.o)
                0x00001328                HCSR04_Trigger_1_Write
 .text.HB25_Enable_Pin_Write
                0x00001340       0x18 .\CortexM0\ARM_GCC_493\Debug\Board1-RPi.a(HB25_Enable_Pin.o)
                0x00001340                HB25_Enable_Pin_Write
 .text.UARTCOMMS_ScbEnableIntr
                0x00001358        0xc .\CortexM0\ARM_GCC_493\Debug\Board1-RPi.a(UARTCOMMS.o)
 .text.UARTCOMMS_ScbModePostEnable
                0x00001364        0x8 .\CortexM0\ARM_GCC_493\Debug\Board1-RPi.a(UARTCOMMS.o)
 .text.UARTCOMMS_Init
                0x0000136c        0x8 .\CortexM0\ARM_GCC_493\Debug\Board1-RPi.a(UARTCOMMS.o)
                0x0000136c                UARTCOMMS_Init
 .text.UARTCOMMS_Enable
                0x00001374       0x1c .\CortexM0\ARM_GCC_493\Debug\Board1-RPi.a(UARTCOMMS.o)
                0x00001374                UARTCOMMS_Enable
 .text.UARTCOMMS_Start
                0x00001390       0x20 .\CortexM0\ARM_GCC_493\Debug\Board1-RPi.a(UARTCOMMS.o)
                0x00001390                UARTCOMMS_Start
 .text.UARTCOMMS_UartInit
                0x000013b0       0xc4 .\CortexM0\ARM_GCC_493\Debug\Board1-RPi.a(UARTCOMMS_UART.o)
                0x000013b0                UARTCOMMS_UartInit
 .text.UARTCOMMS_UartPostEnable
                0x00001474       0x14 .\CortexM0\ARM_GCC_493\Debug\Board1-RPi.a(UARTCOMMS_UART.o)
                0x00001474                UARTCOMMS_UartPostEnable
 .text.UARTCOMMS_UartPutString
                0x00001488       0x18 .\CortexM0\ARM_GCC_493\Debug\Board1-RPi.a(UARTCOMMS_UART.o)
                0x00001488                UARTCOMMS_UartPutString
 .text.EZI2C_Slave_ScbEnableIntr
                0x000014a0        0xc .\CortexM0\ARM_GCC_493\Debug\Board1-RPi.a(EZI2C_Slave.o)
 .text.EZI2C_Slave_Init
                0x000014ac        0x8 .\CortexM0\ARM_GCC_493\Debug\Board1-RPi.a(EZI2C_Slave.o)
                0x000014ac                EZI2C_Slave_Init
 .text.EZI2C_Slave_Enable
                0x000014b4       0x18 .\CortexM0\ARM_GCC_493\Debug\Board1-RPi.a(EZI2C_Slave.o)
                0x000014b4                EZI2C_Slave_Enable
 .text.EZI2C_Slave_Start
                0x000014cc       0x20 .\CortexM0\ARM_GCC_493\Debug\Board1-RPi.a(EZI2C_Slave.o)
                0x000014cc                EZI2C_Slave_Start
 .text.EZI2C_Slave_EzI2CInit
                0x000014ec       0xc0 .\CortexM0\ARM_GCC_493\Debug\Board1-RPi.a(EZI2C_Slave_EZI2C.o)
                0x000014ec                EZI2C_Slave_EzI2CInit
 .text.EZI2C_Slave_EzI2CSetAddress1
                0x000015ac       0x18 .\CortexM0\ARM_GCC_493\Debug\Board1-RPi.a(EZI2C_Slave_EZI2C.o)
                0x000015ac                EZI2C_Slave_EzI2CSetAddress1
 .text.EZI2C_Slave_EzI2CSetBuffer1
                0x000015c4       0x30 .\CortexM0\ARM_GCC_493\Debug\Board1-RPi.a(EZI2C_Slave_EZI2C.o)
                0x000015c4                EZI2C_Slave_EzI2CSetBuffer1
 .text.EZI2C_Slave_EZI2C_STRETCH_ISR
                0x000015f4      0x324 .\CortexM0\ARM_GCC_493\Debug\Board1-RPi.a(EZI2C_Slave_EZI2C_INT.o)
                0x000015f4                EZI2C_Slave_EZI2C_STRETCH_ISR
 .text.I2C_Master_ScbEnableIntr
                0x00001918        0xc .\CortexM0\ARM_GCC_493\Debug\Board1-RPi.a(I2C_Master.o)
 .text.I2C_Master_Init
                0x00001924        0x8 .\CortexM0\ARM_GCC_493\Debug\Board1-RPi.a(I2C_Master.o)
                0x00001924                I2C_Master_Init
 .text.I2C_Master_Enable
                0x0000192c       0x18 .\CortexM0\ARM_GCC_493\Debug\Board1-RPi.a(I2C_Master.o)
                0x0000192c                I2C_Master_Enable
 .text.I2C_Master_Start
                0x00001944       0x20 .\CortexM0\ARM_GCC_493\Debug\Board1-RPi.a(I2C_Master.o)
                0x00001944                I2C_Master_Start
 .text.I2C_Master_I2CInit
                0x00001964       0xbc .\CortexM0\ARM_GCC_493\Debug\Board1-RPi.a(I2C_Master_I2C.o)
                0x00001964                I2C_Master_I2CInit
 .text.I2C_Master_I2CMasterStatus
                0x00001a20       0x30 .\CortexM0\ARM_GCC_493\Debug\Board1-RPi.a(I2C_Master_I2C_MASTER.o)
                0x00001a20                I2C_Master_I2CMasterStatus
 .text.I2C_Master_I2CMasterClearStatus
                0x00001a50       0x20 .\CortexM0\ARM_GCC_493\Debug\Board1-RPi.a(I2C_Master_I2C_MASTER.o)
                0x00001a50                I2C_Master_I2CMasterClearStatus
 .text.I2C_Master_I2CReStartGeneration
                0x00001a70       0x20 .\CortexM0\ARM_GCC_493\Debug\Board1-RPi.a(I2C_Master_I2C_MASTER.o)
                0x00001a70                I2C_Master_I2CReStartGeneration
 .text.I2C_Master_I2CMasterReadBuf
                0x00001a90       0xfc .\CortexM0\ARM_GCC_493\Debug\Board1-RPi.a(I2C_Master_I2C_MASTER.o)
                0x00001a90                I2C_Master_I2CMasterReadBuf
 .text.Phase_Counter_ReadStatusRegister
                0x00001b8c        0xc .\CortexM0\ARM_GCC_493\Debug\Board1-RPi.a(Phase_Counter.o)
                0x00001b8c                Phase_Counter_ReadStatusRegister
 .text.Phase_Counter_WriteCounter
                0x00001b98        0xc .\CortexM0\ARM_GCC_493\Debug\Board1-RPi.a(Phase_Counter.o)
                0x00001b98                Phase_Counter_WriteCounter
 .text.Phase_Counter_ReadCounter
                0x00001ba4       0x14 .\CortexM0\ARM_GCC_493\Debug\Board1-RPi.a(Phase_Counter.o)
                0x00001ba4                Phase_Counter_ReadCounter
 .text.PhaseCounter_Intr_SetVector
                0x00001bb8        0xc .\CortexM0\ARM_GCC_493\Debug\Board1-RPi.a(PhaseCounter_Intr.o)
                0x00001bb8                PhaseCounter_Intr_SetVector
 .text.PhaseCounter_Intr_SetPriority
                0x00001bc4       0x20 .\CortexM0\ARM_GCC_493\Debug\Board1-RPi.a(PhaseCounter_Intr.o)
                0x00001bc4                PhaseCounter_Intr_SetPriority
 .text.PhaseCounter_Intr_Enable
                0x00001be4        0xc .\CortexM0\ARM_GCC_493\Debug\Board1-RPi.a(PhaseCounter_Intr.o)
                0x00001be4                PhaseCounter_Intr_Enable
 .text.PhaseCounter_Intr_Disable
                0x00001bf0        0xc .\CortexM0\ARM_GCC_493\Debug\Board1-RPi.a(PhaseCounter_Intr.o)
                0x00001bf0                PhaseCounter_Intr_Disable
 .text.PhaseCounter_Intr_StartEx
                0x00001bfc       0x1c .\CortexM0\ARM_GCC_493\Debug\Board1-RPi.a(PhaseCounter_Intr.o)
                0x00001bfc                PhaseCounter_Intr_StartEx
 .text          0x00001c18       0x20 .\CortexM0\ARM_GCC_493\Debug\Board1-RPi.a(CyBootAsmGnu.o)
                0x00001c18                CyDelayCycles
                0x00001c2a                CyEnterCriticalSection
                0x00001c32                CyExitCriticalSection
 .text.CySysFlashSetWaitCycles
                0x00001c38       0x54 .\CortexM0\ARM_GCC_493\Debug\Board1-RPi.a(CyFlash.o)
                0x00001c38                CySysFlashSetWaitCycles
 .text.UARTCOMMS_SpiUartWriteTxData
                0x00001c8c       0x70 .\CortexM0\ARM_GCC_493\Debug\Board1-RPi.a(UARTCOMMS_SPI_UART.o)
                0x00001c8c                UARTCOMMS_SpiUartWriteTxData
 .text.UARTCOMMS_SPI_UART_ISR
                0x00001cfc       0x80 .\CortexM0\ARM_GCC_493\Debug\Board1-RPi.a(UARTCOMMS_SPI_UART_INT.o)
                0x00001cfc                UARTCOMMS_SPI_UART_ISR
 .text.I2C_Master_I2C_ISR
                0x00001d7c      0x374 .\CortexM0\ARM_GCC_493\Debug\Board1-RPi.a(I2C_Master_I2C_INT.o)
                0x00001d7c                I2C_Master_I2C_ISR
 .text.cos      0x000020f0       0x9c c:/program files (x86)/cypress/psoc creator/3.3/psoc creator/import/gnu/arm/4.9.3/bin/../lib/gcc/arm-none-eabi/4.9.3/../../../../arm-none-eabi/lib/armv6-m\libm.a(lib_a-s_cos.o)
                0x000020f0                cos
 .text.sin      0x0000218c       0xa0 c:/program files (x86)/cypress/psoc creator/3.3/psoc creator/import/gnu/arm/4.9.3/bin/../lib/gcc/arm-none-eabi/4.9.3/../../../../arm-none-eabi/lib/armv6-m\libm.a(lib_a-s_sin.o)
                0x0000218c                sin
 .text.pow      0x0000222c      0x35c c:/program files (x86)/cypress/psoc creator/3.3/psoc creator/import/gnu/arm/4.9.3/bin/../lib/gcc/arm-none-eabi/4.9.3/../../../../arm-none-eabi/lib/armv6-m\libm.a(lib_a-w_pow.o)
                0x0000222c                pow
 .text.__ieee754_pow
                0x00002588      0xa8c c:/program files (x86)/cypress/psoc creator/3.3/psoc creator/import/gnu/arm/4.9.3/bin/../lib/gcc/arm-none-eabi/4.9.3/../../../../arm-none-eabi/lib/armv6-m\libm.a(lib_a-e_pow.o)
                0x00002588                __ieee754_pow
 .text.__ieee754_rem_pio2
                0x00003014      0x430 c:/program files (x86)/cypress/psoc creator/3.3/psoc creator/import/gnu/arm/4.9.3/bin/../lib/gcc/arm-none-eabi/4.9.3/../../../../arm-none-eabi/lib/armv6-m\libm.a(lib_a-e_rem_pio2.o)
                0x00003014                __ieee754_rem_pio2
 .text.__ieee754_sqrt
                0x00003444      0x1ec c:/program files (x86)/cypress/psoc creator/3.3/psoc creator/import/gnu/arm/4.9.3/bin/../lib/gcc/arm-none-eabi/4.9.3/../../../../arm-none-eabi/lib/armv6-m\libm.a(lib_a-e_sqrt.o)
                0x00003444                __ieee754_sqrt
 .text.__kernel_cos
                0x00003630      0x234 c:/program files (x86)/cypress/psoc creator/3.3/psoc creator/import/gnu/arm/4.9.3/bin/../lib/gcc/arm-none-eabi/4.9.3/../../../../arm-none-eabi/lib/armv6-m\libm.a(lib_a-k_cos.o)
                0x00003630                __kernel_cos
 .text.__kernel_rem_pio2
                0x00003864      0x890 c:/program files (x86)/cypress/psoc creator/3.3/psoc creator/import/gnu/arm/4.9.3/bin/../lib/gcc/arm-none-eabi/4.9.3/../../../../arm-none-eabi/lib/armv6-m\libm.a(lib_a-k_rem_pio2.o)
                0x00003864                __kernel_rem_pio2
 .text.__kernel_sin
                0x000040f4      0x160 c:/program files (x86)/cypress/psoc creator/3.3/psoc creator/import/gnu/arm/4.9.3/bin/../lib/gcc/arm-none-eabi/4.9.3/../../../../arm-none-eabi/lib/armv6-m\libm.a(lib_a-k_sin.o)
                0x000040f4                __kernel_sin
 .text.fabs     0x00004254        0x8 c:/program files (x86)/cypress/psoc creator/3.3/psoc creator/import/gnu/arm/4.9.3/bin/../lib/gcc/arm-none-eabi/4.9.3/../../../../arm-none-eabi/lib/armv6-m\libm.a(lib_a-s_fabs.o)
                0x00004254                fabs
 .text.finite   0x0000425c       0x14 c:/program files (x86)/cypress/psoc creator/3.3/psoc creator/import/gnu/arm/4.9.3/bin/../lib/gcc/arm-none-eabi/4.9.3/../../../../arm-none-eabi/lib/armv6-m\libm.a(lib_a-s_finite.o)
                0x0000425c                finite
 .text.floor    0x00004270      0x14c c:/program files (x86)/cypress/psoc creator/3.3/psoc creator/import/gnu/arm/4.9.3/bin/../lib/gcc/arm-none-eabi/4.9.3/../../../../arm-none-eabi/lib/armv6-m\libm.a(lib_a-s_floor.o)
                0x00004270                floor
 .text.__fpclassifyd
                0x000043bc       0x5c c:/program files (x86)/cypress/psoc creator/3.3/psoc creator/import/gnu/arm/4.9.3/bin/../lib/gcc/arm-none-eabi/4.9.3/../../../../arm-none-eabi/lib/armv6-m\libm.a(lib_a-s_fpclassify.o)
                0x000043bc                __fpclassifyd
 .text.matherr  0x00004418        0x4 c:/program files (x86)/cypress/psoc creator/3.3/psoc creator/import/gnu/arm/4.9.3/bin/../lib/gcc/arm-none-eabi/4.9.3/../../../../arm-none-eabi/lib/armv6-m\libm.a(lib_a-s_matherr.o)
                0x00004418                matherr
 .text.nan      0x0000441c        0xc c:/program files (x86)/cypress/psoc creator/3.3/psoc creator/import/gnu/arm/4.9.3/bin/../lib/gcc/arm-none-eabi/4.9.3/../../../../arm-none-eabi/lib/armv6-m\libm.a(lib_a-s_nan.o)
                0x0000441c                nan
 .text.rint     0x00004428      0x144 c:/program files (x86)/cypress/psoc creator/3.3/psoc creator/import/gnu/arm/4.9.3/bin/../lib/gcc/arm-none-eabi/4.9.3/../../../../arm-none-eabi/lib/armv6-m\libm.a(lib_a-s_rint.o)
                0x00004428                rint
 .text.scalbn   0x0000456c       0xf8 c:/program files (x86)/cypress/psoc creator/3.3/psoc creator/import/gnu/arm/4.9.3/bin/../lib/gcc/arm-none-eabi/4.9.3/../../../../arm-none-eabi/lib/armv6-m\libm.a(lib_a-s_scalbn.o)
                0x0000456c                scalbn
 .text.copysign
                0x00004664       0x10 c:/program files (x86)/cypress/psoc creator/3.3/psoc creator/import/gnu/arm/4.9.3/bin/../lib/gcc/arm-none-eabi/4.9.3/../../../../arm-none-eabi/lib/armv6-m\libm.a(lib_a-s_copysign.o)
                0x00004664                copysign
 .text          0x00004674      0x120 c:/program files (x86)/cypress/psoc creator/3.3/psoc creator/import/gnu/arm/4.9.3/bin/../lib/gcc/arm-none-eabi/4.9.3/armv6-m\libgcc.a(_udivsi3.o)
                0x00004674                __aeabi_uidiv
                0x00004674                __udivsi3
                0x00004780                __aeabi_uidivmod
 .text          0x00004794      0x1e0 c:/program files (x86)/cypress/psoc creator/3.3/psoc creator/import/gnu/arm/4.9.3/bin/../lib/gcc/arm-none-eabi/4.9.3/armv6-m\libgcc.a(_divsi3.o)
                0x00004794                __divsi3
                0x00004794                __aeabi_idiv
                0x00004960                __aeabi_idivmod
 .text          0x00004974        0x4 c:/program files (x86)/cypress/psoc creator/3.3/psoc creator/import/gnu/arm/4.9.3/bin/../lib/gcc/arm-none-eabi/4.9.3/armv6-m\libgcc.a(_dvmd_tls.o)
                0x00004974                __aeabi_idiv0
                0x00004974                __aeabi_ldiv0
 .text          0x00004978       0x7c c:/program files (x86)/cypress/psoc creator/3.3/psoc creator/import/gnu/arm/4.9.3/bin/../lib/gcc/arm-none-eabi/4.9.3/armv6-m\libgcc.a(_arm_cmpdf2.o)
                0x00004978                __aeabi_cdrcmple
                0x00004988                __aeabi_cdcmple
                0x00004988                __aeabi_cdcmpeq
                0x00004998                __aeabi_dcmpeq
                0x000049a4                __aeabi_dcmplt
                0x000049b8                __aeabi_dcmple
                0x000049cc                __aeabi_dcmpgt
                0x000049e0                __aeabi_dcmpge
 .text          0x000049f4       0x54 c:/program files (x86)/cypress/psoc creator/3.3/psoc creator/import/gnu/arm/4.9.3/bin/../lib/gcc/arm-none-eabi/4.9.3/armv6-m\libgcc.a(_muldi3.o)
                0x000049f4                __muldi3
                0x000049f4                __aeabi_lmul
 .text          0x00004a48       0x30 c:/program files (x86)/cypress/psoc creator/3.3/psoc creator/import/gnu/arm/4.9.3/bin/../lib/gcc/arm-none-eabi/4.9.3/armv6-m\libgcc.a(_fixunssfsi.o)
                0x00004a48                __fixunssfsi
                0x00004a48                __aeabi_f2uiz
 .text          0x00004a78       0x6c c:/program files (x86)/cypress/psoc creator/3.3/psoc creator/import/gnu/arm/4.9.3/bin/../lib/gcc/arm-none-eabi/4.9.3/armv6-m\libgcc.a(bpabi.o)
                0x00004a78                __gnu_ldivmod_helper
                0x00004ab0                __gnu_uldivmod_helper
 .text          0x00004ae4      0x2f8 c:/program files (x86)/cypress/psoc creator/3.3/psoc creator/import/gnu/arm/4.9.3/bin/../lib/gcc/arm-none-eabi/4.9.3/armv6-m\libgcc.a(addsf3.o)
                0x00004ae4                __aeabi_fadd
 .text          0x00004ddc      0x270 c:/program files (x86)/cypress/psoc creator/3.3/psoc creator/import/gnu/arm/4.9.3/bin/../lib/gcc/arm-none-eabi/4.9.3/armv6-m\libgcc.a(divsf3.o)
                0x00004ddc                __aeabi_fdiv
 .text          0x0000504c      0x264 c:/program files (x86)/cypress/psoc creator/3.3/psoc creator/import/gnu/arm/4.9.3/bin/../lib/gcc/arm-none-eabi/4.9.3/armv6-m\libgcc.a(mulsf3.o)
                0x0000504c                __aeabi_fmul
 .text          0x000052b0      0x2fc c:/program files (x86)/cypress/psoc creator/3.3/psoc creator/import/gnu/arm/4.9.3/bin/../lib/gcc/arm-none-eabi/4.9.3/armv6-m\libgcc.a(subsf3.o)
                0x000052b0                __aeabi_fsub
 .text          0x000055ac       0x40 c:/program files (x86)/cypress/psoc creator/3.3/psoc creator/import/gnu/arm/4.9.3/bin/../lib/gcc/arm-none-eabi/4.9.3/armv6-m\libgcc.a(fixsfsi.o)
                0x000055ac                __aeabi_f2iz
 .text          0x000055ec      0x650 c:/program files (x86)/cypress/psoc creator/3.3/psoc creator/import/gnu/arm/4.9.3/bin/../lib/gcc/arm-none-eabi/4.9.3/armv6-m\libgcc.a(adddf3.o)
                0x000055ec                __aeabi_dadd
 .text          0x00005c3c      0x648 c:/program files (x86)/cypress/psoc creator/3.3/psoc creator/import/gnu/arm/4.9.3/bin/../lib/gcc/arm-none-eabi/4.9.3/armv6-m\libgcc.a(divdf3.o)
                0x00005c3c                __aeabi_ddiv
 .text          0x00006284       0x88 c:/program files (x86)/cypress/psoc creator/3.3/psoc creator/import/gnu/arm/4.9.3/bin/../lib/gcc/arm-none-eabi/4.9.3/armv6-m\libgcc.a(eqdf2.o)
                0x00006284                __nedf2
                0x00006284                __eqdf2
 .text          0x0000630c       0xe0 c:/program files (x86)/cypress/psoc creator/3.3/psoc creator/import/gnu/arm/4.9.3/bin/../lib/gcc/arm-none-eabi/4.9.3/armv6-m\libgcc.a(gedf2.o)
                0x0000630c                __gedf2
                0x0000630c                __gtdf2
 .text          0x000063ec       0xcc c:/program files (x86)/cypress/psoc creator/3.3/psoc creator/import/gnu/arm/4.9.3/bin/../lib/gcc/arm-none-eabi/4.9.3/armv6-m\libgcc.a(ledf2.o)
                0x000063ec                __ledf2
                0x000063ec                __ltdf2
 .text          0x000064b8      0x534 c:/program files (x86)/cypress/psoc creator/3.3/psoc creator/import/gnu/arm/4.9.3/bin/../lib/gcc/arm-none-eabi/4.9.3/armv6-m\libgcc.a(muldf3.o)
                0x000064b8                __aeabi_dmul
 .text          0x000069ec      0x6f4 c:/program files (x86)/cypress/psoc creator/3.3/psoc creator/import/gnu/arm/4.9.3/bin/../lib/gcc/arm-none-eabi/4.9.3/armv6-m\libgcc.a(subdf3.o)
                0x000069ec                __aeabi_dsub
 .text          0x000070e0       0x6c c:/program files (x86)/cypress/psoc creator/3.3/psoc creator/import/gnu/arm/4.9.3/bin/../lib/gcc/arm-none-eabi/4.9.3/armv6-m\libgcc.a(fixdfsi.o)
                0x000070e0                __aeabi_d2iz
 .text          0x0000714c       0x78 c:/program files (x86)/cypress/psoc creator/3.3/psoc creator/import/gnu/arm/4.9.3/bin/../lib/gcc/arm-none-eabi/4.9.3/armv6-m\libgcc.a(floatsidf.o)
                0x0000714c                __aeabi_i2d
 .text          0x000071c4       0xa8 c:/program files (x86)/cypress/psoc creator/3.3/psoc creator/import/gnu/arm/4.9.3/bin/../lib/gcc/arm-none-eabi/4.9.3/armv6-m\libgcc.a(extendsfdf2.o)
                0x000071c4                __aeabi_f2d
 .text          0x0000726c      0x120 c:/program files (x86)/cypress/psoc creator/3.3/psoc creator/import/gnu/arm/4.9.3/bin/../lib/gcc/arm-none-eabi/4.9.3/armv6-m\libgcc.a(truncdfsf2.o)
                0x0000726c                __aeabi_d2f
 .text          0x0000738c       0x74 c:/program files (x86)/cypress/psoc creator/3.3/psoc creator/import/gnu/arm/4.9.3/bin/../lib/gcc/arm-none-eabi/4.9.3/armv6-m\libgcc.a(_arm_cmpsf2.o)
                0x0000738c                __aeabi_cfrcmple
                0x00007394                __aeabi_cfcmpeq
                0x00007394                __aeabi_cfcmple
                0x000073a4                __aeabi_fcmpeq
                0x000073b0                __aeabi_fcmplt
                0x000073c4                __aeabi_fcmple
                0x000073d8                __aeabi_fcmpgt
                0x000073ec                __aeabi_fcmpge
 .text          0x00007400       0x3c c:/program files (x86)/cypress/psoc creator/3.3/psoc creator/import/gnu/arm/4.9.3/bin/../lib/gcc/arm-none-eabi/4.9.3/armv6-m\libgcc.a(_clzsi2.o)
                0x00007400                __clzsi2
 .text          0x0000743c      0x1f0 c:/program files (x86)/cypress/psoc creator/3.3/psoc creator/import/gnu/arm/4.9.3/bin/../lib/gcc/arm-none-eabi/4.9.3/armv6-m\libgcc.a(_divdi3.o)
                0x0000743c                __divdi3
 .text          0x0000762c      0x158 c:/program files (x86)/cypress/psoc creator/3.3/psoc creator/import/gnu/arm/4.9.3/bin/../lib/gcc/arm-none-eabi/4.9.3/armv6-m\libgcc.a(_udivdi3.o)
                0x0000762c                __udivdi3
 .text          0x00007784       0x54 c:/program files (x86)/cypress/psoc creator/3.3/psoc creator/import/gnu/arm/4.9.3/bin/../lib/gcc/arm-none-eabi/4.9.3/armv6-m\libgcc.a(eqsf2.o)
                0x00007784                __eqsf2
                0x00007784                __nesf2
 .text          0x000077d8       0x94 c:/program files (x86)/cypress/psoc creator/3.3/psoc creator/import/gnu/arm/4.9.3/bin/../lib/gcc/arm-none-eabi/4.9.3/armv6-m\libgcc.a(gesf2.o)
                0x000077d8                __gesf2
                0x000077d8                __gtsf2
 .text          0x0000786c       0x8c c:/program files (x86)/cypress/psoc creator/3.3/psoc creator/import/gnu/arm/4.9.3/bin/../lib/gcc/arm-none-eabi/4.9.3/armv6-m\libgcc.a(lesf2.o)
                0x0000786c                __ltsf2
                0x0000786c                __lesf2
 .text          0x000078f8       0x18 c:/program files (x86)/cypress/psoc creator/3.3/psoc creator/import/gnu/arm/4.9.3/bin/../lib/gcc/arm-none-eabi/4.9.3/armv6-m\libgcc.a(_clzdi2.o)
                0x000078f8                __clzdi2
 .text.__errno  0x00007910        0xc c:/program files (x86)/cypress/psoc creator/3.3/psoc creator/import/gnu/arm/4.9.3/bin/../lib/gcc/arm-none-eabi/4.9.3/../../../../arm-none-eabi/lib/armv6-m\libg.a(lib_a-errno.o)
                0x00007910                __errno
 .text.__libc_init_array
                0x0000791c       0x48 c:/program files (x86)/cypress/psoc creator/3.3/psoc creator/import/gnu/arm/4.9.3/bin/../lib/gcc/arm-none-eabi/4.9.3/../../../../arm-none-eabi/lib/armv6-m\libg.a(lib_a-init.o)
                0x0000791c                __libc_init_array
 .text.memcpy   0x00007964       0x7c c:/program files (x86)/cypress/psoc creator/3.3/psoc creator/import/gnu/arm/4.9.3/bin/../lib/gcc/arm-none-eabi/4.9.3/../../../../arm-none-eabi/lib/armv6-m\libg.a(lib_a-memcpy.o)
                0x00007964                memcpy
 .text.memset   0x000079e0       0x8c c:/program files (x86)/cypress/psoc creator/3.3/psoc creator/import/gnu/arm/4.9.3/bin/../lib/gcc/arm-none-eabi/4.9.3/../../../../arm-none-eabi/lib/armv6-m\libg.a(lib_a-memset.o)
                0x000079e0                memset
 .text.snprintf
                0x00007a6c       0x84 c:/program files (x86)/cypress/psoc creator/3.3/psoc creator/import/gnu/arm/4.9.3/bin/../lib/gcc/arm-none-eabi/4.9.3/../../../../arm-none-eabi/lib/armv6-m\libg.a(lib_a-snprintf.o)
                0x00007a6c                snprintf
 .text._svfprintf_r
                0x00007af0     0x14e4 c:/program files (x86)/cypress/psoc creator/3.3/psoc creator/import/gnu/arm/4.9.3/bin/../lib/gcc/arm-none-eabi/4.9.3/../../../../arm-none-eabi/lib/armv6-m\libg.a(lib_a-svfprintf.o)
                0x00007af0                _svfprintf_r
 .text.startup.register_fini
                0x00008fd4       0x18 c:/program files (x86)/cypress/psoc creator/3.3/psoc creator/import/gnu/arm/4.9.3/bin/../lib/gcc/arm-none-eabi/4.9.3/../../../../arm-none-eabi/lib/armv6-m\libg.a(lib_a-__call_atexit.o)
 .text.atexit   0x00008fec       0x10 c:/program files (x86)/cypress/psoc creator/3.3/psoc creator/import/gnu/arm/4.9.3/bin/../lib/gcc/arm-none-eabi/4.9.3/../../../../arm-none-eabi/lib/armv6-m\libg.a(lib_a-atexit.o)
                0x00008fec                atexit
 .text.quorem   0x00008ffc      0x158 c:/program files (x86)/cypress/psoc creator/3.3/psoc creator/import/gnu/arm/4.9.3/bin/../lib/gcc/arm-none-eabi/4.9.3/../../../../arm-none-eabi/lib/armv6-m\libg.a(lib_a-dtoa.o)
 .text._dtoa_r  0x00009154      0xfb4 c:/program files (x86)/cypress/psoc creator/3.3/psoc creator/import/gnu/arm/4.9.3/bin/../lib/gcc/arm-none-eabi/4.9.3/../../../../arm-none-eabi/lib/armv6-m\libg.a(lib_a-dtoa.o)
                0x00009154                _dtoa_r
 .text.__libc_fini_array
                0x0000a108       0x34 c:/program files (x86)/cypress/psoc creator/3.3/psoc creator/import/gnu/arm/4.9.3/bin/../lib/gcc/arm-none-eabi/4.9.3/../../../../arm-none-eabi/lib/armv6-m\libg.a(lib_a-fini.o)
                0x0000a108                __libc_fini_array
 .text._localeconv_r
                0x0000a13c        0x8 c:/program files (x86)/cypress/psoc creator/3.3/psoc creator/import/gnu/arm/4.9.3/bin/../lib/gcc/arm-none-eabi/4.9.3/../../../../arm-none-eabi/lib/armv6-m\libg.a(lib_a-locale.o)
                0x0000a13c                _localeconv_r
 .text._malloc_r
                0x0000a144      0x53c c:/program files (x86)/cypress/psoc creator/3.3/psoc creator/import/gnu/arm/4.9.3/bin/../lib/gcc/arm-none-eabi/4.9.3/../../../../arm-none-eabi/lib/armv6-m\libg.a(lib_a-mallocr.o)
                0x0000a144                _malloc_r
 .text.memchr   0x0000a680       0x84 c:/program files (x86)/cypress/psoc creator/3.3/psoc creator/import/gnu/arm/4.9.3/bin/../lib/gcc/arm-none-eabi/4.9.3/../../../../arm-none-eabi/lib/armv6-m\libg.a(lib_a-memchr.o)
                0x0000a680                memchr
 .text.__malloc_lock
                0x0000a704        0x4 c:/program files (x86)/cypress/psoc creator/3.3/psoc creator/import/gnu/arm/4.9.3/bin/../lib/gcc/arm-none-eabi/4.9.3/../../../../arm-none-eabi/lib/armv6-m\libg.a(lib_a-mlock.o)
                0x0000a704                __malloc_lock
 .text.__malloc_unlock
                0x0000a708        0x4 c:/program files (x86)/cypress/psoc creator/3.3/psoc creator/import/gnu/arm/4.9.3/bin/../lib/gcc/arm-none-eabi/4.9.3/../../../../arm-none-eabi/lib/armv6-m\libg.a(lib_a-mlock.o)
                0x0000a708                __malloc_unlock
 .text._Balloc  0x0000a70c       0x50 c:/program files (x86)/cypress/psoc creator/3.3/psoc creator/import/gnu/arm/4.9.3/bin/../lib/gcc/arm-none-eabi/4.9.3/../../../../arm-none-eabi/lib/armv6-m\libg.a(lib_a-mprec.o)
                0x0000a70c                _Balloc
 .text._Bfree   0x0000a75c       0x14 c:/program files (x86)/cypress/psoc creator/3.3/psoc creator/import/gnu/arm/4.9.3/bin/../lib/gcc/arm-none-eabi/4.9.3/../../../../arm-none-eabi/lib/armv6-m\libg.a(lib_a-mprec.o)
                0x0000a75c                _Bfree
 .text.__multadd
                0x0000a770       0x8c c:/program files (x86)/cypress/psoc creator/3.3/psoc creator/import/gnu/arm/4.9.3/bin/../lib/gcc/arm-none-eabi/4.9.3/../../../../arm-none-eabi/lib/armv6-m\libg.a(lib_a-mprec.o)
                0x0000a770                __multadd
 .text.__hi0bits
                0x0000a7fc       0x3c c:/program files (x86)/cypress/psoc creator/3.3/psoc creator/import/gnu/arm/4.9.3/bin/../lib/gcc/arm-none-eabi/4.9.3/../../../../arm-none-eabi/lib/armv6-m\libg.a(lib_a-mprec.o)
                0x0000a7fc                __hi0bits
 .text.__lo0bits
                0x0000a838       0x5c c:/program files (x86)/cypress/psoc creator/3.3/psoc creator/import/gnu/arm/4.9.3/bin/../lib/gcc/arm-none-eabi/4.9.3/../../../../arm-none-eabi/lib/armv6-m\libg.a(lib_a-mprec.o)
                0x0000a838                __lo0bits
 .text.__i2b    0x0000a894       0x14 c:/program files (x86)/cypress/psoc creator/3.3/psoc creator/import/gnu/arm/4.9.3/bin/../lib/gcc/arm-none-eabi/4.9.3/../../../../arm-none-eabi/lib/armv6-m\libg.a(lib_a-mprec.o)
                0x0000a894                __i2b
 .text.__multiply
                0x0000a8a8      0x15c c:/program files (x86)/cypress/psoc creator/3.3/psoc creator/import/gnu/arm/4.9.3/bin/../lib/gcc/arm-none-eabi/4.9.3/../../../../arm-none-eabi/lib/armv6-m\libg.a(lib_a-mprec.o)
                0x0000a8a8                __multiply
 .text.__pow5mult
                0x0000aa04       0xbc c:/program files (x86)/cypress/psoc creator/3.3/psoc creator/import/gnu/arm/4.9.3/bin/../lib/gcc/arm-none-eabi/4.9.3/../../../../arm-none-eabi/lib/armv6-m\libg.a(lib_a-mprec.o)
                0x0000aa04                __pow5mult
 .text.__lshift
                0x0000aac0       0xcc c:/program files (x86)/cypress/psoc creator/3.3/psoc creator/import/gnu/arm/4.9.3/bin/../lib/gcc/arm-none-eabi/4.9.3/../../../../arm-none-eabi/lib/armv6-m\libg.a(lib_a-mprec.o)
                0x0000aac0                __lshift
 .text.__mcmp   0x0000ab8c       0x38 c:/program files (x86)/cypress/psoc creator/3.3/psoc creator/import/gnu/arm/4.9.3/bin/../lib/gcc/arm-none-eabi/4.9.3/../../../../arm-none-eabi/lib/armv6-m\libg.a(lib_a-mprec.o)
                0x0000ab8c                __mcmp
 .text.__mdiff  0x0000abc4       0xec c:/program files (x86)/cypress/psoc creator/3.3/psoc creator/import/gnu/arm/4.9.3/bin/../lib/gcc/arm-none-eabi/4.9.3/../../../../arm-none-eabi/lib/armv6-m\libg.a(lib_a-mprec.o)
                0x0000abc4                __mdiff
 .text.__d2b    0x0000acb0       0xbc c:/program files (x86)/cypress/psoc creator/3.3/psoc creator/import/gnu/arm/4.9.3/bin/../lib/gcc/arm-none-eabi/4.9.3/../../../../arm-none-eabi/lib/armv6-m\libg.a(lib_a-mprec.o)
                0x0000acb0                __d2b
 .text._sbrk_r  0x0000ad6c       0x24 c:/program files (x86)/cypress/psoc creator/3.3/psoc creator/import/gnu/arm/4.9.3/bin/../lib/gcc/arm-none-eabi/4.9.3/../../../../arm-none-eabi/lib/armv6-m\libg.a(lib_a-sbrkr.o)
                0x0000ad6c                _sbrk_r
 .text.strlen   0x0000ad90       0x68 c:/program files (x86)/cypress/psoc creator/3.3/psoc creator/import/gnu/arm/4.9.3/bin/../lib/gcc/arm-none-eabi/4.9.3/../../../../arm-none-eabi/lib/armv6-m\libg.a(lib_a-strlen.o)
                0x0000ad90                strlen
 .text.__ssprint_r
                0x0000adf8      0x12c c:/program files (x86)/cypress/psoc creator/3.3/psoc creator/import/gnu/arm/4.9.3/bin/../lib/gcc/arm-none-eabi/4.9.3/../../../../arm-none-eabi/lib/armv6-m\libg.a(lib_a-svfiprintf.o)
                0x0000adf8                __ssprint_r
 .text.__register_exitproc
                0x0000af24       0xd4 c:/program files (x86)/cypress/psoc creator/3.3/psoc creator/import/gnu/arm/4.9.3/bin/../lib/gcc/arm-none-eabi/4.9.3/../../../../arm-none-eabi/lib/armv6-m\libg.a(lib_a-__atexit.o)
                0x0000af24                __register_exitproc
 .text._calloc_r
                0x0000aff8       0x60 c:/program files (x86)/cypress/psoc creator/3.3/psoc creator/import/gnu/arm/4.9.3/bin/../lib/gcc/arm-none-eabi/4.9.3/../../../../arm-none-eabi/lib/armv6-m\libg.a(lib_a-callocr.o)
                0x0000aff8                _calloc_r
 .text._malloc_trim_r
                0x0000b058       0xa0 c:/program files (x86)/cypress/psoc creator/3.3/psoc creator/import/gnu/arm/4.9.3/bin/../lib/gcc/arm-none-eabi/4.9.3/../../../../arm-none-eabi/lib/armv6-m\libg.a(lib_a-freer.o)
                0x0000b058                _malloc_trim_r
 .text._free_r  0x0000b0f8      0x1b0 c:/program files (x86)/cypress/psoc creator/3.3/psoc creator/import/gnu/arm/4.9.3/bin/../lib/gcc/arm-none-eabi/4.9.3/../../../../arm-none-eabi/lib/armv6-m\libg.a(lib_a-freer.o)
                0x0000b0f8                _free_r
 .text.memmove  0x0000b2a8       0x98 c:/program files (x86)/cypress/psoc creator/3.3/psoc creator/import/gnu/arm/4.9.3/bin/../lib/gcc/arm-none-eabi/4.9.3/../../../../arm-none-eabi/lib/armv6-m\libg.a(lib_a-memmove.o)
                0x0000b2a8                memmove
 .text._realloc_r
                0x0000b340      0x3d0 c:/program files (x86)/cypress/psoc creator/3.3/psoc creator/import/gnu/arm/4.9.3/bin/../lib/gcc/arm-none-eabi/4.9.3/../../../../arm-none-eabi/lib/armv6-m\libg.a(lib_a-reallocr.o)
                0x0000b340                _realloc_r
 .text          0x0000b710       0x40 c:/program files (x86)/cypress/psoc creator/3.3/psoc creator/import/gnu/arm/4.9.3/bin/../lib/gcc/arm-none-eabi/4.9.3/armv6-m\libgcc.a(_aeabi_uldivmod.o)
                0x0000b710                __aeabi_uldivmod
 .text          0x0000b750       0x64 c:/program files (x86)/cypress/psoc creator/3.3/psoc creator/import/gnu/arm/4.9.3/bin/../lib/gcc/arm-none-eabi/4.9.3/armv6-m\libgcc.a(floatunsidf.o)
                0x0000b750                __aeabi_ui2d
 *(.plt)
 *(.gnu.warning)
 *(.glue_7t)
 .glue_7t       0x00000000        0x0 linker stubs
 *(.glue_7)
 .glue_7        0x00000000        0x0 linker stubs
 *(.vfp11_veneer)
 .vfp11_veneer  0x00000000        0x0 linker stubs
 *(.bootloader)
 *(.ARM.extab* .gnu.linkonce.armextab.*)
 *(.gcc_except_table)

.v4_bx          0x0000b7b4        0x0
 .v4_bx         0x00000000        0x0 linker stubs

.iplt           0x0000b7b4        0x0
 .iplt          0x00000000        0x0 c:/program files (x86)/cypress/psoc creator/3.3/psoc creator/import/gnu/arm/4.9.3/bin/../lib/gcc/arm-none-eabi/4.9.3/armv6-m/crtbegin.o

.eh_frame_hdr
 *(.eh_frame_hdr)

.eh_frame       0x0000b7b4        0x4
 *(.eh_frame)
 .eh_frame      0x0000b7b4        0x0 c:/program files (x86)/cypress/psoc creator/3.3/psoc creator/import/gnu/arm/4.9.3/bin/../lib/gcc/arm-none-eabi/4.9.3/armv6-m/crtbegin.o
 .eh_frame      0x0000b7b4        0x0 c:/program files (x86)/cypress/psoc creator/3.3/psoc creator/import/gnu/arm/4.9.3/bin/../lib/gcc/arm-none-eabi/4.9.3/../../../../arm-none-eabi/lib/armv6-m\libg.a(lib_a-strcmp.o)
                                 0x28 (size before relaxing)
 .eh_frame      0x0000b7b4        0x4 c:/program files (x86)/cypress/psoc creator/3.3/psoc creator/import/gnu/arm/4.9.3/bin/../lib/gcc/arm-none-eabi/4.9.3/armv6-m/crtend.o
                0x0000b7b8                PROVIDE (__exidx_start, .)

.ARM.exidx      0x0000b7b8        0x8
 *(.ARM.exidx* .gnu.linkonce.armexidx.*)
 .ARM.exidx     0x0000b7b8        0x8 c:/program files (x86)/cypress/psoc creator/3.3/psoc creator/import/gnu/arm/4.9.3/bin/../lib/gcc/arm-none-eabi/4.9.3/armv6-m\libgcc.a(_divdi3.o)
 .ARM.exidx     0x0000b7c0        0x0 c:/program files (x86)/cypress/psoc creator/3.3/psoc creator/import/gnu/arm/4.9.3/bin/../lib/gcc/arm-none-eabi/4.9.3/armv6-m\libgcc.a(_udivdi3.o)
                                  0x8 (size before relaxing)
                0x0000b7c0                __exidx_end = .

.rodata         0x0000b7c0      0x978
 *(.rodata .rodata.* .gnu.linkonce.r.*)
 .rodata.cst2   0x0000b7c0        0x2 .\CortexM0\ARM_GCC_493\Debug\motor.o
 *fill*         0x0000b7c2        0x2 
 .rodata        0x0000b7c4       0x10 .\CortexM0\ARM_GCC_493\Debug\ultrasonic.o
 .rodata.str1.4
                0x0000b7d4       0x54 .\CortexM0\ARM_GCC_493\Debug\pid.o
 .rodata.cst2   0x0000b828        0x2 .\CortexM0\ARM_GCC_493\Debug\infrared.o
                                  0x4 (size before relaxing)
 *fill*         0x0000b82a        0x2 
 .rodata        0x0000b82c      0x25c .\CortexM0\ARM_GCC_493\Debug\Board1-RPi.a(cyfitter_cfg.o)
 .rodata        0x0000ba88       0x30 .\CortexM0\ARM_GCC_493\Debug\Board1-RPi.a(CyLib.o)
                0x0000ba88                cyImoFreqMhz2Reg
 .rodata.str1.4
                0x0000bab8        0x4 c:/program files (x86)/cypress/psoc creator/3.3/psoc creator/import/gnu/arm/4.9.3/bin/../lib/gcc/arm-none-eabi/4.9.3/../../../../arm-none-eabi/lib/armv6-m\libm.a(lib_a-w_pow.o)
 *fill*         0x0000babc        0x4 
 .rodata.dp_h   0x0000bac0       0x10 c:/program files (x86)/cypress/psoc creator/3.3/psoc creator/import/gnu/arm/4.9.3/bin/../lib/gcc/arm-none-eabi/4.9.3/../../../../arm-none-eabi/lib/armv6-m\libm.a(lib_a-e_pow.o)
 .rodata.dp_l   0x0000bad0       0x10 c:/program files (x86)/cypress/psoc creator/3.3/psoc creator/import/gnu/arm/4.9.3/bin/../lib/gcc/arm-none-eabi/4.9.3/../../../../arm-none-eabi/lib/armv6-m\libm.a(lib_a-e_pow.o)
 .rodata.bp     0x0000bae0       0x10 c:/program files (x86)/cypress/psoc creator/3.3/psoc creator/import/gnu/arm/4.9.3/bin/../lib/gcc/arm-none-eabi/4.9.3/../../../../arm-none-eabi/lib/armv6-m\libm.a(lib_a-e_pow.o)
 .rodata.str1.4
                0x00000000        0x4 c:/program files (x86)/cypress/psoc creator/3.3/psoc creator/import/gnu/arm/4.9.3/bin/../lib/gcc/arm-none-eabi/4.9.3/../../../../arm-none-eabi/lib/armv6-m\libm.a(lib_a-e_pow.o)
 .rodata.npio2_hw
                0x0000baf0       0x80 c:/program files (x86)/cypress/psoc creator/3.3/psoc creator/import/gnu/arm/4.9.3/bin/../lib/gcc/arm-none-eabi/4.9.3/../../../../arm-none-eabi/lib/armv6-m\libm.a(lib_a-e_rem_pio2.o)
 .rodata.two_over_pi
                0x0000bb70      0x108 c:/program files (x86)/cypress/psoc creator/3.3/psoc creator/import/gnu/arm/4.9.3/bin/../lib/gcc/arm-none-eabi/4.9.3/../../../../arm-none-eabi/lib/armv6-m\libm.a(lib_a-e_rem_pio2.o)
 .rodata.init_jk
                0x0000bc78       0x10 c:/program files (x86)/cypress/psoc creator/3.3/psoc creator/import/gnu/arm/4.9.3/bin/../lib/gcc/arm-none-eabi/4.9.3/../../../../arm-none-eabi/lib/armv6-m\libm.a(lib_a-k_rem_pio2.o)
 .rodata.PIo2   0x0000bc88       0x40 c:/program files (x86)/cypress/psoc creator/3.3/psoc creator/import/gnu/arm/4.9.3/bin/../lib/gcc/arm-none-eabi/4.9.3/../../../../arm-none-eabi/lib/armv6-m\libm.a(lib_a-k_rem_pio2.o)
 .rodata.TWO52  0x0000bcc8       0x10 c:/program files (x86)/cypress/psoc creator/3.3/psoc creator/import/gnu/arm/4.9.3/bin/../lib/gcc/arm-none-eabi/4.9.3/../../../../arm-none-eabi/lib/armv6-m\libm.a(lib_a-s_rint.o)
 .rodata        0x0000bcd8       0x80 c:/program files (x86)/cypress/psoc creator/3.3/psoc creator/import/gnu/arm/4.9.3/bin/../lib/gcc/arm-none-eabi/4.9.3/armv6-m\libgcc.a(divsf3.o)
 .rodata        0x0000bd58       0x40 c:/program files (x86)/cypress/psoc creator/3.3/psoc creator/import/gnu/arm/4.9.3/bin/../lib/gcc/arm-none-eabi/4.9.3/armv6-m\libgcc.a(mulsf3.o)
 .rodata        0x0000bd98       0x40 c:/program files (x86)/cypress/psoc creator/3.3/psoc creator/import/gnu/arm/4.9.3/bin/../lib/gcc/arm-none-eabi/4.9.3/armv6-m\libgcc.a(divdf3.o)
 .rodata        0x0000bdd8       0x40 c:/program files (x86)/cypress/psoc creator/3.3/psoc creator/import/gnu/arm/4.9.3/bin/../lib/gcc/arm-none-eabi/4.9.3/armv6-m\libgcc.a(muldf3.o)
 .rodata.str1.4
                0x0000be18        0x2 c:/program files (x86)/cypress/psoc creator/3.3/psoc creator/import/gnu/arm/4.9.3/bin/../lib/gcc/arm-none-eabi/4.9.3/../../../../arm-none-eabi/lib/armv6-m\libg.a(lib_a-impure.o)
                                  0x4 (size before relaxing)
 *fill*         0x0000be1a        0x2 
 .rodata._global_impure_ptr
                0x0000be1c        0x4 c:/program files (x86)/cypress/psoc creator/3.3/psoc creator/import/gnu/arm/4.9.3/bin/../lib/gcc/arm-none-eabi/4.9.3/../../../../arm-none-eabi/lib/armv6-m\libg.a(lib_a-impure.o)
                0x0000be1c                _global_impure_ptr
 .rodata._svfprintf_r
                0x0000be20      0x164 c:/program files (x86)/cypress/psoc creator/3.3/psoc creator/import/gnu/arm/4.9.3/bin/../lib/gcc/arm-none-eabi/4.9.3/../../../../arm-none-eabi/lib/armv6-m\libg.a(lib_a-svfprintf.o)
 .rodata.zeroes.6916
                0x0000bf84       0x10 c:/program files (x86)/cypress/psoc creator/3.3/psoc creator/import/gnu/arm/4.9.3/bin/../lib/gcc/arm-none-eabi/4.9.3/../../../../arm-none-eabi/lib/armv6-m\libg.a(lib_a-svfprintf.o)
 .rodata.str1.4
                0x0000bf94       0x42 c:/program files (x86)/cypress/psoc creator/3.3/psoc creator/import/gnu/arm/4.9.3/bin/../lib/gcc/arm-none-eabi/4.9.3/../../../../arm-none-eabi/lib/armv6-m\libg.a(lib_a-svfprintf.o)
                                 0x44 (size before relaxing)
 *fill*         0x0000bfd6        0x2 
 .rodata.blanks.6915
                0x0000bfd8       0x10 c:/program files (x86)/cypress/psoc creator/3.3/psoc creator/import/gnu/arm/4.9.3/bin/../lib/gcc/arm-none-eabi/4.9.3/../../../../arm-none-eabi/lib/armv6-m\libg.a(lib_a-svfprintf.o)
 .rodata.str1.4
                0x0000bfe8       0x10 c:/program files (x86)/cypress/psoc creator/3.3/psoc creator/import/gnu/arm/4.9.3/bin/../lib/gcc/arm-none-eabi/4.9.3/../../../../arm-none-eabi/lib/armv6-m\libg.a(lib_a-dtoa.o)
                                 0x14 (size before relaxing)
 .rodata.str1.4
                0x0000bff8        0xc c:/program files (x86)/cypress/psoc creator/3.3/psoc creator/import/gnu/arm/4.9.3/bin/../lib/gcc/arm-none-eabi/4.9.3/../../../../arm-none-eabi/lib/armv6-m\libg.a(lib_a-locale.o)
                                 0x14 (size before relaxing)
 .rodata.p05.5296
                0x0000c004        0xc c:/program files (x86)/cypress/psoc creator/3.3/psoc creator/import/gnu/arm/4.9.3/bin/../lib/gcc/arm-none-eabi/4.9.3/../../../../arm-none-eabi/lib/armv6-m\libg.a(lib_a-mprec.o)
 .rodata.__mprec_tens
                0x0000c010       0xc8 c:/program files (x86)/cypress/psoc creator/3.3/psoc creator/import/gnu/arm/4.9.3/bin/../lib/gcc/arm-none-eabi/4.9.3/../../../../arm-none-eabi/lib/armv6-m\libg.a(lib_a-mprec.o)
                0x0000c010                __mprec_tens
 .rodata.__mprec_bigtens
                0x0000c0d8       0x28 c:/program files (x86)/cypress/psoc creator/3.3/psoc creator/import/gnu/arm/4.9.3/bin/../lib/gcc/arm-none-eabi/4.9.3/../../../../arm-none-eabi/lib/armv6-m\libg.a(lib_a-mprec.o)
                0x0000c0d8                __mprec_bigtens
                0x0000c100                . = ALIGN (0x4)
 *(.init)
 .init          0x0000c100        0x4 c:/program files (x86)/cypress/psoc creator/3.3/psoc creator/import/gnu/arm/4.9.3/bin/../lib/gcc/arm-none-eabi/4.9.3/armv6-m/crti.o
                0x0000c100                _init
 .init          0x0000c104        0x8 c:/program files (x86)/cypress/psoc creator/3.3/psoc creator/import/gnu/arm/4.9.3/bin/../lib/gcc/arm-none-eabi/4.9.3/armv6-m/crtn.o
                0x0000c10c                . = ALIGN (0x4)
                0x0000c10c                __preinit_array_start = .
 *(.preinit_array)
                0x0000c10c                __preinit_array_end = .
                0x0000c10c                . = ALIGN (0x4)
                0x0000c10c                __init_array_start = .
 *(SORT(.init_array.*))
 .init_array.00000
                0x0000c10c        0x4 c:/program files (x86)/cypress/psoc creator/3.3/psoc creator/import/gnu/arm/4.9.3/bin/../lib/gcc/arm-none-eabi/4.9.3/../../../../arm-none-eabi/lib/armv6-m\libg.a(lib_a-__call_atexit.o)
 *(.init_array)
 .init_array    0x0000c110        0x4 c:/program files (x86)/cypress/psoc creator/3.3/psoc creator/import/gnu/arm/4.9.3/bin/../lib/gcc/arm-none-eabi/4.9.3/armv6-m/crtbegin.o
 .init_array    0x0000c114        0x4 .\CortexM0\ARM_GCC_493\Debug\Cm0Start.o
                0x0000c118                __init_array_end = .
                0x0000c118                . = ALIGN (0x4)
 *(.fini)
 .fini          0x0000c118        0x4 c:/program files (x86)/cypress/psoc creator/3.3/psoc creator/import/gnu/arm/4.9.3/bin/../lib/gcc/arm-none-eabi/4.9.3/armv6-m/crti.o
                0x0000c118                _fini
 .fini          0x0000c11c        0x8 c:/program files (x86)/cypress/psoc creator/3.3/psoc creator/import/gnu/arm/4.9.3/bin/../lib/gcc/arm-none-eabi/4.9.3/armv6-m/crtn.o
                0x0000c124                . = ALIGN (0x4)
                0x0000c124                __fini_array_start = .
 *(.fini_array)
 .fini_array    0x0000c124        0x4 c:/program files (x86)/cypress/psoc creator/3.3/psoc creator/import/gnu/arm/4.9.3/bin/../lib/gcc/arm-none-eabi/4.9.3/armv6-m/crtbegin.o
 *(SORT(.fini_array.*))
                0x0000c128                __fini_array_end = .
                0x0000c128                . = ALIGN (0x4)
 *crtbegin.o(.ctors)
 *(EXCLUDE_FILE(*crtend.o) .ctors)
 *(SORT(.ctors.*))
 *crtend.o(.ctors)
                0x0000c128                . = ALIGN (0x4)
 *crtbegin.o(.dtors)
 *(EXCLUDE_FILE(*crtend.o) .dtors)
 *(SORT(.dtors.*))
 *crtend.o(.dtors)
                0x0000c128                . = ALIGN (0x4)
                0x0000c128                __cy_regions = .
                0x0000c128        0x4 LONG 0xc138 __cy_region_init_ram
                0x0000c12c        0x4 LONG 0x200000c8 __cy_region_start_data
                0x0000c130        0x4 LONG 0x8d8 __cy_region_init_size_ram
                0x0000c134        0x4 LONG 0x3b8 __cy_region_zero_size_ram
                0x0000c138                __cy_regions_end = .
                0x0000c138                . = ALIGN (0x8)
                0x0000c138                _etext = .

.cy_checksum_exclude
                0x0000c138        0x0
 *(.cy_checksum_exclude)

.ramvectors     0x20000000       0xc0
                0x20000000                __cy_region_start_ram = .
 *(.ramvectors)
 .ramvectors    0x20000000       0xc0 .\CortexM0\ARM_GCC_493\Debug\Cm0Start.o
                0x20000000                CyRamVectors

.noinit         0x200000c0        0x4
 *(.noinit)
 .noinit        0x200000c0        0x4 .\CortexM0\ARM_GCC_493\Debug\Cm0Start.o

.data           0x200000c8      0x8d8 load address 0x0000c138
                0x200000c8                __cy_region_start_data = .
 *(.jcr)
 .jcr           0x200000c8        0x0 c:/program files (x86)/cypress/psoc creator/3.3/psoc creator/import/gnu/arm/4.9.3/bin/../lib/gcc/arm-none-eabi/4.9.3/armv6-m/crtbegin.o
 .jcr           0x200000c8        0x4 c:/program files (x86)/cypress/psoc creator/3.3/psoc creator/import/gnu/arm/4.9.3/bin/../lib/gcc/arm-none-eabi/4.9.3/armv6-m/crtend.o
 *(.got.plt)
 *(.got)
 *(.shdata)
 *(.data .data.* .gnu.linkonce.d.*)
 *fill*         0x200000cc        0x4 
 .data          0x200000d0       0x38 .\CortexM0\ARM_GCC_493\Debug\pid.o
 .data          0x20000108        0x4 .\CortexM0\ARM_GCC_493\Debug\Cm0Start.o
 .data          0x2000010c       0x10 .\CortexM0\ARM_GCC_493\Debug\Board1-RPi.a(CyLib.o)
                0x2000010c                cydelay32kMs
                0x20000110                cydelayFreqKhz
                0x20000114                cydelayFreqMhz
                0x20000118                cydelayFreqHz
 .data          0x2000011c        0x4 .\CortexM0\ARM_GCC_493\Debug\Board1-RPi.a(CyLFClk.o)
 .data.__fdlib_version
                0x20000120        0x1 c:/program files (x86)/cypress/psoc creator/3.3/psoc creator/import/gnu/arm/4.9.3/bin/../lib/gcc/arm-none-eabi/4.9.3/../../../../arm-none-eabi/lib/armv6-m\libm.a(lib_a-s_lib_ver.o)
                0x20000120                __fdlib_version
 *fill*         0x20000121        0x7 
 .data.impure_data
                0x20000128      0x428 c:/program files (x86)/cypress/psoc creator/3.3/psoc creator/import/gnu/arm/4.9.3/bin/../lib/gcc/arm-none-eabi/4.9.3/../../../../arm-none-eabi/lib/armv6-m\libg.a(lib_a-impure.o)
 .data._impure_ptr
                0x20000550        0x4 c:/program files (x86)/cypress/psoc creator/3.3/psoc creator/import/gnu/arm/4.9.3/bin/../lib/gcc/arm-none-eabi/4.9.3/../../../../arm-none-eabi/lib/armv6-m\libg.a(lib_a-impure.o)
                0x20000550                _impure_ptr
 .data.lconv    0x20000554       0x38 c:/program files (x86)/cypress/psoc creator/3.3/psoc creator/import/gnu/arm/4.9.3/bin/../lib/gcc/arm-none-eabi/4.9.3/../../../../arm-none-eabi/lib/armv6-m\libg.a(lib_a-locale.o)
 .data.__malloc_av_
                0x2000058c      0x408 c:/program files (x86)/cypress/psoc creator/3.3/psoc creator/import/gnu/arm/4.9.3/bin/../lib/gcc/arm-none-eabi/4.9.3/../../../../arm-none-eabi/lib/armv6-m\libg.a(lib_a-mallocr.o)
                0x2000058c                __malloc_av_
 .data.__malloc_trim_threshold
                0x20000994        0x4 c:/program files (x86)/cypress/psoc creator/3.3/psoc creator/import/gnu/arm/4.9.3/bin/../lib/gcc/arm-none-eabi/4.9.3/../../../../arm-none-eabi/lib/armv6-m\libg.a(lib_a-mallocr.o)
                0x20000994                __malloc_trim_threshold
 .data.__malloc_sbrk_base
                0x20000998        0x4 c:/program files (x86)/cypress/psoc creator/3.3/psoc creator/import/gnu/arm/4.9.3/bin/../lib/gcc/arm-none-eabi/4.9.3/../../../../arm-none-eabi/lib/armv6-m\libg.a(lib_a-mallocr.o)
                0x20000998                __malloc_sbrk_base
                0x200009a0                . = ALIGN (0x8)
 *fill*         0x2000099c        0x4 
 *(.ram)
                0x200009a0                _edata = .

.igot.plt       0x200009a0        0x0 load address 0x0000ca10
 .igot.plt      0x00000000        0x0 c:/program files (x86)/cypress/psoc creator/3.3/psoc creator/import/gnu/arm/4.9.3/bin/../lib/gcc/arm-none-eabi/4.9.3/armv6-m/crtbegin.o

.bss            0x200009a0      0x3b8 load address 0x0000ca10
                0x200009a0                PROVIDE (__bss_start__, .)
 *(.shbss)
 *(.bss .bss.* .gnu.linkonce.b.*)
 .bss           0x200009a0       0x1c c:/program files (x86)/cypress/psoc creator/3.3/psoc creator/import/gnu/arm/4.9.3/bin/../lib/gcc/arm-none-eabi/4.9.3/armv6-m/crtbegin.o
 .bss           0x200009bc       0x4c .\CortexM0\ARM_GCC_493\Debug\ultrasonic.o
 .bss           0x20000a08       0x14 .\CortexM0\ARM_GCC_493\Debug\pid.o
 .bss           0x20000a1c       0x3c .\CortexM0\ARM_GCC_493\Debug\i2c.o
 .bss           0x20000a58        0x4 .\CortexM0\ARM_GCC_493\Debug\control.o
 .bss           0x20000a5c        0x4 .\CortexM0\ARM_GCC_493\Debug\time.o
 .bss           0x20000a60        0x8 .\CortexM0\ARM_GCC_493\Debug\infrared.o
 .bss           0x20000a68       0x28 .\CortexM0\ARM_GCC_493\Debug\odom.o
 .bss           0x20000a90       0x18 .\CortexM0\ARM_GCC_493\Debug\Board1-RPi.a(CyLib.o)
                0x20000aa4                CySysTickInitVar
 .bss           0x20000aa8       0x1c .\CortexM0\ARM_GCC_493\Debug\Board1-RPi.a(CyLFClk.o)
 .bss           0x20000ac4        0x1 .\CortexM0\ARM_GCC_493\Debug\Board1-RPi.a(HB25_PWM.o)
                0x20000ac4                HB25_PWM_initVar
 *fill*         0x20000ac5        0x3 
 .bss           0x20000ac8        0x8 .\CortexM0\ARM_GCC_493\Debug\Board1-RPi.a(UARTCOMMS.o)
                0x20000ac8                UARTCOMMS_initVar
                0x20000acc                UARTCOMMS_customIntrHandler
 .bss           0x20000ad0        0x8 .\CortexM0\ARM_GCC_493\Debug\Board1-RPi.a(EZI2C_Slave.o)
                0x20000ad0                EZI2C_Slave_initVar
                0x20000ad4                EZI2C_Slave_customIntrHandler
 .bss           0x20000ad8        0x2 .\CortexM0\ARM_GCC_493\Debug\Board1-RPi.a(EZI2C_Slave_EZI2C_INT.o)
 *fill*         0x20000ada        0x2 
 .bss           0x20000adc        0x8 .\CortexM0\ARM_GCC_493\Debug\Board1-RPi.a(I2C_Master.o)
                0x20000adc                I2C_Master_initVar
                0x20000ae0                I2C_Master_customIntrHandler
 .bss.__malloc_max_total_mem
                0x20000ae4        0x4 c:/program files (x86)/cypress/psoc creator/3.3/psoc creator/import/gnu/arm/4.9.3/bin/../lib/gcc/arm-none-eabi/4.9.3/../../../../arm-none-eabi/lib/armv6-m\libg.a(lib_a-mallocr.o)
                0x20000ae4                __malloc_max_total_mem
 .bss.__malloc_max_sbrked_mem
                0x20000ae8        0x4 c:/program files (x86)/cypress/psoc creator/3.3/psoc creator/import/gnu/arm/4.9.3/bin/../lib/gcc/arm-none-eabi/4.9.3/../../../../arm-none-eabi/lib/armv6-m\libg.a(lib_a-mallocr.o)
                0x20000ae8                __malloc_max_sbrked_mem
 .bss.__malloc_top_pad
                0x20000aec        0x4 c:/program files (x86)/cypress/psoc creator/3.3/psoc creator/import/gnu/arm/4.9.3/bin/../lib/gcc/arm-none-eabi/4.9.3/../../../../arm-none-eabi/lib/armv6-m\libg.a(lib_a-mallocr.o)
                0x20000aec                __malloc_top_pad
 .bss.__malloc_current_mallinfo
                0x20000af0       0x28 c:/program files (x86)/cypress/psoc creator/3.3/psoc creator/import/gnu/arm/4.9.3/bin/../lib/gcc/arm-none-eabi/4.9.3/../../../../arm-none-eabi/lib/armv6-m\libg.a(lib_a-mallocr.o)
                0x20000af0                __malloc_current_mallinfo
 *(COMMON)
 COMMON         0x20000b18      0x100 .\CortexM0\ARM_GCC_493\Debug\motor.o
                0x20000b18                formatted_string
 COMMON         0x20000c18       0x11 .\CortexM0\ARM_GCC_493\Debug\Board1-RPi.a(EZI2C_Slave_EZI2C.o)
                0x20000c18                EZI2C_Slave_offsetBuf1
                0x20000c1c                EZI2C_Slave_dataBuffer1
                0x20000c20                EZI2C_Slave_indexBuf1
                0x20000c22                EZI2C_Slave_fsmState
                0x20000c24                EZI2C_Slave_protectBuf1
                0x20000c26                EZI2C_Slave_bufSizeBuf1
                0x20000c28                EZI2C_Slave_curStatus
 COMMON         0x20000c29        0x1 .\CortexM0\ARM_GCC_493\Debug\Board1-RPi.a(I2C_Master_I2C.o)
                0x20000c29                I2C_Master_state
 *fill*         0x20000c2a        0x2 
 COMMON         0x20000c2c       0x20 .\CortexM0\ARM_GCC_493\Debug\Board1-RPi.a(I2C_Master_I2C_MASTER.o)
                0x20000c2c                I2C_Master_mstrWrBufIndexTmp
                0x20000c30                I2C_Master_mstrRdBufIndex
                0x20000c34                I2C_Master_mstrWrBufIndex
                0x20000c38                I2C_Master_mstrWrBufSize
                0x20000c3c                I2C_Master_mstrWrBufPtr
                0x20000c40                I2C_Master_mstrRdBufPtr
                0x20000c44                I2C_Master_mstrControl
                0x20000c46                I2C_Master_mstrStatus
                0x20000c48                I2C_Master_mstrRdBufSize
 COMMON         0x20000c4c      0x108 .\CortexM0\ARM_GCC_493\Debug\Board1-RPi.a(UARTCOMMS_SPI_UART.o)
                0x20000c4c                UARTCOMMS_txBufferInternal
                0x20000d4c                UARTCOMMS_txBufferTail
                0x20000d50                UARTCOMMS_txBufferHead
 COMMON         0x20000d54        0x4 c:/program files (x86)/cypress/psoc creator/3.3/psoc creator/import/gnu/arm/4.9.3/bin/../lib/gcc/arm-none-eabi/4.9.3/../../../../arm-none-eabi/lib/armv6-m\libg.a(lib_a-reent.o)
                0x20000d54                errno
                0x20000d58                . = ALIGN (0x8)
 *(.ram.b)
                0x20000d58                _end = .
                0x20000d58                __end = .
                0x20000d58                PROVIDE (end, .)
                0x20000d58                PROVIDE (__bss_end__, .)
                0x0000c138                __cy_region_init_ram = LOADADDR (.data)
                0x000008d8                __cy_region_init_size_ram = (_edata - ADDR (.data))
                0x000003b8                __cy_region_zero_size_ram = (_end - _edata)

.heap           0x20000d58     0x1000 load address 0x0000ca10
                0x20000d58                . = _end
                0x20001d58                . = (. + 0x1000)
 *fill*         0x20000d58     0x1000 
                0x20001d58                __cy_heap_limit = .

.stack          0x20003800      0x800
                0x20003800                __cy_stack_limit = .
                0x20004000                . = (. + 0x800)
 *fill*         0x20003800      0x800 
                0x00000001                ASSERT ((__cy_stack_limit >= __cy_heap_limit), region RAM overflowed with stack)
                0x00000000                cy_checksum_exclude_size = (CY_APPL_LOADABLE == 0x1)?SIZEOF (.cy_checksum_exclude):0x0
                0x00000001                ASSERT ((cy_checksum_exclude_size <= CY_CHECKSUM_EXCLUDE_SIZE), CY_BOOT: Section .cy_checksum_exclude size exceedes specified limit.)
                0x0001ffc0                cyloadermeta_start = (cy_project_type_bootloader || cy_project_type_app_for_stack_and_copier)?(0x20000 - CY_METADATA_SIZE):0xf0000000

.cyloadermeta
 *(.cyloadermeta)
                0x0001ffc0                cyloadablemeta_start = cy_project_type_app_for_stack_and_copier?((0x20000 - CY_FLASH_ROW_SIZE) - CY_METADATA_SIZE):((0x20000 - (CY_FLASH_ROW_SIZE * (CY_APPL_NUM - 0x1))) - CY_METADATA_SIZE)

.cyloadablemeta
 *(.cyloadablemeta)

.cyflashprotect
                0x90400000       0x80
 *(.cyflashprotect)
 .cyflashprotect
                0x90400000       0x80 .\CortexM0\ARM_GCC_493\Debug\cymetadata.o
                0x90400000                cy_meta_flashprotect

.cymeta         0x90500000        0xc
 *(.cymeta)
 .cymeta        0x90500000        0xc .\CortexM0\ARM_GCC_493\Debug\cymetadata.o
                0x90500000                cy_metadata

.cychipprotect  0x90600000        0x4
 *(.cychipprotect)
 .cychipprotect
                0x90600000        0x4 .\CortexM0\ARM_GCC_493\Debug\cymetadata.o
                0x90600000                cy_meta_chipprotect

.rel.dyn        0x0000ca10        0x0 load address 0x90600004
 .rel.iplt      0x00000000        0x0 c:/program files (x86)/cypress/psoc creator/3.3/psoc creator/import/gnu/arm/4.9.3/bin/../lib/gcc/arm-none-eabi/4.9.3/armv6-m/crtbegin.o

.stab
 *(.stab)

.stabstr
 *(.stabstr)

.debug
 *(.debug)

.line
 *(.line)

.debug_srcinfo
 *(.debug_srcinfo)

.debug_sfnames
 *(.debug_sfnames)

.debug_aranges  0x00000000     0x10d0
 *(.debug_aranges)
 .debug_aranges
                0x00000000       0x48 .\CortexM0\ARM_GCC_493\Debug\encoder.o
 .debug_aranges
                0x00000048       0x40 .\CortexM0\ARM_GCC_493\Debug\motor.o
 .debug_aranges
                0x00000088       0x58 .\CortexM0\ARM_GCC_493\Debug\ultrasonic.o
 .debug_aranges
                0x000000e0       0x40 .\CortexM0\ARM_GCC_493\Debug\pid.o
 .debug_aranges
                0x00000120       0x80 .\CortexM0\ARM_GCC_493\Debug\i2c.o
 .debug_aranges
                0x000001a0       0x30 .\CortexM0\ARM_GCC_493\Debug\control.o
 .debug_aranges
                0x000001d0       0x20 .\CortexM0\ARM_GCC_493\Debug\boardmain.o
 .debug_aranges
                0x000001f0       0x38 .\CortexM0\ARM_GCC_493\Debug\time.o
 .debug_aranges
                0x00000228       0x38 .\CortexM0\ARM_GCC_493\Debug\infrared.o
 .debug_aranges
                0x00000260       0x60 .\CortexM0\ARM_GCC_493\Debug\utils.o
 .debug_aranges
                0x000002c0       0x28 .\CortexM0\ARM_GCC_493\Debug\debug.o
 .debug_aranges
                0x000002e8       0x40 .\CortexM0\ARM_GCC_493\Debug\odom.o
 .debug_aranges
                0x00000328       0x18 .\CortexM0\ARM_GCC_493\Debug\cymetadata.o
 .debug_aranges
                0x00000340       0x48 .\CortexM0\ARM_GCC_493\Debug\Cm0Start.o
 .debug_aranges
                0x00000388       0x48 .\CortexM0\ARM_GCC_493\Debug\Board1-RPi.a(cyfitter_cfg.o)
 .debug_aranges
                0x000003d0      0x190 .\CortexM0\ARM_GCC_493\Debug\Board1-RPi.a(CyLib.o)
 .debug_aranges
                0x00000560      0x150 .\CortexM0\ARM_GCC_493\Debug\Board1-RPi.a(CyLFClk.o)
 .debug_aranges
                0x000006b0      0x158 .\CortexM0\ARM_GCC_493\Debug\Board1-RPi.a(HB25_PWM.o)
 .debug_aranges
                0x00000808       0xa8 .\CortexM0\ARM_GCC_493\Debug\Board1-RPi.a(ADC_Infrared.o)
 .debug_aranges
                0x000008b0       0x20 .\CortexM0\ARM_GCC_493\Debug\Board1-RPi.a(ADC_Infrared_INT.o)
 .debug_aranges
                0x000008d0      0x158 .\CortexM0\ARM_GCC_493\Debug\Board1-RPi.a(HCSR04_Timer.o)
 .debug_aranges
                0x00000a28       0x80 .\CortexM0\ARM_GCC_493\Debug\Board1-RPi.a(HCSR04_Timeout_Intr.o)
 .debug_aranges
                0x00000aa8       0x28 .\CortexM0\ARM_GCC_493\Debug\Board1-RPi.a(HCSR04_Control.o)
 .debug_aranges
                0x00000ad0       0x48 .\CortexM0\ARM_GCC_493\Debug\Board1-RPi.a(HCSR04_Trigger_0.o)
 .debug_aranges
                0x00000b18       0x48 .\CortexM0\ARM_GCC_493\Debug\Board1-RPi.a(HCSR04_Trigger_2.o)
 .debug_aranges
                0x00000b60       0x48 .\CortexM0\ARM_GCC_493\Debug\Board1-RPi.a(HCSR04_Trigger_3.o)
 .debug_aranges
                0x00000ba8       0x48 .\CortexM0\ARM_GCC_493\Debug\Board1-RPi.a(HCSR04_Trigger_1.o)
 .debug_aranges
                0x00000bf0       0x48 .\CortexM0\ARM_GCC_493\Debug\Board1-RPi.a(HB25_Enable_Pin.o)
 .debug_aranges
                0x00000c38       0x68 .\CortexM0\ARM_GCC_493\Debug\Board1-RPi.a(UARTCOMMS.o)
 .debug_aranges
                0x00000ca0       0x68 .\CortexM0\ARM_GCC_493\Debug\Board1-RPi.a(UARTCOMMS_UART.o)
 .debug_aranges
                0x00000d08       0x60 .\CortexM0\ARM_GCC_493\Debug\Board1-RPi.a(EZI2C_Slave.o)
 .debug_aranges
                0x00000d68       0x50 .\CortexM0\ARM_GCC_493\Debug\Board1-RPi.a(EZI2C_Slave_EZI2C.o)
 .debug_aranges
                0x00000db8       0x20 .\CortexM0\ARM_GCC_493\Debug\Board1-RPi.a(EZI2C_Slave_EZI2C_INT.o)
 .debug_aranges
                0x00000dd8       0x60 .\CortexM0\ARM_GCC_493\Debug\Board1-RPi.a(I2C_Master.o)
 .debug_aranges
                0x00000e38       0x28 .\CortexM0\ARM_GCC_493\Debug\Board1-RPi.a(I2C_Master_I2C.o)
 .debug_aranges
                0x00000e60       0x88 .\CortexM0\ARM_GCC_493\Debug\Board1-RPi.a(I2C_Master_I2C_MASTER.o)
 .debug_aranges
                0x00000ee8       0x88 .\CortexM0\ARM_GCC_493\Debug\Board1-RPi.a(Phase_Counter.o)
 .debug_aranges
                0x00000f70       0x80 .\CortexM0\ARM_GCC_493\Debug\Board1-RPi.a(PhaseCounter_Intr.o)
 .debug_aranges
                0x00000ff0       0x20 .\CortexM0\ARM_GCC_493\Debug\Board1-RPi.a(CyBootAsmGnu.o)
 .debug_aranges
                0x00001010       0x38 .\CortexM0\ARM_GCC_493\Debug\Board1-RPi.a(CyFlash.o)
 .debug_aranges
                0x00001048       0x48 .\CortexM0\ARM_GCC_493\Debug\Board1-RPi.a(UARTCOMMS_SPI_UART.o)
 .debug_aranges
                0x00001090       0x20 .\CortexM0\ARM_GCC_493\Debug\Board1-RPi.a(UARTCOMMS_SPI_UART_INT.o)
 .debug_aranges
                0x000010b0       0x20 .\CortexM0\ARM_GCC_493\Debug\Board1-RPi.a(I2C_Master_I2C_INT.o)

.debug_pubnames
 *(.debug_pubnames)

.debug_info     0x00000000     0x8ff0
 *(.debug_info .gnu.linkonce.wi.*)
 .debug_info    0x00000000      0x1dd .\CortexM0\ARM_GCC_493\Debug\encoder.o
 .debug_info    0x000001dd      0x1f5 .\CortexM0\ARM_GCC_493\Debug\motor.o
 .debug_info    0x000003d2      0x527 .\CortexM0\ARM_GCC_493\Debug\ultrasonic.o
 .debug_info    0x000008f9      0x47e .\CortexM0\ARM_GCC_493\Debug\pid.o
 .debug_info    0x00000d77      0x5f6 .\CortexM0\ARM_GCC_493\Debug\i2c.o
 .debug_info    0x0000136d      0x1af .\CortexM0\ARM_GCC_493\Debug\control.o
 .debug_info    0x0000151c      0x277 .\CortexM0\ARM_GCC_493\Debug\boardmain.o
 .debug_info    0x00001793      0x19f .\CortexM0\ARM_GCC_493\Debug\time.o
 .debug_info    0x00001932      0x404 .\CortexM0\ARM_GCC_493\Debug\infrared.o
 .debug_info    0x00001d36      0x2f2 .\CortexM0\ARM_GCC_493\Debug\utils.o
 .debug_info    0x00002028      0x123 .\CortexM0\ARM_GCC_493\Debug\debug.o
 .debug_info    0x0000214b      0x340 .\CortexM0\ARM_GCC_493\Debug\odom.o
 .debug_info    0x0000248b       0xfd .\CortexM0\ARM_GCC_493\Debug\cymetadata.o
 .debug_info    0x00002588      0x38a .\CortexM0\ARM_GCC_493\Debug\Cm0Start.o
 .debug_info    0x00002912      0x41d .\CortexM0\ARM_GCC_493\Debug\Board1-RPi.a(cyfitter_cfg.o)
 .debug_info    0x00002d2f      0xb64 .\CortexM0\ARM_GCC_493\Debug\Board1-RPi.a(CyLib.o)
 .debug_info    0x00003893      0xda1 .\CortexM0\ARM_GCC_493\Debug\Board1-RPi.a(CyLFClk.o)
 .debug_info    0x00004634      0x902 .\CortexM0\ARM_GCC_493\Debug\Board1-RPi.a(HB25_PWM.o)
 .debug_info    0x00004f36      0x5b8 .\CortexM0\ARM_GCC_493\Debug\Board1-RPi.a(ADC_Infrared.o)
 .debug_info    0x000054ee       0xc3 .\CortexM0\ARM_GCC_493\Debug\Board1-RPi.a(ADC_Infrared_INT.o)
 .debug_info    0x000055b1      0x8d9 .\CortexM0\ARM_GCC_493\Debug\Board1-RPi.a(HCSR04_Timer.o)
 .debug_info    0x00005e8a      0x2fe .\CortexM0\ARM_GCC_493\Debug\Board1-RPi.a(HCSR04_Timeout_Intr.o)
 .debug_info    0x00006188       0xd5 .\CortexM0\ARM_GCC_493\Debug\Board1-RPi.a(HCSR04_Control.o)
 .debug_info    0x0000625d      0x19a .\CortexM0\ARM_GCC_493\Debug\Board1-RPi.a(HCSR04_Trigger_0.o)
 .debug_info    0x000063f7      0x19a .\CortexM0\ARM_GCC_493\Debug\Board1-RPi.a(HCSR04_Trigger_2.o)
 .debug_info    0x00006591      0x19a .\CortexM0\ARM_GCC_493\Debug\Board1-RPi.a(HCSR04_Trigger_3.o)
 .debug_info    0x0000672b      0x19a .\CortexM0\ARM_GCC_493\Debug\Board1-RPi.a(HCSR04_Trigger_1.o)
 .debug_info    0x000068c5      0x19a .\CortexM0\ARM_GCC_493\Debug\Board1-RPi.a(HB25_Enable_Pin.o)
 .debug_info    0x00006a5f      0x2c5 .\CortexM0\ARM_GCC_493\Debug\Board1-RPi.a(UARTCOMMS.o)
 .debug_info    0x00006d24      0x306 .\CortexM0\ARM_GCC_493\Debug\Board1-RPi.a(UARTCOMMS_UART.o)
 .debug_info    0x0000702a      0x295 .\CortexM0\ARM_GCC_493\Debug\Board1-RPi.a(EZI2C_Slave.o)
 .debug_info    0x000072bf      0x344 .\CortexM0\ARM_GCC_493\Debug\Board1-RPi.a(EZI2C_Slave_EZI2C.o)
 .debug_info    0x00007603      0x1dc .\CortexM0\ARM_GCC_493\Debug\Board1-RPi.a(EZI2C_Slave_EZI2C_INT.o)
 .debug_info    0x000077df      0x295 .\CortexM0\ARM_GCC_493\Debug\Board1-RPi.a(I2C_Master.o)
 .debug_info    0x00007a74      0x1a8 .\CortexM0\ARM_GCC_493\Debug\Board1-RPi.a(I2C_Master_I2C.o)
 .debug_info    0x00007c1c      0x5a0 .\CortexM0\ARM_GCC_493\Debug\Board1-RPi.a(I2C_Master_I2C_MASTER.o)
 .debug_info    0x000081bc      0x2eb .\CortexM0\ARM_GCC_493\Debug\Board1-RPi.a(Phase_Counter.o)
 .debug_info    0x000084a7      0x2fe .\CortexM0\ARM_GCC_493\Debug\Board1-RPi.a(PhaseCounter_Intr.o)
 .debug_info    0x000087a5       0x8d .\CortexM0\ARM_GCC_493\Debug\Board1-RPi.a(CyBootAsmGnu.o)
 .debug_info    0x00008832      0x2a4 .\CortexM0\ARM_GCC_493\Debug\Board1-RPi.a(CyFlash.o)
 .debug_info    0x00008ad6      0x268 .\CortexM0\ARM_GCC_493\Debug\Board1-RPi.a(UARTCOMMS_SPI_UART.o)
 .debug_info    0x00008d3e      0x128 .\CortexM0\ARM_GCC_493\Debug\Board1-RPi.a(UARTCOMMS_SPI_UART_INT.o)
 .debug_info    0x00008e66      0x18a .\CortexM0\ARM_GCC_493\Debug\Board1-RPi.a(I2C_Master_I2C_INT.o)

.debug_abbrev   0x00000000     0x35d0
 *(.debug_abbrev)
 .debug_abbrev  0x00000000      0x107 .\CortexM0\ARM_GCC_493\Debug\encoder.o
 .debug_abbrev  0x00000107      0x12d .\CortexM0\ARM_GCC_493\Debug\motor.o
 .debug_abbrev  0x00000234      0x24b .\CortexM0\ARM_GCC_493\Debug\ultrasonic.o
 .debug_abbrev  0x0000047f      0x224 .\CortexM0\ARM_GCC_493\Debug\pid.o
 .debug_abbrev  0x000006a3      0x1b7 .\CortexM0\ARM_GCC_493\Debug\i2c.o
 .debug_abbrev  0x0000085a       0xbd .\CortexM0\ARM_GCC_493\Debug\control.o
 .debug_abbrev  0x00000917       0x97 .\CortexM0\ARM_GCC_493\Debug\boardmain.o
 .debug_abbrev  0x000009ae      0x143 .\CortexM0\ARM_GCC_493\Debug\time.o
 .debug_abbrev  0x00000af1      0x1ae .\CortexM0\ARM_GCC_493\Debug\infrared.o
 .debug_abbrev  0x00000c9f      0x12c .\CortexM0\ARM_GCC_493\Debug\utils.o
 .debug_abbrev  0x00000dcb       0xb9 .\CortexM0\ARM_GCC_493\Debug\debug.o
 .debug_abbrev  0x00000e84      0x13a .\CortexM0\ARM_GCC_493\Debug\odom.o
 .debug_abbrev  0x00000fbe       0x5d .\CortexM0\ARM_GCC_493\Debug\cymetadata.o
 .debug_abbrev  0x0000101b      0x1fe .\CortexM0\ARM_GCC_493\Debug\Cm0Start.o
 .debug_abbrev  0x00001219      0x212 .\CortexM0\ARM_GCC_493\Debug\Board1-RPi.a(cyfitter_cfg.o)
 .debug_abbrev  0x0000142b      0x25d .\CortexM0\ARM_GCC_493\Debug\Board1-RPi.a(CyLib.o)
 .debug_abbrev  0x00001688      0x26d .\CortexM0\ARM_GCC_493\Debug\Board1-RPi.a(CyLFClk.o)
 .debug_abbrev  0x000018f5      0x140 .\CortexM0\ARM_GCC_493\Debug\Board1-RPi.a(HB25_PWM.o)
 .debug_abbrev  0x00001a35      0x1ea .\CortexM0\ARM_GCC_493\Debug\Board1-RPi.a(ADC_Infrared.o)
 .debug_abbrev  0x00001c1f       0x72 .\CortexM0\ARM_GCC_493\Debug\Board1-RPi.a(ADC_Infrared_INT.o)
 .debug_abbrev  0x00001c91      0x140 .\CortexM0\ARM_GCC_493\Debug\Board1-RPi.a(HCSR04_Timer.o)
 .debug_abbrev  0x00001dd1      0x1c1 .\CortexM0\ARM_GCC_493\Debug\Board1-RPi.a(HCSR04_Timeout_Intr.o)
 .debug_abbrev  0x00001f92       0x8e .\CortexM0\ARM_GCC_493\Debug\Board1-RPi.a(HCSR04_Control.o)
 .debug_abbrev  0x00002020       0xd5 .\CortexM0\ARM_GCC_493\Debug\Board1-RPi.a(HCSR04_Trigger_0.o)
 .debug_abbrev  0x000020f5       0xd5 .\CortexM0\ARM_GCC_493\Debug\Board1-RPi.a(HCSR04_Trigger_2.o)
 .debug_abbrev  0x000021ca       0xd5 .\CortexM0\ARM_GCC_493\Debug\Board1-RPi.a(HCSR04_Trigger_3.o)
 .debug_abbrev  0x0000229f       0xd5 .\CortexM0\ARM_GCC_493\Debug\Board1-RPi.a(HCSR04_Trigger_1.o)
 .debug_abbrev  0x00002374       0xd5 .\CortexM0\ARM_GCC_493\Debug\Board1-RPi.a(HB25_Enable_Pin.o)
 .debug_abbrev  0x00002449      0x150 .\CortexM0\ARM_GCC_493\Debug\Board1-RPi.a(UARTCOMMS.o)
 .debug_abbrev  0x00002599      0x15b .\CortexM0\ARM_GCC_493\Debug\Board1-RPi.a(UARTCOMMS_UART.o)
 .debug_abbrev  0x000026f4      0x150 .\CortexM0\ARM_GCC_493\Debug\Board1-RPi.a(EZI2C_Slave.o)
 .debug_abbrev  0x00002844      0x17d .\CortexM0\ARM_GCC_493\Debug\Board1-RPi.a(EZI2C_Slave_EZI2C.o)
 .debug_abbrev  0x000029c1       0xd3 .\CortexM0\ARM_GCC_493\Debug\Board1-RPi.a(EZI2C_Slave_EZI2C_INT.o)
 .debug_abbrev  0x00002a94      0x150 .\CortexM0\ARM_GCC_493\Debug\Board1-RPi.a(I2C_Master.o)
 .debug_abbrev  0x00002be4      0x100 .\CortexM0\ARM_GCC_493\Debug\Board1-RPi.a(I2C_Master_I2C.o)
 .debug_abbrev  0x00002ce4      0x196 .\CortexM0\ARM_GCC_493\Debug\Board1-RPi.a(I2C_Master_I2C_MASTER.o)
 .debug_abbrev  0x00002e7a      0x13e .\CortexM0\ARM_GCC_493\Debug\Board1-RPi.a(Phase_Counter.o)
 .debug_abbrev  0x00002fb8      0x1c1 .\CortexM0\ARM_GCC_493\Debug\Board1-RPi.a(PhaseCounter_Intr.o)
 .debug_abbrev  0x00003179       0x14 .\CortexM0\ARM_GCC_493\Debug\Board1-RPi.a(CyBootAsmGnu.o)
 .debug_abbrev  0x0000318d      0x185 .\CortexM0\ARM_GCC_493\Debug\Board1-RPi.a(CyFlash.o)
 .debug_abbrev  0x00003312      0x182 .\CortexM0\ARM_GCC_493\Debug\Board1-RPi.a(UARTCOMMS_SPI_UART.o)
 .debug_abbrev  0x00003494       0xa7 .\CortexM0\ARM_GCC_493\Debug\Board1-RPi.a(UARTCOMMS_SPI_UART_INT.o)
 .debug_abbrev  0x0000353b       0x95 .\CortexM0\ARM_GCC_493\Debug\Board1-RPi.a(I2C_Master_I2C_INT.o)

.debug_line     0x00000000     0x4006
 *(.debug_line)
 .debug_line    0x00000000       0xf4 .\CortexM0\ARM_GCC_493\Debug\encoder.o
 .debug_line    0x000000f4       0xf1 .\CortexM0\ARM_GCC_493\Debug\motor.o
 .debug_line    0x000001e5      0x20c .\CortexM0\ARM_GCC_493\Debug\ultrasonic.o
 .debug_line    0x000003f1      0x20b .\CortexM0\ARM_GCC_493\Debug\pid.o
 .debug_line    0x000005fc      0x1ae .\CortexM0\ARM_GCC_493\Debug\i2c.o
 .debug_line    0x000007aa       0xbc .\CortexM0\ARM_GCC_493\Debug\control.o
 .debug_line    0x00000866       0xe7 .\CortexM0\ARM_GCC_493\Debug\boardmain.o
 .debug_line    0x0000094d       0xb9 .\CortexM0\ARM_GCC_493\Debug\time.o
 .debug_line    0x00000a06      0x241 .\CortexM0\ARM_GCC_493\Debug\infrared.o
 .debug_line    0x00000c47      0x102 .\CortexM0\ARM_GCC_493\Debug\utils.o
 .debug_line    0x00000d49       0x81 .\CortexM0\ARM_GCC_493\Debug\debug.o
 .debug_line    0x00000dca      0x15b .\CortexM0\ARM_GCC_493\Debug\odom.o
 .debug_line    0x00000f25       0x53 .\CortexM0\ARM_GCC_493\Debug\cymetadata.o
 .debug_line    0x00000f78      0x249 .\CortexM0\ARM_GCC_493\Debug\Cm0Start.o
 .debug_line    0x000011c1      0x1b7 .\CortexM0\ARM_GCC_493\Debug\Board1-RPi.a(cyfitter_cfg.o)
 .debug_line    0x00001378      0x498 .\CortexM0\ARM_GCC_493\Debug\Board1-RPi.a(CyLib.o)
 .debug_line    0x00001810      0x4c5 .\CortexM0\ARM_GCC_493\Debug\Board1-RPi.a(CyLFClk.o)
 .debug_line    0x00001cd5      0x383 .\CortexM0\ARM_GCC_493\Debug\Board1-RPi.a(HB25_PWM.o)
 .debug_line    0x00002058      0x293 .\CortexM0\ARM_GCC_493\Debug\Board1-RPi.a(ADC_Infrared.o)
 .debug_line    0x000022eb       0x6d .\CortexM0\ARM_GCC_493\Debug\Board1-RPi.a(ADC_Infrared_INT.o)
 .debug_line    0x00002358      0x37f .\CortexM0\ARM_GCC_493\Debug\Board1-RPi.a(HCSR04_Timer.o)
 .debug_line    0x000026d7      0x178 .\CortexM0\ARM_GCC_493\Debug\Board1-RPi.a(HCSR04_Timeout_Intr.o)
 .debug_line    0x0000284f       0x79 .\CortexM0\ARM_GCC_493\Debug\Board1-RPi.a(HCSR04_Control.o)
 .debug_line    0x000028c8       0xca .\CortexM0\ARM_GCC_493\Debug\Board1-RPi.a(HCSR04_Trigger_0.o)
 .debug_line    0x00002992       0xca .\CortexM0\ARM_GCC_493\Debug\Board1-RPi.a(HCSR04_Trigger_2.o)
 .debug_line    0x00002a5c       0xca .\CortexM0\ARM_GCC_493\Debug\Board1-RPi.a(HCSR04_Trigger_3.o)
 .debug_line    0x00002b26       0xca .\CortexM0\ARM_GCC_493\Debug\Board1-RPi.a(HCSR04_Trigger_1.o)
 .debug_line    0x00002bf0       0xc9 .\CortexM0\ARM_GCC_493\Debug\Board1-RPi.a(HB25_Enable_Pin.o)
 .debug_line    0x00002cb9      0x15f .\CortexM0\ARM_GCC_493\Debug\Board1-RPi.a(UARTCOMMS.o)
 .debug_line    0x00002e18      0x18f .\CortexM0\ARM_GCC_493\Debug\Board1-RPi.a(UARTCOMMS_UART.o)
 .debug_line    0x00002fa7      0x14d .\CortexM0\ARM_GCC_493\Debug\Board1-RPi.a(EZI2C_Slave.o)
 .debug_line    0x000030f4      0x122 .\CortexM0\ARM_GCC_493\Debug\Board1-RPi.a(EZI2C_Slave_EZI2C.o)
 .debug_line    0x00003216      0x162 .\CortexM0\ARM_GCC_493\Debug\Board1-RPi.a(EZI2C_Slave_EZI2C_INT.o)
 .debug_line    0x00003378      0x14b .\CortexM0\ARM_GCC_493\Debug\Board1-RPi.a(I2C_Master.o)
 .debug_line    0x000034c3       0xcc .\CortexM0\ARM_GCC_493\Debug\Board1-RPi.a(I2C_Master_I2C.o)
 .debug_line    0x0000358f      0x2bc .\CortexM0\ARM_GCC_493\Debug\Board1-RPi.a(I2C_Master_I2C_MASTER.o)
 .debug_line    0x0000384b      0x16f .\CortexM0\ARM_GCC_493\Debug\Board1-RPi.a(Phase_Counter.o)
 .debug_line    0x000039ba      0x172 .\CortexM0\ARM_GCC_493\Debug\Board1-RPi.a(PhaseCounter_Intr.o)