Archive member included because of file (symbol)

.\CortexM0\ARM_GCC_493\Debug\Board1-RPi.a(cyfitter_cfg.o)
                              .\CortexM0\ARM_GCC_493\Debug\Cm0Start.o (cyfitter_cfg)
.\CortexM0\ARM_GCC_493\Debug\Board1-RPi.a(CyLib.o)
                              .\CortexM0\ARM_GCC_493\Debug\Board1-RPi.a(cyfitter_cfg.o) (CyIntEnable)
.\CortexM0\ARM_GCC_493\Debug\Board1-RPi.a(CyLFClk.o)
                              .\CortexM0\ARM_GCC_493\Debug\Board1-RPi.a(CyLib.o) (CySysClkWcoEnabled)
.\CortexM0\ARM_GCC_493\Debug\Board1-RPi.a(HB25_PWM.o)
                              .\CortexM0\ARM_GCC_493\Debug\motor.o (HB25_PWM_Stop)
.\CortexM0\ARM_GCC_493\Debug\Board1-RPi.a(ADC_Infrared.o)
                              .\CortexM0\ARM_GCC_493\Debug\infrared.o (ADC_Infrared_Start)
.\CortexM0\ARM_GCC_493\Debug\Board1-RPi.a(ADC_Infrared_INT.o)
                              .\CortexM0\ARM_GCC_493\Debug\Board1-RPi.a(ADC_Infrared.o) (ADC_Infrared_ISR)
.\CortexM0\ARM_GCC_493\Debug\Board1-RPi.a(HCSR04_Timer.o)
                              .\CortexM0\ARM_GCC_493\Debug\ultrasonic.o (HCSR04_Timer_ReadCounter)
.\CortexM0\ARM_GCC_493\Debug\Board1-RPi.a(HCSR04_Timeout_Intr.o)
                              .\CortexM0\ARM_GCC_493\Debug\ultrasonic.o (HCSR04_Timeout_Intr_StartEx)
.\CortexM0\ARM_GCC_493\Debug\Board1-RPi.a(HCSR04_Control.o)
                              .\CortexM0\ARM_GCC_493\Debug\ultrasonic.o (HCSR04_Control_Write)
.\CortexM0\ARM_GCC_493\Debug\Board1-RPi.a(HCSR04_Trigger_0.o)
                              .\CortexM0\ARM_GCC_493\Debug\ultrasonic.o (HCSR04_Trigger_0_Write)
.\CortexM0\ARM_GCC_493\Debug\Board1-RPi.a(HCSR04_Trigger_2.o)
                              .\CortexM0\ARM_GCC_493\Debug\ultrasonic.o (HCSR04_Trigger_2_Write)
.\CortexM0\ARM_GCC_493\Debug\Board1-RPi.a(HCSR04_Trigger_3.o)
                              .\CortexM0\ARM_GCC_493\Debug\ultrasonic.o (HCSR04_Trigger_3_Write)
.\CortexM0\ARM_GCC_493\Debug\Board1-RPi.a(HCSR04_Trigger_1.o)
                              .\CortexM0\ARM_GCC_493\Debug\ultrasonic.o (HCSR04_Trigger_1_Write)
.\CortexM0\ARM_GCC_493\Debug\Board1-RPi.a(HB25_Enable_Pin.o)
                              .\CortexM0\ARM_GCC_493\Debug\motor.o (HB25_Enable_Pin_Write)
.\CortexM0\ARM_GCC_493\Debug\Board1-RPi.a(UARTCOMMS.o)
                              .\CortexM0\ARM_GCC_493\Debug\debug.o (UARTCOMMS_Start)
.\CortexM0\ARM_GCC_493\Debug\Board1-RPi.a(UARTCOMMS_UART.o)
                              .\CortexM0\ARM_GCC_493\Debug\Board1-RPi.a(UARTCOMMS.o) (UARTCOMMS_UartInit)
.\CortexM0\ARM_GCC_493\Debug\Board1-RPi.a(EZI2C_Slave.o)
                              .\CortexM0\ARM_GCC_493\Debug\i2c.o (EZI2C_Slave_Start)
.\CortexM0\ARM_GCC_493\Debug\Board1-RPi.a(EZI2C_Slave_EZI2C.o)
                              .\CortexM0\ARM_GCC_493\Debug\Board1-RPi.a(EZI2C_Slave.o) (EZI2C_Slave_EzI2CInit)
.\CortexM0\ARM_GCC_493\Debug\Board1-RPi.a(EZI2C_Slave_EZI2C_INT.o)
                              .\CortexM0\ARM_GCC_493\Debug\Board1-RPi.a(EZI2C_Slave_EZI2C.o) (EZI2C_Slave_EZI2C_STRETCH_ISR)
.\CortexM0\ARM_GCC_493\Debug\Board1-RPi.a(I2C_Master.o)
                              .\CortexM0\ARM_GCC_493\Debug\i2c.o (I2C_Master_Start)
.\CortexM0\ARM_GCC_493\Debug\Board1-RPi.a(I2C_Master_I2C.o)
                              .\CortexM0\ARM_GCC_493\Debug\Board1-RPi.a(I2C_Master.o) (I2C_Master_I2CInit)
.\CortexM0\ARM_GCC_493\Debug\Board1-RPi.a(I2C_Master_I2C_MASTER.o)
                              .\CortexM0\ARM_GCC_493\Debug\Board1-RPi.a(I2C_Master_I2C.o) (I2C_Master_mstrRdBufIndex)
.\CortexM0\ARM_GCC_493\Debug\Board1-RPi.a(Phase_Counter.o)
                              .\CortexM0\ARM_GCC_493\Debug\encoder.o (Phase_Counter_ReadStatusRegister)
.\CortexM0\ARM_GCC_493\Debug\Board1-RPi.a(PhaseCounter_Intr.o)
                              .\CortexM0\ARM_GCC_493\Debug\encoder.o (PhaseCounter_Intr_StartEx)
.\CortexM0\ARM_GCC_493\Debug\Board1-RPi.a(MainLoop_Pin.o)
                              .\CortexM0\ARM_GCC_493\Debug\diag.o (MainLoop_Pin_Write)
.\CortexM0\ARM_GCC_493\Debug\Board1-RPi.a(CyBootAsmGnu.o)
                              .\CortexM0\ARM_GCC_493\Debug\Board1-RPi.a(CyLib.o) (CyDelayCycles)
.\CortexM0\ARM_GCC_493\Debug\Board1-RPi.a(CyFlash.o)
                              .\CortexM0\ARM_GCC_493\Debug\Board1-RPi.a(CyLib.o) (CySysFlashSetWaitCycles)
.\CortexM0\ARM_GCC_493\Debug\Board1-RPi.a(UARTCOMMS_SPI_UART.o)
                              .\CortexM0\ARM_GCC_493\Debug\Board1-RPi.a(UARTCOMMS_UART.o) (UARTCOMMS_SpiUartWriteTxData)
.\CortexM0\ARM_GCC_493\Debug\Board1-RPi.a(UARTCOMMS_SPI_UART_INT.o)
                              .\CortexM0\ARM_GCC_493\Debug\Board1-RPi.a(UARTCOMMS_UART.o) (UARTCOMMS_SPI_UART_ISR)
.\CortexM0\ARM_GCC_493\Debug\Board1-RPi.a(I2C_Master_I2C_INT.o)
                              .\CortexM0\ARM_GCC_493\Debug\Board1-RPi.a(I2C_Master_I2C.o) (I2C_Master_I2C_ISR)
[...]
Memory Configuration

Name             Origin             Length             Attributes
rom              0x00000000         0x00020000         xr
ram              0x20000000         0x00004000         xrw
*default*        0x00000000         0xffffffff

Linker script and memory map

LOAD c:/program files (x86)/cypress/psoc creator/3.3/psoc creator/import/gnu/arm/4.9.3/bin/../lib/gcc/arm-none-eabi/4.9.3/armv6-m/crti.o
LOAD c:/program files (x86)/cypress/psoc creator/3.3/psoc creator/import/gnu/arm/4.9.3/bin/../lib/gcc/arm-none-eabi/4.9.3/armv6-m/crtbegin.o
LOAD c:/program files (x86)/cypress/psoc creator/3.3/psoc creator/import/gnu/arm/4.9.3/bin/../lib/gcc/arm-none-eabi/4.9.3/../../../../arm-none-eabi/lib/armv6-m/crt0.o
START GROUP
LOAD .\CortexM0\ARM_GCC_493\Debug\encoder.o
LOAD .\CortexM0\ARM_GCC_493\Debug\motor.o
LOAD .\CortexM0\ARM_GCC_493\Debug\ultrasonic.o
LOAD .\CortexM0\ARM_GCC_493\Debug\pid.o
LOAD .\CortexM0\ARM_GCC_493\Debug\i2c.o
LOAD .\CortexM0\ARM_GCC_493\Debug\control.o
LOAD .\CortexM0\ARM_GCC_493\Debug\boardmain.o
LOAD .\CortexM0\ARM_GCC_493\Debug\time.o
LOAD .\CortexM0\ARM_GCC_493\Debug\infrared.o
LOAD .\CortexM0\ARM_GCC_493\Debug\utils.o
LOAD .\CortexM0\ARM_GCC_493\Debug\debug.o
LOAD .\CortexM0\ARM_GCC_493\Debug\odom.o
LOAD .\CortexM0\ARM_GCC_493\Debug\cal.o
LOAD .\CortexM0\ARM_GCC_493\Debug\diag.o
LOAD .\CortexM0\ARM_GCC_493\Debug\cymetadata.o
LOAD .\CortexM0\ARM_GCC_493\Debug\Cm0Start.o
LOAD .\CortexM0\ARM_GCC_493\Debug\Board1-RPi.a
LOAD C:\Program Files (x86)\Cypress\PSoC Creator\3.3\PSoC Creator\psoc\content\cycomponentlibrary\CyComponentLibrary.cylib\CortexM0\ARM_GCC_493\Debug\CyComponentLibrary.a
LOAD c:/program files (x86)/cypress/psoc creator/3.3/psoc creator/import/gnu/arm/4.9.3/bin/../lib/gcc/arm-none-eabi/4.9.3/../../../../arm-none-eabi/lib/armv6-m\libm.a
END GROUP
START GROUP
LOAD c:/program files (x86)/cypress/psoc creator/3.3/psoc creator/import/gnu/arm/4.9.3/bin/../lib/gcc/arm-none-eabi/4.9.3/armv6-m\libgcc.a
LOAD c:/program files (x86)/cypress/psoc creator/3.3/psoc creator/import/gnu/arm/4.9.3/bin/../lib/gcc/arm-none-eabi/4.9.3/../../../../arm-none-eabi/lib/armv6-m\libg.a
LOAD c:/program files (x86)/cypress/psoc creator/3.3/psoc creator/import/gnu/arm/4.9.3/bin/../lib/gcc/arm-none-eabi/4.9.3/../../../../arm-none-eabi/lib/armv6-m\libc.a
END GROUP
LOAD c:/program files (x86)/cypress/psoc creator/3.3/psoc creator/import/gnu/arm/4.9.3/bin/../lib/gcc/arm-none-eabi/4.9.3/armv6-m/crtend.o
LOAD c:/program files (x86)/cypress/psoc creator/3.3/psoc creator/import/gnu/arm/4.9.3/bin/../lib/gcc/arm-none-eabi/4.9.3/armv6-m/crtn.o
START GROUP
LOAD c:/program files (x86)/cypress/psoc creator/3.3/psoc creator/import/gnu/arm/4.9.3/bin/../lib/gcc/arm-none-eabi/4.9.3/armv6-m\libgcc.a
LOAD c:/program files (x86)/cypress/psoc creator/3.3/psoc creator/import/gnu/arm/4.9.3/bin/../lib/gcc/arm-none-eabi/4.9.3/../../../../arm-none-eabi/lib/armv6-m\libc.a
LOAD c:/program files (x86)/cypress/psoc creator/3.3/psoc creator/import/gnu/arm/4.9.3/bin/../lib/gcc/arm-none-eabi/4.9.3/../../../../arm-none-eabi/lib/armv6-m\libnosys.a
END GROUP
                0x00000000                CY_APPL_ORIGIN = 0x0
                0x00000080                CY_FLASH_ROW_SIZE = 0x80
                0x00000001                CY_APPL_NUM = 0x1
                0x00000001                CY_APPL_MAX = 0x1
                0x00000040                CY_METADATA_SIZE = 0x40
                0x00000000                CY_APPL_LOADABLE = 0x0
                0x00000000                CY_CHECKSUM_EXCLUDE_SIZE = ALIGN (0x0, CY_FLASH_ROW_SIZE)
                0x00000000                CY_APP_FOR_STACK_AND_COPIER = 0x0
                0x20000b80                PROVIDE (__cy_heap_start, _end)
                0x00000001                PROVIDE (__cy_region_num, ((__cy_regions_end - __cy_regions) / 0x10))
                0x20004000                PROVIDE (__cy_stack, (ORIGIN (ram) + 0x4000))
                0x20003800                PROVIDE (__cy_heap_end, (__cy_stack - 0x800))

.cybootloader   0x00000000        0x0
 *(.cybootloader)
                0x00000000                appl1_start = CY_APPL_ORIGIN?CY_APPL_ORIGIN:ALIGN (CY_FLASH_ROW_SIZE)
                0x0000ff80                appl2_start = (appl1_start + ALIGN ((((0x20000 - appl1_start) - (0x2 * CY_FLASH_ROW_SIZE)) / 0x2), CY_FLASH_ROW_SIZE))
                0x00000000                appl_start = (CY_APPL_NUM == 0x1)?appl1_start:appl2_start
                0x00000001                cy_project_type_bootloader = (appl_start == 0x0)?0x1:0x0
                0x00000000                cy_project_type_app_for_stack_and_copier = (CY_APP_FOR_STACK_AND_COPIER == 0x1)?0x1:0x0

.text           0x00000000     0x79d0
 CREATE_OBJECT_SYMBOLS
                0x00000000                PROVIDE (__cy_interrupt_vector, RomVectors)
 *(.romvectors)
 .romvectors    0x00000000       0x10 .\CortexM0\ARM_GCC_493\Debug\Cm0Start.o
                0x00000000                RomVectors
                0x00000001                ASSERT ((. != __cy_interrupt_vector), No interrupt vector)
                0x00000001                ASSERT (CY_APPL_ORIGIN?(SIZEOF (.cybootloader) <= CY_APPL_ORIGIN):0x1, Wrong image location)
                0x00000010                PROVIDE (__cy_reset, Reset)
 *(.text.Reset)
 .text.Reset    0x00000010        0x8 .\CortexM0\ARM_GCC_493\Debug\Cm0Start.o
                0x00000010                Reset
                0x00000001                ASSERT ((. != __cy_reset), No reset code)
 *(.psocinit)
 .psocinit      0x00000018      0x2fc .\CortexM0\ARM_GCC_493\Debug\Board1-RPi.a(cyfitter_cfg.o)
                0x0000013c                cyfitter_cfg
                0x00000314                . = MAX (., 0x100)
 *(.text .text.* .gnu.linkonce.t.*)
 .text          0x00000314       0x60 c:/program files (x86)/cypress/psoc creator/3.3/psoc creator/import/gnu/arm/4.9.3/bin/../lib/gcc/arm-none-eabi/4.9.3/armv6-m/crtbegin.o
 .text.Phase_Counter_Interrupt_Handler
                0x00000374       0x20 .\CortexM0\ARM_GCC_493\Debug\encoder.o
                0x00000374                Phase_Counter_Interrupt_Handler
 .text.RightCounterWrapper
                0x00000394        0x8 .\CortexM0\ARM_GCC_493\Debug\encoder.o
 .text.LeftCounterWrapper
                0x0000039c        0x8 .\CortexM0\ARM_GCC_493\Debug\encoder.o
 .text.Encoder_Init
                0x000003a4       0x28 .\CortexM0\ARM_GCC_493\Debug\encoder.o
                0x000003a4                Encoder_Init
 .text.Encoder_Start
                0x000003cc       0x10 .\CortexM0\ARM_GCC_493\Debug\encoder.o
                0x000003cc                Encoder_Start
 .text.Encoder_Update
                0x000003dc       0xd8 .\CortexM0\ARM_GCC_493\Debug\encoder.o
                0x000003dc                Encoder_Update
 .text.Encoder_GetLRSpeed
                0x000004b4       0x10 .\CortexM0\ARM_GCC_493\Debug\encoder.o
                0x000004b4                Encoder_GetLRSpeed
 .text.Encoder_GetWheelSpeed
                0x000004c4        0xc .\CortexM0\ARM_GCC_493\Debug\encoder.o
                0x000004c4                Encoder_GetWheelSpeed
 .text.Encoder_GetLRCount
                0x000004d0       0x14 .\CortexM0\ARM_GCC_493\Debug\encoder.o
                0x000004d0                Encoder_GetLRCount
 .text.Encoder_Reset
                0x000004e4        0xc .\CortexM0\ARM_GCC_493\Debug\encoder.o
                0x000004e4                Encoder_Reset
 .text.CalculateAverageCountPerSec
                0x000004f0       0x28 .\CortexM0\ARM_GCC_493\Debug\motor.o
 .text.Motor_Init
                0x00000518       0x2c .\CortexM0\ARM_GCC_493\Debug\motor.o
                0x00000518                Motor_Init
 .text.Motor_SetOutput
                0x00000544       0x60 .\CortexM0\ARM_GCC_493\Debug\motor.o
                0x00000544                Motor_SetOutput
 .text.Motor_Start
                0x000005a4       0x14 .\CortexM0\ARM_GCC_493\Debug\motor.o
                0x000005a4                Motor_Start
 .text.Motor_Calibrate
                0x000005b8      0x1b8 .\CortexM0\ARM_GCC_493\Debug\motor.o
                0x000005b8                Motor_Calibrate
 .text.Motor_GetCalValues
                0x00000770       0x10 .\CortexM0\ARM_GCC_493\Debug\motor.o
                0x00000770                Motor_GetCalValues
 .text.WaitForPulseIn
                0x00000780       0x2c .\CortexM0\ARM_GCC_493\Debug\ultrasonic.o
 .text.PulseOut
                0x000007ac       0x24 .\CortexM0\ARM_GCC_493\Debug\ultrasonic.o
 .text.CalcDistance
                0x000007d0       0x54 .\CortexM0\ARM_GCC_493\Debug\ultrasonic.o
 .text.Ultrasonic_Measure
                0x00000824       0x58 .\CortexM0\ARM_GCC_493\Debug\ultrasonic.o
                0x00000824                Ultrasonic_Measure
 .text.pid_calc
                0x0000087c       0xcc .\CortexM0\ARM_GCC_493\Debug\pid.o
                0x0000087c                pid_calc
 .text.PID_Start
                0x00000948       0x18 .\CortexM0\ARM_GCC_493\Debug\pid.o
                0x00000948                PID_Start
 .text.PID_Update
                0x00000960       0x70 .\CortexM0\ARM_GCC_493\Debug\pid.o
                0x00000960                PID_Update
 .text.I2c_Init
                0x000009d0       0x2c .\CortexM0\ARM_GCC_493\Debug\i2c.o
                0x000009d0                I2c_Init
 .text.I2c_Start
                0x000009fc       0x20 .\CortexM0\ARM_GCC_493\Debug\i2c.o
                0x000009fc                I2c_Start
 .text.I2c_ReadControl
                0x00000a1c       0x14 .\CortexM0\ARM_GCC_493\Debug\i2c.o
                0x00000a1c                I2c_ReadControl
 .text.I2c_SetStatusBit
                0x00000a30       0x10 .\CortexM0\ARM_GCC_493\Debug\i2c.o
                0x00000a30                I2c_SetStatusBit
 .text.I2c_ClearStatusBit
                0x00000a40       0x10 .\CortexM0\ARM_GCC_493\Debug\i2c.o
                0x00000a40                I2c_ClearStatusBit
 .text.I2c_ReadVelocity
                0x00000a50        0xc .\CortexM0\ARM_GCC_493\Debug\i2c.o
                0x00000a50                I2c_ReadVelocity
 .text.I2c_WriteCount
                0x00000a5c       0x10 .\CortexM0\ARM_GCC_493\Debug\i2c.o
                0x00000a5c                I2c_WriteCount
 .text.I2c_ReadCount
                0x00000a6c       0x2c .\CortexM0\ARM_GCC_493\Debug\i2c.o
                0x00000a6c                I2c_ReadCount
 .text.I2c_WriteUltrasonicDistance
                0x00000a98       0x10 .\CortexM0\ARM_GCC_493\Debug\i2c.o
                0x00000a98                I2c_WriteUltrasonicDistance
 .text.I2c_WriteInfraredDistance
                0x00000aa8       0x10 .\CortexM0\ARM_GCC_493\Debug\i2c.o
                0x00000aa8                I2c_WriteInfraredDistance
 .text.I2c_WriteCountPerSecond
                0x00000ab8        0xc .\CortexM0\ARM_GCC_493\Debug\i2c.o
                0x00000ab8                I2c_WriteCountPerSecond
 .text.I2c_WriteWheelVelocity
                0x00000ac4        0xc .\CortexM0\ARM_GCC_493\Debug\i2c.o
                0x00000ac4                I2c_WriteWheelVelocity
 .text.I2c_WriteOdom
                0x00000ad0       0x2c .\CortexM0\ARM_GCC_493\Debug\i2c.o
                0x00000ad0                I2c_WriteOdom
 .text.I2c_WriteCalReg
                0x00000afc        0xc .\CortexM0\ARM_GCC_493\Debug\i2c.o
                0x00000afc                I2c_WriteCalReg
 .text.I2c_ReadCalReg
                0x00000b08        0xc .\CortexM0\ARM_GCC_493\Debug\i2c.o
                0x00000b08                I2c_ReadCalReg
 .text.Control_Init
                0x00000b14        0x4 .\CortexM0\ARM_GCC_493\Debug\control.o
                0x00000b14                Control_Init
 .text.Control_Start
                0x00000b18        0x4 .\CortexM0\ARM_GCC_493\Debug\control.o
                0x00000b18                Control_Start
 .text.Control_Update
                0x00000b1c       0x24 .\CortexM0\ARM_GCC_493\Debug\control.o
                0x00000b1c                Control_Update
 .text.main     0x00000b40       0x70 .\CortexM0\ARM_GCC_493\Debug\boardmain.o
                0x00000b40                main
 .text.SysTickIsrHandler
                0x00000bb0       0x10 .\CortexM0\ARM_GCC_493\Debug\time.o
 .text.Time_Init
                0x00000bc0        0xc .\CortexM0\ARM_GCC_493\Debug\time.o
                0x00000bc0                Time_Init
 .text.Time_Start
                0x00000bcc       0x34 .\CortexM0\ARM_GCC_493\Debug\time.o
                0x00000bcc                Time_Start
 .text.millis   0x00000c00        0xc .\CortexM0\ARM_GCC_493\Debug\time.o
                0x00000c00                millis
 .text.Infrared_Measure
                0x00000c0c       0xc8 .\CortexM0\ARM_GCC_493\Debug\infrared.o
                0x00000c0c                Infrared_Measure
 .text.MovingAverage
                0x00000cd4       0x20 .\CortexM0\ARM_GCC_493\Debug\utils.o
                0x00000cd4                MovingAverage
 .text.Debug_Init
                0x00000cf4       0x14 .\CortexM0\ARM_GCC_493\Debug\debug.o
                0x00000cf4                Debug_Init
 .text.Debug_Start
                0x00000d08        0x8 .\CortexM0\ARM_GCC_493\Debug\debug.o
                0x00000d08                Debug_Start
 .text.Odom_Init
                0x00000d10       0x20 .\CortexM0\ARM_GCC_493\Debug\odom.o
                0x00000d10                Odom_Init
 .text.Odom_Start
                0x00000d30        0x4 .\CortexM0\ARM_GCC_493\Debug\odom.o
                0x00000d30                Odom_Start
 .text.calc_odom
                0x00000d34      0x138 .\CortexM0\ARM_GCC_493\Debug\odom.o
                0x00000d34                calc_odom
 .text.Odom_Update
                0x00000e6c       0x24 .\CortexM0\ARM_GCC_493\Debug\odom.o
                0x00000e6c                Odom_Update
 .text.SendData
                0x00000e90       0x3c .\CortexM0\ARM_GCC_493\Debug\cal.o
 .text.RecvData
                0x00000ecc       0x38 .\CortexM0\ARM_GCC_493\Debug\cal.o
 .text.Cal_Init
                0x00000f04        0x4 .\CortexM0\ARM_GCC_493\Debug\cal.o
                0x00000f04                Cal_Init
 .text.Cal_Start
                0x00000f08        0xc .\CortexM0\ARM_GCC_493\Debug\cal.o
                0x00000f08                Cal_Start
 .text.Cal_Update
                0x00000f14       0x40 .\CortexM0\ARM_GCC_493\Debug\cal.o
                0x00000f14                Cal_Update
 .text.Cal_Upload
                0x00000f54       0x34 .\CortexM0\ARM_GCC_493\Debug\cal.o
                0x00000f54                Cal_Upload
 .text.Diag_Init
                0x00000f88        0x4 .\CortexM0\ARM_GCC_493\Debug\diag.o
                0x00000f88                Diag_Init
 .text.Diag_Start
                0x00000f8c        0x4 .\CortexM0\ARM_GCC_493\Debug\diag.o
                0x00000f8c                Diag_Start
 .text.Diag_Update
                0x00000f90       0x10 .\CortexM0\ARM_GCC_493\Debug\diag.o
                0x00000f90                Diag_Update
 .text.IntDefaultHandler
                0x00000fa0        0x4 .\CortexM0\ARM_GCC_493\Debug\Cm0Start.o
                0x00000fa0                IntDefaultHandler
 .text.Start_c  0x00000fa4       0x48 .\CortexM0\ARM_GCC_493\Debug\Cm0Start.o
                0x00000fa4                Start_c
 .text.initialize_psoc
                0x00000fec       0x54 .\CortexM0\ARM_GCC_493\Debug\Cm0Start.o
                0x00000fec                initialize_psoc
 .text.cfg_write_bytes32
                0x00001040       0x34 .\CortexM0\ARM_GCC_493\Debug\Board1-RPi.a(cyfitter_cfg.o)
 .text.AnalogSetDefault
                0x00001074       0x3c .\CortexM0\ARM_GCC_493\Debug\Board1-RPi.a(cyfitter_cfg.o)
 .text.CYMEMZERO
                0x000010b0        0xc .\CortexM0\ARM_GCC_493\Debug\Board1-RPi.a(cyfitter_cfg.o)
 .text.CySysClkImoDisableWcoLock
                0x000010bc       0x14 .\CortexM0\ARM_GCC_493\Debug\Board1-RPi.a(CyLib.o)
                0x000010bc                CySysClkImoDisableWcoLock
 .text.CySysClkImoGetWcoLock
                0x000010d0       0x14 .\CortexM0\ARM_GCC_493\Debug\Board1-RPi.a(CyLib.o)
                0x000010d0                CySysClkImoGetWcoLock
 .text.CyIntEnable
                0x000010e4       0x14 .\CortexM0\ARM_GCC_493\Debug\Board1-RPi.a(CyLib.o)
                0x000010e4                CyIntEnable
 .text.CyIntDisable
                0x000010f8       0x14 .\CortexM0\ARM_GCC_493\Debug\Board1-RPi.a(CyLib.o)
                0x000010f8                CyIntDisable
 .text.CyHalt   0x0000110c        0x4 .\CortexM0\ARM_GCC_493\Debug\Board1-RPi.a(CyLib.o)
                0x0000110c                CyHalt
 .text.CyIntSetSysVector
                0x00001110       0x20 .\CortexM0\ARM_GCC_493\Debug\Board1-RPi.a(CyLib.o)
                0x00001110                CyIntSetSysVector
 .text.CyIntSetVector
                0x00001130       0x24 .\CortexM0\ARM_GCC_493\Debug\Board1-RPi.a(CyLib.o)
                0x00001130                CyIntSetVector
 .text.CyIntSetPriority
                0x00001154       0x4c .\CortexM0\ARM_GCC_493\Debug\Board1-RPi.a(CyLib.o)
                0x00001154                CyIntSetPriority
 .text.CyDelay  0x000011a0       0x30 .\CortexM0\ARM_GCC_493\Debug\Board1-RPi.a(CyLib.o)
                0x000011a0                CyDelay
 .text.CySysClkImoEnableWcoLock
                0x000011d0       0xe8 .\CortexM0\ARM_GCC_493\Debug\Board1-RPi.a(CyLib.o)
                0x000011d0                CySysClkImoEnableWcoLock
 .text.CySysClkWriteImoFreq
                0x000012b8       0x80 .\CortexM0\ARM_GCC_493\Debug\Board1-RPi.a(CyLib.o)
                0x000012b8                CySysClkWriteImoFreq
 .text.CyDelayUs
                0x00001338       0x14 .\CortexM0\ARM_GCC_493\Debug\Board1-RPi.a(CyLib.o)
                0x00001338                CyDelayUs
 .text.CySysTickEnableInterrupt
                0x0000134c       0x10 .\CortexM0\ARM_GCC_493\Debug\Board1-RPi.a(CyLib.o)
                0x0000134c                CySysTickEnableInterrupt
 .text.CySysTickEnable
                0x0000135c       0x18 .\CortexM0\ARM_GCC_493\Debug\Board1-RPi.a(CyLib.o)
                0x0000135c                CySysTickEnable
 .text.CySysTickSetReload
                0x00001374       0x10 .\CortexM0\ARM_GCC_493\Debug\Board1-RPi.a(CyLib.o)
                0x00001374                CySysTickSetReload
 .text.CySysTickSetClockSource
                0x00001384       0x20 .\CortexM0\ARM_GCC_493\Debug\Board1-RPi.a(CyLib.o)
                0x00001384                CySysTickSetClockSource
 .text.CySysTickGetCountFlag
                0x000013a4       0x10 .\CortexM0\ARM_GCC_493\Debug\Board1-RPi.a(CyLib.o)
                0x000013a4                CySysTickGetCountFlag
 .text.CySysTickServiceCallbacks
                0x000013b4       0x28 .\CortexM0\ARM_GCC_493\Debug\Board1-RPi.a(CyLib.o)
 .text.CySysTickClear
                0x000013dc        0xc .\CortexM0\ARM_GCC_493\Debug\Board1-RPi.a(CyLib.o)
                0x000013dc                CySysTickClear
 .text.CySysTickInit
                0x000013e8       0x4c .\CortexM0\ARM_GCC_493\Debug\Board1-RPi.a(CyLib.o)
                0x000013e8                CySysTickInit
 .text.CySysTickStart
                0x00001434       0x20 .\CortexM0\ARM_GCC_493\Debug\Board1-RPi.a(CyLib.o)
                0x00001434                CySysTickStart
 .text.CySysTickSetCallback
                0x00001454       0x10 .\CortexM0\ARM_GCC_493\Debug\Board1-RPi.a(CyLib.o)
                0x00001454                CySysTickSetCallback
 .text.CySysTickGetCallback
                0x00001464        0xc .\CortexM0\ARM_GCC_493\Debug\Board1-RPi.a(CyLib.o)
                0x00001464                CySysTickGetCallback
 .text.CySysWdtLocked
                0x00001470       0x14 .\CortexM0\ARM_GCC_493\Debug\Board1-RPi.a(CyLFClk.o)
 .text.CySysClkWcoEnabled
                0x00001484       0x14 .\CortexM0\ARM_GCC_493\Debug\Board1-RPi.a(CyLFClk.o)
                0x00001484                CySysClkWcoEnabled
 .text.CySysWdtLock
                0x00001498       0x1c .\CortexM0\ARM_GCC_493\Debug\Board1-RPi.a(CyLFClk.o)
                0x00001498                CySysWdtLock
 .text.CySysWdtUnlock
                0x000014b4       0x30 .\CortexM0\ARM_GCC_493\Debug\Board1-RPi.a(CyLFClk.o)
                0x000014b4                CySysWdtUnlock
 .text.CySysWdtClearInterrupt
                0x000014e4       0x4c .\CortexM0\ARM_GCC_493\Debug\Board1-RPi.a(CyLFClk.o)
                0x000014e4                CySysWdtClearInterrupt
 .text.CySysWdtIsr
                0x00001530       0xa4 .\CortexM0\ARM_GCC_493\Debug\Board1-RPi.a(CyLFClk.o)
                0x00001530                CySysWdtIsr
 .text.HB25_PWM_WriteCounter
                0x000015d4       0x10 .\CortexM0\ARM_GCC_493\Debug\Board1-RPi.a(HB25_PWM.o)
                0x000015d4                HB25_PWM_WriteCounter
 .text.HB25_PWM_WritePeriod
                0x000015e4       0x10 .\CortexM0\ARM_GCC_493\Debug\Board1-RPi.a(HB25_PWM.o)
                0x000015e4                HB25_PWM_WritePeriod
 .text.HB25_PWM_WriteCompare
                0x000015f4       0x10 .\CortexM0\ARM_GCC_493\Debug\Board1-RPi.a(HB25_PWM.o)
                0x000015f4                HB25_PWM_WriteCompare
 .text.HB25_PWM_TriggerCommand
                0x00001604       0x1c .\CortexM0\ARM_GCC_493\Debug\Board1-RPi.a(HB25_PWM.o)
                0x00001604                HB25_PWM_TriggerCommand
 .text.HB25_PWM_Enable
                0x00001620       0x24 .\CortexM0\ARM_GCC_493\Debug\Board1-RPi.a(HB25_PWM.o)
                0x00001620                HB25_PWM_Enable
 .text.HB25_PWM_SetInterruptMode
                0x00001644        0xc .\CortexM0\ARM_GCC_493\Debug\Board1-RPi.a(HB25_PWM.o)
                0x00001644                HB25_PWM_SetInterruptMode
 .text.HB25_PWM_Init
                0x00001650       0x4c .\CortexM0\ARM_GCC_493\Debug\Board1-RPi.a(HB25_PWM.o)
                0x00001650                HB25_PWM_Init
 .text.HB25_PWM_Start
                0x0000169c       0x20 .\CortexM0\ARM_GCC_493\Debug\Board1-RPi.a(HB25_PWM.o)
                0x0000169c                HB25_PWM_Start
 .text.ADC_Infrared_StartConvert
                0x000016bc       0x14 .\CortexM0\ARM_GCC_493\Debug\Board1-RPi.a(ADC_Infrared.o)
                0x000016bc                ADC_Infrared_StartConvert
 .text.ADC_Infrared_IsEndConversion
                0x000016d0       0x28 .\CortexM0\ARM_GCC_493\Debug\Board1-RPi.a(ADC_Infrared.o)
                0x000016d0                ADC_Infrared_IsEndConversion
 .text.ADC_Infrared_GetResult16
                0x000016f8       0x2c .\CortexM0\ARM_GCC_493\Debug\Board1-RPi.a(ADC_Infrared.o)
                0x000016f8                ADC_Infrared_GetResult16
 .text.HCSR04_Control_Write
                0x00001724        0xc .\CortexM0\ARM_GCC_493\Debug\Board1-RPi.a(HCSR04_Control.o)
                0x00001724                HCSR04_Control_Write
 .text.HCSR04_Trigger_0_Write
                0x00001730       0x18 .\CortexM0\ARM_GCC_493\Debug\Board1-RPi.a(HCSR04_Trigger_0.o)
                0x00001730                HCSR04_Trigger_0_Write
 .text.HCSR04_Trigger_2_Write
                0x00001748       0x18 .\CortexM0\ARM_GCC_493\Debug\Board1-RPi.a(HCSR04_Trigger_2.o)
                0x00001748                HCSR04_Trigger_2_Write
 .text.HCSR04_Trigger_3_Write
                0x00001760       0x18 .\CortexM0\ARM_GCC_493\Debug\Board1-RPi.a(HCSR04_Trigger_3.o)
                0x00001760                HCSR04_Trigger_3_Write
 .text.HCSR04_Trigger_1_Write
                0x00001778       0x18 .\CortexM0\ARM_GCC_493\Debug\Board1-RPi.a(HCSR04_Trigger_1.o)
                0x00001778                HCSR04_Trigger_1_Write
 .text.HB25_Enable_Pin_Write
                0x00001790       0x18 .\CortexM0\ARM_GCC_493\Debug\Board1-RPi.a(HB25_Enable_Pin.o)
                0x00001790                HB25_Enable_Pin_Write
 .text.UARTCOMMS_ScbEnableIntr
                0x000017a8        0xc .\CortexM0\ARM_GCC_493\Debug\Board1-RPi.a(UARTCOMMS.o)
 .text.UARTCOMMS_ScbModePostEnable
                0x000017b4        0x8 .\CortexM0\ARM_GCC_493\Debug\Board1-RPi.a(UARTCOMMS.o)
 .text.UARTCOMMS_Init
                0x000017bc        0x8 .\CortexM0\ARM_GCC_493\Debug\Board1-RPi.a(UARTCOMMS.o)
                0x000017bc                UARTCOMMS_Init
 .text.UARTCOMMS_Enable
                0x000017c4       0x1c .\CortexM0\ARM_GCC_493\Debug\Board1-RPi.a(UARTCOMMS.o)
                0x000017c4                UARTCOMMS_Enable
 .text.UARTCOMMS_Start
                0x000017e0       0x20 .\CortexM0\ARM_GCC_493\Debug\Board1-RPi.a(UARTCOMMS.o)
                0x000017e0                UARTCOMMS_Start
 .text.UARTCOMMS_UartInit
                0x00001800       0xc4 .\CortexM0\ARM_GCC_493\Debug\Board1-RPi.a(UARTCOMMS_UART.o)
                0x00001800                UARTCOMMS_UartInit
 .text.UARTCOMMS_UartPostEnable
                0x000018c4       0x1c .\CortexM0\ARM_GCC_493\Debug\Board1-RPi.a(UARTCOMMS_UART.o)
                0x000018c4                UARTCOMMS_UartPostEnable
 .text.EZI2C_Slave_ScbEnableIntr
                0x000018e0        0xc .\CortexM0\ARM_GCC_493\Debug\Board1-RPi.a(EZI2C_Slave.o)
 .text.EZI2C_Slave_Init
                0x000018ec        0x8 .\CortexM0\ARM_GCC_493\Debug\Board1-RPi.a(EZI2C_Slave.o)
                0x000018ec                EZI2C_Slave_Init
 .text.EZI2C_Slave_Enable
                0x000018f4       0x18 .\CortexM0\ARM_GCC_493\Debug\Board1-RPi.a(EZI2C_Slave.o)
                0x000018f4                EZI2C_Slave_Enable
 .text.EZI2C_Slave_Start
                0x0000190c       0x20 .\CortexM0\ARM_GCC_493\Debug\Board1-RPi.a(EZI2C_Slave.o)
                0x0000190c                EZI2C_Slave_Start
 .text.EZI2C_Slave_EzI2CInit
                0x0000192c       0xc0 .\CortexM0\ARM_GCC_493\Debug\Board1-RPi.a(EZI2C_Slave_EZI2C.o)
                0x0000192c                EZI2C_Slave_EzI2CInit
 .text.EZI2C_Slave_EzI2CSetAddress1
                0x000019ec       0x18 .\CortexM0\ARM_GCC_493\Debug\Board1-RPi.a(EZI2C_Slave_EZI2C.o)
                0x000019ec                EZI2C_Slave_EzI2CSetAddress1
 .text.EZI2C_Slave_EzI2CSetBuffer1
                0x00001a04       0x30 .\CortexM0\ARM_GCC_493\Debug\Board1-RPi.a(EZI2C_Slave_EZI2C.o)
                0x00001a04                EZI2C_Slave_EzI2CSetBuffer1
 .text.EZI2C_Slave_EZI2C_STRETCH_ISR
                0x00001a34      0x324 .\CortexM0\ARM_GCC_493\Debug\Board1-RPi.a(EZI2C_Slave_EZI2C_INT.o)
                0x00001a34                EZI2C_Slave_EZI2C_STRETCH_ISR
 .text.I2C_Master_ScbEnableIntr
                0x00001d58        0xc .\CortexM0\ARM_GCC_493\Debug\Board1-RPi.a(I2C_Master.o)
 .text.I2C_Master_Init
                0x00001d64        0x8 .\CortexM0\ARM_GCC_493\Debug\Board1-RPi.a(I2C_Master.o)
                0x00001d64                I2C_Master_Init
 .text.I2C_Master_Enable
                0x00001d6c       0x18 .\CortexM0\ARM_GCC_493\Debug\Board1-RPi.a(I2C_Master.o)
                0x00001d6c                I2C_Master_Enable
 .text.I2C_Master_Start
                0x00001d84       0x20 .\CortexM0\ARM_GCC_493\Debug\Board1-RPi.a(I2C_Master.o)
                0x00001d84                I2C_Master_Start
 .text.I2C_Master_I2CInit
                0x00001da4       0xbc .\CortexM0\ARM_GCC_493\Debug\Board1-RPi.a(I2C_Master_I2C.o)
                0x00001da4                I2C_Master_I2CInit
 .text.I2C_Master_I2CMasterStatus
                0x00001e60       0x30 .\CortexM0\ARM_GCC_493\Debug\Board1-RPi.a(I2C_Master_I2C_MASTER.o)
                0x00001e60                I2C_Master_I2CMasterStatus
 .text.I2C_Master_I2CMasterClearStatus
                0x00001e90       0x20 .\CortexM0\ARM_GCC_493\Debug\Board1-RPi.a(I2C_Master_I2C_MASTER.o)
                0x00001e90                I2C_Master_I2CMasterClearStatus
 .text.I2C_Master_I2CReStartGeneration
                0x00001eb0       0x20 .\CortexM0\ARM_GCC_493\Debug\Board1-RPi.a(I2C_Master_I2C_MASTER.o)
                0x00001eb0                I2C_Master_I2CReStartGeneration
 .text.I2C_Master_I2CMasterReadBuf
                0x00001ed0       0xfc .\CortexM0\ARM_GCC_493\Debug\Board1-RPi.a(I2C_Master_I2C_MASTER.o)
                0x00001ed0                I2C_Master_I2CMasterReadBuf
 .text.Phase_Counter_ReadStatusRegister
                0x00001fcc        0xc .\CortexM0\ARM_GCC_493\Debug\Board1-RPi.a(Phase_Counter.o)
                0x00001fcc                Phase_Counter_ReadStatusRegister
 .text.Phase_Counter_WriteCounter
                0x00001fd8        0xc .\CortexM0\ARM_GCC_493\Debug\Board1-RPi.a(Phase_Counter.o)
                0x00001fd8                Phase_Counter_WriteCounter
 .text.Phase_Counter_ReadCounter
                0x00001fe4       0x14 .\CortexM0\ARM_GCC_493\Debug\Board1-RPi.a(Phase_Counter.o)
                0x00001fe4                Phase_Counter_ReadCounter
 .text.PhaseCounter_Intr_SetVector
                0x00001ff8        0xc .\CortexM0\ARM_GCC_493\Debug\Board1-RPi.a(PhaseCounter_Intr.o)
                0x00001ff8                PhaseCounter_Intr_SetVector
 .text.PhaseCounter_Intr_SetPriority
                0x00002004       0x20 .\CortexM0\ARM_GCC_493\Debug\Board1-RPi.a(PhaseCounter_Intr.o)
                0x00002004                PhaseCounter_Intr_SetPriority
 .text.PhaseCounter_Intr_Enable
                0x00002024        0xc .\CortexM0\ARM_GCC_493\Debug\Board1-RPi.a(PhaseCounter_Intr.o)
                0x00002024                PhaseCounter_Intr_Enable
 .text.PhaseCounter_Intr_Disable
                0x00002030        0xc .\CortexM0\ARM_GCC_493\Debug\Board1-RPi.a(PhaseCounter_Intr.o)
                0x00002030                PhaseCounter_Intr_Disable
 .text.PhaseCounter_Intr_StartEx
                0x0000203c       0x1c .\CortexM0\ARM_GCC_493\Debug\Board1-RPi.a(PhaseCounter_Intr.o)
                0x0000203c                PhaseCounter_Intr_StartEx
 .text.MainLoop_Pin_Write
                0x00002058       0x18 .\CortexM0\ARM_GCC_493\Debug\Board1-RPi.a(MainLoop_Pin.o)
                0x00002058                MainLoop_Pin_Write
 .text.MainLoop_Pin_Read
                0x00002070       0x10 .\CortexM0\ARM_GCC_493\Debug\Board1-RPi.a(MainLoop_Pin.o)
                0x00002070                MainLoop_Pin_Read
 .text          0x00002080       0x20 .\CortexM0\ARM_GCC_493\Debug\Board1-RPi.a(CyBootAsmGnu.o)
                0x00002080                CyDelayCycles
                0x00002092                CyEnterCriticalSection
                0x0000209a                CyExitCriticalSection
 .text.CySysFlashSetWaitCycles
                0x000020a0       0x54 .\CortexM0\ARM_GCC_493\Debug\Board1-RPi.a(CyFlash.o)
                0x000020a0                CySysFlashSetWaitCycles
 .text.UARTCOMMS_SPI_UART_ISR
                0x000020f4       0x80 .\CortexM0\ARM_GCC_493\Debug\Board1-RPi.a(UARTCOMMS_SPI_UART_INT.o)
                0x000020f4                UARTCOMMS_SPI_UART_ISR
 .text.I2C_Master_I2C_ISR
                0x00002174      0x374 .\CortexM0\ARM_GCC_493\Debug\Board1-RPi.a(I2C_Master_I2C_INT.o)
                0x00002174                I2C_Master_I2C_ISR
 .text.cos      0x000024e8       0x9c c:/program files (x86)/cypress/psoc creator/3.3/psoc creator/import/gnu/arm/4.9.3/bin/../lib/gcc/arm-none-eabi/4.9.3/../../../../arm-none-eabi/lib/armv6-m\libm.a(lib_a-s_cos.o)
                0x000024e8                cos
 .text.round    0x00002584       0xac c:/program files (x86)/cypress/psoc creator/3.3/psoc creator/import/gnu/arm/4.9.3/bin/../lib/gcc/arm-none-eabi/4.9.3/../../../../arm-none-eabi/lib/armv6-m\libm.a(lib_a-s_round.o)
                0x00002584                round
 .text.sin      0x00002630       0xa0 c:/program files (x86)/cypress/psoc creator/3.3/psoc creator/import/gnu/arm/4.9.3/bin/../lib/gcc/arm-none-eabi/4.9.3/../../../../arm-none-eabi/lib/armv6-m\libm.a(lib_a-s_sin.o)
                0x00002630                sin
 .text.pow      0x000026d0      0x35c c:/program files (x86)/cypress/psoc creator/3.3/psoc creator/import/gnu/arm/4.9.3/bin/../lib/gcc/arm-none-eabi/4.9.3/../../../../arm-none-eabi/lib/armv6-m\libm.a(lib_a-w_pow.o)
                0x000026d0                pow
 .text.__ieee754_pow
                0x00002a2c      0xa8c c:/program files (x86)/cypress/psoc creator/3.3/psoc creator/import/gnu/arm/4.9.3/bin/../lib/gcc/arm-none-eabi/4.9.3/../../../../arm-none-eabi/lib/armv6-m\libm.a(lib_a-e_pow.o)
                0x00002a2c                __ieee754_pow
 .text.__ieee754_rem_pio2
                0x000034b8      0x430 c:/program files (x86)/cypress/psoc creator/3.3/psoc creator/import/gnu/arm/4.9.3/bin/../lib/gcc/arm-none-eabi/4.9.3/../../../../arm-none-eabi/lib/armv6-m\libm.a(lib_a-e_rem_pio2.o)
                0x000034b8                __ieee754_rem_pio2
 .text.__ieee754_sqrt
                0x000038e8      0x1ec c:/program files (x86)/cypress/psoc creator/3.3/psoc creator/import/gnu/arm/4.9.3/bin/../lib/gcc/arm-none-eabi/4.9.3/../../../../arm-none-eabi/lib/armv6-m\libm.a(lib_a-e_sqrt.o)
                0x000038e8                __ieee754_sqrt
 .text.__kernel_cos
                0x00003ad4      0x234 c:/program files (x86)/cypress/psoc creator/3.3/psoc creator/import/gnu/arm/4.9.3/bin/../lib/gcc/arm-none-eabi/4.9.3/../../../../arm-none-eabi/lib/armv6-m\libm.a(lib_a-k_cos.o)
                0x00003ad4                __kernel_cos
 .text.__kernel_rem_pio2
                0x00003d08      0x890 c:/program files (x86)/cypress/psoc creator/3.3/psoc creator/import/gnu/arm/4.9.3/bin/../lib/gcc/arm-none-eabi/4.9.3/../../../../arm-none-eabi/lib/armv6-m\libm.a(lib_a-k_rem_pio2.o)
                0x00003d08                __kernel_rem_pio2
 .text.__kernel_sin
                0x00004598      0x160 c:/program files (x86)/cypress/psoc creator/3.3/psoc creator/import/gnu/arm/4.9.3/bin/../lib/gcc/arm-none-eabi/4.9.3/../../../../arm-none-eabi/lib/armv6-m\libm.a(lib_a-k_sin.o)
                0x00004598                __kernel_sin
 .text.fabs     0x000046f8        0x8 c:/program files (x86)/cypress/psoc creator/3.3/psoc creator/import/gnu/arm/4.9.3/bin/../lib/gcc/arm-none-eabi/4.9.3/../../../../arm-none-eabi/lib/armv6-m\libm.a(lib_a-s_fabs.o)
                0x000046f8                fabs
 .text.finite   0x00004700       0x14 c:/program files (x86)/cypress/psoc creator/3.3/psoc creator/import/gnu/arm/4.9.3/bin/../lib/gcc/arm-none-eabi/4.9.3/../../../../arm-none-eabi/lib/armv6-m\libm.a(lib_a-s_finite.o)
                0x00004700                finite
 .text.floor    0x00004714      0x14c c:/program files (x86)/cypress/psoc creator/3.3/psoc creator/import/gnu/arm/4.9.3/bin/../lib/gcc/arm-none-eabi/4.9.3/../../../../arm-none-eabi/lib/armv6-m\libm.a(lib_a-s_floor.o)
                0x00004714                floor
 .text.__fpclassifyd
                0x00004860       0x5c c:/program files (x86)/cypress/psoc creator/3.3/psoc creator/import/gnu/arm/4.9.3/bin/../lib/gcc/arm-none-eabi/4.9.3/../../../../arm-none-eabi/lib/armv6-m\libm.a(lib_a-s_fpclassify.o)
                0x00004860                __fpclassifyd
 .text.matherr  0x000048bc        0x4 c:/program files (x86)/cypress/psoc creator/3.3/psoc creator/import/gnu/arm/4.9.3/bin/../lib/gcc/arm-none-eabi/4.9.3/../../../../arm-none-eabi/lib/armv6-m\libm.a(lib_a-s_matherr.o)
                0x000048bc                matherr
 .text.nan      0x000048c0        0xc c:/program files (x86)/cypress/psoc creator/3.3/psoc creator/import/gnu/arm/4.9.3/bin/../lib/gcc/arm-none-eabi/4.9.3/../../../../arm-none-eabi/lib/armv6-m\libm.a(lib_a-s_nan.o)
                0x000048c0                nan
 .text.rint     0x000048cc      0x144 c:/program files (x86)/cypress/psoc creator/3.3/psoc creator/import/gnu/arm/4.9.3/bin/../lib/gcc/arm-none-eabi/4.9.3/../../../../arm-none-eabi/lib/armv6-m\libm.a(lib_a-s_rint.o)
                0x000048cc                rint
 .text.scalbn   0x00004a10       0xf8 c:/program files (x86)/cypress/psoc creator/3.3/psoc creator/import/gnu/arm/4.9.3/bin/../lib/gcc/arm-none-eabi/4.9.3/../../../../arm-none-eabi/lib/armv6-m\libm.a(lib_a-s_scalbn.o)
                0x00004a10                scalbn
 .text.copysign
                0x00004b08       0x10 c:/program files (x86)/cypress/psoc creator/3.3/psoc creator/import/gnu/arm/4.9.3/bin/../lib/gcc/arm-none-eabi/4.9.3/../../../../arm-none-eabi/lib/armv6-m\libm.a(lib_a-s_copysign.o)
                0x00004b08                copysign
 .text          0x00004b18      0x120 c:/program files (x86)/cypress/psoc creator/3.3/psoc creator/import/gnu/arm/4.9.3/bin/../lib/gcc/arm-none-eabi/4.9.3/armv6-m\libgcc.a(_udivsi3.o)
                0x00004b18                __aeabi_uidiv
                0x00004b18                __udivsi3
                0x00004c24                __aeabi_uidivmod
 .text          0x00004c38      0x1e0 c:/program files (x86)/cypress/psoc creator/3.3/psoc creator/import/gnu/arm/4.9.3/bin/../lib/gcc/arm-none-eabi/4.9.3/armv6-m\libgcc.a(_divsi3.o)
                0x00004c38                __divsi3
                0x00004c38                __aeabi_idiv
                0x00004e04                __aeabi_idivmod
 .text          0x00004e18        0x4 c:/program files (x86)/cypress/psoc creator/3.3/psoc creator/import/gnu/arm/4.9.3/bin/../lib/gcc/arm-none-eabi/4.9.3/armv6-m\libgcc.a(_dvmd_tls.o)
                0x00004e18                __aeabi_idiv0
                0x00004e18                __aeabi_ldiv0
 .text          0x00004e1c       0x7c c:/program files (x86)/cypress/psoc creator/3.3/psoc creator/import/gnu/arm/4.9.3/bin/../lib/gcc/arm-none-eabi/4.9.3/armv6-m\libgcc.a(_arm_cmpdf2.o)
                0x00004e1c                __aeabi_cdrcmple
                0x00004e2c                __aeabi_cdcmple
                0x00004e2c                __aeabi_cdcmpeq
                0x00004e3c                __aeabi_dcmpeq
                0x00004e48                __aeabi_dcmplt
                0x00004e5c                __aeabi_dcmple
                0x00004e70                __aeabi_dcmpgt
                0x00004e84                __aeabi_dcmpge
 .text          0x00004e98       0x30 c:/program files (x86)/cypress/psoc creator/3.3/psoc creator/import/gnu/arm/4.9.3/bin/../lib/gcc/arm-none-eabi/4.9.3/armv6-m\libgcc.a(_fixunssfsi.o)
                0x00004e98                __fixunssfsi
                0x00004e98                __aeabi_f2uiz
 .text          0x00004ec8      0x2f8 c:/program files (x86)/cypress/psoc creator/3.3/psoc creator/import/gnu/arm/4.9.3/bin/../lib/gcc/arm-none-eabi/4.9.3/armv6-m\libgcc.a(addsf3.o)
                0x00004ec8                __aeabi_fadd
 .text          0x000051c0      0x270 c:/program files (x86)/cypress/psoc creator/3.3/psoc creator/import/gnu/arm/4.9.3/bin/../lib/gcc/arm-none-eabi/4.9.3/armv6-m\libgcc.a(divsf3.o)
                0x000051c0                __aeabi_fdiv
 .text          0x00005430      0x2fc c:/program files (x86)/cypress/psoc creator/3.3/psoc creator/import/gnu/arm/4.9.3/bin/../lib/gcc/arm-none-eabi/4.9.3/armv6-m\libgcc.a(subsf3.o)
                0x00005430                __aeabi_fsub
 .text          0x0000572c       0x40 c:/program files (x86)/cypress/psoc creator/3.3/psoc creator/import/gnu/arm/4.9.3/bin/../lib/gcc/arm-none-eabi/4.9.3/armv6-m\libgcc.a(fixsfsi.o)
                0x0000572c                __aeabi_f2iz
 .text          0x0000576c       0x90 c:/program files (x86)/cypress/psoc creator/3.3/psoc creator/import/gnu/arm/4.9.3/bin/../lib/gcc/arm-none-eabi/4.9.3/armv6-m\libgcc.a(floatsisf.o)
                0x0000576c                __aeabi_i2f
 .text          0x000057fc      0x650 c:/program files (x86)/cypress/psoc creator/3.3/psoc creator/import/gnu/arm/4.9.3/bin/../lib/gcc/arm-none-eabi/4.9.3/armv6-m\libgcc.a(adddf3.o)
                0x000057fc                __aeabi_dadd
 .text          0x00005e4c      0x648 c:/program files (x86)/cypress/psoc creator/3.3/psoc creator/import/gnu/arm/4.9.3/bin/../lib/gcc/arm-none-eabi/4.9.3/armv6-m\libgcc.a(divdf3.o)
                0x00005e4c                __aeabi_ddiv
 .text          0x00006494       0x88 c:/program files (x86)/cypress/psoc creator/3.3/psoc creator/import/gnu/arm/4.9.3/bin/../lib/gcc/arm-none-eabi/4.9.3/armv6-m\libgcc.a(eqdf2.o)
                0x00006494                __nedf2
                0x00006494                __eqdf2
 .text          0x0000651c       0xe0 c:/program files (x86)/cypress/psoc creator/3.3/psoc creator/import/gnu/arm/4.9.3/bin/../lib/gcc/arm-none-eabi/4.9.3/armv6-m\libgcc.a(gedf2.o)
                0x0000651c                __gedf2
                0x0000651c                __gtdf2
 .text          0x000065fc       0xcc c:/program files (x86)/cypress/psoc creator/3.3/psoc creator/import/gnu/arm/4.9.3/bin/../lib/gcc/arm-none-eabi/4.9.3/armv6-m\libgcc.a(ledf2.o)
                0x000065fc                __ledf2
                0x000065fc                __ltdf2
 .text          0x000066c8      0x534 c:/program files (x86)/cypress/psoc creator/3.3/psoc creator/import/gnu/arm/4.9.3/bin/../lib/gcc/arm-none-eabi/4.9.3/armv6-m\libgcc.a(muldf3.o)
                0x000066c8                __aeabi_dmul
 .text          0x00006bfc      0x6f4 c:/program files (x86)/cypress/psoc creator/3.3/psoc creator/import/gnu/arm/4.9.3/bin/../lib/gcc/arm-none-eabi/4.9.3/armv6-m\libgcc.a(subdf3.o)
                0x00006bfc                __aeabi_dsub
 .text          0x000072f0       0x6c c:/program files (x86)/cypress/psoc creator/3.3/psoc creator/import/gnu/arm/4.9.3/bin/../lib/gcc/arm-none-eabi/4.9.3/armv6-m\libgcc.a(fixdfsi.o)
                0x000072f0                __aeabi_d2iz
 .text          0x0000735c       0x78 c:/program files (x86)/cypress/psoc creator/3.3/psoc creator/import/gnu/arm/4.9.3/bin/../lib/gcc/arm-none-eabi/4.9.3/armv6-m\libgcc.a(floatsidf.o)
                0x0000735c                __aeabi_i2d
 .text          0x000073d4       0xa8 c:/program files (x86)/cypress/psoc creator/3.3/psoc creator/import/gnu/arm/4.9.3/bin/../lib/gcc/arm-none-eabi/4.9.3/armv6-m\libgcc.a(extendsfdf2.o)
                0x000073d4                __aeabi_f2d
 .text          0x0000747c      0x120 c:/program files (x86)/cypress/psoc creator/3.3/psoc creator/import/gnu/arm/4.9.3/bin/../lib/gcc/arm-none-eabi/4.9.3/armv6-m\libgcc.a(truncdfsf2.o)
                0x0000747c                __aeabi_d2f
 .text          0x0000759c       0x74 c:/program files (x86)/cypress/psoc creator/3.3/psoc creator/import/gnu/arm/4.9.3/bin/../lib/gcc/arm-none-eabi/4.9.3/armv6-m\libgcc.a(_arm_cmpsf2.o)
                0x0000759c                __aeabi_cfrcmple
                0x000075a4                __aeabi_cfcmpeq
                0x000075a4                __aeabi_cfcmple
                0x000075b4                __aeabi_fcmpeq
                0x000075c0                __aeabi_fcmplt
                0x000075d4                __aeabi_fcmple
                0x000075e8                __aeabi_fcmpgt
                0x000075fc                __aeabi_fcmpge
 .text          0x00007610       0x3c c:/program files (x86)/cypress/psoc creator/3.3/psoc creator/import/gnu/arm/4.9.3/bin/../lib/gcc/arm-none-eabi/4.9.3/armv6-m\libgcc.a(_clzsi2.o)
                0x00007610                __clzsi2
 .text          0x0000764c       0x54 c:/program files (x86)/cypress/psoc creator/3.3/psoc creator/import/gnu/arm/4.9.3/bin/../lib/gcc/arm-none-eabi/4.9.3/armv6-m\libgcc.a(eqsf2.o)
                0x0000764c                __eqsf2
                0x0000764c                __nesf2
 .text          0x000076a0       0x94 c:/program files (x86)/cypress/psoc creator/3.3/psoc creator/import/gnu/arm/4.9.3/bin/../lib/gcc/arm-none-eabi/4.9.3/armv6-m\libgcc.a(gesf2.o)
                0x000076a0                __gesf2
                0x000076a0                __gtsf2
 .text          0x00007734       0x8c c:/program files (x86)/cypress/psoc creator/3.3/psoc creator/import/gnu/arm/4.9.3/bin/../lib/gcc/arm-none-eabi/4.9.3/armv6-m\libgcc.a(lesf2.o)
                0x00007734                __ltsf2
                0x00007734                __lesf2
 .text.__errno  0x000077c0        0xc c:/program files (x86)/cypress/psoc creator/3.3/psoc creator/import/gnu/arm/4.9.3/bin/../lib/gcc/arm-none-eabi/4.9.3/../../../../arm-none-eabi/lib/armv6-m\libg.a(lib_a-errno.o)
                0x000077c0                __errno
 .text.__libc_init_array
                0x000077cc       0x48 c:/program files (x86)/cypress/psoc creator/3.3/psoc creator/import/gnu/arm/4.9.3/bin/../lib/gcc/arm-none-eabi/4.9.3/../../../../arm-none-eabi/lib/armv6-m\libg.a(lib_a-init.o)
                0x000077cc                __libc_init_array
 .text.memset   0x00007814       0x8c c:/program files (x86)/cypress/psoc creator/3.3/psoc creator/import/gnu/arm/4.9.3/bin/../lib/gcc/arm-none-eabi/4.9.3/../../../../arm-none-eabi/lib/armv6-m\libg.a(lib_a-memset.o)
                0x00007814                memset
 .text.startup.register_fini
                0x000078a0       0x18 c:/program files (x86)/cypress/psoc creator/3.3/psoc creator/import/gnu/arm/4.9.3/bin/../lib/gcc/arm-none-eabi/4.9.3/../../../../arm-none-eabi/lib/armv6-m\libg.a(lib_a-__call_atexit.o)
 .text.atexit   0x000078b8       0x10 c:/program files (x86)/cypress/psoc creator/3.3/psoc creator/import/gnu/arm/4.9.3/bin/../lib/gcc/arm-none-eabi/4.9.3/../../../../arm-none-eabi/lib/armv6-m\libg.a(lib_a-atexit.o)
                0x000078b8                atexit
 .text.__libc_fini_array
                0x000078c8       0x34 c:/program files (x86)/cypress/psoc creator/3.3/psoc creator/import/gnu/arm/4.9.3/bin/../lib/gcc/arm-none-eabi/4.9.3/../../../../arm-none-eabi/lib/armv6-m\libg.a(lib_a-fini.o)
                0x000078c8                __libc_fini_array
 .text.__register_exitproc
                0x000078fc       0xd4 c:/program files (x86)/cypress/psoc creator/3.3/psoc creator/import/gnu/arm/4.9.3/bin/../lib/gcc/arm-none-eabi/4.9.3/../../../../arm-none-eabi/lib/armv6-m\libg.a(lib_a-__atexit.o)
                0x000078fc                __register_exitproc
 *(.plt)
 *(.gnu.warning)
 *(.glue_7t)
 .glue_7t       0x00000000        0x0 linker stubs
 *(.glue_7)
 .glue_7        0x00000000        0x0 linker stubs
 *(.vfp11_veneer)
 .vfp11_veneer  0x00000000        0x0 linker stubs
 *(.bootloader)
 *(.ARM.extab* .gnu.linkonce.armextab.*)
 *(.gcc_except_table)

.v4_bx          0x000079d0        0x0
 .v4_bx         0x00000000        0x0 linker stubs

.iplt           0x000079d0        0x0
 .iplt          0x00000000        0x0 c:/program files (x86)/cypress/psoc creator/3.3/psoc creator/import/gnu/arm/4.9.3/bin/../lib/gcc/arm-none-eabi/4.9.3/armv6-m/crtbegin.o

.eh_frame_hdr
 *(.eh_frame_hdr)

.eh_frame       0x000079d0        0x4
 *(.eh_frame)
 .eh_frame      0x000079d0        0x0 c:/program files (x86)/cypress/psoc creator/3.3/psoc creator/import/gnu/arm/4.9.3/bin/../lib/gcc/arm-none-eabi/4.9.3/armv6-m/crtbegin.o
 .eh_frame      0x000079d0        0x0 c:/program files (x86)/cypress/psoc creator/3.3/psoc creator/import/gnu/arm/4.9.3/bin/../lib/gcc/arm-none-eabi/4.9.3/../../../../arm-none-eabi/lib/armv6-m\libg.a(lib_a-strcmp.o)
                                 0x28 (size before relaxing)
 .eh_frame      0x000079d0        0x4 c:/program files (x86)/cypress/psoc creator/3.3/psoc creator/import/gnu/arm/4.9.3/bin/../lib/gcc/arm-none-eabi/4.9.3/armv6-m/crtend.o
                0x000079d4                PROVIDE (__exidx_start, .)

.ARM.exidx
 *(.ARM.exidx* .gnu.linkonce.armexidx.*)
                0x000079d4                __exidx_end = .

.rodata         0x000079d8      0x630
 *(.rodata .rodata.* .gnu.linkonce.r.*)
 .rodata        0x000079d8       0x10 .\CortexM0\ARM_GCC_493\Debug\ultrasonic.o
 .rodata.cst2   0x000079e8        0x2 .\CortexM0\ARM_GCC_493\Debug\infrared.o
                                  0x4 (size before relaxing)
 *fill*         0x000079ea        0x2 
 .rodata        0x000079ec      0x26c .\CortexM0\ARM_GCC_493\Debug\Board1-RPi.a(cyfitter_cfg.o)
 .rodata        0x00007c58       0x48 .\CortexM0\ARM_GCC_493\Debug\Board1-RPi.a(CyLib.o)
                0x00007c58                cyImoFreqMhz2Reg
                0x00007c88                cyImoFreqMhz2DpllOffset
 .rodata.str1.4
                0x00007ca0        0x4 c:/program files (x86)/cypress/psoc creator/3.3/psoc creator/import/gnu/arm/4.9.3/bin/../lib/gcc/arm-none-eabi/4.9.3/../../../../arm-none-eabi/lib/armv6-m\libm.a(lib_a-w_pow.o)
 *fill*         0x00007ca4        0x4 
 .rodata.dp_h   0x00007ca8       0x10 c:/program files (x86)/cypress/psoc creator/3.3/psoc creator/import/gnu/arm/4.9.3/bin/../lib/gcc/arm-none-eabi/4.9.3/../../../../arm-none-eabi/lib/armv6-m\libm.a(lib_a-e_pow.o)
 .rodata.dp_l   0x00007cb8       0x10 c:/program files (x86)/cypress/psoc creator/3.3/psoc creator/import/gnu/arm/4.9.3/bin/../lib/gcc/arm-none-eabi/4.9.3/../../../../arm-none-eabi/lib/armv6-m\libm.a(lib_a-e_pow.o)
 .rodata.bp     0x00007cc8       0x10 c:/program files (x86)/cypress/psoc creator/3.3/psoc creator/import/gnu/arm/4.9.3/bin/../lib/gcc/arm-none-eabi/4.9.3/../../../../arm-none-eabi/lib/armv6-m\libm.a(lib_a-e_pow.o)
 .rodata.str1.4
                0x00007cd8        0x1 c:/program files (x86)/cypress/psoc creator/3.3/psoc creator/import/gnu/arm/4.9.3/bin/../lib/gcc/arm-none-eabi/4.9.3/../../../../arm-none-eabi/lib/armv6-m\libm.a(lib_a-e_pow.o)
                                  0x4 (size before relaxing)
 *fill*         0x00007cd9        0x3 
 .rodata.npio2_hw
                0x00007cdc       0x80 c:/program files (x86)/cypress/psoc creator/3.3/psoc creator/import/gnu/arm/4.9.3/bin/../lib/gcc/arm-none-eabi/4.9.3/../../../../arm-none-eabi/lib/armv6-m\libm.a(lib_a-e_rem_pio2.o)
 .rodata.two_over_pi
                0x00007d5c      0x108 c:/program files (x86)/cypress/psoc creator/3.3/psoc creator/import/gnu/arm/4.9.3/bin/../lib/gcc/arm-none-eabi/4.9.3/../../../../arm-none-eabi/lib/armv6-m\libm.a(lib_a-e_rem_pio2.o)
 .rodata.init_jk
                0x00007e64       0x10 c:/program files (x86)/cypress/psoc creator/3.3/psoc creator/import/gnu/arm/4.9.3/bin/../lib/gcc/arm-none-eabi/4.9.3/../../../../arm-none-eabi/lib/armv6-m\libm.a(lib_a-k_rem_pio2.o)
 *fill*         0x00007e74        0x4 
 .rodata.PIo2   0x00007e78       0x40 c:/program files (x86)/cypress/psoc creator/3.3/psoc creator/import/gnu/arm/4.9.3/bin/../lib/gcc/arm-none-eabi/4.9.3/../../../../arm-none-eabi/lib/armv6-m\libm.a(lib_a-k_rem_pio2.o)
 .rodata.TWO52  0x00007eb8       0x10 c:/program files (x86)/cypress/psoc creator/3.3/psoc creator/import/gnu/arm/4.9.3/bin/../lib/gcc/arm-none-eabi/4.9.3/../../../../arm-none-eabi/lib/armv6-m\libm.a(lib_a-s_rint.o)
 .rodata        0x00007ec8       0x80 c:/program files (x86)/cypress/psoc creator/3.3/psoc creator/import/gnu/arm/4.9.3/bin/../lib/gcc/arm-none-eabi/4.9.3/armv6-m\libgcc.a(divsf3.o)
 .rodata        0x00007f48       0x40 c:/program files (x86)/cypress/psoc creator/3.3/psoc creator/import/gnu/arm/4.9.3/bin/../lib/gcc/arm-none-eabi/4.9.3/armv6-m\libgcc.a(divdf3.o)
 .rodata        0x00007f88       0x40 c:/program files (x86)/cypress/psoc creator/3.3/psoc creator/import/gnu/arm/4.9.3/bin/../lib/gcc/arm-none-eabi/4.9.3/armv6-m\libgcc.a(muldf3.o)
 .rodata.str1.4
                0x00007fc8        0x4 c:/program files (x86)/cypress/psoc creator/3.3/psoc creator/import/gnu/arm/4.9.3/bin/../lib/gcc/arm-none-eabi/4.9.3/../../../../arm-none-eabi/lib/armv6-m\libg.a(lib_a-impure.o)
 .rodata._global_impure_ptr
                0x00007fcc        0x4 c:/program files (x86)/cypress/psoc creator/3.3/psoc creator/import/gnu/arm/4.9.3/bin/../lib/gcc/arm-none-eabi/4.9.3/../../../../arm-none-eabi/lib/armv6-m\libg.a(lib_a-impure.o)
                0x00007fcc                _global_impure_ptr
                0x00007fd0                . = ALIGN (0x4)
 *(.init)
 .init          0x00007fd0        0x4 c:/program files (x86)/cypress/psoc creator/3.3/psoc creator/import/gnu/arm/4.9.3/bin/../lib/gcc/arm-none-eabi/4.9.3/armv6-m/crti.o
                0x00007fd0                _init
 .init          0x00007fd4        0x8 c:/program files (x86)/cypress/psoc creator/3.3/psoc creator/import/gnu/arm/4.9.3/bin/../lib/gcc/arm-none-eabi/4.9.3/armv6-m/crtn.o
                0x00007fdc                . = ALIGN (0x4)
                0x00007fdc                __preinit_array_start = .
 *(.preinit_array)
                0x00007fdc                __preinit_array_end = .
                0x00007fdc                . = ALIGN (0x4)
                0x00007fdc                __init_array_start = .
 *(SORT(.init_array.*))
 .init_array.00000
                0x00007fdc        0x4 c:/program files (x86)/cypress/psoc creator/3.3/psoc creator/import/gnu/arm/4.9.3/bin/../lib/gcc/arm-none-eabi/4.9.3/../../../../arm-none-eabi/lib/armv6-m\libg.a(lib_a-__call_atexit.o)
 *(.init_array)
 .init_array    0x00007fe0        0x4 c:/program files (x86)/cypress/psoc creator/3.3/psoc creator/import/gnu/arm/4.9.3/bin/../lib/gcc/arm-none-eabi/4.9.3/armv6-m/crtbegin.o
 .init_array    0x00007fe4        0x4 .\CortexM0\ARM_GCC_493\Debug\Cm0Start.o
                0x00007fe8                __init_array_end = .
                0x00007fe8                . = ALIGN (0x4)
 *(.fini)
 .fini          0x00007fe8        0x4 c:/program files (x86)/cypress/psoc creator/3.3/psoc creator/import/gnu/arm/4.9.3/bin/../lib/gcc/arm-none-eabi/4.9.3/armv6-m/crti.o
                0x00007fe8                _fini
 .fini          0x00007fec        0x8 c:/program files (x86)/cypress/psoc creator/3.3/psoc creator/import/gnu/arm/4.9.3/bin/../lib/gcc/arm-none-eabi/4.9.3/armv6-m/crtn.o
                0x00007ff4                . = ALIGN (0x4)
                0x00007ff4                __fini_array_start = .
 *(.fini_array)
 .fini_array    0x00007ff4        0x4 c:/program files (x86)/cypress/psoc creator/3.3/psoc creator/import/gnu/arm/4.9.3/bin/../lib/gcc/arm-none-eabi/4.9.3/armv6-m/crtbegin.o
 *(SORT(.fini_array.*))
                0x00007ff8                __fini_array_end = .
                0x00007ff8                . = ALIGN (0x4)
 *crtbegin.o(.ctors)
 *(EXCLUDE_FILE(*crtend.o) .ctors)
 *(SORT(.ctors.*))
 *crtend.o(.ctors)
                0x00007ff8                . = ALIGN (0x4)
 *crtbegin.o(.dtors)
 *(EXCLUDE_FILE(*crtend.o) .dtors)
 *(SORT(.dtors.*))
 *crtend.o(.dtors)
                0x00007ff8                . = ALIGN (0x4)
                0x00007ff8                __cy_regions = .
                0x00007ff8        0x4 LONG 0x8008 __cy_region_init_ram
                0x00007ffc        0x4 LONG 0x200000c8 __cy_region_start_data
                0x00008000        0x4 LONG 0x618 __cy_region_init_size_ram
                0x00008004        0x4 LONG 0x4a0 __cy_region_zero_size_ram
                0x00008008                __cy_regions_end = .
                0x00008008                . = ALIGN (0x8)
                0x00008008                _etext = .

.cy_checksum_exclude
                0x00008008        0x0
 *(.cy_checksum_exclude)

.ramvectors     0x20000000       0xc0
                0x20000000                __cy_region_start_ram = .
 *(.ramvectors)
 .ramvectors    0x20000000       0xc0 .\CortexM0\ARM_GCC_493\Debug\Cm0Start.o
                0x20000000                CyRamVectors

.noinit         0x200000c0        0x4
 *(.noinit)
 .noinit        0x200000c0        0x4 .\CortexM0\ARM_GCC_493\Debug\Cm0Start.o

.data           0x200000c8      0x618 load address 0x00008008
                0x200000c8                __cy_region_start_data = .
 *(.jcr)
 .jcr           0x200000c8        0x0 c:/program files (x86)/cypress/psoc creator/3.3/psoc creator/import/gnu/arm/4.9.3/bin/../lib/gcc/arm-none-eabi/4.9.3/armv6-m/crtbegin.o
 .jcr           0x200000c8        0x4 c:/program files (x86)/cypress/psoc creator/3.3/psoc creator/import/gnu/arm/4.9.3/bin/../lib/gcc/arm-none-eabi/4.9.3/armv6-m/crtend.o
 *(.got.plt)
 *(.got)
 *(.shdata)
 *(.data .data.* .gnu.linkonce.d.*)
 .data          0x200000cc      0x190 .\CortexM0\ARM_GCC_493\Debug\motor.o
 *fill*         0x2000025c        0x4 
 .data          0x20000260       0x38 .\CortexM0\ARM_GCC_493\Debug\pid.o
 .data          0x20000298       0x10 .\CortexM0\ARM_GCC_493\Debug\Board1-RPi.a(CyLib.o)
                0x20000298                cydelay32kMs
                0x2000029c                cydelayFreqKhz
                0x200002a0                cydelayFreqMhz
                0x200002a4                cydelayFreqHz
 .data          0x200002a8        0x4 .\CortexM0\ARM_GCC_493\Debug\Board1-RPi.a(CyLFClk.o)
 .data.__fdlib_version
                0x200002ac        0x1 c:/program files (x86)/cypress/psoc creator/3.3/psoc creator/import/gnu/arm/4.9.3/bin/../lib/gcc/arm-none-eabi/4.9.3/../../../../arm-none-eabi/lib/armv6-m\libm.a(lib_a-s_lib_ver.o)
                0x200002ac                __fdlib_version
 *fill*         0x200002ad        0x3 
 .data.impure_data
                0x200002b0      0x428 c:/program files (x86)/cypress/psoc creator/3.3/psoc creator/import/gnu/arm/4.9.3/bin/../lib/gcc/arm-none-eabi/4.9.3/../../../../arm-none-eabi/lib/armv6-m\libg.a(lib_a-impure.o)
 .data._impure_ptr
                0x200006d8        0x4 c:/program files (x86)/cypress/psoc creator/3.3/psoc creator/import/gnu/arm/4.9.3/bin/../lib/gcc/arm-none-eabi/4.9.3/../../../../arm-none-eabi/lib/armv6-m\libg.a(lib_a-impure.o)
                0x200006d8                _impure_ptr
                0x200006e0                . = ALIGN (0x8)
 *fill*         0x200006dc        0x4 
 *(.ram)
                0x200006e0                _edata = .

.igot.plt       0x200006e0        0x0 load address 0x00008620
 .igot.plt      0x00000000        0x0 c:/program files (x86)/cypress/psoc creator/3.3/psoc creator/import/gnu/arm/4.9.3/bin/../lib/gcc/arm-none-eabi/4.9.3/armv6-m/crtbegin.o

.bss            0x200006e0      0x4a0 load address 0x00008620
                0x200006e0                PROVIDE (__bss_start__, .)
 *(.shbss)
 *(.bss .bss.* .gnu.linkonce.b.*)
 .bss           0x200006e0       0x1c c:/program files (x86)/cypress/psoc creator/3.3/psoc creator/import/gnu/arm/4.9.3/bin/../lib/gcc/arm-none-eabi/4.9.3/armv6-m/crtbegin.o
 .bss           0x200006fc       0x4c .\CortexM0\ARM_GCC_493\Debug\encoder.o
 .bss           0x20000748       0xcc .\CortexM0\ARM_GCC_493\Debug\motor.o
 .bss           0x20000814       0x4c .\CortexM0\ARM_GCC_493\Debug\ultrasonic.o
 .bss           0x20000860       0x14 .\CortexM0\ARM_GCC_493\Debug\pid.o
 .bss           0x20000874       0x3c .\CortexM0\ARM_GCC_493\Debug\i2c.o
 .bss           0x200008b0        0x4 .\CortexM0\ARM_GCC_493\Debug\time.o
 .bss           0x200008b4        0x8 .\CortexM0\ARM_GCC_493\Debug\infrared.o
 .bss           0x200008bc       0x30 .\CortexM0\ARM_GCC_493\Debug\odom.o
 .bss           0x200008ec       0x18 .\CortexM0\ARM_GCC_493\Debug\Board1-RPi.a(CyLib.o)
                0x20000900                CySysTickInitVar
 .bss           0x20000904       0x1c .\CortexM0\ARM_GCC_493\Debug\Board1-RPi.a(CyLFClk.o)
 .bss           0x20000920        0x1 .\CortexM0\ARM_GCC_493\Debug\Board1-RPi.a(HB25_PWM.o)
                0x20000920                HB25_PWM_initVar
 *fill*         0x20000921        0x3 
 .bss           0x20000924        0x8 .\CortexM0\ARM_GCC_493\Debug\Board1-RPi.a(UARTCOMMS.o)
                0x20000924                UARTCOMMS_initVar
                0x20000928                UARTCOMMS_customIntrHandler
 .bss           0x2000092c        0x8 .\CortexM0\ARM_GCC_493\Debug\Board1-RPi.a(EZI2C_Slave.o)
                0x2000092c                EZI2C_Slave_initVar
                0x20000930                EZI2C_Slave_customIntrHandler
 .bss           0x20000934        0x2 .\CortexM0\ARM_GCC_493\Debug\Board1-RPi.a(EZI2C_Slave_EZI2C_INT.o)
 *fill*         0x20000936        0x2 
 .bss           0x20000938        0x8 .\CortexM0\ARM_GCC_493\Debug\Board1-RPi.a(I2C_Master.o)
                0x20000938                I2C_Master_initVar
                0x2000093c                I2C_Master_customIntrHandler
 *(COMMON)
 COMMON         0x20000940      0x100 .\CortexM0\ARM_GCC_493\Debug\motor.o
                0x20000940                formatted_string
 COMMON         0x20000a40       0x11 .\CortexM0\ARM_GCC_493\Debug\Board1-RPi.a(EZI2C_Slave_EZI2C.o)
                0x20000a40                EZI2C_Slave_offsetBuf1
                0x20000a44                EZI2C_Slave_dataBuffer1
                0x20000a48                EZI2C_Slave_indexBuf1
                0x20000a4a                EZI2C_Slave_fsmState
                0x20000a4c                EZI2C_Slave_protectBuf1
                0x20000a4e                EZI2C_Slave_bufSizeBuf1
                0x20000a50                EZI2C_Slave_curStatus
 COMMON         0x20000a51        0x1 .\CortexM0\ARM_GCC_493\Debug\Board1-RPi.a(I2C_Master_I2C.o)
                0x20000a51                I2C_Master_state
 *fill*         0x20000a52        0x2 
 COMMON         0x20000a54       0x20 .\CortexM0\ARM_GCC_493\Debug\Board1-RPi.a(I2C_Master_I2C_MASTER.o)
                0x20000a54                I2C_Master_mstrWrBufIndexTmp
                0x20000a58                I2C_Master_mstrRdBufIndex
                0x20000a5c                I2C_Master_mstrWrBufIndex
                0x20000a60                I2C_Master_mstrWrBufSize
                0x20000a64                I2C_Master_mstrWrBufPtr
                0x20000a68                I2C_Master_mstrRdBufPtr
                0x20000a6c                I2C_Master_mstrControl
                0x20000a6e                I2C_Master_mstrStatus
                0x20000a70                I2C_Master_mstrRdBufSize
 COMMON         0x20000a74      0x108 .\CortexM0\ARM_GCC_493\Debug\Board1-RPi.a(UARTCOMMS_SPI_UART.o)
                0x20000a74                UARTCOMMS_txBufferInternal
                0x20000b74                UARTCOMMS_txBufferTail
                0x20000b78                UARTCOMMS_txBufferHead
                0x20000b80                . = ALIGN (0x8)
 *fill*         0x20000b7c        0x4 
 *(.ram.b)
                0x20000b80                _end = .
                0x20000b80                __end = .
                0x20000b80                PROVIDE (end, .)
                0x20000b80                PROVIDE (__bss_end__, .)
                0x00008008                __cy_region_init_ram = LOADADDR (.data)
                0x00000618                __cy_region_init_size_ram = (_edata - ADDR (.data))
                0x000004a0                __cy_region_zero_size_ram = (_end - _edata)

.heap           0x20000b80     0x1000 load address 0x00008620
                0x20000b80                . = _end
                0x20001b80                . = (. + 0x1000)
 *fill*         0x20000b80     0x1000 
                0x20001b80                __cy_heap_limit = .

.stack          0x20003800      0x800
                0x20003800                __cy_stack_limit = .
                0x20004000                . = (. + 0x800)
 *fill*         0x20003800      0x800 
                0x00000001                ASSERT ((__cy_stack_limit >= __cy_heap_limit), region RAM overflowed with stack)
                0x00000000                cy_checksum_exclude_size = (CY_APPL_LOADABLE == 0x1)?SIZEOF (.cy_checksum_exclude):0x0
                0x00000001                ASSERT ((cy_checksum_exclude_size <= CY_CHECKSUM_EXCLUDE_SIZE), CY_BOOT: Section .cy_checksum_exclude size exceedes specified limit.)
                0x0001ffc0                cyloadermeta_start = (cy_project_type_bootloader || cy_project_type_app_for_stack_and_copier)?(0x20000 - CY_METADATA_SIZE):0xf0000000

.cyloadermeta
 *(.cyloadermeta)
                0x0001ffc0                cyloadablemeta_start = cy_project_type_app_for_stack_and_copier?((0x20000 - CY_FLASH_ROW_SIZE) - CY_METADATA_SIZE):((0x20000 - (CY_FLASH_ROW_SIZE * (CY_APPL_NUM - 0x1))) - CY_METADATA_SIZE)

.cyloadablemeta
 *(.cyloadablemeta)

.cyflashprotect
                0x90400000       0x80
 *(.cyflashprotect)
 .cyflashprotect
                0x90400000       0x80 .\CortexM0\ARM_GCC_493\Debug\cymetadata.o
                0x90400000                cy_meta_flashprotect

.cymeta         0x90500000        0xc
 *(.cymeta)
 .cymeta        0x90500000        0xc .\CortexM0\ARM_GCC_493\Debug\cymetadata.o
                0x90500000                cy_metadata

.cychipprotect  0x90600000        0x4
 *(.cychipprotect)
 .cychipprotect
                0x90600000        0x4 .\CortexM0\ARM_GCC_493\Debug\cymetadata.o
                0x90600000                cy_meta_chipprotect

.rel.dyn        0x00008620        0x0 load address 0x90600004
 .rel.iplt      0x00000000        0x0 c:/program files (x86)/cypress/psoc creator/3.3/psoc creator/import/gnu/arm/4.9.3/bin/../lib/gcc/arm-none-eabi/4.9.3/armv6-m/crtbegin.o

.stab
 *(.stab)

.stabstr
 *(.stabstr)

.debug
 *(.debug)

.line
 *(.line)

.debug_srcinfo
 *(.debug_srcinfo)

.debug_sfnames
 *(.debug_sfnames)

.debug_aranges  0x00000000     0x1208
 *(.debug_aranges)
 .debug_aranges
                0x00000000       0x68 .\CortexM0\ARM_GCC_493\Debug\encoder.o
 .debug_aranges
                0x00000068       0x58 .\CortexM0\ARM_GCC_493\Debug\motor.o
 .debug_aranges
                0x000000c0       0x58 .\CortexM0\ARM_GCC_493\Debug\ultrasonic.o
 .debug_aranges
                0x00000118       0x38 .\CortexM0\ARM_GCC_493\Debug\pid.o
 .debug_aranges
                0x00000150       0xa0 .\CortexM0\ARM_GCC_493\Debug\i2c.o
 .debug_aranges
                0x000001f0       0x30 .\CortexM0\ARM_GCC_493\Debug\control.o
 .debug_aranges
                0x00000220       0x20 .\CortexM0\ARM_GCC_493\Debug\boardmain.o
 .debug_aranges
                0x00000240       0x38 .\CortexM0\ARM_GCC_493\Debug\time.o
 .debug_aranges
                0x00000278       0x38 .\CortexM0\ARM_GCC_493\Debug\infrared.o
 .debug_aranges
                0x000002b0       0x60 .\CortexM0\ARM_GCC_493\Debug\utils.o
 .debug_aranges
                0x00000310       0x28 .\CortexM0\ARM_GCC_493\Debug\debug.o
 .debug_aranges
                0x00000338       0x38 .\CortexM0\ARM_GCC_493\Debug\odom.o
 .debug_aranges
                0x00000370       0x48 .\CortexM0\ARM_GCC_493\Debug\cal.o
 .debug_aranges
                0x000003b8       0x30 .\CortexM0\ARM_GCC_493\Debug\diag.o
 .debug_aranges
                0x000003e8       0x18 .\CortexM0\ARM_GCC_493\Debug\cymetadata.o
 .debug_aranges
                0x00000400       0x48 .\CortexM0\ARM_GCC_493\Debug\Cm0Start.o
 .debug_aranges
                0x00000448       0x48 .\CortexM0\ARM_GCC_493\Debug\Board1-RPi.a(cyfitter_cfg.o)
 .debug_aranges
                0x00000490      0x1b8 .\CortexM0\ARM_GCC_493\Debug\Board1-RPi.a(CyLib.o)
 .debug_aranges
                0x00000648      0x150 .\CortexM0\ARM_GCC_493\Debug\Board1-RPi.a(CyLFClk.o)
 .debug_aranges
                0x00000798      0x158 .\CortexM0\ARM_GCC_493\Debug\Board1-RPi.a(HB25_PWM.o)
 .debug_aranges
                0x000008f0       0xa8 .\CortexM0\ARM_GCC_493\Debug\Board1-RPi.a(ADC_Infrared.o)
 .debug_aranges
                0x00000998       0x20 .\CortexM0\ARM_GCC_493\Debug\Board1-RPi.a(ADC_Infrared_INT.o)
 .debug_aranges
                0x000009b8      0x158 .\CortexM0\ARM_GCC_493\Debug\Board1-RPi.a(HCSR04_Timer.o)
 .debug_aranges
                0x00000b10       0x80 .\CortexM0\ARM_GCC_493\Debug\Board1-RPi.a(HCSR04_Timeout_Intr.o)
 .debug_aranges
                0x00000b90       0x28 .\CortexM0\ARM_GCC_493\Debug\Board1-RPi.a(HCSR04_Control.o)
 .debug_aranges
                0x00000bb8       0x48 .\CortexM0\ARM_GCC_493\Debug\Board1-RPi.a(HCSR04_Trigger_0.o)
 .debug_aranges
                0x00000c00       0x48 .\CortexM0\ARM_GCC_493\Debug\Board1-RPi.a(HCSR04_Trigger_2.o)
 .debug_aranges
                0x00000c48       0x48 .\CortexM0\ARM_GCC_493\Debug\Board1-RPi.a(HCSR04_Trigger_3.o)
 .debug_aranges
                0x00000c90       0x48 .\CortexM0\ARM_GCC_493\Debug\Board1-RPi.a(HCSR04_Trigger_1.o)
 .debug_aranges
                0x00000cd8       0x48 .\CortexM0\ARM_GCC_493\Debug\Board1-RPi.a(HB25_Enable_Pin.o)
 .debug_aranges
                0x00000d20       0x68 .\CortexM0\ARM_GCC_493\Debug\Board1-RPi.a(UARTCOMMS.o)
 .debug_aranges
                0x00000d88       0x68 .\CortexM0\ARM_GCC_493\Debug\Board1-RPi.a(UARTCOMMS_UART.o)
 .debug_aranges
                0x00000df0       0x60 .\CortexM0\ARM_GCC_493\Debug\Board1-RPi.a(EZI2C_Slave.o)
 .debug_aranges
                0x00000e50       0x50 .\CortexM0\ARM_GCC_493\Debug\Board1-RPi.a(EZI2C_Slave_EZI2C.o)
 .debug_aranges
                0x00000ea0       0x20 .\CortexM0\ARM_GCC_493\Debug\Board1-RPi.a(EZI2C_Slave_EZI2C_INT.o)
 .debug_aranges
                0x00000ec0       0x60 .\CortexM0\ARM_GCC_493\Debug\Board1-RPi.a(I2C_Master.o)
 .debug_aranges
                0x00000f20       0x28 .\CortexM0\ARM_GCC_493\Debug\Board1-RPi.a(I2C_Master_I2C.o)
 .debug_aranges
                0x00000f48       0x88 .\CortexM0\ARM_GCC_493\Debug\Board1-RPi.a(I2C_Master_I2C_MASTER.o)
 .debug_aranges
                0x00000fd0       0x88 .\CortexM0\ARM_GCC_493\Debug\Board1-RPi.a(Phase_Counter.o)
 .debug_aranges
                0x00001058       0x80 .\CortexM0\ARM_GCC_493\Debug\Board1-RPi.a(PhaseCounter_Intr.o)
 .debug_aranges
                0x000010d8       0x48 .\CortexM0\ARM_GCC_493\Debug\Board1-RPi.a(MainLoop_Pin.o)
 .debug_aranges
                0x00001120       0x20 .\CortexM0\ARM_GCC_493\Debug\Board1-RPi.a(CyBootAsmGnu.o)
 .debug_aranges
                0x00001140       0x40 .\CortexM0\ARM_GCC_493\Debug\Board1-RPi.a(CyFlash.o)
 .debug_aranges
                0x00001180       0x48 .\CortexM0\ARM_GCC_493\Debug\Board1-RPi.a(UARTCOMMS_SPI_UART.o)
 .debug_aranges
                0x000011c8       0x20 .\CortexM0\ARM_GCC_493\Debug\Board1-RPi.a(UARTCOMMS_SPI_UART_INT.o)
 .debug_aranges
                0x000011e8       0x20 .\CortexM0\ARM_GCC_493\Debug\Board1-RPi.a(I2C_Master_I2C_INT.o)

.debug_pubnames
 *(.debug_pubnames)

.debug_info     0x00000000     0x9f88
 *(.debug_info .gnu.linkonce.wi.*)
 .debug_info    0x00000000      0x4e8 .\CortexM0\ARM_GCC_493\Debug\encoder.o
 .debug_info    0x000004e8      0x595 .\CortexM0\ARM_GCC_493\Debug\motor.o
 .debug_info    0x00000a7d      0x536 .\CortexM0\ARM_GCC_493\Debug\ultrasonic.o
 .debug_info    0x00000fb3      0x344 .\CortexM0\ARM_GCC_493\Debug\pid.o
 .debug_info    0x000012f7      0x6a1 .\CortexM0\ARM_GCC_493\Debug\i2c.o
 .debug_info    0x00001998      0x133 .\CortexM0\ARM_GCC_493\Debug\control.o
 .debug_info    0x00001acb      0x2fb .\CortexM0\ARM_GCC_493\Debug\boardmain.o
 .debug_info    0x00001dc6      0x1a0 .\CortexM0\ARM_GCC_493\Debug\time.o
 .debug_info    0x00001f66      0x40a .\CortexM0\ARM_GCC_493\Debug\infrared.o
 .debug_info    0x00002370      0x2f7 .\CortexM0\ARM_GCC_493\Debug\utils.o
 .debug_info    0x00002667      0x123 .\CortexM0\ARM_GCC_493\Debug\debug.o
 .debug_info    0x0000278a      0x3a9 .\CortexM0\ARM_GCC_493\Debug\odom.o
 .debug_info    0x00002b33      0x3bb .\CortexM0\ARM_GCC_493\Debug\cal.o
 .debug_info    0x00002eee       0xf6 .\CortexM0\ARM_GCC_493\Debug\diag.o
 .debug_info    0x00002fe4       0xfe .\CortexM0\ARM_GCC_493\Debug\cymetadata.o
 .debug_info    0x000030e2      0x38e .\CortexM0\ARM_GCC_493\Debug\Cm0Start.o
 .debug_info    0x00003470      0x420 .\CortexM0\ARM_GCC_493\Debug\Board1-RPi.a(cyfitter_cfg.o)
 .debug_info    0x00003890      0xcf4 .\CortexM0\ARM_GCC_493\Debug\Board1-RPi.a(CyLib.o)
 .debug_info    0x00004584      0xda4 .\CortexM0\ARM_GCC_493\Debug\Board1-RPi.a(CyLFClk.o)
 .debug_info    0x00005328      0x906 .\CortexM0\ARM_GCC_493\Debug\Board1-RPi.a(HB25_PWM.o)
 .debug_info    0x00005c2e      0x5bf .\CortexM0\ARM_GCC_493\Debug\Board1-RPi.a(ADC_Infrared.o)
 .debug_info    0x000061ed       0xc4 .\CortexM0\ARM_GCC_493\Debug\Board1-RPi.a(ADC_Infrared_INT.o)
 .debug_info    0x000062b1      0x8dd .\CortexM0\ARM_GCC_493\Debug\Board1-RPi.a(HCSR04_Timer.o)
 .debug_info    0x00006b8e      0x300 .\CortexM0\ARM_GCC_493\Debug\Board1-RPi.a(HCSR04_Timeout_Intr.o)
 .debug_info    0x00006e8e       0xd6 .\CortexM0\ARM_GCC_493\Debug\Board1-RPi.a(HCSR04_Control.o)
 .debug_info    0x00006f64      0x19d .\CortexM0\ARM_GCC_493\Debug\Board1-RPi.a(HCSR04_Trigger_0.o)
 .debug_info    0x00007101      0x19d .\CortexM0\ARM_GCC_493\Debug\Board1-RPi.a(HCSR04_Trigger_2.o)
 .debug_info    0x0000729e      0x19d .\CortexM0\ARM_GCC_493\Debug\Board1-RPi.a(HCSR04_Trigger_3.o)
 .debug_info    0x0000743b      0x19d .\CortexM0\ARM_GCC_493\Debug\Board1-RPi.a(HCSR04_Trigger_1.o)
 .debug_info    0x000075d8      0x19d .\CortexM0\ARM_GCC_493\Debug\Board1-RPi.a(HB25_Enable_Pin.o)
 .debug_info    0x00007775      0x2c7 .\CortexM0\ARM_GCC_493\Debug\Board1-RPi.a(UARTCOMMS.o)
 .debug_info    0x00007a3c      0x309 .\CortexM0\ARM_GCC_493\Debug\Board1-RPi.a(UARTCOMMS_UART.o)
 .debug_info    0x00007d45      0x297 .\CortexM0\ARM_GCC_493\Debug\Board1-RPi.a(EZI2C_Slave.o)
 .debug_info    0x00007fdc      0x347 .\CortexM0\ARM_GCC_493\Debug\Board1-RPi.a(EZI2C_Slave_EZI2C.o)
 .debug_info    0x00008323      0x1df .\CortexM0\ARM_GCC_493\Debug\Board1-RPi.a(EZI2C_Slave_EZI2C_INT.o)
 .debug_info    0x00008502      0x297 .\CortexM0\ARM_GCC_493\Debug\Board1-RPi.a(I2C_Master.o)
 .debug_info    0x00008799      0x1ab .\CortexM0\ARM_GCC_493\Debug\Board1-RPi.a(I2C_Master_I2C.o)
 .debug_info    0x00008944      0x5a3 .\CortexM0\ARM_GCC_493\Debug\Board1-RPi.a(I2C_Master_I2C_MASTER.o)
 .debug_info    0x00008ee7      0x2ed .\CortexM0\ARM_GCC_493\Debug\Board1-RPi.a(Phase_Counter.o)
 .debug_info    0x000091d4      0x300 .\CortexM0\ARM_GCC_493\Debug\Board1-RPi.a(PhaseCounter_Intr.o)
 .debug_info    0x000094d4      0x19b .\CortexM0\ARM_GCC_493\Debug\Board1-RPi.a(MainLoop_Pin.o)
 .debug_info    0x0000966f       0x8d .\CortexM0\ARM_GCC_493\Debug\Board1-RPi.a(CyBootAsmGnu.o)
 .debug_info    0x000096fc      0x36b .\CortexM0\ARM_GCC_493\Debug\Board1-RPi.a(CyFlash.o)
 .debug_info    0x00009a67      0x26a .\CortexM0\ARM_GCC_493\Debug\Board1-RPi.a(UARTCOMMS_SPI_UART.o)
 .debug_info    0x00009cd1      0x12a .\CortexM0\ARM_GCC_493\Debug\Board1-RPi.a(UARTCOMMS_SPI_UART_INT.o)
 .debug_info    0x00009dfb      0x18d .\CortexM0\ARM_GCC_493\Debug\Board1-RPi.a(I2C_Master_I2C_INT.o)

.debug_abbrev   0x00000000     0x38da
 *(.debug_abbrev)
 .debug_abbrev  0x00000000      0x1c2 .\CortexM0\ARM_GCC_493\Debug\encoder.o
 .debug_abbrev  0x000001c2      0x24e .\CortexM0\ARM_GCC_493\Debug\motor.o
 .debug_abbrev  0x00000410      0x24b .\CortexM0\ARM_GCC_493\Debug\ultrasonic.o
 .debug_abbrev  0x0000065b      0x1af .\CortexM0\ARM_GCC_493\Debug\pid.o
 .debug_abbrev  0x0000080a      0x1f2 .\CortexM0\ARM_GCC_493\Debug\i2c.o
 .debug_abbrev  0x000009fc       0xb7 .\CortexM0\ARM_GCC_493\Debug\control.o
 .debug_abbrev  0x00000ab3       0x97 .\CortexM0\ARM_GCC_493\Debug\boardmain.o
 .debug_abbrev  0x00000b4a      0x150 .\CortexM0\ARM_GCC_493\Debug\time.o
 .debug_abbrev  0x00000c9a      0x1bb .\CortexM0\ARM_GCC_493\Debug\infrared.o
 .debug_abbrev  0x00000e55      0x139 .\CortexM0\ARM_GCC_493\Debug\utils.o
 .debug_abbrev  0x00000f8e       0xb9 .\CortexM0\ARM_GCC_493\Debug\debug.o
 .debug_abbrev  0x00001047      0x118 .\CortexM0\ARM_GCC_493\Debug\odom.o
 .debug_abbrev  0x0000115f      0x143 .\CortexM0\ARM_GCC_493\Debug\cal.o
 .debug_abbrev  0x000012a2       0x9b .\CortexM0\ARM_GCC_493\Debug\diag.o
 .debug_abbrev  0x0000133d       0x5d .\CortexM0\ARM_GCC_493\Debug\cymetadata.o
 .debug_abbrev  0x0000139a      0x1d5 .\CortexM0\ARM_GCC_493\Debug\Cm0Start.o
 .debug_abbrev  0x0000156f      0x212 .\CortexM0\ARM_GCC_493\Debug\Board1-RPi.a(cyfitter_cfg.o)
 .debug_abbrev  0x00001781      0x245 .\CortexM0\ARM_GCC_493\Debug\Board1-RPi.a(CyLib.o)
 .debug_abbrev  0x000019c6      0x26d .\CortexM0\ARM_GCC_493\Debug\Board1-RPi.a(CyLFClk.o)
 .debug_abbrev  0x00001c33      0x133 .\CortexM0\ARM_GCC_493\Debug\Board1-RPi.a(HB25_PWM.o)
 .debug_abbrev  0x00001d66      0x1dd .\CortexM0\ARM_GCC_493\Debug\Board1-RPi.a(ADC_Infrared.o)
 .debug_abbrev  0x00001f43       0x65 .\CortexM0\ARM_GCC_493\Debug\Board1-RPi.a(ADC_Infrared_INT.o)
 .debug_abbrev  0x00001fa8      0x133 .\CortexM0\ARM_GCC_493\Debug\Board1-RPi.a(HCSR04_Timer.o)
 .debug_abbrev  0x000020db      0x1b4 .\CortexM0\ARM_GCC_493\Debug\Board1-RPi.a(HCSR04_Timeout_Intr.o)
 .debug_abbrev  0x0000228f       0x81 .\CortexM0\ARM_GCC_493\Debug\Board1-RPi.a(HCSR04_Control.o)
 .debug_abbrev  0x00002310       0xc8 .\CortexM0\ARM_GCC_493\Debug\Board1-RPi.a(HCSR04_Trigger_0.o)
 .debug_abbrev  0x000023d8       0xc8 .\CortexM0\ARM_GCC_493\Debug\Board1-RPi.a(HCSR04_Trigger_2.o)
 .debug_abbrev  0x000024a0       0xc8 .\CortexM0\ARM_GCC_493\Debug\Board1-RPi.a(HCSR04_Trigger_3.o)
 .debug_abbrev  0x00002568       0xc8 .\CortexM0\ARM_GCC_493\Debug\Board1-RPi.a(HCSR04_Trigger_1.o)
 .debug_abbrev  0x00002630       0xc8 .\CortexM0\ARM_GCC_493\Debug\Board1-RPi.a(HB25_Enable_Pin.o)
 .debug_abbrev  0x000026f8      0x143 .\CortexM0\ARM_GCC_493\Debug\Board1-RPi.a(UARTCOMMS.o)
 .debug_abbrev  0x0000283b      0x14e .\CortexM0\ARM_GCC_493\Debug\Board1-RPi.a(UARTCOMMS_UART.o)
 .debug_abbrev  0x00002989      0x143 .\CortexM0\ARM_GCC_493\Debug\Board1-RPi.a(EZI2C_Slave.o)
 .debug_abbrev  0x00002acc      0x170 .\CortexM0\ARM_GCC_493\Debug\Board1-RPi.a(EZI2C_Slave_EZI2C.o)
 .debug_abbrev  0x00002c3c       0xc6 .\CortexM0\ARM_GCC_493\Debug\Board1-RPi.a(EZI2C_Slave_EZI2C_INT.o)
 .debug_abbrev  0x00002d02      0x143 .\CortexM0\ARM_GCC_493\Debug\Board1-RPi.a(I2C_Master.o)
 .debug_abbrev  0x00002e45       0xf3 .\CortexM0\ARM_GCC_493\Debug\Board1-RPi.a(I2C_Master_I2C.o)
 .debug_abbrev  0x00002f38      0x189 .\CortexM0\ARM_GCC_493\Debug\Board1-RPi.a(I2C_Master_I2C_MASTER.o)
 .debug_abbrev  0x000030c1      0x131 .\CortexM0\ARM_GCC_493\Debug\Board1-RPi.a(Phase_Counter.o)
 .debug_abbrev  0x000031f2      0x1b4 .\CortexM0\ARM_GCC_493\Debug\Board1-RPi.a(PhaseCounter_Intr.o)
 .debug_abbrev  0x000033a6       0xc8 .\CortexM0\ARM_GCC_493\Debug\Board1-RPi.a(MainLoop_Pin.o)
 .debug_abbrev  0x0000346e       0x14 .\CortexM0\ARM_GCC_493\Debug\Board1-RPi.a(CyBootAsmGnu.o)
 .debug_abbrev  0x00003482      0x1c1 .\CortexM0\ARM_GCC_493\Debug\Board1-RPi.a(CyFlash.o)
 .debug_abbrev  0x00003643      0x175 .\CortexM0\ARM_GCC_493\Debug\Board1-RPi.a(UARTCOMMS_SPI_UART.o)
 .debug_abbrev  0x000037b8       0x9a .\CortexM0\ARM_GCC_493\Debug\Board1-RPi.a(UARTCOMMS_SPI_UART_INT.o)
 .debug_abbrev  0x00003852       0x88 .\CortexM0\ARM_GCC_493\Debug\Board1-RPi.a(I2C_Master_I2C_INT.o)

.debug_line     0x00000000     0x4493
 *(.debug_line)
 .debug_line    0x00000000      0x177 .\CortexM0\ARM_GCC_493\Debug\encoder.o
 .debug_line    0x00000177      0x29b .\CortexM0\ARM_GCC_493\Debug\motor.o
 .debug_line    0x00000412      0x20c .\CortexM0\ARM_GCC_493\Debug\ultrasonic.o
 .debug_line    0x0000061e       0xea .\CortexM0\ARM_GCC_493\Debug\pid.o
 .debug_line    0x00000708      0x1f7 .\CortexM0\ARM_GCC_493\Debug\i2c.o
 .debug_line    0x000008ff       0xae .\CortexM0\ARM_GCC_493\Debug\control.o
 .debug_line    0x000009ad      0x108 .\CortexM0\ARM_GCC_493\Debug\boardmain.o
 .debug_line    0x00000ab5       0xb9 .\CortexM0\ARM_GCC_493\Debug\time.o
 .debug_line    0x00000b6e      0x241 .\CortexM0\ARM_GCC_493\Debug\infrared.o
 .debug_line    0x00000daf      0x102 .\CortexM0\ARM_GCC_493\Debug\utils.o
 .debug_line    0x00000eb1       0x85 .\CortexM0\ARM_GCC_493\Debug\debug.o
 .debug_line    0x00000f36      0x147 .\CortexM0\ARM_GCC_493\Debug\odom.o
 .debug_line    0x0000107d      0x103 .\CortexM0\ARM_GCC_493\Debug\cal.o
 .debug_line    0x00001180       0x98 .\CortexM0\ARM_GCC_493\Debug\diag.o
 .debug_line    0x00001218       0x53 .\CortexM0\ARM_GCC_493\Debug\cymetadata.o
 .debug_line    0x0000126b      0x249 .\CortexM0\ARM_GCC_493\Debug\Cm0Start.o
 .debug_line    0x000014b4      0x1bb .\CortexM0\ARM_GCC_493\Debug\Board1-RPi.a(cyfitter_cfg.o)
 .debug_line    0x0000166f      0x51a .\CortexM0\ARM_GCC_493\Debug\Board1-RPi.a(CyLib.o)
 .debug_line    0x00001b89      0x4c5 .\CortexM0\ARM_GCC_493\Debug\Board1-RPi.a(CyLFClk.o)
 .debug_line    0x0000204e      0x383 .\CortexM0\ARM_GCC_493\Debug\Board1-RPi.a(HB25_PWM.o)
 .debug_line    0x000023d1      0x293 .\CortexM0\ARM_GCC_493\Debug\Board1-RPi.a(ADC_Infrared.o)
 .debug_line    0x00002664       0x6d .\CortexM0\ARM_GCC_493\Debug\Board1-RPi.a(ADC_Infrared_INT.o)
 .debug_line    0x000026d1      0x37f .\CortexM0\ARM_GCC_493\Debug\Board1-RPi.a(HCSR04_Timer.o)
 .debug_line    0x00002a50      0x178 .\CortexM0\ARM_GCC_493\Debug\Board1-RPi.a(HCSR04_Timeout_Intr.o)
 .debug_line    0x00002bc8       0x79 .\CortexM0\ARM_GCC_493\Debug\Board1-RPi.a(HCSR04_Control.o)
 .debug_line    0x00002c41       0xca .\CortexM0\ARM_GCC_493\Debug\Board1-RPi.a(HCSR04_Trigger_0.o)
 .debug_line    0x00002d0b       0xca .\CortexM0\ARM_GCC_493\Debug\Board1-RPi.a(HCSR04_Trigger_2.o)
 .debug_line    0x00002dd5       0xca .\CortexM0\ARM_GCC_493\Debug\Board1-RPi.a(HCSR04_Trigger_3.o)
 .debug_line    0x00002e9f       0xca .\CortexM0\ARM_GCC_493\Debug\Board1-RPi.a(HCSR04_Trigger_1.o)
 .debug_line    0x00002f69       0xc9 .\CortexM0\ARM_GCC_493\Debug\Board1-RPi.a(HB25_Enable_Pin.o)
 .debug_line    0x00003032      0x15f .\CortexM0\ARM_GCC_493\Debug\Board1-RPi.a(UARTCOMMS.o)
 .debug_line    0x00003191      0x18f .\CortexM0\ARM_GCC_493\Debug\Board1-RPi.a(UARTCOMMS_UART.o)
 .debug_line    0x00003320      0x14d .\CortexM0\ARM_GCC_493\Debug\Board1-RPi.a(EZI2C_Slave.o)
 .debug_line    0x0000346d      0x122 .\CortexM0\ARM_GCC_493\Debug\Board1-RPi.a(EZI2C_Slave_EZI2C.o)
 .debug_line    0x0000358f      0x162 .\CortexM0\ARM_GCC_493\Debug\Board1-RPi.a(EZI2C_Slave_EZI2C_INT.o)
 .debug_line    0x000036f1      0x14b .\CortexM0\ARM_GCC_493\Debug\Board1-RPi.a(I2C_Master.o)
 .debug_line    0x0000383c       0xcc .\CortexM0\ARM_GCC_493\Debug\Board1-RPi.a(I2C_Master_I2C.o)
 .debug_line    0x00003908      0x2bc .\CortexM0\ARM_GCC_493\Debug\Board1-RPi.a(I2C_Master_I2C_MASTER.o)
 .debug_line    0x00003bc4      0x16f .\CortexM0\ARM_GCC_493\Debug\Board1-RPi.a(Phase_Counter.o)
 .debug_line    0x00003d33      0x172 .\CortexM0\ARM_GCC_493\Debug\Board1-RPi.a(PhaseCounter_Intr.o)
 .debug_line    0x00003ea5       0xc5 .\CortexM0\ARM_GCC_493\Debug\Board1-RPi.a(MainLoop_Pin.o)
 .debug_line    0x00003f6a       0x68 .\CortexM0\ARM_GCC_493\Debug\Board1-RPi.a(CyBootAsmGnu.o)
 .debug_line    0x00003fd2      0x147 .\CortexM0\ARM_GCC_493\Debug\Board1-RPi.a(CyFlash.o)
 .debug_line    0x00004119      0x122 .\CortexM0\ARM_GCC_493\Debug\Board1-RPi.a(UARTCOMMS_SPI_UART.o)
 .debug_line    0x0000423b       0xca .\CortexM0\ARM_GCC_493\Debug\Board1-RPi.a(UARTCOMMS_SPI_UART_INT.o)
 .debug_line    0x00004305      0x18e .\CortexM0\ARM_GCC_493\Debug\Board1-RPi.a(I2C_Master_I2C_INT.o)

.debug_frame    0x00000000     0x3a5c
 *(.debug_frame)
 .debug_frame   0x00000000      0x120 .\CortexM0\ARM_GCC_493\Debug\encoder.o
 .debug_frame   0x00000120       0xf0 .\CortexM0\ARM_GCC_493\Debug\motor.o
 .debug_frame   0x00000210       0xf4 .\CortexM0\ARM_GCC_493\Debug\ultrasonic.o
 .debug_frame   0x00000304       0x80 .\CortexM0\ARM_GCC_493\Debug\pid.o
 .debug_frame   0x00000384      0x150 .\CortexM0\ARM_GCC_493\Debug\i2c.o
 .debug_frame   0x000004d4       0x4c .\CortexM0\ARM_GCC_493\Debug\control.o
 .debug_frame   0x00000520       0x2c .\CortexM0\ARM_GCC_493\Debug\boardmain.o
 .debug_frame   0x0000054c       0x5c .\CortexM0\ARM_GCC_493\Debug\time.o
 .debug_frame   0x000005a8       0x80 .\CortexM0\ARM_GCC_493\Debug\infrared.o
 .debug_frame   0x00000628       0xe0 .\CortexM0\ARM_GCC_493\Debug\utils.o
 .debug_frame   0x00000708       0x48 .\CortexM0\ARM_GCC_493\Debug\debug.o
 .debug_frame   0x00000750       0x7c .\CortexM0\ARM_GCC_493\Debug\odom.o
 .debug_frame   0x000007cc       0xb4 .\CortexM0\ARM_GCC_493\Debug\cal.o
 .debug_frame   0x00000880       0x4c .\CortexM0\ARM_GCC_493\Debug\diag.o
 .debug_frame   0x000008cc       0xb0 .\CortexM0\ARM_GCC_493\Debug\Cm0Start.o
 .debug_frame   0x0000097c       0xa8 .\CortexM0\ARM_GCC_493\Debug\Board1-RPi.a(cyfitter_cfg.o)
 .debug_frame   0x00000a24      0x468 .\CortexM0\ARM_GCC_493\Debug\Board1-RPi.a(CyLib.o)
 .debug_frame   0x00000e8c      0x3fc .\CortexM0\ARM_GCC_493\Debug\Board1-RPi.a(CyLFClk.o)
 .debug_frame   0x00001288      0x390 .\CortexM0\ARM_GCC_493\Debug\Board1-RPi.a(HB25_PWM.o)
 .debug_frame   0x00001618      0x1b0 .\CortexM0\ARM_GCC_493\Debug\Board1-RPi.a(ADC_Infrared.o)
 .debug_frame   0x000017c8       0x20 .\CortexM0\ARM_GCC_493\Debug\Board1-RPi.a(ADC_Infrared_INT.o)
 .debug_frame   0x000017e8      0x390 .\CortexM0\ARM_GCC_493\Debug\Board1-RPi.a(HCSR04_Timer.o)
 .debug_frame   0x00001b78      0x110 .\CortexM0\ARM_GCC_493\Debug\Board1-RPi.a(HCSR04_Timeout_Intr.o)
 .debug_frame   0x00001c88       0x30 .\CortexM0\ARM_GCC_493\Debug\Board1-RPi.a(HCSR04_Control.o)
 .debug_frame   0x00001cb8       0x70 .\CortexM0\ARM_GCC_493\Debug\Board1-RPi.a(HCSR04_Trigger_0.o)
 .debug_frame   0x00001d28       0x70 .\CortexM0\ARM_GCC_493\Debug\Board1-RPi.a(HCSR04_Trigger_2.o)
 .debug_frame   0x00001d98       0x70 .\CortexM0\ARM_GCC_493\Debug\Board1-RPi.a(HCSR04_Trigger_3.o)
 .debug_frame   0x00001e08       0x70 .\CortexM0\ARM_GCC_493\Debug\Board1-RPi.a(HCSR04_Trigger_1.o)
 .debug_frame   0x00001e78       0x70 .\CortexM0\ARM_GCC_493\Debug\Board1-RPi.a(HB25_Enable_Pin.o)
 .debug_frame   0x00001ee8      0x104 .\CortexM0\ARM_GCC_493\Debug\Board1-RPi.a(UARTCOMMS.o)
 .debug_frame   0x00001fec       0xd8 .\CortexM0\ARM_GCC_493\Debug\Board1-RPi.a(UARTCOMMS_UART.o)
 .debug_frame   0x000020c4       0xe8 .\CortexM0\ARM_GCC_493\Debug\Board1-RPi.a(EZI2C_Slave.o)
 .debug_frame   0x000021ac       0xa8 .\CortexM0\ARM_GCC_493\Debug\Board1-RPi.a(EZI2C_Slave_EZI2C.o)
 .debug_frame   0x00002254       0x30 .\CortexM0\ARM_GCC_493\Debug\Board1-RPi.a(EZI2C_Slave_EZI2C_INT.o)
 .debug_frame   0x00002284       0xe8 .\CortexM0\ARM_GCC_493\Debug\Board1-RPi.a(I2C_Master.o)
 .debug_frame   0x0000236c       0x3c .\CortexM0\ARM_GCC_493\Debug\Board1-RPi.a(I2C_Master_I2C.o)
 .debug_frame   0x000023a8      0x16c .\CortexM0\ARM_GCC_493\Debug\Board1-RPi.a(I2C_Master_I2C_MASTER.o)
 .debug_frame   0x00002514      0x114 .\CortexM0\ARM_GCC_493\Debug\Board1-RPi.a(Phase_Counter.o)
 .debug_frame   0x00002628      0x110 .\CortexM0\ARM_GCC_493\Debug\Board1-RPi.a(PhaseCounter_Intr.o)
 .debug_frame   0x00002738       0x70 .\CortexM0\ARM_GCC_493\Debug\Board1-RPi.a(MainLoop_Pin.o)
 .debug_frame   0x000027a8       0x90 .\CortexM0\ARM_GCC_493\Debug\Board1-RPi.a(CyFlash.o)
 .debug_frame   0x00002838       0x8c .\CortexM0\ARM_GCC_493\Debug\Board1-RPi.a(UARTCOMMS_SPI_UART.o)
 .debug_frame   0x000028c4       0x2c .\CortexM0\ARM_GCC_493\Debug\Board1-RPi.a(UARTCOMMS_SPI_UART_INT.o)
 .debug_frame   0x000028f0       0x2c .\CortexM0\ARM_GCC_493\Debug\Board1-RPi.a(I2C_Master_I2C_INT.o)
 .debug_frame   0x0000291c       0x2c c:/program files (x86)/cypress/psoc creator/3.3/psoc creator/import/gnu/arm/4.9.3/bin/../lib/gcc/arm-none-eabi/4.9.3/../../../../arm-none-eabi/lib/armv6-m\libm.a(lib_a-s_cos.o)
 .debug_frame   0x00002948       0x30 c:/program files (x86)/cypress/psoc creator/3.3/psoc creator/import/gnu/arm/4.9.3/bin/../lib/gcc/arm-none-eabi/4.9.3/../../../../arm-none-eabi/lib/armv6-m\libm.a(lib_a-s_round.o)
 .debug_frame   0x00002978       0x2c c:/program files (x86)/cypress/psoc creator/3.3/psoc creator/import/gnu/arm/4.9.3/bin/../lib/gcc/arm-none-eabi/4.9.3/../../../../arm-none-eabi/lib/armv6-m\libm.a(lib_a-s_sin.o)
 .debug_frame   0x000029a4       0x38 c:/program files (x86)/cypress/psoc creator/3.3/psoc creator/import/gnu/arm/4.9.3/bin/../lib/gcc/arm-none-eabi/4.9.3/../../../../arm-none-eabi/lib/armv6-m\libm.a(lib_a-w_pow.o)
 .debug_frame   0x000029dc       0x3c c:/program files (x86)/cypress/psoc creator/3.3/psoc creator/import/gnu/arm/4.9.3/bin/../lib/gcc/arm-none-eabi/4.9.3/../../../../arm-none-eabi/lib/armv6-m\libm.a(lib_a-e_pow.o)
 .debug_frame   0x00002a18       0x3c c:/program files (x86)/cypress/psoc creator/3.3/psoc creator/import/gnu/arm/4.9.3/bin/../lib/gcc/arm-none-eabi/4.9.3/../../../../arm-none-eabi/lib/armv6-m\libm.a(lib_a-e_rem_pio2.o)
 .debug_frame   0x00002a54       0x3c c:/program files (x86)/cypress/psoc creator/3.3/psoc creator/import/gnu/arm/4.9.3/bin/../lib/gcc/arm-none-eabi/4.9.3/../../../../arm-none-eabi/lib/armv6-m\libm.a(lib_a-e_sqrt.o)
 .debug_frame   0x00002a90       0x38 c:/program files (x86)/cypress/psoc creator/3.3/psoc creator/import/gnu/arm/4.9.3/bin/../lib/gcc/arm-none-eabi/4.9.3/../../../../arm-none-eabi/lib/armv6-m\libm.a(lib_a-k_cos.o)
 .debug_frame   0x00002ac8       0x3c c:/program files (x86)/cypress/psoc creator/3.3/psoc creator/import/gnu/arm/4.9.3/bin/../lib/gcc/arm-none-eabi/4.9.3/../../../../arm-none-eabi/lib/armv6-m\libm.a(lib_a-k_rem_pio2.o)
 .debug_frame   0x00002b04       0x38 c:/program files (x86)/cypress/psoc creator/3.3/psoc creator/import/gnu/arm/4.9.3/bin/../lib/gcc/arm-none-eabi/4.9.3/../../../../arm-none-eabi/lib/armv6-m\libm.a(lib_a-k_sin.o)
 .debug_frame   0x00002b3c       0x20 c:/program files (x86)/cypress/psoc creator/3.3/psoc creator/import/gnu/arm/4.9.3/bin/../lib/gcc/arm-none-eabi/4.9.3/../../../../arm-none-eabi/lib/armv6-m\libm.a(lib_a-s_fabs.o)
 .debug_frame   0x00002b5c       0x20 c:/program files (x86)/cypress/psoc creator/3.3/psoc creator/import/gnu/arm/4.9.3/bin/../lib/gcc/arm-none-eabi/4.9.3/../../../../arm-none-eabi/lib/armv6-m\libm.a(lib_a-s_finite.o)
 .debug_frame   0x00002b7c       0x3c c:/program files (x86)/cypress/psoc creator/3.3/psoc creator/import/gnu/arm/4.9.3/bin/../lib/gcc/arm-none-eabi/4.9.3/../../../../arm-none-eabi/lib/armv6-m\libm.a(lib_a-s_floor.o)
 .debug_frame   0x00002bb8       0x2c c:/program files (x86)/cypress/psoc creator/3.3/psoc creator/import/gnu/arm/4.9.3/bin/../lib/gcc/arm-none-eabi/4.9.3/../../../../arm-none-eabi/lib/armv6-m\libm.a(lib_a-s_fpclassify.o)
 .debug_frame   0x00002be4       0x20 c:/program files (x86)/cypress/psoc creator/3.3/psoc creator/import/gnu/arm/4.9.3/bin/../lib/gcc/arm-none-eabi/4.9.3/../../../../arm-none-eabi/lib/armv6-m\libm.a(lib_a-s_matherr.o)
 .debug_frame   0x00002c04       0x20 c:/program files (x86)/cypress/psoc creator/3.3/psoc creator/import/gnu/arm/4.9.3/bin/../lib/gcc/arm-none-eabi/4.9.3/../../../../arm-none-eabi/lib/armv6-m\libm.a(lib_a-s_nan.o)
 .debug_frame   0x00002c24       0x38 c:/program files (x86)/cypress/psoc creator/3.3/psoc creator/import/gnu/arm/4.9.3/bin/../lib/gcc/arm-none-eabi/4.9.3/../../../../arm-none-eabi/lib/armv6-m\libm.a(lib_a-s_rint.o)
 .debug_frame   0x00002c5c       0x30 c:/program files (x86)/cypress/psoc creator/3.3/psoc creator/import/gnu/arm/4.9.3/bin/../lib/gcc/arm-none-eabi/4.9.3/../../../../arm-none-eabi/lib/armv6-m\libm.a(lib_a-s_scalbn.o)
 .debug_frame   0x00002c8c       0x2c c:/program files (x86)/cypress/psoc creator/3.3/psoc creator/import/gnu/arm/4.9.3/bin/../lib/gcc/arm-none-eabi/4.9.3/../../../../arm-none-eabi/lib/armv6-m\libm.a(lib_a-s_copysign.o)
 .debug_frame   0x00002cb8       0x20 c:/program files (x86)/cypress/psoc creator/3.3/psoc creator/import/gnu/arm/4.9.3/bin/../lib/gcc/arm-none-eabi/4.9.3/armv6-m\libgcc.a(_udivsi3.o)
 .debug_frame   0x00002cd8       0x20 c:/program files (x86)/cypress/psoc creator/3.3/psoc creator/import/gnu/arm/4.9.3/bin/../lib/gcc/arm-none-eabi/4.9.3/armv6-m\libgcc.a(_divsi3.o)
 .debug_frame   0x00002cf8       0x34 c:/program files (x86)/cypress/psoc creator/3.3/psoc creator/import/gnu/arm/4.9.3/bin/../lib/gcc/arm-none-eabi/4.9.3/armv6-m\libgcc.a(_muldi3.o)
 .debug_frame   0x00002d2c       0x28 c:/program files (x86)/cypress/psoc creator/3.3/psoc creator/import/gnu/arm/4.9.3/bin/../lib/gcc/arm-none-eabi/4.9.3/armv6-m\libgcc.a(_fixunssfsi.o)
 .debug_frame   0x00002d54       0x50 c:/program files (x86)/cypress/psoc creator/3.3/psoc creator/import/gnu/arm/4.9.3/bin/../lib/gcc/arm-none-eabi/4.9.3/armv6-m\libgcc.a(bpabi.o)
 .debug_frame   0x00002da4       0x30 c:/program files (x86)/cypress/psoc creator/3.3/psoc creator/import/gnu/arm/4.9.3/bin/../lib/gcc/arm-none-eabi/4.9.3/armv6-m\libgcc.a(addsf3.o)
 .debug_frame   0x00002dd4       0x3c c:/program files (x86)/cypress/psoc creator/3.3/psoc creator/import/gnu/arm/4.9.3/bin/../lib/gcc/arm-none-eabi/4.9.3/armv6-m\libgcc.a(divsf3.o)
 .debug_frame   0x00002e10       0x3c c:/program files (x86)/cypress/psoc creator/3.3/psoc creator/import/gnu/arm/4.9.3/bin/../lib/gcc/arm-none-eabi/4.9.3/armv6-m\libgcc.a(mulsf3.o)
 .debug_frame   0x00002e4c       0x30 c:/program files (x86)/cypress/psoc creator/3.3/psoc creator/import/gnu/arm/4.9.3/bin/../lib/gcc/arm-none-eabi/4.9.3/armv6-m\libgcc.a(subsf3.o)
 .debug_frame   0x00002e7c       0x20 c:/program files (x86)/cypress/psoc creator/3.3/psoc creator/import/gnu/arm/4.9.3/bin/../lib/gcc/arm-none-eabi/4.9.3/armv6-m\libgcc.a(fixsfsi.o)
 .debug_frame   0x00002e9c       0x2c c:/program files (x86)/cypress/psoc creator/3.3/psoc creator/import/gnu/arm/4.9.3/bin/../lib/gcc/arm-none-eabi/4.9.3/armv6-m\libgcc.a(floatsisf.o)
 .debug_frame   0x00002ec8       0x38 c:/program files (x86)/cypress/psoc creator/3.3/psoc creator/import/gnu/arm/4.9.3/bin/../lib/gcc/arm-none-eabi/4.9.3/armv6-m\libgcc.a(adddf3.o)
 .debug_frame   0x00002f00       0x3c c:/program files (x86)/cypress/psoc creator/3.3/psoc creator/import/gnu/arm/4.9.3/bin/../lib/gcc/arm-none-eabi/4.9.3/armv6-m\libgcc.a(divdf3.o)
 .debug_frame   0x00002f3c       0x38 c:/program files (x86)/cypress/psoc creator/3.3/psoc creator/import/gnu/arm/4.9.3/bin/../lib/gcc/arm-none-eabi/4.9.3/armv6-m\libgcc.a(eqdf2.o)
 .debug_frame   0x00002f74       0x38 c:/program files (x86)/cypress/psoc creator/3.3/psoc creator/import/gnu/arm/4.9.3/bin/../lib/gcc/arm-none-eabi/4.9.3/armv6-m\libgcc.a(gedf2.o)
 .debug_frame   0x00002fac       0x38 c:/program files (x86)/cypress/psoc creator/3.3/psoc creator/import/gnu/arm/4.9.3/bin/../lib/gcc/arm-none-eabi/4.9.3/armv6-m\libgcc.a(ledf2.o)
 .debug_frame   0x00002fe4       0x3c c:/program files (x86)/cypress/psoc creator/3.3/psoc creator/import/gnu/arm/4.9.3/bin/../lib/gcc/arm-none-eabi/4.9.3/armv6-m\libgcc.a(muldf3.o)