Archive member included because of file (symbol)

.\CortexM0\ARM_GCC_493\Debug\Board1-RPi.a(cyfitter_cfg.o)
                              .\CortexM0\ARM_GCC_493\Debug\Cm0Start.o (cyfitter_cfg)
.\CortexM0\ARM_GCC_493\Debug\Board1-RPi.a(CyLib.o)
                              .\CortexM0\ARM_GCC_493\Debug\Board1-RPi.a(cyfitter_cfg.o) (CyIntEnable)
.\CortexM0\ARM_GCC_493\Debug\Board1-RPi.a(CyLFClk.o)
                              .\CortexM0\ARM_GCC_493\Debug\Board1-RPi.a(CyLib.o) (CySysClkWcoEnabled)
.\CortexM0\ARM_GCC_493\Debug\Board1-RPi.a(HB25_PWM.o)
                              .\CortexM0\ARM_GCC_493\Debug\motor.o (HB25_PWM_Stop)
.\CortexM0\ARM_GCC_493\Debug\Board1-RPi.a(ADC_Infrared.o)
                              .\CortexM0\ARM_GCC_493\Debug\infrared.o (ADC_Infrared_Start)
.\CortexM0\ARM_GCC_493\Debug\Board1-RPi.a(ADC_Infrared_INT.o)
                              .\CortexM0\ARM_GCC_493\Debug\Board1-RPi.a(ADC_Infrared.o) (ADC_Infrared_ISR)
.\CortexM0\ARM_GCC_493\Debug\Board1-RPi.a(HCSR04_Timer.o)
                              .\CortexM0\ARM_GCC_493\Debug\ultrasonic.o (HCSR04_Timer_ReadCounter)
.\CortexM0\ARM_GCC_493\Debug\Board1-RPi.a(HCSR04_Timeout_Intr.o)
                              .\CortexM0\ARM_GCC_493\Debug\ultrasonic.o (HCSR04_Timeout_Intr_StartEx)
.\CortexM0\ARM_GCC_493\Debug\Board1-RPi.a(HCSR04_Control.o)
                              .\CortexM0\ARM_GCC_493\Debug\ultrasonic.o (HCSR04_Control_Write)
.\CortexM0\ARM_GCC_493\Debug\Board1-RPi.a(HCSR04_Trigger_0.o)
                              .\CortexM0\ARM_GCC_493\Debug\ultrasonic.o (HCSR04_Trigger_0_Write)
.\CortexM0\ARM_GCC_493\Debug\Board1-RPi.a(HCSR04_Trigger_2.o)
                              .\CortexM0\ARM_GCC_493\Debug\ultrasonic.o (HCSR04_Trigger_2_Write)
.\CortexM0\ARM_GCC_493\Debug\Board1-RPi.a(HCSR04_Trigger_3.o)
                              .\CortexM0\ARM_GCC_493\Debug\ultrasonic.o (HCSR04_Trigger_3_Write)
.\CortexM0\ARM_GCC_493\Debug\Board1-RPi.a(HCSR04_Trigger_1.o)
                              .\CortexM0\ARM_GCC_493\Debug\ultrasonic.o (HCSR04_Trigger_1_Write)
.\CortexM0\ARM_GCC_493\Debug\Board1-RPi.a(HB25_Enable_Pin.o)
                              .\CortexM0\ARM_GCC_493\Debug\motor.o (HB25_Enable_Pin_Write)
.\CortexM0\ARM_GCC_493\Debug\Board1-RPi.a(UARTCOMMS.o)
                              .\CortexM0\ARM_GCC_493\Debug\debug.o (UARTCOMMS_Start)
.\CortexM0\ARM_GCC_493\Debug\Board1-RPi.a(UARTCOMMS_UART.o)
                              .\CortexM0\ARM_GCC_493\Debug\Board1-RPi.a(UARTCOMMS.o) (UARTCOMMS_UartInit)
.\CortexM0\ARM_GCC_493\Debug\Board1-RPi.a(EZI2C_Slave.o)
                              .\CortexM0\ARM_GCC_493\Debug\i2c.o (EZI2C_Slave_Start)
.\CortexM0\ARM_GCC_493\Debug\Board1-RPi.a(EZI2C_Slave_EZI2C.o)
                              .\CortexM0\ARM_GCC_493\Debug\Board1-RPi.a(EZI2C_Slave.o) (EZI2C_Slave_EzI2CInit)
.\CortexM0\ARM_GCC_493\Debug\Board1-RPi.a(EZI2C_Slave_EZI2C_INT.o)
                              .\CortexM0\ARM_GCC_493\Debug\Board1-RPi.a(EZI2C_Slave_EZI2C.o) (EZI2C_Slave_EZI2C_STRETCH_ISR)
.\CortexM0\ARM_GCC_493\Debug\Board1-RPi.a(I2C_Master.o)
                              .\CortexM0\ARM_GCC_493\Debug\i2c.o (I2C_Master_Start)
.\CortexM0\ARM_GCC_493\Debug\Board1-RPi.a(I2C_Master_I2C.o)
                              .\CortexM0\ARM_GCC_493\Debug\Board1-RPi.a(I2C_Master.o) (I2C_Master_I2CInit)
.\CortexM0\ARM_GCC_493\Debug\Board1-RPi.a(I2C_Master_I2C_MASTER.o)
                              .\CortexM0\ARM_GCC_493\Debug\Board1-RPi.a(I2C_Master_I2C.o) (I2C_Master_mstrRdBufIndex)
.\CortexM0\ARM_GCC_493\Debug\Board1-RPi.a(Phase_Counter.o)
                              .\CortexM0\ARM_GCC_493\Debug\encoder.o (Phase_Counter_ReadStatusRegister)
.\CortexM0\ARM_GCC_493\Debug\Board1-RPi.a(PhaseCounter_Intr.o)
                              .\CortexM0\ARM_GCC_493\Debug\encoder.o (PhaseCounter_Intr_StartEx)
.\CortexM0\ARM_GCC_493\Debug\Board1-RPi.a(MainLoop_Pin.o)
                              .\CortexM0\ARM_GCC_493\Debug\diag.o (MainLoop_Pin_Write)
.\CortexM0\ARM_GCC_493\Debug\Board1-RPi.a(CyBootAsmGnu.o)
                              .\CortexM0\ARM_GCC_493\Debug\Board1-RPi.a(CyLib.o) (CyDelayCycles)
.\CortexM0\ARM_GCC_493\Debug\Board1-RPi.a(CyFlash.o)
                              .\CortexM0\ARM_GCC_493\Debug\Board1-RPi.a(CyLib.o) (CySysFlashSetWaitCycles)
.\CortexM0\ARM_GCC_493\Debug\Board1-RPi.a(UARTCOMMS_SPI_UART.o)
                              .\CortexM0\ARM_GCC_493\Debug\Board1-RPi.a(UARTCOMMS_UART.o) (UARTCOMMS_SpiUartReadRxData)
.\CortexM0\ARM_GCC_493\Debug\Board1-RPi.a(UARTCOMMS_SPI_UART_INT.o)
                              .\CortexM0\ARM_GCC_493\Debug\Board1-RPi.a(UARTCOMMS_UART.o) (UARTCOMMS_SPI_UART_ISR)
.\CortexM0\ARM_GCC_493\Debug\Board1-RPi.a(I2C_Master_I2C_INT.o)
                              .\CortexM0\ARM_GCC_493\Debug\Board1-RPi.a(I2C_Master_I2C.o) (I2C_Master_I2C_ISR)
[...]
Memory Configuration

Name             Origin             Length             Attributes
rom              0x00000000         0x00020000         xr
ram              0x20000000         0x00004000         xrw
*default*        0x00000000         0xffffffff

Linker script and memory map

LOAD c:/program files (x86)/cypress/psoc creator/3.3/psoc creator/import/gnu/arm/4.9.3/bin/../lib/gcc/arm-none-eabi/4.9.3/armv6-m/crti.o
LOAD c:/program files (x86)/cypress/psoc creator/3.3/psoc creator/import/gnu/arm/4.9.3/bin/../lib/gcc/arm-none-eabi/4.9.3/armv6-m/crtbegin.o
LOAD c:/program files (x86)/cypress/psoc creator/3.3/psoc creator/import/gnu/arm/4.9.3/bin/../lib/gcc/arm-none-eabi/4.9.3/../../../../arm-none-eabi/lib/armv6-m/crt0.o
START GROUP
LOAD .\CortexM0\ARM_GCC_493\Debug\encoder.o
LOAD .\CortexM0\ARM_GCC_493\Debug\motor.o
LOAD .\CortexM0\ARM_GCC_493\Debug\ultrasonic.o
LOAD .\CortexM0\ARM_GCC_493\Debug\pid.o
LOAD .\CortexM0\ARM_GCC_493\Debug\i2c.o
LOAD .\CortexM0\ARM_GCC_493\Debug\control.o
LOAD .\CortexM0\ARM_GCC_493\Debug\boardmain.o
LOAD .\CortexM0\ARM_GCC_493\Debug\time.o
LOAD .\CortexM0\ARM_GCC_493\Debug\infrared.o
LOAD .\CortexM0\ARM_GCC_493\Debug\utils.o
LOAD .\CortexM0\ARM_GCC_493\Debug\debug.o
LOAD .\CortexM0\ARM_GCC_493\Debug\odom.o
LOAD .\CortexM0\ARM_GCC_493\Debug\cal.o
LOAD .\CortexM0\ARM_GCC_493\Debug\diag.o
LOAD .\CortexM0\ARM_GCC_493\Debug\cymetadata.o
LOAD .\CortexM0\ARM_GCC_493\Debug\Cm0Start.o
LOAD .\CortexM0\ARM_GCC_493\Debug\Board1-RPi.a
LOAD C:\Program Files (x86)\Cypress\PSoC Creator\3.3\PSoC Creator\psoc\content\cycomponentlibrary\CyComponentLibrary.cylib\CortexM0\ARM_GCC_493\Debug\CyComponentLibrary.a
LOAD c:/program files (x86)/cypress/psoc creator/3.3/psoc creator/import/gnu/arm/4.9.3/bin/../lib/gcc/arm-none-eabi/4.9.3/../../../../arm-none-eabi/lib/armv6-m\libm.a
END GROUP
START GROUP
LOAD c:/program files (x86)/cypress/psoc creator/3.3/psoc creator/import/gnu/arm/4.9.3/bin/../lib/gcc/arm-none-eabi/4.9.3/armv6-m\libgcc.a
LOAD c:/program files (x86)/cypress/psoc creator/3.3/psoc creator/import/gnu/arm/4.9.3/bin/../lib/gcc/arm-none-eabi/4.9.3/../../../../arm-none-eabi/lib/armv6-m\libg.a
LOAD c:/program files (x86)/cypress/psoc creator/3.3/psoc creator/import/gnu/arm/4.9.3/bin/../lib/gcc/arm-none-eabi/4.9.3/../../../../arm-none-eabi/lib/armv6-m\libc.a
END GROUP
LOAD c:/program files (x86)/cypress/psoc creator/3.3/psoc creator/import/gnu/arm/4.9.3/bin/../lib/gcc/arm-none-eabi/4.9.3/armv6-m/crtend.o
LOAD c:/program files (x86)/cypress/psoc creator/3.3/psoc creator/import/gnu/arm/4.9.3/bin/../lib/gcc/arm-none-eabi/4.9.3/armv6-m/crtn.o
START GROUP
LOAD c:/program files (x86)/cypress/psoc creator/3.3/psoc creator/import/gnu/arm/4.9.3/bin/../lib/gcc/arm-none-eabi/4.9.3/armv6-m\libgcc.a
LOAD c:/program files (x86)/cypress/psoc creator/3.3/psoc creator/import/gnu/arm/4.9.3/bin/../lib/gcc/arm-none-eabi/4.9.3/../../../../arm-none-eabi/lib/armv6-m\libc.a
LOAD c:/program files (x86)/cypress/psoc creator/3.3/psoc creator/import/gnu/arm/4.9.3/bin/../lib/gcc/arm-none-eabi/4.9.3/../../../../arm-none-eabi/lib/armv6-m\libnosys.a
END GROUP
                0x00000000                CY_APPL_ORIGIN = 0x0
                0x00000080                CY_FLASH_ROW_SIZE = 0x80
                0x00000001                CY_APPL_NUM = 0x1
                0x00000001                CY_APPL_MAX = 0x1
                0x00000040                CY_METADATA_SIZE = 0x40
                0x00000000                CY_APPL_LOADABLE = 0x0
                0x00000000                CY_CHECKSUM_EXCLUDE_SIZE = ALIGN (0x0, CY_FLASH_ROW_SIZE)
                0x00000000                CY_APP_FOR_STACK_AND_COPIER = 0x0
                0x20000ff0                PROVIDE (__cy_heap_start, _end)
                0x00000001                PROVIDE (__cy_region_num, ((__cy_regions_end - __cy_regions) / 0x10))
                0x20004000                PROVIDE (__cy_stack, (ORIGIN (ram) + 0x4000))
                0x20003800                PROVIDE (__cy_heap_end, (__cy_stack - 0x800))

.cybootloader   0x00000000        0x0
 *(.cybootloader)
                0x00000000                appl1_start = CY_APPL_ORIGIN?CY_APPL_ORIGIN:ALIGN (CY_FLASH_ROW_SIZE)
                0x0000ff80                appl2_start = (appl1_start + ALIGN ((((0x20000 - appl1_start) - (0x2 * CY_FLASH_ROW_SIZE)) / 0x2), CY_FLASH_ROW_SIZE))
                0x00000000                appl_start = (CY_APPL_NUM == 0x1)?appl1_start:appl2_start
                0x00000001                cy_project_type_bootloader = (appl_start == 0x0)?0x1:0x0
                0x00000000                cy_project_type_app_for_stack_and_copier = (CY_APP_FOR_STACK_AND_COPIER == 0x1)?0x1:0x0

.text           0x00000000     0xbf70
 CREATE_OBJECT_SYMBOLS
                0x00000000                PROVIDE (__cy_interrupt_vector, RomVectors)
 *(.romvectors)
 .romvectors    0x00000000       0x10 .\CortexM0\ARM_GCC_493\Debug\Cm0Start.o
                0x00000000                RomVectors
                0x00000001                ASSERT ((. != __cy_interrupt_vector), No interrupt vector)
                0x00000001                ASSERT (CY_APPL_ORIGIN?(SIZEOF (.cybootloader) <= CY_APPL_ORIGIN):0x1, Wrong image location)
                0x00000010                PROVIDE (__cy_reset, Reset)
 *(.text.Reset)
 .text.Reset    0x00000010        0x8 .\CortexM0\ARM_GCC_493\Debug\Cm0Start.o
                0x00000010                Reset
                0x00000001                ASSERT ((. != __cy_reset), No reset code)
 *(.psocinit)
 .psocinit      0x00000018      0x318 .\CortexM0\ARM_GCC_493\Debug\Board1-RPi.a(cyfitter_cfg.o)
                0x00000140                cyfitter_cfg
                0x00000330                . = MAX (., 0x100)
 *(.text .text.* .gnu.linkonce.t.*)
 .text          0x00000330       0x60 c:/program files (x86)/cypress/psoc creator/3.3/psoc creator/import/gnu/arm/4.9.3/bin/../lib/gcc/arm-none-eabi/4.9.3/armv6-m/crtbegin.o
 .text.Phase_Counter_Interrupt_Handler
                0x00000390       0x20 .\CortexM0\ARM_GCC_493\Debug\encoder.o
                0x00000390                Phase_Counter_Interrupt_Handler
 .text.LeftCounterWrapper
                0x000003b0        0x8 .\CortexM0\ARM_GCC_493\Debug\encoder.o
 .text.RightCounterWrapper
                0x000003b8        0x8 .\CortexM0\ARM_GCC_493\Debug\encoder.o
 .text.Encoder_Init
                0x000003c0       0x2c .\CortexM0\ARM_GCC_493\Debug\encoder.o
                0x000003c0                Encoder_Init
 .text.Encoder_Start
                0x000003ec       0x10 .\CortexM0\ARM_GCC_493\Debug\encoder.o
                0x000003ec                Encoder_Start
 .text.Encoder_Sample
                0x000003fc       0x98 .\CortexM0\ARM_GCC_493\Debug\encoder.o
                0x000003fc                Encoder_Sample
 .text.Encoder_Update
                0x00000494       0x38 .\CortexM0\ARM_GCC_493\Debug\encoder.o
                0x00000494                Encoder_Update
 .text.Encoder_GetLRSpeed
                0x000004cc       0x10 .\CortexM0\ARM_GCC_493\Debug\encoder.o
                0x000004cc                Encoder_GetLRSpeed
 .text.Encoder_GetWheelSpeed
                0x000004dc        0xc .\CortexM0\ARM_GCC_493\Debug\encoder.o
                0x000004dc                Encoder_GetWheelSpeed
 .text.Encoder_GetCount
                0x000004e8        0x8 .\CortexM0\ARM_GCC_493\Debug\encoder.o
                0x000004e8                Encoder_GetCount
 .text.Encoder_GetLRCount
                0x000004f0       0x14 .\CortexM0\ARM_GCC_493\Debug\encoder.o
                0x000004f0                Encoder_GetLRCount
 .text.Encoder_Reset
                0x00000504       0x20 .\CortexM0\ARM_GCC_493\Debug\encoder.o
                0x00000504                Encoder_Reset
 .text.CalculateAverageCountPerSec
                0x00000524       0x4c .\CortexM0\ARM_GCC_493\Debug\motor.o
 .text.Motor_Init
                0x00000570       0x54 .\CortexM0\ARM_GCC_493\Debug\motor.o
                0x00000570                Motor_Init
 .text.Motor_SetOutput
                0x000005c4       0x34 .\CortexM0\ARM_GCC_493\Debug\motor.o
                0x000005c4                Motor_SetOutput
 .text.Motor_Start
                0x000005f8       0x14 .\CortexM0\ARM_GCC_493\Debug\motor.o
                0x000005f8                Motor_Start
 .text.Motor_Calibrate
                0x0000060c       0x9c .\CortexM0\ARM_GCC_493\Debug\motor.o
                0x0000060c                Motor_Calibrate
 .text.Motor_ValidateCalibration
                0x000006a8       0x54 .\CortexM0\ARM_GCC_493\Debug\motor.o
                0x000006a8                Motor_ValidateCalibration
 .text.Motor_GetCalValues
                0x000006fc       0x18 .\CortexM0\ARM_GCC_493\Debug\motor.o
                0x000006fc                Motor_GetCalValues
 .text.WaitForPulseIn
                0x00000714       0x2c .\CortexM0\ARM_GCC_493\Debug\ultrasonic.o
 .text.PulseOut
                0x00000740       0x24 .\CortexM0\ARM_GCC_493\Debug\ultrasonic.o
 .text.CalcDistance
                0x00000764       0x54 .\CortexM0\ARM_GCC_493\Debug\ultrasonic.o
 .text.Ultrasonic_Measure
                0x000007b8       0x58 .\CortexM0\ARM_GCC_493\Debug\ultrasonic.o
                0x000007b8                Ultrasonic_Measure
 .text.PrintPid
                0x00000810       0x58 .\CortexM0\ARM_GCC_493\Debug\pid.o
 .text.PID_Calc
                0x00000868       0x78 .\CortexM0\ARM_GCC_493\Debug\pid.o
 .text.PID_Start
                0x000008e0        0x4 .\CortexM0\ARM_GCC_493\Debug\pid.o
                0x000008e0                PID_Start
 .text.PID_Update
                0x000008e4       0xac .\CortexM0\ARM_GCC_493\Debug\pid.o
                0x000008e4                PID_Update
 .text.MasterWriteSlave
                0x00000990       0x58 .\CortexM0\ARM_GCC_493\Debug\i2c.o
 .text.MasterReadSlave
                0x000009e8       0x70 .\CortexM0\ARM_GCC_493\Debug\i2c.o
 .text.I2c_Init
                0x00000a58       0x30 .\CortexM0\ARM_GCC_493\Debug\i2c.o
                0x00000a58                I2c_Init
 .text.I2c_Start
                0x00000a88       0x20 .\CortexM0\ARM_GCC_493\Debug\i2c.o
                0x00000a88                I2c_Start
 .text.I2c_WriteCount
                0x00000aa8        0xc .\CortexM0\ARM_GCC_493\Debug\i2c.o
                0x00000aa8                I2c_WriteCount
 .text.I2c_ReadCount
                0x00000ab4       0x40 .\CortexM0\ARM_GCC_493\Debug\i2c.o
                0x00000ab4                I2c_ReadCount
 .text.I2c_ReadControl
                0x00000af4       0x10 .\CortexM0\ARM_GCC_493\Debug\i2c.o
                0x00000af4                I2c_ReadControl
 .text.I2c_ReadVelocity
                0x00000b04        0x8 .\CortexM0\ARM_GCC_493\Debug\i2c.o
                0x00000b04                I2c_ReadVelocity
 .text.I2c_WriteCalReg
                0x00000b0c        0xc .\CortexM0\ARM_GCC_493\Debug\i2c.o
                0x00000b0c                I2c_WriteCalReg
 .text.I2c_ReadCalReg
                0x00000b18        0xc .\CortexM0\ARM_GCC_493\Debug\i2c.o
                0x00000b18                I2c_ReadCalReg
 .text.I2c_SetStatusBit
                0x00000b24       0x10 .\CortexM0\ARM_GCC_493\Debug\i2c.o
                0x00000b24                I2c_SetStatusBit
 .text.I2c_ClearStatusBit
                0x00000b34       0x10 .\CortexM0\ARM_GCC_493\Debug\i2c.o
                0x00000b34                I2c_ClearStatusBit
 .text.I2c_WriteWheelVelocity
                0x00000b44        0xc .\CortexM0\ARM_GCC_493\Debug\i2c.o
                0x00000b44                I2c_WriteWheelVelocity
 .text.I2c_WriteCountPerSecond
                0x00000b50        0xc .\CortexM0\ARM_GCC_493\Debug\i2c.o
                0x00000b50                I2c_WriteCountPerSecond
 .text.I2c_WriteOdom
                0x00000b5c       0x2c .\CortexM0\ARM_GCC_493\Debug\i2c.o
                0x00000b5c                I2c_WriteOdom
 .text.I2c_WriteUltrasonicDistance
                0x00000b88       0x10 .\CortexM0\ARM_GCC_493\Debug\i2c.o
                0x00000b88                I2c_WriteUltrasonicDistance
 .text.I2c_WriteInfraredDistance
                0x00000b98       0x10 .\CortexM0\ARM_GCC_493\Debug\i2c.o
                0x00000b98                I2c_WriteInfraredDistance
 .text.Control_Init
                0x00000ba8        0x4 .\CortexM0\ARM_GCC_493\Debug\control.o
                0x00000ba8                Control_Init
 .text.Control_Start
                0x00000bac        0x4 .\CortexM0\ARM_GCC_493\Debug\control.o
                0x00000bac                Control_Start
 .text.Control_Update
                0x00000bb0       0x34 .\CortexM0\ARM_GCC_493\Debug\control.o
                0x00000bb0                Control_Update
 .text.main     0x00000be4       0x70 .\CortexM0\ARM_GCC_493\Debug\boardmain.o
                0x00000be4                main
 .text.SysTickIsrHandler
                0x00000c54       0x10 .\CortexM0\ARM_GCC_493\Debug\time.o
 .text.Time_Init
                0x00000c64        0xc .\CortexM0\ARM_GCC_493\Debug\time.o
                0x00000c64                Time_Init
 .text.Time_Start
                0x00000c70       0x34 .\CortexM0\ARM_GCC_493\Debug\time.o
                0x00000c70                Time_Start
 .text.millis   0x00000ca4        0xc .\CortexM0\ARM_GCC_493\Debug\time.o
                0x00000ca4                millis
 .text.Infrared_Measure
                0x00000cb0       0xc8 .\CortexM0\ARM_GCC_493\Debug\infrared.o
                0x00000cb0                Infrared_Measure
 .text.MovingAverage
                0x00000d78       0x20 .\CortexM0\ARM_GCC_493\Debug\utils.o
                0x00000d78                MovingAverage
 .text.Debug_Init
                0x00000d98       0x14 .\CortexM0\ARM_GCC_493\Debug\debug.o
                0x00000d98                Debug_Init
 .text.Debug_Start
                0x00000dac        0x8 .\CortexM0\ARM_GCC_493\Debug\debug.o
                0x00000dac                Debug_Start
 .text.Odom_Init
                0x00000db4       0x20 .\CortexM0\ARM_GCC_493\Debug\odom.o
                0x00000db4                Odom_Init
 .text.Odom_Start
                0x00000dd4        0x4 .\CortexM0\ARM_GCC_493\Debug\odom.o
                0x00000dd4                Odom_Start
 .text.calc_odom
                0x00000dd8      0x138 .\CortexM0\ARM_GCC_493\Debug\odom.o
                0x00000dd8                calc_odom
 .text.Odom_Update
                0x00000f10       0x24 .\CortexM0\ARM_GCC_493\Debug\odom.o
                0x00000f10                Odom_Update
 .text.SendData
                0x00000f34       0x44 .\CortexM0\ARM_GCC_493\Debug\cal.o
 .text.RecvData
                0x00000f78       0x38 .\CortexM0\ARM_GCC_493\Debug\cal.o
 .text.Cal_Init
                0x00000fb0        0x4 .\CortexM0\ARM_GCC_493\Debug\cal.o
                0x00000fb0                Cal_Init
 .text.Cal_Start
                0x00000fb4        0xc .\CortexM0\ARM_GCC_493\Debug\cal.o
                0x00000fb4                Cal_Start
 .text.Cal_Update
                0x00000fc0       0x20 .\CortexM0\ARM_GCC_493\Debug\cal.o
                0x00000fc0                Cal_Update
 .text.Cal_Download
                0x00000fe0       0x1c .\CortexM0\ARM_GCC_493\Debug\cal.o
                0x00000fe0                Cal_Download
 .text.Cal_Upload
                0x00000ffc       0x34 .\CortexM0\ARM_GCC_493\Debug\cal.o
                0x00000ffc                Cal_Upload
 .text.Cal_Validate
                0x00001030        0x8 .\CortexM0\ARM_GCC_493\Debug\cal.o
                0x00001030                Cal_Validate
 .text.Diag_Init
                0x00001038        0x4 .\CortexM0\ARM_GCC_493\Debug\diag.o
                0x00001038                Diag_Init
 .text.Diag_Start
                0x0000103c        0x4 .\CortexM0\ARM_GCC_493\Debug\diag.o
                0x0000103c                Diag_Start
 .text.Diag_Update
                0x00001040       0x10 .\CortexM0\ARM_GCC_493\Debug\diag.o
                0x00001040                Diag_Update
 .text.IntDefaultHandler
                0x00001050        0x4 .\CortexM0\ARM_GCC_493\Debug\Cm0Start.o
                0x00001050                IntDefaultHandler
 .text._sbrk    0x00001054       0x34 .\CortexM0\ARM_GCC_493\Debug\Cm0Start.o
                0x00001054                _sbrk
 .text.Start_c  0x00001088       0x48 .\CortexM0\ARM_GCC_493\Debug\Cm0Start.o
                0x00001088                Start_c
 .text.initialize_psoc
                0x000010d0       0x54 .\CortexM0\ARM_GCC_493\Debug\Cm0Start.o
                0x000010d0                initialize_psoc
 .text.cfg_write_bytes32
                0x00001124       0x34 .\CortexM0\ARM_GCC_493\Debug\Board1-RPi.a(cyfitter_cfg.o)
 .text.AnalogSetDefault
                0x00001158       0x3c .\CortexM0\ARM_GCC_493\Debug\Board1-RPi.a(cyfitter_cfg.o)
 .text.CYMEMZERO
                0x00001194        0xc .\CortexM0\ARM_GCC_493\Debug\Board1-RPi.a(cyfitter_cfg.o)
 .text.CySysClkImoDisableWcoLock
                0x000011a0       0x14 .\CortexM0\ARM_GCC_493\Debug\Board1-RPi.a(CyLib.o)
                0x000011a0                CySysClkImoDisableWcoLock
 .text.CySysClkImoGetWcoLock
                0x000011b4       0x14 .\CortexM0\ARM_GCC_493\Debug\Board1-RPi.a(CyLib.o)
                0x000011b4                CySysClkImoGetWcoLock
 .text.CyIntEnable
                0x000011c8       0x14 .\CortexM0\ARM_GCC_493\Debug\Board1-RPi.a(CyLib.o)
                0x000011c8                CyIntEnable
 .text.CyIntDisable
                0x000011dc       0x14 .\CortexM0\ARM_GCC_493\Debug\Board1-RPi.a(CyLib.o)
                0x000011dc                CyIntDisable
 .text.CyHalt   0x000011f0        0x4 .\CortexM0\ARM_GCC_493\Debug\Board1-RPi.a(CyLib.o)
                0x000011f0                CyHalt
 .text.CyIntSetSysVector
                0x000011f4       0x20 .\CortexM0\ARM_GCC_493\Debug\Board1-RPi.a(CyLib.o)
                0x000011f4                CyIntSetSysVector
 .text.CyIntSetVector
                0x00001214       0x24 .\CortexM0\ARM_GCC_493\Debug\Board1-RPi.a(CyLib.o)
                0x00001214                CyIntSetVector
 .text.CyIntSetPriority
                0x00001238       0x4c .\CortexM0\ARM_GCC_493\Debug\Board1-RPi.a(CyLib.o)
                0x00001238                CyIntSetPriority
 .text.CyDelay  0x00001284       0x30 .\CortexM0\ARM_GCC_493\Debug\Board1-RPi.a(CyLib.o)
                0x00001284                CyDelay
 .text.CySysClkImoEnableWcoLock
                0x000012b4       0xe8 .\CortexM0\ARM_GCC_493\Debug\Board1-RPi.a(CyLib.o)
                0x000012b4                CySysClkImoEnableWcoLock
 .text.CySysClkWriteImoFreq
                0x0000139c       0x80 .\CortexM0\ARM_GCC_493\Debug\Board1-RPi.a(CyLib.o)
                0x0000139c                CySysClkWriteImoFreq
 .text.CyDelayUs
                0x0000141c       0x14 .\CortexM0\ARM_GCC_493\Debug\Board1-RPi.a(CyLib.o)
                0x0000141c                CyDelayUs
 .text.CySysTickEnableInterrupt
                0x00001430       0x10 .\CortexM0\ARM_GCC_493\Debug\Board1-RPi.a(CyLib.o)
                0x00001430                CySysTickEnableInterrupt
 .text.CySysTickEnable
                0x00001440       0x18 .\CortexM0\ARM_GCC_493\Debug\Board1-RPi.a(CyLib.o)
                0x00001440                CySysTickEnable
 .text.CySysTickSetReload
                0x00001458       0x10 .\CortexM0\ARM_GCC_493\Debug\Board1-RPi.a(CyLib.o)
                0x00001458                CySysTickSetReload
 .text.CySysTickSetClockSource
                0x00001468       0x20 .\CortexM0\ARM_GCC_493\Debug\Board1-RPi.a(CyLib.o)
                0x00001468                CySysTickSetClockSource
 .text.CySysTickGetCountFlag
                0x00001488       0x10 .\CortexM0\ARM_GCC_493\Debug\Board1-RPi.a(CyLib.o)
                0x00001488                CySysTickGetCountFlag
 .text.CySysTickServiceCallbacks
                0x00001498       0x28 .\CortexM0\ARM_GCC_493\Debug\Board1-RPi.a(CyLib.o)
 .text.CySysTickClear
                0x000014c0        0xc .\CortexM0\ARM_GCC_493\Debug\Board1-RPi.a(CyLib.o)
                0x000014c0                CySysTickClear
 .text.CySysTickInit
                0x000014cc       0x4c .\CortexM0\ARM_GCC_493\Debug\Board1-RPi.a(CyLib.o)
                0x000014cc                CySysTickInit
 .text.CySysTickStart
                0x00001518       0x20 .\CortexM0\ARM_GCC_493\Debug\Board1-RPi.a(CyLib.o)
                0x00001518                CySysTickStart
 .text.CySysTickSetCallback
                0x00001538       0x10 .\CortexM0\ARM_GCC_493\Debug\Board1-RPi.a(CyLib.o)
                0x00001538                CySysTickSetCallback
 .text.CySysTickGetCallback
                0x00001548        0xc .\CortexM0\ARM_GCC_493\Debug\Board1-RPi.a(CyLib.o)
                0x00001548                CySysTickGetCallback
 .text.CySysWdtLocked
                0x00001554       0x14 .\CortexM0\ARM_GCC_493\Debug\Board1-RPi.a(CyLFClk.o)
 .text.CySysClkWcoEnabled
                0x00001568       0x14 .\CortexM0\ARM_GCC_493\Debug\Board1-RPi.a(CyLFClk.o)
                0x00001568                CySysClkWcoEnabled
 .text.CySysWdtLock
                0x0000157c       0x1c .\CortexM0\ARM_GCC_493\Debug\Board1-RPi.a(CyLFClk.o)
                0x0000157c                CySysWdtLock
 .text.CySysWdtUnlock
                0x00001598       0x30 .\CortexM0\ARM_GCC_493\Debug\Board1-RPi.a(CyLFClk.o)
                0x00001598                CySysWdtUnlock
 .text.CySysWdtClearInterrupt
                0x000015c8       0x4c .\CortexM0\ARM_GCC_493\Debug\Board1-RPi.a(CyLFClk.o)
                0x000015c8                CySysWdtClearInterrupt
 .text.CySysWdtIsr
                0x00001614       0xa4 .\CortexM0\ARM_GCC_493\Debug\Board1-RPi.a(CyLFClk.o)
                0x00001614                CySysWdtIsr
 .text.HB25_PWM_WriteCounter
                0x000016b8       0x10 .\CortexM0\ARM_GCC_493\Debug\Board1-RPi.a(HB25_PWM.o)
                0x000016b8                HB25_PWM_WriteCounter
 .text.HB25_PWM_WritePeriod
                0x000016c8       0x10 .\CortexM0\ARM_GCC_493\Debug\Board1-RPi.a(HB25_PWM.o)
                0x000016c8                HB25_PWM_WritePeriod
 .text.HB25_PWM_WriteCompare
                0x000016d8       0x10 .\CortexM0\ARM_GCC_493\Debug\Board1-RPi.a(HB25_PWM.o)
                0x000016d8                HB25_PWM_WriteCompare
 .text.HB25_PWM_TriggerCommand
                0x000016e8       0x1c .\CortexM0\ARM_GCC_493\Debug\Board1-RPi.a(HB25_PWM.o)
                0x000016e8                HB25_PWM_TriggerCommand
 .text.HB25_PWM_Enable
                0x00001704       0x24 .\CortexM0\ARM_GCC_493\Debug\Board1-RPi.a(HB25_PWM.o)
                0x00001704                HB25_PWM_Enable
 .text.HB25_PWM_SetInterruptMode
                0x00001728        0xc .\CortexM0\ARM_GCC_493\Debug\Board1-RPi.a(HB25_PWM.o)
                0x00001728                HB25_PWM_SetInterruptMode
 .text.HB25_PWM_Init
                0x00001734       0x4c .\CortexM0\ARM_GCC_493\Debug\Board1-RPi.a(HB25_PWM.o)
                0x00001734                HB25_PWM_Init
 .text.HB25_PWM_Start
                0x00001780       0x20 .\CortexM0\ARM_GCC_493\Debug\Board1-RPi.a(HB25_PWM.o)
                0x00001780                HB25_PWM_Start
 .text.ADC_Infrared_StartConvert
                0x000017a0       0x14 .\CortexM0\ARM_GCC_493\Debug\Board1-RPi.a(ADC_Infrared.o)
                0x000017a0                ADC_Infrared_StartConvert
 .text.ADC_Infrared_IsEndConversion
                0x000017b4       0x28 .\CortexM0\ARM_GCC_493\Debug\Board1-RPi.a(ADC_Infrared.o)
                0x000017b4                ADC_Infrared_IsEndConversion
 .text.ADC_Infrared_GetResult16
                0x000017dc       0x2c .\CortexM0\ARM_GCC_493\Debug\Board1-RPi.a(ADC_Infrared.o)
                0x000017dc                ADC_Infrared_GetResult16
 .text.HCSR04_Control_Write
                0x00001808        0xc .\CortexM0\ARM_GCC_493\Debug\Board1-RPi.a(HCSR04_Control.o)
                0x00001808                HCSR04_Control_Write
 .text.HCSR04_Trigger_0_Write
                0x00001814       0x18 .\CortexM0\ARM_GCC_493\Debug\Board1-RPi.a(HCSR04_Trigger_0.o)
                0x00001814                HCSR04_Trigger_0_Write
 .text.HCSR04_Trigger_2_Write
                0x0000182c       0x18 .\CortexM0\ARM_GCC_493\Debug\Board1-RPi.a(HCSR04_Trigger_2.o)
                0x0000182c                HCSR04_Trigger_2_Write
 .text.HCSR04_Trigger_3_Write
                0x00001844       0x18 .\CortexM0\ARM_GCC_493\Debug\Board1-RPi.a(HCSR04_Trigger_3.o)
                0x00001844                HCSR04_Trigger_3_Write
 .text.HCSR04_Trigger_1_Write
                0x0000185c       0x18 .\CortexM0\ARM_GCC_493\Debug\Board1-RPi.a(HCSR04_Trigger_1.o)
                0x0000185c                HCSR04_Trigger_1_Write
 .text.HB25_Enable_Pin_Write
                0x00001874       0x18 .\CortexM0\ARM_GCC_493\Debug\Board1-RPi.a(HB25_Enable_Pin.o)
                0x00001874                HB25_Enable_Pin_Write
 .text.UARTCOMMS_ScbEnableIntr
                0x0000188c        0xc .\CortexM0\ARM_GCC_493\Debug\Board1-RPi.a(UARTCOMMS.o)
 .text.UARTCOMMS_ScbModePostEnable
                0x00001898        0x8 .\CortexM0\ARM_GCC_493\Debug\Board1-RPi.a(UARTCOMMS.o)
 .text.UARTCOMMS_Init
                0x000018a0        0x8 .\CortexM0\ARM_GCC_493\Debug\Board1-RPi.a(UARTCOMMS.o)
                0x000018a0                UARTCOMMS_Init
 .text.UARTCOMMS_Enable
                0x000018a8       0x1c .\CortexM0\ARM_GCC_493\Debug\Board1-RPi.a(UARTCOMMS.o)
                0x000018a8                UARTCOMMS_Enable
 .text.UARTCOMMS_Start
                0x000018c4       0x20 .\CortexM0\ARM_GCC_493\Debug\Board1-RPi.a(UARTCOMMS.o)
                0x000018c4                UARTCOMMS_Start
 .text.UARTCOMMS_UartInit
                0x000018e4       0xc4 .\CortexM0\ARM_GCC_493\Debug\Board1-RPi.a(UARTCOMMS_UART.o)
                0x000018e4                UARTCOMMS_UartInit
 .text.UARTCOMMS_UartPostEnable
                0x000019a8       0x14 .\CortexM0\ARM_GCC_493\Debug\Board1-RPi.a(UARTCOMMS_UART.o)
                0x000019a8                UARTCOMMS_UartPostEnable
 .text.UARTCOMMS_UartPutString
                0x000019bc       0x18 .\CortexM0\ARM_GCC_493\Debug\Board1-RPi.a(UARTCOMMS_UART.o)
                0x000019bc                UARTCOMMS_UartPutString
 .text.EZI2C_Slave_ScbEnableIntr
                0x000019d4        0xc .\CortexM0\ARM_GCC_493\Debug\Board1-RPi.a(EZI2C_Slave.o)
 .text.EZI2C_Slave_Init
                0x000019e0        0x8 .\CortexM0\ARM_GCC_493\Debug\Board1-RPi.a(EZI2C_Slave.o)
                0x000019e0                EZI2C_Slave_Init
 .text.EZI2C_Slave_Enable
                0x000019e8       0x18 .\CortexM0\ARM_GCC_493\Debug\Board1-RPi.a(EZI2C_Slave.o)
                0x000019e8                EZI2C_Slave_Enable
 .text.EZI2C_Slave_Start
                0x00001a00       0x20 .\CortexM0\ARM_GCC_493\Debug\Board1-RPi.a(EZI2C_Slave.o)
                0x00001a00                EZI2C_Slave_Start
 .text.EZI2C_Slave_EzI2CInit
                0x00001a20       0xc0 .\CortexM0\ARM_GCC_493\Debug\Board1-RPi.a(EZI2C_Slave_EZI2C.o)
                0x00001a20                EZI2C_Slave_EzI2CInit
 .text.EZI2C_Slave_EzI2CSetAddress1
                0x00001ae0       0x18 .\CortexM0\ARM_GCC_493\Debug\Board1-RPi.a(EZI2C_Slave_EZI2C.o)
                0x00001ae0                EZI2C_Slave_EzI2CSetAddress1
 .text.EZI2C_Slave_EzI2CSetBuffer1
                0x00001af8       0x30 .\CortexM0\ARM_GCC_493\Debug\Board1-RPi.a(EZI2C_Slave_EZI2C.o)
                0x00001af8                EZI2C_Slave_EzI2CSetBuffer1
 .text.EZI2C_Slave_EZI2C_STRETCH_ISR
                0x00001b28      0x324 .\CortexM0\ARM_GCC_493\Debug\Board1-RPi.a(EZI2C_Slave_EZI2C_INT.o)
                0x00001b28                EZI2C_Slave_EZI2C_STRETCH_ISR
 .text.I2C_Master_ScbEnableIntr
                0x00001e4c        0xc .\CortexM0\ARM_GCC_493\Debug\Board1-RPi.a(I2C_Master.o)
 .text.I2C_Master_Init
                0x00001e58        0x8 .\CortexM0\ARM_GCC_493\Debug\Board1-RPi.a(I2C_Master.o)
                0x00001e58                I2C_Master_Init
 .text.I2C_Master_Enable
                0x00001e60       0x18 .\CortexM0\ARM_GCC_493\Debug\Board1-RPi.a(I2C_Master.o)
                0x00001e60                I2C_Master_Enable
 .text.I2C_Master_Start
                0x00001e78       0x20 .\CortexM0\ARM_GCC_493\Debug\Board1-RPi.a(I2C_Master.o)
                0x00001e78                I2C_Master_Start
 .text.I2C_Master_I2CInit
                0x00001e98       0xd4 .\CortexM0\ARM_GCC_493\Debug\Board1-RPi.a(I2C_Master_I2C.o)
                0x00001e98                I2C_Master_I2CInit
 .text.I2C_Master_I2CMasterStatus
                0x00001f6c       0x30 .\CortexM0\ARM_GCC_493\Debug\Board1-RPi.a(I2C_Master_I2C_MASTER.o)
                0x00001f6c                I2C_Master_I2CMasterStatus
 .text.I2C_Master_I2CMasterClearStatus
                0x00001f9c       0x20 .\CortexM0\ARM_GCC_493\Debug\Board1-RPi.a(I2C_Master_I2C_MASTER.o)
                0x00001f9c                I2C_Master_I2CMasterClearStatus
 .text.I2C_Master_I2CReStartGeneration
                0x00001fbc       0x20 .\CortexM0\ARM_GCC_493\Debug\Board1-RPi.a(I2C_Master_I2C_MASTER.o)
                0x00001fbc                I2C_Master_I2CReStartGeneration
 .text.I2C_Master_I2CMasterWriteBuf
                0x00001fdc       0xec .\CortexM0\ARM_GCC_493\Debug\Board1-RPi.a(I2C_Master_I2C_MASTER.o)
                0x00001fdc                I2C_Master_I2CMasterWriteBuf
 .text.I2C_Master_I2CMasterReadBuf
                0x000020c8       0xfc .\CortexM0\ARM_GCC_493\Debug\Board1-RPi.a(I2C_Master_I2C_MASTER.o)
                0x000020c8                I2C_Master_I2CMasterReadBuf
 .text.Phase_Counter_ReadStatusRegister
                0x000021c4        0xc .\CortexM0\ARM_GCC_493\Debug\Board1-RPi.a(Phase_Counter.o)
                0x000021c4                Phase_Counter_ReadStatusRegister
 .text.Phase_Counter_WriteCounter
                0x000021d0        0xc .\CortexM0\ARM_GCC_493\Debug\Board1-RPi.a(Phase_Counter.o)
                0x000021d0                Phase_Counter_WriteCounter
 .text.Phase_Counter_ReadCounter
                0x000021dc       0x14 .\CortexM0\ARM_GCC_493\Debug\Board1-RPi.a(Phase_Counter.o)
                0x000021dc                Phase_Counter_ReadCounter
 .text.PhaseCounter_Intr_SetVector
                0x000021f0        0xc .\CortexM0\ARM_GCC_493\Debug\Board1-RPi.a(PhaseCounter_Intr.o)
                0x000021f0                PhaseCounter_Intr_SetVector
 .text.PhaseCounter_Intr_SetPriority
                0x000021fc       0x20 .\CortexM0\ARM_GCC_493\Debug\Board1-RPi.a(PhaseCounter_Intr.o)
                0x000021fc                PhaseCounter_Intr_SetPriority
 .text.PhaseCounter_Intr_Enable
                0x0000221c        0xc .\CortexM0\ARM_GCC_493\Debug\Board1-RPi.a(PhaseCounter_Intr.o)
                0x0000221c                PhaseCounter_Intr_Enable
 .text.PhaseCounter_Intr_Disable
                0x00002228        0xc .\CortexM0\ARM_GCC_493\Debug\Board1-RPi.a(PhaseCounter_Intr.o)
                0x00002228                PhaseCounter_Intr_Disable
 .text.PhaseCounter_Intr_StartEx
                0x00002234       0x1c .\CortexM0\ARM_GCC_493\Debug\Board1-RPi.a(PhaseCounter_Intr.o)
                0x00002234                PhaseCounter_Intr_StartEx
 .text.MainLoop_Pin_Write
                0x00002250       0x18 .\CortexM0\ARM_GCC_493\Debug\Board1-RPi.a(MainLoop_Pin.o)
                0x00002250                MainLoop_Pin_Write
 .text.MainLoop_Pin_Read
                0x00002268       0x10 .\CortexM0\ARM_GCC_493\Debug\Board1-RPi.a(MainLoop_Pin.o)
                0x00002268                MainLoop_Pin_Read
 .text          0x00002278       0x20 .\CortexM0\ARM_GCC_493\Debug\Board1-RPi.a(CyBootAsmGnu.o)
                0x00002278                CyDelayCycles
                0x0000228a                CyEnterCriticalSection
                0x00002292                CyExitCriticalSection
 .text.CySysFlashSetWaitCycles
                0x00002298       0x54 .\CortexM0\ARM_GCC_493\Debug\Board1-RPi.a(CyFlash.o)
                0x00002298                CySysFlashSetWaitCycles
 .text.UARTCOMMS_SpiUartWriteTxData
                0x000022ec       0x70 .\CortexM0\ARM_GCC_493\Debug\Board1-RPi.a(UARTCOMMS_SPI_UART.o)
                0x000022ec                UARTCOMMS_SpiUartWriteTxData
 .text.UARTCOMMS_SPI_UART_ISR
                0x0000235c       0x80 .\CortexM0\ARM_GCC_493\Debug\Board1-RPi.a(UARTCOMMS_SPI_UART_INT.o)
                0x0000235c                UARTCOMMS_SPI_UART_ISR
 .text.I2C_Master_I2C_ISR
                0x000023dc      0x374 .\CortexM0\ARM_GCC_493\Debug\Board1-RPi.a(I2C_Master_I2C_INT.o)
                0x000023dc                I2C_Master_I2C_ISR
 .text.cos      0x00002750       0x9c c:/program files (x86)/cypress/psoc creator/3.3/psoc creator/import/gnu/arm/4.9.3/bin/../lib/gcc/arm-none-eabi/4.9.3/../../../../arm-none-eabi/lib/armv6-m\libm.a(lib_a-s_cos.o)
                0x00002750                cos
 .text.sin      0x000027ec       0xa0 c:/program files (x86)/cypress/psoc creator/3.3/psoc creator/import/gnu/arm/4.9.3/bin/../lib/gcc/arm-none-eabi/4.9.3/../../../../arm-none-eabi/lib/armv6-m\libm.a(lib_a-s_sin.o)
                0x000027ec                sin
 .text.pow      0x0000288c      0x35c c:/program files (x86)/cypress/psoc creator/3.3/psoc creator/import/gnu/arm/4.9.3/bin/../lib/gcc/arm-none-eabi/4.9.3/../../../../arm-none-eabi/lib/armv6-m\libm.a(lib_a-w_pow.o)
                0x0000288c                pow
 .text.__ieee754_pow
                0x00002be8      0xa8c c:/program files (x86)/cypress/psoc creator/3.3/psoc creator/import/gnu/arm/4.9.3/bin/../lib/gcc/arm-none-eabi/4.9.3/../../../../arm-none-eabi/lib/armv6-m\libm.a(lib_a-e_pow.o)
                0x00002be8                __ieee754_pow
 .text.__ieee754_rem_pio2
                0x00003674      0x430 c:/program files (x86)/cypress/psoc creator/3.3/psoc creator/import/gnu/arm/4.9.3/bin/../lib/gcc/arm-none-eabi/4.9.3/../../../../arm-none-eabi/lib/armv6-m\libm.a(lib_a-e_rem_pio2.o)
                0x00003674                __ieee754_rem_pio2
 .text.__ieee754_sqrt
                0x00003aa4      0x1ec c:/program files (x86)/cypress/psoc creator/3.3/psoc creator/import/gnu/arm/4.9.3/bin/../lib/gcc/arm-none-eabi/4.9.3/../../../../arm-none-eabi/lib/armv6-m\libm.a(lib_a-e_sqrt.o)
                0x00003aa4                __ieee754_sqrt
 .text.__kernel_cos
                0x00003c90      0x234 c:/program files (x86)/cypress/psoc creator/3.3/psoc creator/import/gnu/arm/4.9.3/bin/../lib/gcc/arm-none-eabi/4.9.3/../../../../arm-none-eabi/lib/armv6-m\libm.a(lib_a-k_cos.o)
                0x00003c90                __kernel_cos
 .text.__kernel_rem_pio2
                0x00003ec4      0x890 c:/program files (x86)/cypress/psoc creator/3.3/psoc creator/import/gnu/arm/4.9.3/bin/../lib/gcc/arm-none-eabi/4.9.3/../../../../arm-none-eabi/lib/armv6-m\libm.a(lib_a-k_rem_pio2.o)
                0x00003ec4                __kernel_rem_pio2
 .text.__kernel_sin
                0x00004754      0x160 c:/program files (x86)/cypress/psoc creator/3.3/psoc creator/import/gnu/arm/4.9.3/bin/../lib/gcc/arm-none-eabi/4.9.3/../../../../arm-none-eabi/lib/armv6-m\libm.a(lib_a-k_sin.o)
                0x00004754                __kernel_sin
 .text.fabs     0x000048b4        0x8 c:/program files (x86)/cypress/psoc creator/3.3/psoc creator/import/gnu/arm/4.9.3/bin/../lib/gcc/arm-none-eabi/4.9.3/../../../../arm-none-eabi/lib/armv6-m\libm.a(lib_a-s_fabs.o)
                0x000048b4                fabs
 .text.finite   0x000048bc       0x14 c:/program files (x86)/cypress/psoc creator/3.3/psoc creator/import/gnu/arm/4.9.3/bin/../lib/gcc/arm-none-eabi/4.9.3/../../../../arm-none-eabi/lib/armv6-m\libm.a(lib_a-s_finite.o)
                0x000048bc                finite
 .text.floor    0x000048d0      0x14c c:/program files (x86)/cypress/psoc creator/3.3/psoc creator/import/gnu/arm/4.9.3/bin/../lib/gcc/arm-none-eabi/4.9.3/../../../../arm-none-eabi/lib/armv6-m\libm.a(lib_a-s_floor.o)
                0x000048d0                floor
 .text.__fpclassifyd
                0x00004a1c       0x5c c:/program files (x86)/cypress/psoc creator/3.3/psoc creator/import/gnu/arm/4.9.3/bin/../lib/gcc/arm-none-eabi/4.9.3/../../../../arm-none-eabi/lib/armv6-m\libm.a(lib_a-s_fpclassify.o)
                0x00004a1c                __fpclassifyd
 .text.matherr  0x00004a78        0x4 c:/program files (x86)/cypress/psoc creator/3.3/psoc creator/import/gnu/arm/4.9.3/bin/../lib/gcc/arm-none-eabi/4.9.3/../../../../arm-none-eabi/lib/armv6-m\libm.a(lib_a-s_matherr.o)
                0x00004a78                matherr
 .text.nan      0x00004a7c        0xc c:/program files (x86)/cypress/psoc creator/3.3/psoc creator/import/gnu/arm/4.9.3/bin/../lib/gcc/arm-none-eabi/4.9.3/../../../../arm-none-eabi/lib/armv6-m\libm.a(lib_a-s_nan.o)
                0x00004a7c                nan
 .text.rint     0x00004a88      0x144 c:/program files (x86)/cypress/psoc creator/3.3/psoc creator/import/gnu/arm/4.9.3/bin/../lib/gcc/arm-none-eabi/4.9.3/../../../../arm-none-eabi/lib/armv6-m\libm.a(lib_a-s_rint.o)
                0x00004a88                rint
 .text.scalbn   0x00004bcc       0xf8 c:/program files (x86)/cypress/psoc creator/3.3/psoc creator/import/gnu/arm/4.9.3/bin/../lib/gcc/arm-none-eabi/4.9.3/../../../../arm-none-eabi/lib/armv6-m\libm.a(lib_a-s_scalbn.o)
                0x00004bcc                scalbn
 .text.copysign
                0x00004cc4       0x10 c:/program files (x86)/cypress/psoc creator/3.3/psoc creator/import/gnu/arm/4.9.3/bin/../lib/gcc/arm-none-eabi/4.9.3/../../../../arm-none-eabi/lib/armv6-m\libm.a(lib_a-s_copysign.o)
                0x00004cc4                copysign
 .text          0x00004cd4      0x120 c:/program files (x86)/cypress/psoc creator/3.3/psoc creator/import/gnu/arm/4.9.3/bin/../lib/gcc/arm-none-eabi/4.9.3/armv6-m\libgcc.a(_udivsi3.o)
                0x00004cd4                __aeabi_uidiv
                0x00004cd4                __udivsi3
                0x00004de0                __aeabi_uidivmod
 .text          0x00004df4      0x1e0 c:/program files (x86)/cypress/psoc creator/3.3/psoc creator/import/gnu/arm/4.9.3/bin/../lib/gcc/arm-none-eabi/4.9.3/armv6-m\libgcc.a(_divsi3.o)
                0x00004df4                __divsi3
                0x00004df4                __aeabi_idiv
                0x00004fc0                __aeabi_idivmod
 .text          0x00004fd4        0x4 c:/program files (x86)/cypress/psoc creator/3.3/psoc creator/import/gnu/arm/4.9.3/bin/../lib/gcc/arm-none-eabi/4.9.3/armv6-m\libgcc.a(_dvmd_tls.o)
                0x00004fd4                __aeabi_idiv0
                0x00004fd4                __aeabi_ldiv0
 .text          0x00004fd8       0x7c c:/program files (x86)/cypress/psoc creator/3.3/psoc creator/import/gnu/arm/4.9.3/bin/../lib/gcc/arm-none-eabi/4.9.3/armv6-m\libgcc.a(_arm_cmpdf2.o)
                0x00004fd8                __aeabi_cdrcmple
                0x00004fe8                __aeabi_cdcmple
                0x00004fe8                __aeabi_cdcmpeq
                0x00004ff8                __aeabi_dcmpeq
                0x00005004                __aeabi_dcmplt
                0x00005018                __aeabi_dcmple
                0x0000502c                __aeabi_dcmpgt
                0x00005040                __aeabi_dcmpge
 .text          0x00005054       0x54 c:/program files (x86)/cypress/psoc creator/3.3/psoc creator/import/gnu/arm/4.9.3/bin/../lib/gcc/arm-none-eabi/4.9.3/armv6-m\libgcc.a(_muldi3.o)
                0x00005054                __muldi3
                0x00005054                __aeabi_lmul
 .text          0x000050a8       0x30 c:/program files (x86)/cypress/psoc creator/3.3/psoc creator/import/gnu/arm/4.9.3/bin/../lib/gcc/arm-none-eabi/4.9.3/armv6-m\libgcc.a(_fixunssfsi.o)
                0x000050a8                __fixunssfsi
                0x000050a8                __aeabi_f2uiz
 .text          0x000050d8       0x3c c:/program files (x86)/cypress/psoc creator/3.3/psoc creator/import/gnu/arm/4.9.3/bin/../lib/gcc/arm-none-eabi/4.9.3/armv6-m\libgcc.a(_fixunsdfsi.o)
                0x000050d8                __aeabi_d2uiz
                0x000050d8                __fixunsdfsi
 .text          0x00005114       0x6c c:/program files (x86)/cypress/psoc creator/3.3/psoc creator/import/gnu/arm/4.9.3/bin/../lib/gcc/arm-none-eabi/4.9.3/armv6-m\libgcc.a(bpabi.o)
                0x00005114                __gnu_ldivmod_helper
                0x0000514c                __gnu_uldivmod_helper
 .text          0x00005180      0x2f8 c:/program files (x86)/cypress/psoc creator/3.3/psoc creator/import/gnu/arm/4.9.3/bin/../lib/gcc/arm-none-eabi/4.9.3/armv6-m\libgcc.a(addsf3.o)
                0x00005180                __aeabi_fadd
 .text          0x00005478      0x270 c:/program files (x86)/cypress/psoc creator/3.3/psoc creator/import/gnu/arm/4.9.3/bin/../lib/gcc/arm-none-eabi/4.9.3/armv6-m\libgcc.a(divsf3.o)
                0x00005478                __aeabi_fdiv
 .text          0x000056e8      0x264 c:/program files (x86)/cypress/psoc creator/3.3/psoc creator/import/gnu/arm/4.9.3/bin/../lib/gcc/arm-none-eabi/4.9.3/armv6-m\libgcc.a(mulsf3.o)
                0x000056e8                __aeabi_fmul
 .text          0x0000594c      0x2fc c:/program files (x86)/cypress/psoc creator/3.3/psoc creator/import/gnu/arm/4.9.3/bin/../lib/gcc/arm-none-eabi/4.9.3/armv6-m\libgcc.a(subsf3.o)
                0x0000594c                __aeabi_fsub
 .text          0x00005c48       0x40 c:/program files (x86)/cypress/psoc creator/3.3/psoc creator/import/gnu/arm/4.9.3/bin/../lib/gcc/arm-none-eabi/4.9.3/armv6-m\libgcc.a(fixsfsi.o)
                0x00005c48                __aeabi_f2iz
 .text          0x00005c88       0x90 c:/program files (x86)/cypress/psoc creator/3.3/psoc creator/import/gnu/arm/4.9.3/bin/../lib/gcc/arm-none-eabi/4.9.3/armv6-m\libgcc.a(floatsisf.o)
                0x00005c88                __aeabi_i2f
 .text          0x00005d18       0x90 c:/program files (x86)/cypress/psoc creator/3.3/psoc creator/import/gnu/arm/4.9.3/bin/../lib/gcc/arm-none-eabi/4.9.3/armv6-m\libgcc.a(floatunsisf.o)
                0x00005d18                __aeabi_ui2f
 .text          0x00005da8      0x650 c:/program files (x86)/cypress/psoc creator/3.3/psoc creator/import/gnu/arm/4.9.3/bin/../lib/gcc/arm-none-eabi/4.9.3/armv6-m\libgcc.a(adddf3.o)
                0x00005da8                __aeabi_dadd
 .text          0x000063f8      0x648 c:/program files (x86)/cypress/psoc creator/3.3/psoc creator/import/gnu/arm/4.9.3/bin/../lib/gcc/arm-none-eabi/4.9.3/armv6-m\libgcc.a(divdf3.o)
                0x000063f8                __aeabi_ddiv
 .text          0x00006a40       0x88 c:/program files (x86)/cypress/psoc creator/3.3/psoc creator/import/gnu/arm/4.9.3/bin/../lib/gcc/arm-none-eabi/4.9.3/armv6-m\libgcc.a(eqdf2.o)
                0x00006a40                __nedf2
                0x00006a40                __eqdf2
 .text          0x00006ac8       0xe0 c:/program files (x86)/cypress/psoc creator/3.3/psoc creator/import/gnu/arm/4.9.3/bin/../lib/gcc/arm-none-eabi/4.9.3/armv6-m\libgcc.a(gedf2.o)
                0x00006ac8                __gedf2
                0x00006ac8                __gtdf2
 .text          0x00006ba8       0xcc c:/program files (x86)/cypress/psoc creator/3.3/psoc creator/import/gnu/arm/4.9.3/bin/../lib/gcc/arm-none-eabi/4.9.3/armv6-m\libgcc.a(ledf2.o)
                0x00006ba8                __ledf2
                0x00006ba8                __ltdf2
 .text          0x00006c74      0x534 c:/program files (x86)/cypress/psoc creator/3.3/psoc creator/import/gnu/arm/4.9.3/bin/../lib/gcc/arm-none-eabi/4.9.3/armv6-m\libgcc.a(muldf3.o)
                0x00006c74                __aeabi_dmul
 .text          0x000071a8      0x6f4 c:/program files (x86)/cypress/psoc creator/3.3/psoc creator/import/gnu/arm/4.9.3/bin/../lib/gcc/arm-none-eabi/4.9.3/armv6-m\libgcc.a(subdf3.o)
                0x000071a8                __aeabi_dsub
 .text          0x0000789c       0x6c c:/program files (x86)/cypress/psoc creator/3.3/psoc creator/import/gnu/arm/4.9.3/bin/../lib/gcc/arm-none-eabi/4.9.3/armv6-m\libgcc.a(fixdfsi.o)
                0x0000789c                __aeabi_d2iz
 .text          0x00007908       0x78 c:/program files (x86)/cypress/psoc creator/3.3/psoc creator/import/gnu/arm/4.9.3/bin/../lib/gcc/arm-none-eabi/4.9.3/armv6-m\libgcc.a(floatsidf.o)
                0x00007908                __aeabi_i2d
 .text          0x00007980       0xa8 c:/program files (x86)/cypress/psoc creator/3.3/psoc creator/import/gnu/arm/4.9.3/bin/../lib/gcc/arm-none-eabi/4.9.3/armv6-m\libgcc.a(extendsfdf2.o)
                0x00007980                __aeabi_f2d
 .text          0x00007a28      0x120 c:/program files (x86)/cypress/psoc creator/3.3/psoc creator/import/gnu/arm/4.9.3/bin/../lib/gcc/arm-none-eabi/4.9.3/armv6-m\libgcc.a(truncdfsf2.o)
                0x00007a28                __aeabi_d2f
 .text          0x00007b48       0x74 c:/program files (x86)/cypress/psoc creator/3.3/psoc creator/import/gnu/arm/4.9.3/bin/../lib/gcc/arm-none-eabi/4.9.3/armv6-m\libgcc.a(_arm_cmpsf2.o)
                0x00007b48                __aeabi_cfrcmple
                0x00007b50                __aeabi_cfcmpeq
                0x00007b50                __aeabi_cfcmple
                0x00007b60                __aeabi_fcmpeq
                0x00007b6c                __aeabi_fcmplt
                0x00007b80                __aeabi_fcmple
                0x00007b94                __aeabi_fcmpgt
                0x00007ba8                __aeabi_fcmpge
 .text          0x00007bbc       0x3c c:/program files (x86)/cypress/psoc creator/3.3/psoc creator/import/gnu/arm/4.9.3/bin/../lib/gcc/arm-none-eabi/4.9.3/armv6-m\libgcc.a(_clzsi2.o)
                0x00007bbc                __clzsi2
 .text          0x00007bf8      0x1f0 c:/program files (x86)/cypress/psoc creator/3.3/psoc creator/import/gnu/arm/4.9.3/bin/../lib/gcc/arm-none-eabi/4.9.3/armv6-m\libgcc.a(_divdi3.o)
                0x00007bf8                __divdi3
 .text          0x00007de8      0x158 c:/program files (x86)/cypress/psoc creator/3.3/psoc creator/import/gnu/arm/4.9.3/bin/../lib/gcc/arm-none-eabi/4.9.3/armv6-m\libgcc.a(_udivdi3.o)
                0x00007de8                __udivdi3
 .text          0x00007f40       0x54 c:/program files (x86)/cypress/psoc creator/3.3/psoc creator/import/gnu/arm/4.9.3/bin/../lib/gcc/arm-none-eabi/4.9.3/armv6-m\libgcc.a(eqsf2.o)
                0x00007f40                __eqsf2
                0x00007f40                __nesf2
 .text          0x00007f94       0x94 c:/program files (x86)/cypress/psoc creator/3.3/psoc creator/import/gnu/arm/4.9.3/bin/../lib/gcc/arm-none-eabi/4.9.3/armv6-m\libgcc.a(gesf2.o)
                0x00007f94                __gesf2
                0x00007f94                __gtsf2
 .text          0x00008028       0x8c c:/program files (x86)/cypress/psoc creator/3.3/psoc creator/import/gnu/arm/4.9.3/bin/../lib/gcc/arm-none-eabi/4.9.3/armv6-m\libgcc.a(lesf2.o)
                0x00008028                __ltsf2
                0x00008028                __lesf2
 .text          0x000080b4       0x18 c:/program files (x86)/cypress/psoc creator/3.3/psoc creator/import/gnu/arm/4.9.3/bin/../lib/gcc/arm-none-eabi/4.9.3/armv6-m\libgcc.a(_clzdi2.o)
                0x000080b4                __clzdi2
 .text.__errno  0x000080cc        0xc c:/program files (x86)/cypress/psoc creator/3.3/psoc creator/import/gnu/arm/4.9.3/bin/../lib/gcc/arm-none-eabi/4.9.3/../../../../arm-none-eabi/lib/armv6-m\libg.a(lib_a-errno.o)
                0x000080cc                __errno
 .text.__libc_init_array
                0x000080d8       0x48 c:/program files (x86)/cypress/psoc creator/3.3/psoc creator/import/gnu/arm/4.9.3/bin/../lib/gcc/arm-none-eabi/4.9.3/../../../../arm-none-eabi/lib/armv6-m\libg.a(lib_a-init.o)
                0x000080d8                __libc_init_array
 .text.memcpy   0x00008120       0x7c c:/program files (x86)/cypress/psoc creator/3.3/psoc creator/import/gnu/arm/4.9.3/bin/../lib/gcc/arm-none-eabi/4.9.3/../../../../arm-none-eabi/lib/armv6-m\libg.a(lib_a-memcpy.o)
                0x00008120                memcpy
 .text.memset   0x0000819c       0x8c c:/program files (x86)/cypress/psoc creator/3.3/psoc creator/import/gnu/arm/4.9.3/bin/../lib/gcc/arm-none-eabi/4.9.3/../../../../arm-none-eabi/lib/armv6-m\libg.a(lib_a-memset.o)
                0x0000819c                memset
 .text.snprintf
                0x00008228       0x84 c:/program files (x86)/cypress/psoc creator/3.3/psoc creator/import/gnu/arm/4.9.3/bin/../lib/gcc/arm-none-eabi/4.9.3/../../../../arm-none-eabi/lib/armv6-m\libg.a(lib_a-snprintf.o)
                0x00008228                snprintf
 .text._svfprintf_r
                0x000082ac     0x14e4 c:/program files (x86)/cypress/psoc creator/3.3/psoc creator/import/gnu/arm/4.9.3/bin/../lib/gcc/arm-none-eabi/4.9.3/../../../../arm-none-eabi/lib/armv6-m\libg.a(lib_a-svfprintf.o)
                0x000082ac                _svfprintf_r
 .text.startup.register_fini
                0x00009790       0x18 c:/program files (x86)/cypress/psoc creator/3.3/psoc creator/import/gnu/arm/4.9.3/bin/../lib/gcc/arm-none-eabi/4.9.3/../../../../arm-none-eabi/lib/armv6-m\libg.a(lib_a-__call_atexit.o)
 .text.atexit   0x000097a8       0x10 c:/program files (x86)/cypress/psoc creator/3.3/psoc creator/import/gnu/arm/4.9.3/bin/../lib/gcc/arm-none-eabi/4.9.3/../../../../arm-none-eabi/lib/armv6-m\libg.a(lib_a-atexit.o)
                0x000097a8                atexit
 .text.quorem   0x000097b8      0x158 c:/program files (x86)/cypress/psoc creator/3.3/psoc creator/import/gnu/arm/4.9.3/bin/../lib/gcc/arm-none-eabi/4.9.3/../../../../arm-none-eabi/lib/armv6-m\libg.a(lib_a-dtoa.o)
 .text._dtoa_r  0x00009910      0xfb4 c:/program files (x86)/cypress/psoc creator/3.3/psoc creator/import/gnu/arm/4.9.3/bin/../lib/gcc/arm-none-eabi/4.9.3/../../../../arm-none-eabi/lib/armv6-m\libg.a(lib_a-dtoa.o)
                0x00009910                _dtoa_r
 .text.__libc_fini_array
                0x0000a8c4       0x34 c:/program files (x86)/cypress/psoc creator/3.3/psoc creator/import/gnu/arm/4.9.3/bin/../lib/gcc/arm-none-eabi/4.9.3/../../../../arm-none-eabi/lib/armv6-m\libg.a(lib_a-fini.o)
                0x0000a8c4                __libc_fini_array
 .text._localeconv_r
                0x0000a8f8        0x8 c:/program files (x86)/cypress/psoc creator/3.3/psoc creator/import/gnu/arm/4.9.3/bin/../lib/gcc/arm-none-eabi/4.9.3/../../../../arm-none-eabi/lib/armv6-m\libg.a(lib_a-locale.o)
                0x0000a8f8                _localeconv_r
 .text._malloc_r
                0x0000a900      0x53c c:/program files (x86)/cypress/psoc creator/3.3/psoc creator/import/gnu/arm/4.9.3/bin/../lib/gcc/arm-none-eabi/4.9.3/../../../../arm-none-eabi/lib/armv6-m\libg.a(lib_a-mallocr.o)
                0x0000a900                _malloc_r
 .text.memchr   0x0000ae3c       0x84 c:/program files (x86)/cypress/psoc creator/3.3/psoc creator/import/gnu/arm/4.9.3/bin/../lib/gcc/arm-none-eabi/4.9.3/../../../../arm-none-eabi/lib/armv6-m\libg.a(lib_a-memchr.o)
                0x0000ae3c                memchr
 .text.__malloc_lock
                0x0000aec0        0x4 c:/program files (x86)/cypress/psoc creator/3.3/psoc creator/import/gnu/arm/4.9.3/bin/../lib/gcc/arm-none-eabi/4.9.3/../../../../arm-none-eabi/lib/armv6-m\libg.a(lib_a-mlock.o)
                0x0000aec0                __malloc_lock
 .text.__malloc_unlock
                0x0000aec4        0x4 c:/program files (x86)/cypress/psoc creator/3.3/psoc creator/import/gnu/arm/4.9.3/bin/../lib/gcc/arm-none-eabi/4.9.3/../../../../arm-none-eabi/lib/armv6-m\libg.a(lib_a-mlock.o)
                0x0000aec4                __malloc_unlock
 .text._Balloc  0x0000aec8       0x50 c:/program files (x86)/cypress/psoc creator/3.3/psoc creator/import/gnu/arm/4.9.3/bin/../lib/gcc/arm-none-eabi/4.9.3/../../../../arm-none-eabi/lib/armv6-m\libg.a(lib_a-mprec.o)
                0x0000aec8                _Balloc
 .text._Bfree   0x0000af18       0x14 c:/program files (x86)/cypress/psoc creator/3.3/psoc creator/import/gnu/arm/4.9.3/bin/../lib/gcc/arm-none-eabi/4.9.3/../../../../arm-none-eabi/lib/armv6-m\libg.a(lib_a-mprec.o)
                0x0000af18                _Bfree
 .text.__multadd
                0x0000af2c       0x8c c:/program files (x86)/cypress/psoc creator/3.3/psoc creator/import/gnu/arm/4.9.3/bin/../lib/gcc/arm-none-eabi/4.9.3/../../../../arm-none-eabi/lib/armv6-m\libg.a(lib_a-mprec.o)
                0x0000af2c                __multadd
 .text.__hi0bits
                0x0000afb8       0x3c c:/program files (x86)/cypress/psoc creator/3.3/psoc creator/import/gnu/arm/4.9.3/bin/../lib/gcc/arm-none-eabi/4.9.3/../../../../arm-none-eabi/lib/armv6-m\libg.a(lib_a-mprec.o)
                0x0000afb8                __hi0bits
 .text.__lo0bits
                0x0000aff4       0x5c c:/program files (x86)/cypress/psoc creator/3.3/psoc creator/import/gnu/arm/4.9.3/bin/../lib/gcc/arm-none-eabi/4.9.3/../../../../arm-none-eabi/lib/armv6-m\libg.a(lib_a-mprec.o)
                0x0000aff4                __lo0bits
 .text.__i2b    0x0000b050       0x14 c:/program files (x86)/cypress/psoc creator/3.3/psoc creator/import/gnu/arm/4.9.3/bin/../lib/gcc/arm-none-eabi/4.9.3/../../../../arm-none-eabi/lib/armv6-m\libg.a(lib_a-mprec.o)
                0x0000b050                __i2b
 .text.__multiply
                0x0000b064      0x15c c:/program files (x86)/cypress/psoc creator/3.3/psoc creator/import/gnu/arm/4.9.3/bin/../lib/gcc/arm-none-eabi/4.9.3/../../../../arm-none-eabi/lib/armv6-m\libg.a(lib_a-mprec.o)
                0x0000b064                __multiply
 .text.__pow5mult
                0x0000b1c0       0xbc c:/program files (x86)/cypress/psoc creator/3.3/psoc creator/import/gnu/arm/4.9.3/bin/../lib/gcc/arm-none-eabi/4.9.3/../../../../arm-none-eabi/lib/armv6-m\libg.a(lib_a-mprec.o)
                0x0000b1c0                __pow5mult
 .text.__lshift
                0x0000b27c       0xcc c:/program files (x86)/cypress/psoc creator/3.3/psoc creator/import/gnu/arm/4.9.3/bin/../lib/gcc/arm-none-eabi/4.9.3/../../../../arm-none-eabi/lib/armv6-m\libg.a(lib_a-mprec.o)
                0x0000b27c                __lshift
 .text.__mcmp   0x0000b348       0x38 c:/program files (x86)/cypress/psoc creator/3.3/psoc creator/import/gnu/arm/4.9.3/bin/../lib/gcc/arm-none-eabi/4.9.3/../../../../arm-none-eabi/lib/armv6-m\libg.a(lib_a-mprec.o)
                0x0000b348                __mcmp
 .text.__mdiff  0x0000b380       0xec c:/program files (x86)/cypress/psoc creator/3.3/psoc creator/import/gnu/arm/4.9.3/bin/../lib/gcc/arm-none-eabi/4.9.3/../../../../arm-none-eabi/lib/armv6-m\libg.a(lib_a-mprec.o)
                0x0000b380                __mdiff
 .text.__d2b    0x0000b46c       0xbc c:/program files (x86)/cypress/psoc creator/3.3/psoc creator/import/gnu/arm/4.9.3/bin/../lib/gcc/arm-none-eabi/4.9.3/../../../../arm-none-eabi/lib/armv6-m\libg.a(lib_a-mprec.o)
                0x0000b46c                __d2b
 .text._sbrk_r  0x0000b528       0x24 c:/program files (x86)/cypress/psoc creator/3.3/psoc creator/import/gnu/arm/4.9.3/bin/../lib/gcc/arm-none-eabi/4.9.3/../../../../arm-none-eabi/lib/armv6-m\libg.a(lib_a-sbrkr.o)
                0x0000b528                _sbrk_r
 .text.strlen   0x0000b54c       0x68 c:/program files (x86)/cypress/psoc creator/3.3/psoc creator/import/gnu/arm/4.9.3/bin/../lib/gcc/arm-none-eabi/4.9.3/../../../../arm-none-eabi/lib/armv6-m\libg.a(lib_a-strlen.o)
                0x0000b54c                strlen
 .text.__ssprint_r
                0x0000b5b4      0x12c c:/program files (x86)/cypress/psoc creator/3.3/psoc creator/import/gnu/arm/4.9.3/bin/../lib/gcc/arm-none-eabi/4.9.3/../../../../arm-none-eabi/lib/armv6-m\libg.a(lib_a-svfiprintf.o)
                0x0000b5b4                __ssprint_r
 .text.__register_exitproc
                0x0000b6e0       0xd4 c:/program files (x86)/cypress/psoc creator/3.3/psoc creator/import/gnu/arm/4.9.3/bin/../lib/gcc/arm-none-eabi/4.9.3/../../../../arm-none-eabi/lib/armv6-m\libg.a(lib_a-__atexit.o)
                0x0000b6e0                __register_exitproc
 .text._calloc_r
                0x0000b7b4       0x60 c:/program files (x86)/cypress/psoc creator/3.3/psoc creator/import/gnu/arm/4.9.3/bin/../lib/gcc/arm-none-eabi/4.9.3/../../../../arm-none-eabi/lib/armv6-m\libg.a(lib_a-callocr.o)
                0x0000b7b4                _calloc_r
 .text._malloc_trim_r
                0x0000b814       0xa0 c:/program files (x86)/cypress/psoc creator/3.3/psoc creator/import/gnu/arm/4.9.3/bin/../lib/gcc/arm-none-eabi/4.9.3/../../../../arm-none-eabi/lib/armv6-m\libg.a(lib_a-freer.o)
                0x0000b814                _malloc_trim_r
 .text._free_r  0x0000b8b4      0x1b0 c:/program files (x86)/cypress/psoc creator/3.3/psoc creator/import/gnu/arm/4.9.3/bin/../lib/gcc/arm-none-eabi/4.9.3/../../../../arm-none-eabi/lib/armv6-m\libg.a(lib_a-freer.o)
                0x0000b8b4                _free_r
 .text.memmove  0x0000ba64       0x98 c:/program files (x86)/cypress/psoc creator/3.3/psoc creator/import/gnu/arm/4.9.3/bin/../lib/gcc/arm-none-eabi/4.9.3/../../../../arm-none-eabi/lib/armv6-m\libg.a(lib_a-memmove.o)
                0x0000ba64                memmove
 .text._realloc_r
                0x0000bafc      0x3d0 c:/program files (x86)/cypress/psoc creator/3.3/psoc creator/import/gnu/arm/4.9.3/bin/../lib/gcc/arm-none-eabi/4.9.3/../../../../arm-none-eabi/lib/armv6-m\libg.a(lib_a-reallocr.o)
                0x0000bafc                _realloc_r
 .text          0x0000becc       0x40 c:/program files (x86)/cypress/psoc creator/3.3/psoc creator/import/gnu/arm/4.9.3/bin/../lib/gcc/arm-none-eabi/4.9.3/armv6-m\libgcc.a(_aeabi_uldivmod.o)
                0x0000becc                __aeabi_uldivmod
 .text          0x0000bf0c       0x64 c:/program files (x86)/cypress/psoc creator/3.3/psoc creator/import/gnu/arm/4.9.3/bin/../lib/gcc/arm-none-eabi/4.9.3/armv6-m\libgcc.a(floatunsidf.o)
                0x0000bf0c                __aeabi_ui2d
 *(.plt)
 *(.gnu.warning)
 *(.glue_7t)
 .glue_7t       0x00000000        0x0 linker stubs
 *(.glue_7)
 .glue_7        0x00000000        0x0 linker stubs
 *(.vfp11_veneer)
 .vfp11_veneer  0x00000000        0x0 linker stubs
 *(.bootloader)
 *(.ARM.extab* .gnu.linkonce.armextab.*)
 *(.gcc_except_table)

.v4_bx          0x0000bf70        0x0
 .v4_bx         0x00000000        0x0 linker stubs

.iplt           0x0000bf70        0x0
 .iplt          0x00000000        0x0 c:/program files (x86)/cypress/psoc creator/3.3/psoc creator/import/gnu/arm/4.9.3/bin/../lib/gcc/arm-none-eabi/4.9.3/armv6-m/crtbegin.o

.eh_frame_hdr
 *(.eh_frame_hdr)

.eh_frame       0x0000bf70        0x4
 *(.eh_frame)
 .eh_frame      0x0000bf70        0x0 c:/program files (x86)/cypress/psoc creator/3.3/psoc creator/import/gnu/arm/4.9.3/bin/../lib/gcc/arm-none-eabi/4.9.3/armv6-m/crtbegin.o
 .eh_frame      0x0000bf70        0x0 c:/program files (x86)/cypress/psoc creator/3.3/psoc creator/import/gnu/arm/4.9.3/bin/../lib/gcc/arm-none-eabi/4.9.3/../../../../arm-none-eabi/lib/armv6-m\libg.a(lib_a-strcmp.o)
                                 0x28 (size before relaxing)
 .eh_frame      0x0000bf70        0x4 c:/program files (x86)/cypress/psoc creator/3.3/psoc creator/import/gnu/arm/4.9.3/bin/../lib/gcc/arm-none-eabi/4.9.3/armv6-m/crtend.o
                0x0000bf74                PROVIDE (__exidx_start, .)

.ARM.exidx      0x0000bf74        0x8
 *(.ARM.exidx* .gnu.linkonce.armexidx.*)
 .ARM.exidx     0x0000bf74        0x8 c:/program files (x86)/cypress/psoc creator/3.3/psoc creator/import/gnu/arm/4.9.3/bin/../lib/gcc/arm-none-eabi/4.9.3/armv6-m\libgcc.a(_divdi3.o)
 .ARM.exidx     0x0000bf7c        0x0 c:/program files (x86)/cypress/psoc creator/3.3/psoc creator/import/gnu/arm/4.9.3/bin/../lib/gcc/arm-none-eabi/4.9.3/armv6-m\libgcc.a(_udivdi3.o)
                                  0x8 (size before relaxing)
                0x0000bf7c                __exidx_end = .

.rodata         0x0000bf80      0x950
 *(.rodata .rodata.* .gnu.linkonce.r.*)
 .rodata        0x0000bf80       0x10 .\CortexM0\ARM_GCC_493\Debug\ultrasonic.o
 .rodata.str1.4
                0x0000bf90        0xb .\CortexM0\ARM_GCC_493\Debug\pid.o
                                  0xc (size before relaxing)
 *fill*         0x0000bf9b        0x1 
 .rodata.cst2   0x0000bf9c        0x2 .\CortexM0\ARM_GCC_493\Debug\infrared.o
                                  0x4 (size before relaxing)
 *fill*         0x0000bf9e        0x2 
 .rodata        0x0000bfa0      0x268 .\CortexM0\ARM_GCC_493\Debug\Board1-RPi.a(cyfitter_cfg.o)
 .rodata        0x0000c208       0x48 .\CortexM0\ARM_GCC_493\Debug\Board1-RPi.a(CyLib.o)
                0x0000c208                cyImoFreqMhz2Reg
                0x0000c238                cyImoFreqMhz2DpllOffset
 .rodata.str1.4
                0x0000c250        0x4 c:/program files (x86)/cypress/psoc creator/3.3/psoc creator/import/gnu/arm/4.9.3/bin/../lib/gcc/arm-none-eabi/4.9.3/../../../../arm-none-eabi/lib/armv6-m\libm.a(lib_a-w_pow.o)
 *fill*         0x0000c254        0x4 
 .rodata.dp_h   0x0000c258       0x10 c:/program files (x86)/cypress/psoc creator/3.3/psoc creator/import/gnu/arm/4.9.3/bin/../lib/gcc/arm-none-eabi/4.9.3/../../../../arm-none-eabi/lib/armv6-m\libm.a(lib_a-e_pow.o)
 .rodata.dp_l   0x0000c268       0x10 c:/program files (x86)/cypress/psoc creator/3.3/psoc creator/import/gnu/arm/4.9.3/bin/../lib/gcc/arm-none-eabi/4.9.3/../../../../arm-none-eabi/lib/armv6-m\libm.a(lib_a-e_pow.o)
 .rodata.bp     0x0000c278       0x10 c:/program files (x86)/cypress/psoc creator/3.3/psoc creator/import/gnu/arm/4.9.3/bin/../lib/gcc/arm-none-eabi/4.9.3/../../../../arm-none-eabi/lib/armv6-m\libm.a(lib_a-e_pow.o)
 .rodata.str1.4
                0x00000000        0x4 c:/program files (x86)/cypress/psoc creator/3.3/psoc creator/import/gnu/arm/4.9.3/bin/../lib/gcc/arm-none-eabi/4.9.3/../../../../arm-none-eabi/lib/armv6-m\libm.a(lib_a-e_pow.o)
 .rodata.npio2_hw
                0x0000c288       0x80 c:/program files (x86)/cypress/psoc creator/3.3/psoc creator/import/gnu/arm/4.9.3/bin/../lib/gcc/arm-none-eabi/4.9.3/../../../../arm-none-eabi/lib/armv6-m\libm.a(lib_a-e_rem_pio2.o)
 .rodata.two_over_pi
                0x0000c308      0x108 c:/program files (x86)/cypress/psoc creator/3.3/psoc creator/import/gnu/arm/4.9.3/bin/../lib/gcc/arm-none-eabi/4.9.3/../../../../arm-none-eabi/lib/armv6-m\libm.a(lib_a-e_rem_pio2.o)
 .rodata.init_jk
                0x0000c410       0x10 c:/program files (x86)/cypress/psoc creator/3.3/psoc creator/import/gnu/arm/4.9.3/bin/../lib/gcc/arm-none-eabi/4.9.3/../../../../arm-none-eabi/lib/armv6-m\libm.a(lib_a-k_rem_pio2.o)
 .rodata.PIo2   0x0000c420       0x40 c:/program files (x86)/cypress/psoc creator/3.3/psoc creator/import/gnu/arm/4.9.3/bin/../lib/gcc/arm-none-eabi/4.9.3/../../../../arm-none-eabi/lib/armv6-m\libm.a(lib_a-k_rem_pio2.o)
 .rodata.TWO52  0x0000c460       0x10 c:/program files (x86)/cypress/psoc creator/3.3/psoc creator/import/gnu/arm/4.9.3/bin/../lib/gcc/arm-none-eabi/4.9.3/../../../../arm-none-eabi/lib/armv6-m\libm.a(lib_a-s_rint.o)
 .rodata        0x0000c470       0x80 c:/program files (x86)/cypress/psoc creator/3.3/psoc creator/import/gnu/arm/4.9.3/bin/../lib/gcc/arm-none-eabi/4.9.3/armv6-m\libgcc.a(divsf3.o)
 .rodata        0x0000c4f0       0x40 c:/program files (x86)/cypress/psoc creator/3.3/psoc creator/import/gnu/arm/4.9.3/bin/../lib/gcc/arm-none-eabi/4.9.3/armv6-m\libgcc.a(mulsf3.o)
 .rodata        0x0000c530       0x40 c:/program files (x86)/cypress/psoc creator/3.3/psoc creator/import/gnu/arm/4.9.3/bin/../lib/gcc/arm-none-eabi/4.9.3/armv6-m\libgcc.a(divdf3.o)
 .rodata        0x0000c570       0x40 c:/program files (x86)/cypress/psoc creator/3.3/psoc creator/import/gnu/arm/4.9.3/bin/../lib/gcc/arm-none-eabi/4.9.3/armv6-m\libgcc.a(muldf3.o)
 .rodata.str1.4
                0x0000c5b0        0x2 c:/program files (x86)/cypress/psoc creator/3.3/psoc creator/import/gnu/arm/4.9.3/bin/../lib/gcc/arm-none-eabi/4.9.3/../../../../arm-none-eabi/lib/armv6-m\libg.a(lib_a-impure.o)
                                  0x4 (size before relaxing)
 *fill*         0x0000c5b2        0x2 
 .rodata._global_impure_ptr
                0x0000c5b4        0x4 c:/program files (x86)/cypress/psoc creator/3.3/psoc creator/import/gnu/arm/4.9.3/bin/../lib/gcc/arm-none-eabi/4.9.3/../../../../arm-none-eabi/lib/armv6-m\libg.a(lib_a-impure.o)
                0x0000c5b4                _global_impure_ptr
 .rodata._svfprintf_r
                0x0000c5b8      0x164 c:/program files (x86)/cypress/psoc creator/3.3/psoc creator/import/gnu/arm/4.9.3/bin/../lib/gcc/arm-none-eabi/4.9.3/../../../../arm-none-eabi/lib/armv6-m\libg.a(lib_a-svfprintf.o)
 .rodata.zeroes.6916
                0x0000c71c       0x10 c:/program files (x86)/cypress/psoc creator/3.3/psoc creator/import/gnu/arm/4.9.3/bin/../lib/gcc/arm-none-eabi/4.9.3/../../../../arm-none-eabi/lib/armv6-m\libg.a(lib_a-svfprintf.o)
 .rodata.str1.4
                0x0000c72c       0x42 c:/program files (x86)/cypress/psoc creator/3.3/psoc creator/import/gnu/arm/4.9.3/bin/../lib/gcc/arm-none-eabi/4.9.3/../../../../arm-none-eabi/lib/armv6-m\libg.a(lib_a-svfprintf.o)
                                 0x44 (size before relaxing)
 *fill*         0x0000c76e        0x2 
 .rodata.blanks.6915
                0x0000c770       0x10 c:/program files (x86)/cypress/psoc creator/3.3/psoc creator/import/gnu/arm/4.9.3/bin/../lib/gcc/arm-none-eabi/4.9.3/../../../../arm-none-eabi/lib/armv6-m\libg.a(lib_a-svfprintf.o)
 .rodata.str1.4
                0x0000c780       0x10 c:/program files (x86)/cypress/psoc creator/3.3/psoc creator/import/gnu/arm/4.9.3/bin/../lib/gcc/arm-none-eabi/4.9.3/../../../../arm-none-eabi/lib/armv6-m\libg.a(lib_a-dtoa.o)
                                 0x14 (size before relaxing)
 .rodata.str1.4
                0x0000c790        0xc c:/program files (x86)/cypress/psoc creator/3.3/psoc creator/import/gnu/arm/4.9.3/bin/../lib/gcc/arm-none-eabi/4.9.3/../../../../arm-none-eabi/lib/armv6-m\libg.a(lib_a-locale.o)
                                 0x14 (size before relaxing)
 .rodata.p05.5296
                0x0000c79c        0xc c:/program files (x86)/cypress/psoc creator/3.3/psoc creator/import/gnu/arm/4.9.3/bin/../lib/gcc/arm-none-eabi/4.9.3/../../../../arm-none-eabi/lib/armv6-m\libg.a(lib_a-mprec.o)
 .rodata.__mprec_tens
                0x0000c7a8       0xc8 c:/program files (x86)/cypress/psoc creator/3.3/psoc creator/import/gnu/arm/4.9.3/bin/../lib/gcc/arm-none-eabi/4.9.3/../../../../arm-none-eabi/lib/armv6-m\libg.a(lib_a-mprec.o)
                0x0000c7a8                __mprec_tens
 .rodata.__mprec_bigtens
                0x0000c870       0x28 c:/program files (x86)/cypress/psoc creator/3.3/psoc creator/import/gnu/arm/4.9.3/bin/../lib/gcc/arm-none-eabi/4.9.3/../../../../arm-none-eabi/lib/armv6-m\libg.a(lib_a-mprec.o)
                0x0000c870                __mprec_bigtens
                0x0000c898                . = ALIGN (0x4)
 *(.init)
 .init          0x0000c898        0x4 c:/program files (x86)/cypress/psoc creator/3.3/psoc creator/import/gnu/arm/4.9.3/bin/../lib/gcc/arm-none-eabi/4.9.3/armv6-m/crti.o
                0x0000c898                _init
 .init          0x0000c89c        0x8 c:/program files (x86)/cypress/psoc creator/3.3/psoc creator/import/gnu/arm/4.9.3/bin/../lib/gcc/arm-none-eabi/4.9.3/armv6-m/crtn.o
                0x0000c8a4                . = ALIGN (0x4)
                0x0000c8a4                __preinit_array_start = .
 *(.preinit_array)
                0x0000c8a4                __preinit_array_end = .
                0x0000c8a4                . = ALIGN (0x4)
                0x0000c8a4                __init_array_start = .
 *(SORT(.init_array.*))
 .init_array.00000
                0x0000c8a4        0x4 c:/program files (x86)/cypress/psoc creator/3.3/psoc creator/import/gnu/arm/4.9.3/bin/../lib/gcc/arm-none-eabi/4.9.3/../../../../arm-none-eabi/lib/armv6-m\libg.a(lib_a-__call_atexit.o)
 *(.init_array)
 .init_array    0x0000c8a8        0x4 c:/program files (x86)/cypress/psoc creator/3.3/psoc creator/import/gnu/arm/4.9.3/bin/../lib/gcc/arm-none-eabi/4.9.3/armv6-m/crtbegin.o
 .init_array    0x0000c8ac        0x4 .\CortexM0\ARM_GCC_493\Debug\Cm0Start.o
                0x0000c8b0                __init_array_end = .
                0x0000c8b0                . = ALIGN (0x4)
 *(.fini)
 .fini          0x0000c8b0        0x4 c:/program files (x86)/cypress/psoc creator/3.3/psoc creator/import/gnu/arm/4.9.3/bin/../lib/gcc/arm-none-eabi/4.9.3/armv6-m/crti.o
                0x0000c8b0                _fini
 .fini          0x0000c8b4        0x8 c:/program files (x86)/cypress/psoc creator/3.3/psoc creator/import/gnu/arm/4.9.3/bin/../lib/gcc/arm-none-eabi/4.9.3/armv6-m/crtn.o
                0x0000c8bc                . = ALIGN (0x4)
                0x0000c8bc                __fini_array_start = .
 *(.fini_array)
 .fini_array    0x0000c8bc        0x4 c:/program files (x86)/cypress/psoc creator/3.3/psoc creator/import/gnu/arm/4.9.3/bin/../lib/gcc/arm-none-eabi/4.9.3/armv6-m/crtbegin.o
 *(SORT(.fini_array.*))
                0x0000c8c0                __fini_array_end = .
                0x0000c8c0                . = ALIGN (0x4)
 *crtbegin.o(.ctors)
 *(EXCLUDE_FILE(*crtend.o) .ctors)
 *(SORT(.ctors.*))
 *crtend.o(.ctors)
                0x0000c8c0                . = ALIGN (0x4)
 *crtbegin.o(.dtors)
 *(EXCLUDE_FILE(*crtend.o) .dtors)
 *(SORT(.dtors.*))
 *crtend.o(.dtors)
                0x0000c8c0                . = ALIGN (0x4)
                0x0000c8c0                __cy_regions = .
                0x0000c8c0        0x4 LONG 0xc8d0 __cy_region_init_ram
                0x0000c8c4        0x4 LONG 0x200000c8 __cy_region_start_data
                0x0000c8c8        0x4 LONG 0xa28 __cy_region_init_size_ram
                0x0000c8cc        0x4 LONG 0x500 __cy_region_zero_size_ram
                0x0000c8d0                __cy_regions_end = .
                0x0000c8d0                . = ALIGN (0x8)
                0x0000c8d0                _etext = .

.cy_checksum_exclude
                0x0000c8d0        0x0
 *(.cy_checksum_exclude)

.ramvectors     0x20000000       0xc0
                0x20000000                __cy_region_start_ram = .
 *(.ramvectors)
 .ramvectors    0x20000000       0xc0 .\CortexM0\ARM_GCC_493\Debug\Cm0Start.o
                0x20000000                CyRamVectors

.noinit         0x200000c0        0x4
 *(.noinit)
 .noinit        0x200000c0        0x4 .\CortexM0\ARM_GCC_493\Debug\Cm0Start.o

.data           0x200000c8      0xa28 load address 0x0000c8d0
                0x200000c8                __cy_region_start_data = .
 *(.jcr)
 .jcr           0x200000c8        0x0 c:/program files (x86)/cypress/psoc creator/3.3/psoc creator/import/gnu/arm/4.9.3/bin/../lib/gcc/arm-none-eabi/4.9.3/armv6-m/crtbegin.o
 .jcr           0x200000c8        0x4 c:/program files (x86)/cypress/psoc creator/3.3/psoc creator/import/gnu/arm/4.9.3/bin/../lib/gcc/arm-none-eabi/4.9.3/armv6-m/crtend.o
 *(.got.plt)
 *(.got)
 *(.shdata)
 *(.data .data.* .gnu.linkonce.d.*)
 .data          0x200000cc      0x190 .\CortexM0\ARM_GCC_493\Debug\motor.o
 .data          0x2000025c        0x4 .\CortexM0\ARM_GCC_493\Debug\Cm0Start.o
 .data          0x20000260       0x10 .\CortexM0\ARM_GCC_493\Debug\Board1-RPi.a(CyLib.o)
                0x20000260                cydelay32kMs
                0x20000264                cydelayFreqKhz
                0x20000268                cydelayFreqMhz
                0x2000026c                cydelayFreqHz
 .data          0x20000270        0x4 .\CortexM0\ARM_GCC_493\Debug\Board1-RPi.a(CyLFClk.o)
 .data.__fdlib_version
                0x20000274        0x1 c:/program files (x86)/cypress/psoc creator/3.3/psoc creator/import/gnu/arm/4.9.3/bin/../lib/gcc/arm-none-eabi/4.9.3/../../../../arm-none-eabi/lib/armv6-m\libm.a(lib_a-s_lib_ver.o)
                0x20000274                __fdlib_version
 *fill*         0x20000275        0x3 
 .data.impure_data
                0x20000278      0x428 c:/program files (x86)/cypress/psoc creator/3.3/psoc creator/import/gnu/arm/4.9.3/bin/../lib/gcc/arm-none-eabi/4.9.3/../../../../arm-none-eabi/lib/armv6-m\libg.a(lib_a-impure.o)
 .data._impure_ptr
                0x200006a0        0x4 c:/program files (x86)/cypress/psoc creator/3.3/psoc creator/import/gnu/arm/4.9.3/bin/../lib/gcc/arm-none-eabi/4.9.3/../../../../arm-none-eabi/lib/armv6-m\libg.a(lib_a-impure.o)
                0x200006a0                _impure_ptr
 .data.lconv    0x200006a4       0x38 c:/program files (x86)/cypress/psoc creator/3.3/psoc creator/import/gnu/arm/4.9.3/bin/../lib/gcc/arm-none-eabi/4.9.3/../../../../arm-none-eabi/lib/armv6-m\libg.a(lib_a-locale.o)
 .data.__malloc_av_
                0x200006dc      0x408 c:/program files (x86)/cypress/psoc creator/3.3/psoc creator/import/gnu/arm/4.9.3/bin/../lib/gcc/arm-none-eabi/4.9.3/../../../../arm-none-eabi/lib/armv6-m\libg.a(lib_a-mallocr.o)
                0x200006dc                __malloc_av_
 .data.__malloc_trim_threshold
                0x20000ae4        0x4 c:/program files (x86)/cypress/psoc creator/3.3/psoc creator/import/gnu/arm/4.9.3/bin/../lib/gcc/arm-none-eabi/4.9.3/../../../../arm-none-eabi/lib/armv6-m\libg.a(lib_a-mallocr.o)
                0x20000ae4                __malloc_trim_threshold
 .data.__malloc_sbrk_base
                0x20000ae8        0x4 c:/program files (x86)/cypress/psoc creator/3.3/psoc creator/import/gnu/arm/4.9.3/bin/../lib/gcc/arm-none-eabi/4.9.3/../../../../arm-none-eabi/lib/armv6-m\libg.a(lib_a-mallocr.o)
                0x20000ae8                __malloc_sbrk_base
                0x20000af0                . = ALIGN (0x8)
 *fill*         0x20000aec        0x4 
 *(.ram)
                0x20000af0                _edata = .

.igot.plt       0x20000af0        0x0 load address 0x0000d2f8
 .igot.plt      0x00000000        0x0 c:/program files (x86)/cypress/psoc creator/3.3/psoc creator/import/gnu/arm/4.9.3/bin/../lib/gcc/arm-none-eabi/4.9.3/armv6-m/crtbegin.o

.bss            0x20000af0      0x500 load address 0x0000d2f8
                0x20000af0                PROVIDE (__bss_start__, .)
 *(.shbss)
 *(.bss .bss.* .gnu.linkonce.b.*)
 .bss           0x20000af0       0x1c c:/program files (x86)/cypress/psoc creator/3.3/psoc creator/import/gnu/arm/4.9.3/bin/../lib/gcc/arm-none-eabi/4.9.3/armv6-m/crtbegin.o
 .bss           0x20000b0c       0x3c .\CortexM0\ARM_GCC_493\Debug\encoder.o
 .bss           0x20000b48       0xfc .\CortexM0\ARM_GCC_493\Debug\motor.o
 .bss           0x20000c44       0x4c .\CortexM0\ARM_GCC_493\Debug\ultrasonic.o
 .bss           0x20000c90       0x1c .\CortexM0\ARM_GCC_493\Debug\pid.o
 .bss           0x20000cac       0x40 .\CortexM0\ARM_GCC_493\Debug\i2c.o
 .bss           0x20000cec        0x4 .\CortexM0\ARM_GCC_493\Debug\time.o
 .bss           0x20000cf0        0x8 .\CortexM0\ARM_GCC_493\Debug\infrared.o
 .bss           0x20000cf8       0x30 .\CortexM0\ARM_GCC_493\Debug\odom.o
 .bss           0x20000d28       0x18 .\CortexM0\ARM_GCC_493\Debug\Board1-RPi.a(CyLib.o)
                0x20000d3c                CySysTickInitVar
 .bss           0x20000d40       0x1c .\CortexM0\ARM_GCC_493\Debug\Board1-RPi.a(CyLFClk.o)
 .bss           0x20000d5c        0x1 .\CortexM0\ARM_GCC_493\Debug\Board1-RPi.a(HB25_PWM.o)
                0x20000d5c                HB25_PWM_initVar
 *fill*         0x20000d5d        0x3 
 .bss           0x20000d60        0x8 .\CortexM0\ARM_GCC_493\Debug\Board1-RPi.a(UARTCOMMS.o)
                0x20000d60                UARTCOMMS_initVar
                0x20000d64                UARTCOMMS_customIntrHandler
 .bss           0x20000d68        0x8 .\CortexM0\ARM_GCC_493\Debug\Board1-RPi.a(EZI2C_Slave.o)
                0x20000d68                EZI2C_Slave_initVar
                0x20000d6c                EZI2C_Slave_customIntrHandler
 .bss           0x20000d70        0x2 .\CortexM0\ARM_GCC_493\Debug\Board1-RPi.a(EZI2C_Slave_EZI2C_INT.o)
 *fill*         0x20000d72        0x2 
 .bss           0x20000d74        0x8 .\CortexM0\ARM_GCC_493\Debug\Board1-RPi.a(I2C_Master.o)
                0x20000d74                I2C_Master_initVar
                0x20000d78                I2C_Master_customIntrHandler
 .bss.__malloc_max_total_mem
                0x20000d7c        0x4 c:/program files (x86)/cypress/psoc creator/3.3/psoc creator/import/gnu/arm/4.9.3/bin/../lib/gcc/arm-none-eabi/4.9.3/../../../../arm-none-eabi/lib/armv6-m\libg.a(lib_a-mallocr.o)
                0x20000d7c                __malloc_max_total_mem
 .bss.__malloc_max_sbrked_mem
                0x20000d80        0x4 c:/program files (x86)/cypress/psoc creator/3.3/psoc creator/import/gnu/arm/4.9.3/bin/../lib/gcc/arm-none-eabi/4.9.3/../../../../arm-none-eabi/lib/armv6-m\libg.a(lib_a-mallocr.o)
                0x20000d80                __malloc_max_sbrked_mem
 .bss.__malloc_top_pad
                0x20000d84        0x4 c:/program files (x86)/cypress/psoc creator/3.3/psoc creator/import/gnu/arm/4.9.3/bin/../lib/gcc/arm-none-eabi/4.9.3/../../../../arm-none-eabi/lib/armv6-m\libg.a(lib_a-mallocr.o)
                0x20000d84                __malloc_top_pad
 .bss.__malloc_current_mallinfo
                0x20000d88       0x28 c:/program files (x86)/cypress/psoc creator/3.3/psoc creator/import/gnu/arm/4.9.3/bin/../lib/gcc/arm-none-eabi/4.9.3/../../../../arm-none-eabi/lib/armv6-m\libg.a(lib_a-mallocr.o)
                0x20000d88                __malloc_current_mallinfo
 *(COMMON)
 COMMON         0x20000db0      0x100 .\CortexM0\ARM_GCC_493\Debug\motor.o
                0x20000db0                formatted_string
 COMMON         0x20000eb0       0x11 .\CortexM0\ARM_GCC_493\Debug\Board1-RPi.a(EZI2C_Slave_EZI2C.o)
                0x20000eb0                EZI2C_Slave_offsetBuf1
                0x20000eb4                EZI2C_Slave_dataBuffer1
                0x20000eb8                EZI2C_Slave_indexBuf1
                0x20000eba                EZI2C_Slave_fsmState
                0x20000ebc                EZI2C_Slave_protectBuf1
                0x20000ebe                EZI2C_Slave_bufSizeBuf1
                0x20000ec0                EZI2C_Slave_curStatus
 COMMON         0x20000ec1        0x1 .\CortexM0\ARM_GCC_493\Debug\Board1-RPi.a(I2C_Master_I2C.o)
                0x20000ec1                I2C_Master_state
 *fill*         0x20000ec2        0x2 
 COMMON         0x20000ec4       0x20 .\CortexM0\ARM_GCC_493\Debug\Board1-RPi.a(I2C_Master_I2C_MASTER.o)
                0x20000ec4                I2C_Master_mstrWrBufIndexTmp
                0x20000ec8                I2C_Master_mstrRdBufIndex
                0x20000ecc                I2C_Master_mstrWrBufIndex
                0x20000ed0                I2C_Master_mstrWrBufSize
                0x20000ed4                I2C_Master_mstrWrBufPtr
                0x20000ed8                I2C_Master_mstrRdBufPtr
                0x20000edc                I2C_Master_mstrControl
                0x20000ede                I2C_Master_mstrStatus
                0x20000ee0                I2C_Master_mstrRdBufSize
 COMMON         0x20000ee4      0x108 .\CortexM0\ARM_GCC_493\Debug\Board1-RPi.a(UARTCOMMS_SPI_UART.o)
                0x20000ee4                UARTCOMMS_txBufferInternal
                0x20000fe4                UARTCOMMS_txBufferTail
                0x20000fe8                UARTCOMMS_txBufferHead
 COMMON         0x20000fec        0x4 c:/program files (x86)/cypress/psoc creator/3.3/psoc creator/import/gnu/arm/4.9.3/bin/../lib/gcc/arm-none-eabi/4.9.3/../../../../arm-none-eabi/lib/armv6-m\libg.a(lib_a-reent.o)
                0x20000fec                errno
                0x20000ff0                . = ALIGN (0x8)
 *(.ram.b)
                0x20000ff0                _end = .
                0x20000ff0                __end = .
                0x20000ff0                PROVIDE (end, .)
                0x20000ff0                PROVIDE (__bss_end__, .)
                0x0000c8d0                __cy_region_init_ram = LOADADDR (.data)
                0x00000a28                __cy_region_init_size_ram = (_edata - ADDR (.data))
                0x00000500                __cy_region_zero_size_ram = (_end - _edata)

.heap           0x20000ff0     0x1000 load address 0x0000d2f8
                0x20000ff0                . = _end
                0x20001ff0                . = (. + 0x1000)
 *fill*         0x20000ff0     0x1000 
                0x20001ff0                __cy_heap_limit = .

.stack          0x20003800      0x800
                0x20003800                __cy_stack_limit = .
                0x20004000                . = (. + 0x800)
 *fill*         0x20003800      0x800 
                0x00000001                ASSERT ((__cy_stack_limit >= __cy_heap_limit), region RAM overflowed with stack)
                0x00000000                cy_checksum_exclude_size = (CY_APPL_LOADABLE == 0x1)?SIZEOF (.cy_checksum_exclude):0x0
                0x00000001                ASSERT ((cy_checksum_exclude_size <= CY_CHECKSUM_EXCLUDE_SIZE), CY_BOOT: Section .cy_checksum_exclude size exceedes specified limit.)
                0x0001ffc0                cyloadermeta_start = (cy_project_type_bootloader || cy_project_type_app_for_stack_and_copier)?(0x20000 - CY_METADATA_SIZE):0xf0000000

.cyloadermeta
 *(.cyloadermeta)
                0x0001ffc0                cyloadablemeta_start = cy_project_type_app_for_stack_and_copier?((0x20000 - CY_FLASH_ROW_SIZE) - CY_METADATA_SIZE):((0x20000 - (CY_FLASH_ROW_SIZE * (CY_APPL_NUM - 0x1))) - CY_METADATA_SIZE)

.cyloadablemeta
 *(.cyloadablemeta)

.cyflashprotect
                0x90400000       0x80
 *(.cyflashprotect)
 .cyflashprotect
                0x90400000       0x80 .\CortexM0\ARM_GCC_493\Debug\cymetadata.o
                0x90400000                cy_meta_flashprotect

.cymeta         0x90500000        0xc
 *(.cymeta)
 .cymeta        0x90500000        0xc .\CortexM0\ARM_GCC_493\Debug\cymetadata.o
                0x90500000                cy_metadata

.cychipprotect  0x90600000        0x4
 *(.cychipprotect)
 .cychipprotect
                0x90600000        0x4 .\CortexM0\ARM_GCC_493\Debug\cymetadata.o
                0x90600000                cy_meta_chipprotect

.rel.dyn        0x0000d2f8        0x0 load address 0x90600004
 .rel.iplt      0x00000000        0x0 c:/program files (x86)/cypress/psoc creator/3.3/psoc creator/import/gnu/arm/4.9.3/bin/../lib/gcc/arm-none-eabi/4.9.3/armv6-m/crtbegin.o

.stab
 *(.stab)

.stabstr
 *(.stabstr)

.debug
 *(.debug)

.line
 *(.line)

.debug_srcinfo
 *(.debug_srcinfo)

.debug_sfnames
 *(.debug_sfnames)

.debug_aranges  0x00000000     0x1278
 *(.debug_aranges)
 .debug_aranges
                0x00000000       0x78 .\CortexM0\ARM_GCC_493\Debug\encoder.o
 .debug_aranges
                0x00000078       0x58 .\CortexM0\ARM_GCC_493\Debug\motor.o
 .debug_aranges
                0x000000d0       0x58 .\CortexM0\ARM_GCC_493\Debug\ultrasonic.o
 .debug_aranges
                0x00000128       0x40 .\CortexM0\ARM_GCC_493\Debug\pid.o
 .debug_aranges
                0x00000168       0xb0 .\CortexM0\ARM_GCC_493\Debug\i2c.o
 .debug_aranges
                0x00000218       0x30 .\CortexM0\ARM_GCC_493\Debug\control.o
 .debug_aranges
                0x00000248       0x20 .\CortexM0\ARM_GCC_493\Debug\boardmain.o
 .debug_aranges
                0x00000268       0x38 .\CortexM0\ARM_GCC_493\Debug\time.o
 .debug_aranges
                0x000002a0       0x38 .\CortexM0\ARM_GCC_493\Debug\infrared.o
 .debug_aranges
                0x000002d8       0x60 .\CortexM0\ARM_GCC_493\Debug\utils.o
 .debug_aranges
                0x00000338       0x28 .\CortexM0\ARM_GCC_493\Debug\debug.o
 .debug_aranges
                0x00000360       0x38 .\CortexM0\ARM_GCC_493\Debug\odom.o
 .debug_aranges
                0x00000398       0x58 .\CortexM0\ARM_GCC_493\Debug\cal.o
 .debug_aranges
                0x000003f0       0x30 .\CortexM0\ARM_GCC_493\Debug\diag.o
 .debug_aranges
                0x00000420       0x18 .\CortexM0\ARM_GCC_493\Debug\cymetadata.o
 .debug_aranges
                0x00000438       0x48 .\CortexM0\ARM_GCC_493\Debug\Cm0Start.o
 .debug_aranges
                0x00000480       0x48 .\CortexM0\ARM_GCC_493\Debug\Board1-RPi.a(cyfitter_cfg.o)
 .debug_aranges
                0x000004c8      0x1b8 .\CortexM0\ARM_GCC_493\Debug\Board1-RPi.a(CyLib.o)
 .debug_aranges
                0x00000680      0x150 .\CortexM0\ARM_GCC_493\Debug\Board1-RPi.a(CyLFClk.o)
 .debug_aranges
                0x000007d0      0x158 .\CortexM0\ARM_GCC_493\Debug\Board1-RPi.a(HB25_PWM.o)
 .debug_aranges
                0x00000928       0xa8 .\CortexM0\ARM_GCC_493\Debug\Board1-RPi.a(ADC_Infrared.o)
 .debug_aranges
                0x000009d0       0x20 .\CortexM0\ARM_GCC_493\Debug\Board1-RPi.a(ADC_Infrared_INT.o)
 .debug_aranges
                0x000009f0      0x158 .\CortexM0\ARM_GCC_493\Debug\Board1-RPi.a(HCSR04_Timer.o)
 .debug_aranges
                0x00000b48       0x80 .\CortexM0\ARM_GCC_493\Debug\Board1-RPi.a(HCSR04_Timeout_Intr.o)
 .debug_aranges
                0x00000bc8       0x28 .\CortexM0\ARM_GCC_493\Debug\Board1-RPi.a(HCSR04_Control.o)
 .debug_aranges
                0x00000bf0       0x48 .\CortexM0\ARM_GCC_493\Debug\Board1-RPi.a(HCSR04_Trigger_0.o)
 .debug_aranges
                0x00000c38       0x48 .\CortexM0\ARM_GCC_493\Debug\Board1-RPi.a(HCSR04_Trigger_2.o)
 .debug_aranges
                0x00000c80       0x48 .\CortexM0\ARM_GCC_493\Debug\Board1-RPi.a(HCSR04_Trigger_3.o)
 .debug_aranges
                0x00000cc8       0x48 .\CortexM0\ARM_GCC_493\Debug\Board1-RPi.a(HCSR04_Trigger_1.o)
 .debug_aranges
                0x00000d10       0x48 .\CortexM0\ARM_GCC_493\Debug\Board1-RPi.a(HB25_Enable_Pin.o)
 .debug_aranges
                0x00000d58       0x68 .\CortexM0\ARM_GCC_493\Debug\Board1-RPi.a(UARTCOMMS.o)
 .debug_aranges
                0x00000dc0       0x88 .\CortexM0\ARM_GCC_493\Debug\Board1-RPi.a(UARTCOMMS_UART.o)
 .debug_aranges
                0x00000e48       0x60 .\CortexM0\ARM_GCC_493\Debug\Board1-RPi.a(EZI2C_Slave.o)
 .debug_aranges
                0x00000ea8       0x50 .\CortexM0\ARM_GCC_493\Debug\Board1-RPi.a(EZI2C_Slave_EZI2C.o)
 .debug_aranges
                0x00000ef8       0x20 .\CortexM0\ARM_GCC_493\Debug\Board1-RPi.a(EZI2C_Slave_EZI2C_INT.o)
 .debug_aranges
                0x00000f18       0x60 .\CortexM0\ARM_GCC_493\Debug\Board1-RPi.a(I2C_Master.o)
 .debug_aranges
                0x00000f78       0x28 .\CortexM0\ARM_GCC_493\Debug\Board1-RPi.a(I2C_Master_I2C.o)
 .debug_aranges
                0x00000fa0       0x88 .\CortexM0\ARM_GCC_493\Debug\Board1-RPi.a(I2C_Master_I2C_MASTER.o)
 .debug_aranges
                0x00001028       0x88 .\CortexM0\ARM_GCC_493\Debug\Board1-RPi.a(Phase_Counter.o)
 .debug_aranges
                0x000010b0       0x80 .\CortexM0\ARM_GCC_493\Debug\Board1-RPi.a(PhaseCounter_Intr.o)
 .debug_aranges
                0x00001130       0x48 .\CortexM0\ARM_GCC_493\Debug\Board1-RPi.a(MainLoop_Pin.o)
 .debug_aranges
                0x00001178       0x20 .\CortexM0\ARM_GCC_493\Debug\Board1-RPi.a(CyBootAsmGnu.o)
 .debug_aranges
                0x00001198       0x40 .\CortexM0\ARM_GCC_493\Debug\Board1-RPi.a(CyFlash.o)
 .debug_aranges
                0x000011d8       0x60 .\CortexM0\ARM_GCC_493\Debug\Board1-RPi.a(UARTCOMMS_SPI_UART.o)
 .debug_aranges
                0x00001238       0x20 .\CortexM0\ARM_GCC_493\Debug\Board1-RPi.a(UARTCOMMS_SPI_UART_INT.o)
 .debug_aranges
                0x00001258       0x20 .\CortexM0\ARM_GCC_493\Debug\Board1-RPi.a(I2C_Master_I2C_INT.o)

.debug_pubnames
 *(.debug_pubnames)

.debug_info     0x00000000     0xa3f5
 *(.debug_info .gnu.linkonce.wi.*)
 .debug_info    0x00000000      0x540 .\CortexM0\ARM_GCC_493\Debug\encoder.o
 .debug_info    0x00000540      0x582 .\CortexM0\ARM_GCC_493\Debug\motor.o
 .debug_info    0x00000ac2      0x536 .\CortexM0\ARM_GCC_493\Debug\ultrasonic.o
 .debug_info    0x00000ff8      0x44c .\CortexM0\ARM_GCC_493\Debug\pid.o
 .debug_info    0x00001444      0x7f8 .\CortexM0\ARM_GCC_493\Debug\i2c.o
 .debug_info    0x00001c3c      0x15f .\CortexM0\ARM_GCC_493\Debug\control.o
 .debug_info    0x00001d9b      0x2fb .\CortexM0\ARM_GCC_493\Debug\boardmain.o
 .debug_info    0x00002096      0x1a0 .\CortexM0\ARM_GCC_493\Debug\time.o
 .debug_info    0x00002236      0x40a .\CortexM0\ARM_GCC_493\Debug\infrared.o
 .debug_info    0x00002640      0x2f7 .\CortexM0\ARM_GCC_493\Debug\utils.o
 .debug_info    0x00002937      0x123 .\CortexM0\ARM_GCC_493\Debug\debug.o
 .debug_info    0x00002a5a      0x3a9 .\CortexM0\ARM_GCC_493\Debug\odom.o
 .debug_info    0x00002e03      0x3f9 .\CortexM0\ARM_GCC_493\Debug\cal.o
 .debug_info    0x000031fc       0xf6 .\CortexM0\ARM_GCC_493\Debug\diag.o
 .debug_info    0x000032f2       0xfe .\CortexM0\ARM_GCC_493\Debug\cymetadata.o
 .debug_info    0x000033f0      0x38e .\CortexM0\ARM_GCC_493\Debug\Cm0Start.o
 .debug_info    0x0000377e      0x420 .\CortexM0\ARM_GCC_493\Debug\Board1-RPi.a(cyfitter_cfg.o)
 .debug_info    0x00003b9e      0xcf4 .\CortexM0\ARM_GCC_493\Debug\Board1-RPi.a(CyLib.o)
 .debug_info    0x00004892      0xda4 .\CortexM0\ARM_GCC_493\Debug\Board1-RPi.a(CyLFClk.o)
 .debug_info    0x00005636      0x906 .\CortexM0\ARM_GCC_493\Debug\Board1-RPi.a(HB25_PWM.o)
 .debug_info    0x00005f3c      0x5bf .\CortexM0\ARM_GCC_493\Debug\Board1-RPi.a(ADC_Infrared.o)
 .debug_info    0x000064fb       0xc4 .\CortexM0\ARM_GCC_493\Debug\Board1-RPi.a(ADC_Infrared_INT.o)
 .debug_info    0x000065bf      0x8dd .\CortexM0\ARM_GCC_493\Debug\Board1-RPi.a(HCSR04_Timer.o)
 .debug_info    0x00006e9c      0x300 .\CortexM0\ARM_GCC_493\Debug\Board1-RPi.a(HCSR04_Timeout_Intr.o)
 .debug_info    0x0000719c       0xd6 .\CortexM0\ARM_GCC_493\Debug\Board1-RPi.a(HCSR04_Control.o)
 .debug_info    0x00007272      0x19d .\CortexM0\ARM_GCC_493\Debug\Board1-RPi.a(HCSR04_Trigger_0.o)
 .debug_info    0x0000740f      0x19d .\CortexM0\ARM_GCC_493\Debug\Board1-RPi.a(HCSR04_Trigger_2.o)
 .debug_info    0x000075ac      0x19d .\CortexM0\ARM_GCC_493\Debug\Board1-RPi.a(HCSR04_Trigger_3.o)
 .debug_info    0x00007749      0x19d .\CortexM0\ARM_GCC_493\Debug\Board1-RPi.a(HCSR04_Trigger_1.o)
 .debug_info    0x000078e6      0x19d .\CortexM0\ARM_GCC_493\Debug\Board1-RPi.a(HB25_Enable_Pin.o)
 .debug_info    0x00007a83      0x2c7 .\CortexM0\ARM_GCC_493\Debug\Board1-RPi.a(UARTCOMMS.o)
 .debug_info    0x00007d4a      0x407 .\CortexM0\ARM_GCC_493\Debug\Board1-RPi.a(UARTCOMMS_UART.o)
 .debug_info    0x00008151      0x297 .\CortexM0\ARM_GCC_493\Debug\Board1-RPi.a(EZI2C_Slave.o)
 .debug_info    0x000083e8      0x347 .\CortexM0\ARM_GCC_493\Debug\Board1-RPi.a(EZI2C_Slave_EZI2C.o)
 .debug_info    0x0000872f      0x1df .\CortexM0\ARM_GCC_493\Debug\Board1-RPi.a(EZI2C_Slave_EZI2C_INT.o)
 .debug_info    0x0000890e      0x297 .\CortexM0\ARM_GCC_493\Debug\Board1-RPi.a(I2C_Master.o)
 .debug_info    0x00008ba5      0x1ab .\CortexM0\ARM_GCC_493\Debug\Board1-RPi.a(I2C_Master_I2C.o)
 .debug_info    0x00008d50      0x5a3 .\CortexM0\ARM_GCC_493\Debug\Board1-RPi.a(I2C_Master_I2C_MASTER.o)
 .debug_info    0x000092f3      0x2ed .\CortexM0\ARM_GCC_493\Debug\Board1-RPi.a(Phase_Counter.o)
 .debug_info    0x000095e0      0x300 .\CortexM0\ARM_GCC_493\Debug\Board1-RPi.a(PhaseCounter_Intr.o)
 .debug_info    0x000098e0      0x19b .\CortexM0\ARM_GCC_493\Debug\Board1-RPi.a(MainLoop_Pin.o)
 .debug_info    0x00009a7b       0x8d .\CortexM0\ARM_GCC_493\Debug\Board1-RPi.a(CyBootAsmGnu.o)
 .debug_info    0x00009b08      0x36b .\CortexM0\ARM_GCC_493\Debug\Board1-RPi.a(CyFlash.o)
 .debug_info    0x00009e73      0x2cb .\CortexM0\ARM_GCC_493\Debug\Board1-RPi.a(UARTCOMMS_SPI_UART.o)
 .debug_info    0x0000a13e      0x12a .\CortexM0\ARM_GCC_493\Debug\Board1-RPi.a(UARTCOMMS_SPI_UART_INT.o)
 .debug_info    0x0000a268      0x18d .\CortexM0\ARM_GCC_493\Debug\Board1-RPi.a(I2C_Master_I2C_INT.o)

.debug_abbrev   0x00000000     0x3a23
 *(.debug_abbrev)
 .debug_abbrev  0x00000000      0x1ed .\CortexM0\ARM_GCC_493\Debug\encoder.o
 .debug_abbrev  0x000001ed      0x207 .\CortexM0\ARM_GCC_493\Debug\motor.o
 .debug_abbrev  0x000003f4      0x24b .\CortexM0\ARM_GCC_493\Debug\ultrasonic.o
 .debug_abbrev  0x0000063f      0x1e6 .\CortexM0\ARM_GCC_493\Debug\pid.o
 .debug_abbrev  0x00000825      0x29f .\CortexM0\ARM_GCC_493\Debug\i2c.o
 .debug_abbrev  0x00000ac4       0xb7 .\CortexM0\ARM_GCC_493\Debug\control.o
 .debug_abbrev  0x00000b7b       0x97 .\CortexM0\ARM_GCC_493\Debug\boardmain.o
 .debug_abbrev  0x00000c12      0x150 .\CortexM0\ARM_GCC_493\Debug\time.o
 .debug_abbrev  0x00000d62      0x1bb .\CortexM0\ARM_GCC_493\Debug\infrared.o
 .debug_abbrev  0x00000f1d      0x139 .\CortexM0\ARM_GCC_493\Debug\utils.o
 .debug_abbrev  0x00001056       0xb9 .\CortexM0\ARM_GCC_493\Debug\debug.o
 .debug_abbrev  0x0000110f      0x118 .\CortexM0\ARM_GCC_493\Debug\odom.o
 .debug_abbrev  0x00001227      0x152 .\CortexM0\ARM_GCC_493\Debug\cal.o
 .debug_abbrev  0x00001379       0x9b .\CortexM0\ARM_GCC_493\Debug\diag.o
 .debug_abbrev  0x00001414       0x5d .\CortexM0\ARM_GCC_493\Debug\cymetadata.o
 .debug_abbrev  0x00001471      0x1d5 .\CortexM0\ARM_GCC_493\Debug\Cm0Start.o
 .debug_abbrev  0x00001646      0x212 .\CortexM0\ARM_GCC_493\Debug\Board1-RPi.a(cyfitter_cfg.o)
 .debug_abbrev  0x00001858      0x245 .\CortexM0\ARM_GCC_493\Debug\Board1-RPi.a(CyLib.o)
 .debug_abbrev  0x00001a9d      0x26d .\CortexM0\ARM_GCC_493\Debug\Board1-RPi.a(CyLFClk.o)