Archive member included because of file (symbol)

.\CortexM0\ARM_GCC_493\Debug\Board-KitProg.a(cyfitter_cfg.o)
                              .\CortexM0\ARM_GCC_493\Debug\Cm0Start.o (cyfitter_cfg)
.\CortexM0\ARM_GCC_493\Debug\Board-KitProg.a(EZI2C.o)
                              .\CortexM0\ARM_GCC_493\Debug\i2c.o (EZI2C_Start)
.\CortexM0\ARM_GCC_493\Debug\Board-KitProg.a(EZI2C_EZI2C.o)
                              .\CortexM0\ARM_GCC_493\Debug\Board-KitProg.a(EZI2C.o) (EZI2C_EzI2CInit)
.\CortexM0\ARM_GCC_493\Debug\Board-KitProg.a(EZI2C_EZI2C_INT.o)
                              .\CortexM0\ARM_GCC_493\Debug\Board-KitProg.a(EZI2C_EZI2C.o) (EZI2C_EZI2C_STRETCH_ISR)
.\CortexM0\ARM_GCC_493\Debug\Board-KitProg.a(Encoder_Intr.o)
                              .\CortexM0\ARM_GCC_493\Debug\encoder.o (Encoder_Intr_Enable)
.\CortexM0\ARM_GCC_493\Debug\Board-KitProg.a(CyBootAsmGnu.o)
                              .\CortexM0\ARM_GCC_493\Debug\Board-KitProg.a(Encoder_Intr.o) (CyEnterCriticalSection)
.\CortexM0\ARM_GCC_493\Debug\Board-KitProg.a(CyLib.o)
                              .\CortexM0\ARM_GCC_493\Debug\Board-KitProg.a(cyfitter_cfg.o) (CyIntEnable)
.\CortexM0\ARM_GCC_493\Debug\Board-KitProg.a(CyLFClk.o)
                              .\CortexM0\ARM_GCC_493\Debug\Board-KitProg.a(CyLib.o) (CySysClkWcoEnabled)
.\CortexM0\ARM_GCC_493\Debug\Board-KitProg.a(HB25_PWM.o)
                              .\CortexM0\ARM_GCC_493\Debug\motor.o (HB25_PWM_WriteCompare)
.\CortexM0\ARM_GCC_493\Debug\Board-KitProg.a(Encoder_Pins.o)
                              .\CortexM0\ARM_GCC_493\Debug\encoder.o (Encoder_Pins_Read)
.\CortexM0\ARM_GCC_493\Debug\Board-KitProg.a(ADC_Infrared.o)
                              .\CortexM0\ARM_GCC_493\Debug\infrared.o (ADC_Infrared_Start)
.\CortexM0\ARM_GCC_493\Debug\Board-KitProg.a(ADC_Infrared_INT.o)
                              .\CortexM0\ARM_GCC_493\Debug\Board-KitProg.a(ADC_Infrared.o) (ADC_Infrared_ISR)
.\CortexM0\ARM_GCC_493\Debug\Board-KitProg.a(HCSR04_Timer.o)
                              .\CortexM0\ARM_GCC_493\Debug\ultrasonic.o (HCSR04_Timer_ReadCounter)
.\CortexM0\ARM_GCC_493\Debug\Board-KitProg.a(HCSR04_Timeout_Intr.o)
                              .\CortexM0\ARM_GCC_493\Debug\ultrasonic.o (HCSR04_Timeout_Intr_StartEx)
.\CortexM0\ARM_GCC_493\Debug\Board-KitProg.a(HCSR04_Control.o)
                              .\CortexM0\ARM_GCC_493\Debug\ultrasonic.o (HCSR04_Control_Write)
.\CortexM0\ARM_GCC_493\Debug\Board-KitProg.a(HCSR04_Trigger_0.o)
                              .\CortexM0\ARM_GCC_493\Debug\ultrasonic.o (HCSR04_Trigger_0_Write)
.\CortexM0\ARM_GCC_493\Debug\Board-KitProg.a(HCSR04_Trigger_2.o)
                              .\CortexM0\ARM_GCC_493\Debug\ultrasonic.o (HCSR04_Trigger_2_Write)
.\CortexM0\ARM_GCC_493\Debug\Board-KitProg.a(HCSR04_Trigger_3.o)
                              .\CortexM0\ARM_GCC_493\Debug\ultrasonic.o (HCSR04_Trigger_3_Write)
.\CortexM0\ARM_GCC_493\Debug\Board-KitProg.a(HCSR04_Trigger_1.o)
                              .\CortexM0\ARM_GCC_493\Debug\ultrasonic.o (HCSR04_Trigger_1_Write)
.\CortexM0\ARM_GCC_493\Debug\Board-KitProg.a(CyFlash.o)
                              .\CortexM0\ARM_GCC_493\Debug\Board-KitProg.a(CyLib.o) (CySysFlashSetWaitCycles)
c:/program files (x86)/cypress/psoc creator/3.3/psoc creator/import/gnu/arm/4.9.3/bin/../lib/gcc/arm-none-eabi/4.9.3/../../../../arm-none-eabi/lib/armv6-m\libm.a(lib_a-w_pow.o)
                              .\CortexM0\ARM_GCC_493\Debug\infrared.o (pow)
c:/program files (x86)/cypress/psoc creator/3.3/psoc creator/import/gnu/arm/4.9.3/bin/../lib/gcc/arm-none-eabi/4.9.3/../../../../arm-none-eabi/lib/armv6-m\libm.a(lib_a-e_pow.o)
                              c:/program files (x86)/cypress/psoc creator/3.3/psoc creator/import/gnu/arm/4.9.3/bin/../lib/gcc/arm-none-eabi/4.9.3/../../../../arm-none-eabi/lib/armv6-m\libm.a(lib_a-w_pow.o) (__ieee754_pow)
c:/program files (x86)/cypress/psoc creator/3.3/psoc creator/import/gnu/arm/4.9.3/bin/../lib/gcc/arm-none-eabi/4.9.3/../../../../arm-none-eabi/lib/armv6-m\libm.a(lib_a-e_sqrt.o)
                              c:/program files (x86)/cypress/psoc creator/3.3/psoc creator/import/gnu/arm/4.9.3/bin/../lib/gcc/arm-none-eabi/4.9.3/../../../../arm-none-eabi/lib/armv6-m\libm.a(lib_a-e_pow.o) (__ieee754_sqrt)
c:/program files (x86)/cypress/psoc creator/3.3/psoc creator/import/gnu/arm/4.9.3/bin/../lib/gcc/arm-none-eabi/4.9.3/../../../../arm-none-eabi/lib/armv6-m\libm.a(lib_a-s_fabs.o)
                              c:/program files (x86)/cypress/psoc creator/3.3/psoc creator/import/gnu/arm/4.9.3/bin/../lib/gcc/arm-none-eabi/4.9.3/../../../../arm-none-eabi/lib/armv6-m\libm.a(lib_a-e_pow.o) (fabs)
c:/program files (x86)/cypress/psoc creator/3.3/psoc creator/import/gnu/arm/4.9.3/bin/../lib/gcc/arm-none-eabi/4.9.3/../../../../arm-none-eabi/lib/armv6-m\libm.a(lib_a-s_finite.o)
[...]
Memory Configuration

Name             Origin             Length             Attributes
rom              0x00000000         0x00020000         xr
ram              0x20000000         0x00004000         xrw
*default*        0x00000000         0xffffffff

Linker script and memory map

LOAD c:/program files (x86)/cypress/psoc creator/3.3/psoc creator/import/gnu/arm/4.9.3/bin/../lib/gcc/arm-none-eabi/4.9.3/armv6-m/crti.o
LOAD c:/program files (x86)/cypress/psoc creator/3.3/psoc creator/import/gnu/arm/4.9.3/bin/../lib/gcc/arm-none-eabi/4.9.3/armv6-m/crtbegin.o
LOAD c:/program files (x86)/cypress/psoc creator/3.3/psoc creator/import/gnu/arm/4.9.3/bin/../lib/gcc/arm-none-eabi/4.9.3/../../../../arm-none-eabi/lib/armv6-m/crt0.o
START GROUP
LOAD .\CortexM0\ARM_GCC_493\Debug\encoder.o
LOAD .\CortexM0\ARM_GCC_493\Debug\motor.o
LOAD .\CortexM0\ARM_GCC_493\Debug\ultrasonic.o
LOAD .\CortexM0\ARM_GCC_493\Debug\pid.o
LOAD .\CortexM0\ARM_GCC_493\Debug\i2c.o
LOAD .\CortexM0\ARM_GCC_493\Debug\control.o
LOAD .\CortexM0\ARM_GCC_493\Debug\boardmain.o
LOAD .\CortexM0\ARM_GCC_493\Debug\debug.o
LOAD .\CortexM0\ARM_GCC_493\Debug\time.o
LOAD .\CortexM0\ARM_GCC_493\Debug\infrared.o
LOAD .\CortexM0\ARM_GCC_493\Debug\utils.o
LOAD .\CortexM0\ARM_GCC_493\Debug\cymetadata.o
LOAD .\CortexM0\ARM_GCC_493\Debug\Cm0Start.o
LOAD .\CortexM0\ARM_GCC_493\Debug\Board-KitProg.a
LOAD C:\Program Files (x86)\Cypress\PSoC Creator\3.3\PSoC Creator\psoc\content\cycomponentlibrary\CyComponentLibrary.cylib\CortexM0\ARM_GCC_493\Debug\CyComponentLibrary.a
LOAD c:/program files (x86)/cypress/psoc creator/3.3/psoc creator/import/gnu/arm/4.9.3/bin/../lib/gcc/arm-none-eabi/4.9.3/../../../../arm-none-eabi/lib/armv6-m\libm.a
END GROUP
START GROUP
LOAD c:/program files (x86)/cypress/psoc creator/3.3/psoc creator/import/gnu/arm/4.9.3/bin/../lib/gcc/arm-none-eabi/4.9.3/armv6-m\libgcc.a
LOAD c:/program files (x86)/cypress/psoc creator/3.3/psoc creator/import/gnu/arm/4.9.3/bin/../lib/gcc/arm-none-eabi/4.9.3/../../../../arm-none-eabi/lib/armv6-m\libg_nano.a
LOAD c:/program files (x86)/cypress/psoc creator/3.3/psoc creator/import/gnu/arm/4.9.3/bin/../lib/gcc/arm-none-eabi/4.9.3/../../../../arm-none-eabi/lib/armv6-m\libc_nano.a
END GROUP
START GROUP
LOAD c:/program files (x86)/cypress/psoc creator/3.3/psoc creator/import/gnu/arm/4.9.3/bin/../lib/gcc/arm-none-eabi/4.9.3/armv6-m\libgcc.a
LOAD c:/program files (x86)/cypress/psoc creator/3.3/psoc creator/import/gnu/arm/4.9.3/bin/../lib/gcc/arm-none-eabi/4.9.3/../../../../arm-none-eabi/lib/armv6-m\libc_nano.a
END GROUP
LOAD c:/program files (x86)/cypress/psoc creator/3.3/psoc creator/import/gnu/arm/4.9.3/bin/../lib/gcc/arm-none-eabi/4.9.3/armv6-m/crtend.o
LOAD c:/program files (x86)/cypress/psoc creator/3.3/psoc creator/import/gnu/arm/4.9.3/bin/../lib/gcc/arm-none-eabi/4.9.3/armv6-m/crtn.o
START GROUP
LOAD c:/program files (x86)/cypress/psoc creator/3.3/psoc creator/import/gnu/arm/4.9.3/bin/../lib/gcc/arm-none-eabi/4.9.3/armv6-m\libgcc.a
LOAD c:/program files (x86)/cypress/psoc creator/3.3/psoc creator/import/gnu/arm/4.9.3/bin/../lib/gcc/arm-none-eabi/4.9.3/../../../../arm-none-eabi/lib/armv6-m\libc.a
LOAD c:/program files (x86)/cypress/psoc creator/3.3/psoc creator/import/gnu/arm/4.9.3/bin/../lib/gcc/arm-none-eabi/4.9.3/../../../../arm-none-eabi/lib/armv6-m\libnosys.a
END GROUP
                0x00000000                CY_APPL_ORIGIN = 0x0
                0x00000080                CY_FLASH_ROW_SIZE = 0x80
                0x00000001                CY_APPL_NUM = 0x1
                0x00000001                CY_APPL_MAX = 0x1
                0x00000040                CY_METADATA_SIZE = 0x40
                0x00000000                CY_APPL_LOADABLE = 0x0
                0x00000000                CY_CHECKSUM_EXCLUDE_SIZE = ALIGN (0x0, CY_FLASH_ROW_SIZE)
                0x00000000                CY_APP_FOR_STACK_AND_COPIER = 0x0
                0x20000390                PROVIDE (__cy_heap_start, _end)
                0x00000001                PROVIDE (__cy_region_num, ((__cy_regions_end - __cy_regions) / 0x10))
                0x20004000                PROVIDE (__cy_stack, (ORIGIN (ram) + 0x4000))
                0x20003800                PROVIDE (__cy_heap_end, (__cy_stack - 0x800))

.cybootloader   0x00000000        0x0
 *(.cybootloader)
                0x00000000                appl1_start = CY_APPL_ORIGIN?CY_APPL_ORIGIN:ALIGN (CY_FLASH_ROW_SIZE)
                0x0000ff80                appl2_start = (appl1_start + ALIGN ((((0x20000 - appl1_start) - (0x2 * CY_FLASH_ROW_SIZE)) / 0x2), CY_FLASH_ROW_SIZE))
                0x00000000                appl_start = (CY_APPL_NUM == 0x1)?appl1_start:appl2_start
                0x00000001                cy_project_type_bootloader = (appl_start == 0x0)?0x1:0x0
                0x00000000                cy_project_type_app_for_stack_and_copier = (CY_APP_FOR_STACK_AND_COPIER == 0x1)?0x1:0x0

.text           0x00000000     0x5f26
 CREATE_OBJECT_SYMBOLS
                0x00000000                PROVIDE (__cy_interrupt_vector, RomVectors)
 *(.romvectors)
 .romvectors    0x00000000       0x10 .\CortexM0\ARM_GCC_493\Debug\Cm0Start.o
                0x00000000                RomVectors
                0x00000001                ASSERT ((. != __cy_interrupt_vector), No interrupt vector)
                0x00000001                ASSERT (CY_APPL_ORIGIN?(SIZEOF (.cybootloader) <= CY_APPL_ORIGIN):0x1, Wrong image location)
                0x00000010                PROVIDE (__cy_reset, Reset)
 *(.text.Reset)
 .text.Reset    0x00000010        0x8 .\CortexM0\ARM_GCC_493\Debug\Cm0Start.o
                0x00000010                Reset
                0x00000001                ASSERT ((. != __cy_reset), No reset code)
 *(.psocinit)
 .psocinit      0x00000018      0x2a8 .\CortexM0\ARM_GCC_493\Debug\Board-KitProg.a(cyfitter_cfg.o)
                0x00000104                cyfitter_cfg
                0x000002c0                . = MAX (., 0x100)
 *(.text .text.* .gnu.linkonce.t.*)
 .text          0x000002c0       0x60 c:/program files (x86)/cypress/psoc creator/3.3/psoc creator/import/gnu/arm/4.9.3/bin/../lib/gcc/arm-none-eabi/4.9.3/armv6-m/crtbegin.o
 .text.CalcCount
                0x00000320       0x28 .\CortexM0\ARM_GCC_493\Debug\encoder.o
 .text.Encoder_Interrupt_Handler
                0x00000348       0x30 .\CortexM0\ARM_GCC_493\Debug\encoder.o
                0x00000348                Encoder_Interrupt_Handler
 .text.Encoder_Init
                0x00000378       0x14 .\CortexM0\ARM_GCC_493\Debug\encoder.o
                0x00000378                Encoder_Init
 .text.Encoder_Start
                0x0000038c       0x10 .\CortexM0\ARM_GCC_493\Debug\encoder.o
                0x0000038c                Encoder_Start
 .text.Encoder_GetVelocity
                0x0000039c        0xc .\CortexM0\ARM_GCC_493\Debug\encoder.o
                0x0000039c                Encoder_GetVelocity
 .text.Encoder_GetCount
                0x000003a8        0xc .\CortexM0\ARM_GCC_493\Debug\encoder.o
                0x000003a8                Encoder_GetCount
 .text.Encoder_Update
                0x000003b4       0x40 .\CortexM0\ARM_GCC_493\Debug\encoder.o
                0x000003b4                Encoder_Update
 .text.Motor_Init
                0x000003f4        0xc .\CortexM0\ARM_GCC_493\Debug\motor.o
                0x000003f4                Motor_Init
 .text.Motor_Start
                0x00000400       0x10 .\CortexM0\ARM_GCC_493\Debug\motor.o
                0x00000400                Motor_Start
 .text.Motor_SetOutput
                0x00000410       0x54 .\CortexM0\ARM_GCC_493\Debug\motor.o
                0x00000410                Motor_SetOutput
 .text.Motor_Stop
                0x00000464        0x4 .\CortexM0\ARM_GCC_493\Debug\motor.o
                0x00000464                Motor_Stop
 .text.WaitForPulseIn
                0x00000468       0x2c .\CortexM0\ARM_GCC_493\Debug\ultrasonic.o
 .text.PulseOut
                0x00000494       0x24 .\CortexM0\ARM_GCC_493\Debug\ultrasonic.o
 .text.CalcDistance
                0x000004b8       0x54 .\CortexM0\ARM_GCC_493\Debug\ultrasonic.o
 .text.Ultrasonic_Measure
                0x0000050c       0x58 .\CortexM0\ARM_GCC_493\Debug\ultrasonic.o
                0x0000050c                Ultrasonic_Measure
 .text.Calculate
                0x00000564      0x11c .\CortexM0\ARM_GCC_493\Debug\pid.o
 .text.PID_Start
                0x00000680       0x20 .\CortexM0\ARM_GCC_493\Debug\pid.o
                0x00000680                PID_Start
 .text.PID_Update
                0x000006a0       0x8c .\CortexM0\ARM_GCC_493\Debug\pid.o
                0x000006a0                PID_Update
 .text.I2c_Init
                0x0000072c       0x18 .\CortexM0\ARM_GCC_493\Debug\i2c.o
                0x0000072c                I2c_Init
 .text.I2c_Start
                0x00000744       0x1c .\CortexM0\ARM_GCC_493\Debug\i2c.o
                0x00000744                I2c_Start
 .text.I2c_ReadControl
                0x00000760       0x10 .\CortexM0\ARM_GCC_493\Debug\i2c.o
                0x00000760                I2c_ReadControl
 .text.I2c_ReadVelocity
                0x00000770       0x14 .\CortexM0\ARM_GCC_493\Debug\i2c.o
                0x00000770                I2c_ReadVelocity
 .text.I2c_WriteCount
                0x00000784       0x18 .\CortexM0\ARM_GCC_493\Debug\i2c.o
                0x00000784                I2c_WriteCount
 .text.I2c_WriteVelocity
                0x0000079c       0x10 .\CortexM0\ARM_GCC_493\Debug\i2c.o
                0x0000079c                I2c_WriteVelocity
 .text.I2c_WriteUltrasonicDistance
                0x000007ac       0x1c .\CortexM0\ARM_GCC_493\Debug\i2c.o
                0x000007ac                I2c_WriteUltrasonicDistance
 .text.Control_Init
                0x000007c8       0x10 .\CortexM0\ARM_GCC_493\Debug\control.o
                0x000007c8                Control_Init
 .text.Control_Start
                0x000007d8        0x8 .\CortexM0\ARM_GCC_493\Debug\control.o
                0x000007d8                Control_Start
 .text.Control_Update
                0x000007e0       0x1c .\CortexM0\ARM_GCC_493\Debug\control.o
                0x000007e0                Control_Update
 .text.main     0x000007fc       0x80 .\CortexM0\ARM_GCC_493\Debug\boardmain.o
                0x000007fc                main
 .text.Debug_Init
                0x0000087c       0x14 .\CortexM0\ARM_GCC_493\Debug\debug.o
                0x0000087c                Debug_Init
 .text.Debug_Start
                0x00000890        0x8 .\CortexM0\ARM_GCC_493\Debug\debug.o
                0x00000890                Debug_Start
 .text.SysTickIsrHandler
                0x00000898       0x10 .\CortexM0\ARM_GCC_493\Debug\time.o
 .text.Time_Init
                0x000008a8        0xc .\CortexM0\ARM_GCC_493\Debug\time.o
                0x000008a8                Time_Init
 .text.Time_Start
                0x000008b4       0x34 .\CortexM0\ARM_GCC_493\Debug\time.o
                0x000008b4                Time_Start
 .text.millis   0x000008e8        0xc .\CortexM0\ARM_GCC_493\Debug\time.o
                0x000008e8                millis
 .text.Infrared_Measure
                0x000008f4       0xa8 .\CortexM0\ARM_GCC_493\Debug\infrared.o
                0x000008f4                Infrared_Measure
 .text.MovingAverage
                0x0000099c       0x20 .\CortexM0\ARM_GCC_493\Debug\utils.o
                0x0000099c                MovingAverage
 .text.IntDefaultHandler
                0x000009bc        0x4 .\CortexM0\ARM_GCC_493\Debug\Cm0Start.o
                0x000009bc                IntDefaultHandler
 .text._sbrk    0x000009c0       0x30 .\CortexM0\ARM_GCC_493\Debug\Cm0Start.o
                0x000009c0                _sbrk
 .text.Start_c  0x000009f0       0x48 .\CortexM0\ARM_GCC_493\Debug\Cm0Start.o
                0x000009f0                Start_c
 .text.initialize_psoc
                0x00000a38       0x54 .\CortexM0\ARM_GCC_493\Debug\Cm0Start.o
                0x00000a38                initialize_psoc
 .text.cfg_write_bytes32
                0x00000a8c       0x34 .\CortexM0\ARM_GCC_493\Debug\Board-KitProg.a(cyfitter_cfg.o)
 .text.CYMEMZERO
                0x00000ac0        0xc .\CortexM0\ARM_GCC_493\Debug\Board-KitProg.a(cyfitter_cfg.o)
 .text.SetAnalogRoutingPumps
                0x00000acc       0x20 .\CortexM0\ARM_GCC_493\Debug\Board-KitProg.a(cyfitter_cfg.o)
                0x00000acc                SetAnalogRoutingPumps
 .text.AnalogSetDefault
                0x00000aec       0x54 .\CortexM0\ARM_GCC_493\Debug\Board-KitProg.a(cyfitter_cfg.o)
 .text.EZI2C_ScbEnableIntr
                0x00000b40        0xc .\CortexM0\ARM_GCC_493\Debug\Board-KitProg.a(EZI2C.o)
 .text.EZI2C_Init
                0x00000b4c        0x8 .\CortexM0\ARM_GCC_493\Debug\Board-KitProg.a(EZI2C.o)
                0x00000b4c                EZI2C_Init
 .text.EZI2C_Enable
                0x00000b54       0x18 .\CortexM0\ARM_GCC_493\Debug\Board-KitProg.a(EZI2C.o)
                0x00000b54                EZI2C_Enable
 .text.EZI2C_Start
                0x00000b6c       0x20 .\CortexM0\ARM_GCC_493\Debug\Board-KitProg.a(EZI2C.o)
                0x00000b6c                EZI2C_Start
 .text.EZI2C_EzI2CInit
                0x00000b8c       0xc0 .\CortexM0\ARM_GCC_493\Debug\Board-KitProg.a(EZI2C_EZI2C.o)
                0x00000b8c                EZI2C_EzI2CInit
 .text.EZI2C_EzI2CSetAddress1
                0x00000c4c       0x18 .\CortexM0\ARM_GCC_493\Debug\Board-KitProg.a(EZI2C_EZI2C.o)
                0x00000c4c                EZI2C_EzI2CSetAddress1
 .text.EZI2C_EzI2CSetBuffer1
                0x00000c64       0x30 .\CortexM0\ARM_GCC_493\Debug\Board-KitProg.a(EZI2C_EZI2C.o)
                0x00000c64                EZI2C_EzI2CSetBuffer1
 .text.EZI2C_EZI2C_STRETCH_ISR
                0x00000c94      0x324 .\CortexM0\ARM_GCC_493\Debug\Board-KitProg.a(EZI2C_EZI2C_INT.o)
                0x00000c94                EZI2C_EZI2C_STRETCH_ISR
 .text.Encoder_Intr_SetVector
                0x00000fb8        0xc .\CortexM0\ARM_GCC_493\Debug\Board-KitProg.a(Encoder_Intr.o)
                0x00000fb8                Encoder_Intr_SetVector
 .text.Encoder_Intr_SetPriority
                0x00000fc4       0x20 .\CortexM0\ARM_GCC_493\Debug\Board-KitProg.a(Encoder_Intr.o)
                0x00000fc4                Encoder_Intr_SetPriority
 .text.Encoder_Intr_Enable
                0x00000fe4        0xc .\CortexM0\ARM_GCC_493\Debug\Board-KitProg.a(Encoder_Intr.o)
                0x00000fe4                Encoder_Intr_Enable
 .text.Encoder_Intr_Disable
                0x00000ff0        0xc .\CortexM0\ARM_GCC_493\Debug\Board-KitProg.a(Encoder_Intr.o)
                0x00000ff0                Encoder_Intr_Disable
 .text.Encoder_Intr_StartEx
                0x00000ffc       0x1c .\CortexM0\ARM_GCC_493\Debug\Board-KitProg.a(Encoder_Intr.o)
                0x00000ffc                Encoder_Intr_StartEx
 .text          0x00001018       0x20 .\CortexM0\ARM_GCC_493\Debug\Board-KitProg.a(CyBootAsmGnu.o)
                0x00001018                CyDelayCycles
                0x0000102a                CyEnterCriticalSection
                0x00001032                CyExitCriticalSection
 .text.CySysClkImoGetWcoLock
                0x00001038       0x14 .\CortexM0\ARM_GCC_493\Debug\Board-KitProg.a(CyLib.o)
 .text.CySysClkImoDisableWcoLock
                0x0000104c       0x14 .\CortexM0\ARM_GCC_493\Debug\Board-KitProg.a(CyLib.o)
                0x0000104c                CySysClkImoDisableWcoLock
 .text.CyIntEnable
                0x00001060       0x14 .\CortexM0\ARM_GCC_493\Debug\Board-KitProg.a(CyLib.o)
                0x00001060                CyIntEnable
 .text.CyIntDisable
                0x00001074       0x14 .\CortexM0\ARM_GCC_493\Debug\Board-KitProg.a(CyLib.o)
                0x00001074                CyIntDisable
 .text.CyHalt   0x00001088        0x4 .\CortexM0\ARM_GCC_493\Debug\Board-KitProg.a(CyLib.o)
                0x00001088                CyHalt
 .text.CyIntSetSysVector
                0x0000108c       0x20 .\CortexM0\ARM_GCC_493\Debug\Board-KitProg.a(CyLib.o)
                0x0000108c                CyIntSetSysVector
 .text.CyIntSetVector
                0x000010ac       0x24 .\CortexM0\ARM_GCC_493\Debug\Board-KitProg.a(CyLib.o)
                0x000010ac                CyIntSetVector
 .text.CyIntSetPriority
                0x000010d0       0x4c .\CortexM0\ARM_GCC_493\Debug\Board-KitProg.a(CyLib.o)
                0x000010d0                CyIntSetPriority
 .text.CyDelay  0x0000111c       0x30 .\CortexM0\ARM_GCC_493\Debug\Board-KitProg.a(CyLib.o)
                0x0000111c                CyDelay
 .text.CySysClkImoEnableWcoLock
                0x0000114c       0xbc .\CortexM0\ARM_GCC_493\Debug\Board-KitProg.a(CyLib.o)
                0x0000114c                CySysClkImoEnableWcoLock
 .text.CySysClkWriteImoFreq
                0x00001208       0x80 .\CortexM0\ARM_GCC_493\Debug\Board-KitProg.a(CyLib.o)
                0x00001208                CySysClkWriteImoFreq
 .text.CyDelayUs
                0x00001288       0x14 .\CortexM0\ARM_GCC_493\Debug\Board-KitProg.a(CyLib.o)
                0x00001288                CyDelayUs
 .text.CySysTickEnableInterrupt
                0x0000129c       0x10 .\CortexM0\ARM_GCC_493\Debug\Board-KitProg.a(CyLib.o)
                0x0000129c                CySysTickEnableInterrupt
 .text.CySysTickEnable
                0x000012ac       0x18 .\CortexM0\ARM_GCC_493\Debug\Board-KitProg.a(CyLib.o)
                0x000012ac                CySysTickEnable
 .text.CySysTickSetReload
                0x000012c4       0x10 .\CortexM0\ARM_GCC_493\Debug\Board-KitProg.a(CyLib.o)
                0x000012c4                CySysTickSetReload
 .text.CySysTickSetClockSource
                0x000012d4       0x20 .\CortexM0\ARM_GCC_493\Debug\Board-KitProg.a(CyLib.o)
                0x000012d4                CySysTickSetClockSource
 .text.CySysTickGetCountFlag
                0x000012f4       0x10 .\CortexM0\ARM_GCC_493\Debug\Board-KitProg.a(CyLib.o)
                0x000012f4                CySysTickGetCountFlag
 .text.CySysTickServiceCallbacks
                0x00001304       0x28 .\CortexM0\ARM_GCC_493\Debug\Board-KitProg.a(CyLib.o)
 .text.CySysTickClear
                0x0000132c        0xc .\CortexM0\ARM_GCC_493\Debug\Board-KitProg.a(CyLib.o)
                0x0000132c                CySysTickClear
 .text.CySysTickInit
                0x00001338       0x4c .\CortexM0\ARM_GCC_493\Debug\Board-KitProg.a(CyLib.o)
                0x00001338                CySysTickInit
 .text.CySysTickStart
                0x00001384       0x20 .\CortexM0\ARM_GCC_493\Debug\Board-KitProg.a(CyLib.o)
                0x00001384                CySysTickStart
 .text.CySysTickSetCallback
                0x000013a4       0x10 .\CortexM0\ARM_GCC_493\Debug\Board-KitProg.a(CyLib.o)
                0x000013a4                CySysTickSetCallback
 .text.CySysTickGetCallback
                0x000013b4        0xc .\CortexM0\ARM_GCC_493\Debug\Board-KitProg.a(CyLib.o)
                0x000013b4                CySysTickGetCallback
 .text.CySysWdtLocked
                0x000013c0       0x14 .\CortexM0\ARM_GCC_493\Debug\Board-KitProg.a(CyLFClk.o)
 .text.CySysClkWcoEnabled
                0x000013d4       0x14 .\CortexM0\ARM_GCC_493\Debug\Board-KitProg.a(CyLFClk.o)
                0x000013d4                CySysClkWcoEnabled
 .text.CySysWdtLock
                0x000013e8       0x1c .\CortexM0\ARM_GCC_493\Debug\Board-KitProg.a(CyLFClk.o)
                0x000013e8                CySysWdtLock
 .text.CySysWdtUnlock
                0x00001404       0x30 .\CortexM0\ARM_GCC_493\Debug\Board-KitProg.a(CyLFClk.o)
                0x00001404                CySysWdtUnlock
 .text.CySysWdtClearInterrupt
                0x00001434       0x4c .\CortexM0\ARM_GCC_493\Debug\Board-KitProg.a(CyLFClk.o)
                0x00001434                CySysWdtClearInterrupt
 .text.CySysWdtIsr
                0x00001480       0xa4 .\CortexM0\ARM_GCC_493\Debug\Board-KitProg.a(CyLFClk.o)
                0x00001480                CySysWdtIsr
 .text.HB25_PWM_WriteCounter
                0x00001524       0x10 .\CortexM0\ARM_GCC_493\Debug\Board-KitProg.a(HB25_PWM.o)
                0x00001524                HB25_PWM_WriteCounter
 .text.HB25_PWM_WritePeriod
                0x00001534       0x10 .\CortexM0\ARM_GCC_493\Debug\Board-KitProg.a(HB25_PWM.o)
                0x00001534                HB25_PWM_WritePeriod
 .text.HB25_PWM_WriteCompare
                0x00001544       0x10 .\CortexM0\ARM_GCC_493\Debug\Board-KitProg.a(HB25_PWM.o)
                0x00001544                HB25_PWM_WriteCompare
 .text.HB25_PWM_TriggerCommand
                0x00001554       0x1c .\CortexM0\ARM_GCC_493\Debug\Board-KitProg.a(HB25_PWM.o)
                0x00001554                HB25_PWM_TriggerCommand
 .text.HB25_PWM_Enable
                0x00001570       0x24 .\CortexM0\ARM_GCC_493\Debug\Board-KitProg.a(HB25_PWM.o)
                0x00001570                HB25_PWM_Enable
 .text.HB25_PWM_SetInterruptMode
                0x00001594        0xc .\CortexM0\ARM_GCC_493\Debug\Board-KitProg.a(HB25_PWM.o)
                0x00001594                HB25_PWM_SetInterruptMode
 .text.HB25_PWM_Init
                0x000015a0       0x4c .\CortexM0\ARM_GCC_493\Debug\Board-KitProg.a(HB25_PWM.o)
                0x000015a0                HB25_PWM_Init
 .text.HB25_PWM_Start
                0x000015ec       0x20 .\CortexM0\ARM_GCC_493\Debug\Board-KitProg.a(HB25_PWM.o)
                0x000015ec                HB25_PWM_Start
 .text.Encoder_Pins_Read
                0x0000160c       0x10 .\CortexM0\ARM_GCC_493\Debug\Board-KitProg.a(Encoder_Pins.o)
                0x0000160c                Encoder_Pins_Read
 .text.Encoder_Pins_ClearInterrupt
                0x0000161c       0x14 .\CortexM0\ARM_GCC_493\Debug\Board-KitProg.a(Encoder_Pins.o)
                0x0000161c                Encoder_Pins_ClearInterrupt
 .text.ADC_Infrared_StartConvert
                0x00001630       0x14 .\CortexM0\ARM_GCC_493\Debug\Board-KitProg.a(ADC_Infrared.o)
                0x00001630                ADC_Infrared_StartConvert
 .text.ADC_Infrared_IsEndConversion
                0x00001644       0x28 .\CortexM0\ARM_GCC_493\Debug\Board-KitProg.a(ADC_Infrared.o)
                0x00001644                ADC_Infrared_IsEndConversion
 .text.ADC_Infrared_GetResult16
                0x0000166c       0x2c .\CortexM0\ARM_GCC_493\Debug\Board-KitProg.a(ADC_Infrared.o)
                0x0000166c                ADC_Infrared_GetResult16
 .text.HCSR04_Control_Write
                0x00001698        0xc .\CortexM0\ARM_GCC_493\Debug\Board-KitProg.a(HCSR04_Control.o)
                0x00001698                HCSR04_Control_Write
 .text.HCSR04_Trigger_0_Write
                0x000016a4       0x18 .\CortexM0\ARM_GCC_493\Debug\Board-KitProg.a(HCSR04_Trigger_0.o)
                0x000016a4                HCSR04_Trigger_0_Write
 .text.HCSR04_Trigger_2_Write
                0x000016bc       0x18 .\CortexM0\ARM_GCC_493\Debug\Board-KitProg.a(HCSR04_Trigger_2.o)
                0x000016bc                HCSR04_Trigger_2_Write
 .text.HCSR04_Trigger_3_Write
                0x000016d4       0x18 .\CortexM0\ARM_GCC_493\Debug\Board-KitProg.a(HCSR04_Trigger_3.o)
                0x000016d4                HCSR04_Trigger_3_Write
 .text.HCSR04_Trigger_1_Write
                0x000016ec       0x18 .\CortexM0\ARM_GCC_493\Debug\Board-KitProg.a(HCSR04_Trigger_1.o)
                0x000016ec                HCSR04_Trigger_1_Write
 .text.CySysFlashSetWaitCycles
                0x00001704       0x54 .\CortexM0\ARM_GCC_493\Debug\Board-KitProg.a(CyFlash.o)
                0x00001704                CySysFlashSetWaitCycles
 .text.pow      0x00001758      0x35c c:/program files (x86)/cypress/psoc creator/3.3/psoc creator/import/gnu/arm/4.9.3/bin/../lib/gcc/arm-none-eabi/4.9.3/../../../../arm-none-eabi/lib/armv6-m\libm.a(lib_a-w_pow.o)
                0x00001758                pow
 .text.__ieee754_pow
                0x00001ab4      0xa8c c:/program files (x86)/cypress/psoc creator/3.3/psoc creator/import/gnu/arm/4.9.3/bin/../lib/gcc/arm-none-eabi/4.9.3/../../../../arm-none-eabi/lib/armv6-m\libm.a(lib_a-e_pow.o)
                0x00001ab4                __ieee754_pow
 .text.__ieee754_sqrt
                0x00002540      0x1ec c:/program files (x86)/cypress/psoc creator/3.3/psoc creator/import/gnu/arm/4.9.3/bin/../lib/gcc/arm-none-eabi/4.9.3/../../../../arm-none-eabi/lib/armv6-m\libm.a(lib_a-e_sqrt.o)
                0x00002540                __ieee754_sqrt
 .text.fabs     0x0000272c        0x8 c:/program files (x86)/cypress/psoc creator/3.3/psoc creator/import/gnu/arm/4.9.3/bin/../lib/gcc/arm-none-eabi/4.9.3/../../../../arm-none-eabi/lib/armv6-m\libm.a(lib_a-s_fabs.o)
                0x0000272c                fabs
 .text.finite   0x00002734       0x14 c:/program files (x86)/cypress/psoc creator/3.3/psoc creator/import/gnu/arm/4.9.3/bin/../lib/gcc/arm-none-eabi/4.9.3/../../../../arm-none-eabi/lib/armv6-m\libm.a(lib_a-s_finite.o)
                0x00002734                finite
 .text.__fpclassifyd
                0x00002748       0x5c c:/program files (x86)/cypress/psoc creator/3.3/psoc creator/import/gnu/arm/4.9.3/bin/../lib/gcc/arm-none-eabi/4.9.3/../../../../arm-none-eabi/lib/armv6-m\libm.a(lib_a-s_fpclassify.o)
                0x00002748                __fpclassifyd
 .text.matherr  0x000027a4        0x4 c:/program files (x86)/cypress/psoc creator/3.3/psoc creator/import/gnu/arm/4.9.3/bin/../lib/gcc/arm-none-eabi/4.9.3/../../../../arm-none-eabi/lib/armv6-m\libm.a(lib_a-s_matherr.o)
                0x000027a4                matherr
 .text.nan      0x000027a8        0xc c:/program files (x86)/cypress/psoc creator/3.3/psoc creator/import/gnu/arm/4.9.3/bin/../lib/gcc/arm-none-eabi/4.9.3/../../../../arm-none-eabi/lib/armv6-m\libm.a(lib_a-s_nan.o)
                0x000027a8                nan
 .text.rint     0x000027b4      0x144 c:/program files (x86)/cypress/psoc creator/3.3/psoc creator/import/gnu/arm/4.9.3/bin/../lib/gcc/arm-none-eabi/4.9.3/../../../../arm-none-eabi/lib/armv6-m\libm.a(lib_a-s_rint.o)
                0x000027b4                rint
 .text.scalbn   0x000028f8       0xf8 c:/program files (x86)/cypress/psoc creator/3.3/psoc creator/import/gnu/arm/4.9.3/bin/../lib/gcc/arm-none-eabi/4.9.3/../../../../arm-none-eabi/lib/armv6-m\libm.a(lib_a-s_scalbn.o)
                0x000028f8                scalbn
 .text.copysign
                0x000029f0       0x10 c:/program files (x86)/cypress/psoc creator/3.3/psoc creator/import/gnu/arm/4.9.3/bin/../lib/gcc/arm-none-eabi/4.9.3/../../../../arm-none-eabi/lib/armv6-m\libm.a(lib_a-s_copysign.o)
                0x000029f0                copysign
 .text          0x00002a00      0x120 c:/program files (x86)/cypress/psoc creator/3.3/psoc creator/import/gnu/arm/4.9.3/bin/../lib/gcc/arm-none-eabi/4.9.3/armv6-m\libgcc.a(_udivsi3.o)
                0x00002a00                __aeabi_uidiv
                0x00002a00                __udivsi3
                0x00002b0c                __aeabi_uidivmod
 .text          0x00002b20      0x1e0 c:/program files (x86)/cypress/psoc creator/3.3/psoc creator/import/gnu/arm/4.9.3/bin/../lib/gcc/arm-none-eabi/4.9.3/armv6-m\libgcc.a(_divsi3.o)
                0x00002b20                __divsi3
                0x00002b20                __aeabi_idiv
                0x00002cec                __aeabi_idivmod
 .text          0x00002d00        0x4 c:/program files (x86)/cypress/psoc creator/3.3/psoc creator/import/gnu/arm/4.9.3/bin/../lib/gcc/arm-none-eabi/4.9.3/armv6-m\libgcc.a(_dvmd_tls.o)
                0x00002d00                __aeabi_idiv0
                0x00002d00                __aeabi_ldiv0
 .text          0x00002d04       0x7c c:/program files (x86)/cypress/psoc creator/3.3/psoc creator/import/gnu/arm/4.9.3/bin/../lib/gcc/arm-none-eabi/4.9.3/armv6-m\libgcc.a(_arm_cmpdf2.o)
                0x00002d04                __aeabi_cdrcmple
                0x00002d14                __aeabi_cdcmple
                0x00002d14                __aeabi_cdcmpeq
                0x00002d24                __aeabi_dcmpeq
                0x00002d30                __aeabi_dcmplt
                0x00002d44                __aeabi_dcmple
                0x00002d58                __aeabi_dcmpgt
                0x00002d6c                __aeabi_dcmpge
 .text          0x00002d80      0x2f8 c:/program files (x86)/cypress/psoc creator/3.3/psoc creator/import/gnu/arm/4.9.3/bin/../lib/gcc/arm-none-eabi/4.9.3/armv6-m\libgcc.a(addsf3.o)
                0x00002d80                __aeabi_fadd
 .text          0x00003078      0x270 c:/program files (x86)/cypress/psoc creator/3.3/psoc creator/import/gnu/arm/4.9.3/bin/../lib/gcc/arm-none-eabi/4.9.3/armv6-m\libgcc.a(divsf3.o)
                0x00003078                __aeabi_fdiv
 .text          0x000032e8      0x264 c:/program files (x86)/cypress/psoc creator/3.3/psoc creator/import/gnu/arm/4.9.3/bin/../lib/gcc/arm-none-eabi/4.9.3/armv6-m\libgcc.a(mulsf3.o)
                0x000032e8                __aeabi_fmul
 .text          0x0000354c      0x2fc c:/program files (x86)/cypress/psoc creator/3.3/psoc creator/import/gnu/arm/4.9.3/bin/../lib/gcc/arm-none-eabi/4.9.3/armv6-m\libgcc.a(subsf3.o)
                0x0000354c                __aeabi_fsub
 .text          0x00003848       0x40 c:/program files (x86)/cypress/psoc creator/3.3/psoc creator/import/gnu/arm/4.9.3/bin/../lib/gcc/arm-none-eabi/4.9.3/armv6-m\libgcc.a(fixsfsi.o)
                0x00003848                __aeabi_f2iz
 .text          0x00003888       0x90 c:/program files (x86)/cypress/psoc creator/3.3/psoc creator/import/gnu/arm/4.9.3/bin/../lib/gcc/arm-none-eabi/4.9.3/armv6-m\libgcc.a(floatsisf.o)
                0x00003888                __aeabi_i2f
 .text          0x00003918      0x650 c:/program files (x86)/cypress/psoc creator/3.3/psoc creator/import/gnu/arm/4.9.3/bin/../lib/gcc/arm-none-eabi/4.9.3/armv6-m\libgcc.a(adddf3.o)
                0x00003918                __aeabi_dadd
 .text          0x00003f68      0x648 c:/program files (x86)/cypress/psoc creator/3.3/psoc creator/import/gnu/arm/4.9.3/bin/../lib/gcc/arm-none-eabi/4.9.3/armv6-m\libgcc.a(divdf3.o)
                0x00003f68                __aeabi_ddiv
 .text          0x000045b0       0x88 c:/program files (x86)/cypress/psoc creator/3.3/psoc creator/import/gnu/arm/4.9.3/bin/../lib/gcc/arm-none-eabi/4.9.3/armv6-m\libgcc.a(eqdf2.o)
                0x000045b0                __nedf2
                0x000045b0                __eqdf2
 .text          0x00004638       0xe0 c:/program files (x86)/cypress/psoc creator/3.3/psoc creator/import/gnu/arm/4.9.3/bin/../lib/gcc/arm-none-eabi/4.9.3/armv6-m\libgcc.a(gedf2.o)
                0x00004638                __gedf2
                0x00004638                __gtdf2
 .text          0x00004718       0xcc c:/program files (x86)/cypress/psoc creator/3.3/psoc creator/import/gnu/arm/4.9.3/bin/../lib/gcc/arm-none-eabi/4.9.3/armv6-m\libgcc.a(ledf2.o)
                0x00004718                __ledf2
                0x00004718                __ltdf2
 .text          0x000047e4      0x534 c:/program files (x86)/cypress/psoc creator/3.3/psoc creator/import/gnu/arm/4.9.3/bin/../lib/gcc/arm-none-eabi/4.9.3/armv6-m\libgcc.a(muldf3.o)
                0x000047e4                __aeabi_dmul
 .text          0x00004d18      0x6f4 c:/program files (x86)/cypress/psoc creator/3.3/psoc creator/import/gnu/arm/4.9.3/bin/../lib/gcc/arm-none-eabi/4.9.3/armv6-m\libgcc.a(subdf3.o)
                0x00004d18                __aeabi_dsub
 .text          0x0000540c       0x78 c:/program files (x86)/cypress/psoc creator/3.3/psoc creator/import/gnu/arm/4.9.3/bin/../lib/gcc/arm-none-eabi/4.9.3/armv6-m\libgcc.a(floatsidf.o)
                0x0000540c                __aeabi_i2d
 .text          0x00005484       0xa8 c:/program files (x86)/cypress/psoc creator/3.3/psoc creator/import/gnu/arm/4.9.3/bin/../lib/gcc/arm-none-eabi/4.9.3/armv6-m\libgcc.a(extendsfdf2.o)
                0x00005484                __aeabi_f2d
 .text          0x0000552c      0x120 c:/program files (x86)/cypress/psoc creator/3.3/psoc creator/import/gnu/arm/4.9.3/bin/../lib/gcc/arm-none-eabi/4.9.3/armv6-m\libgcc.a(truncdfsf2.o)
                0x0000552c                __aeabi_d2f
 .text          0x0000564c       0x3c c:/program files (x86)/cypress/psoc creator/3.3/psoc creator/import/gnu/arm/4.9.3/bin/../lib/gcc/arm-none-eabi/4.9.3/armv6-m\libgcc.a(_clzsi2.o)
                0x0000564c                __clzsi2
 .text.__errno  0x00005688        0xc c:/program files (x86)/cypress/psoc creator/3.3/psoc creator/import/gnu/arm/4.9.3/bin/../lib/gcc/arm-none-eabi/4.9.3/../../../../arm-none-eabi/lib/armv6-m\libg_nano.a(lib_a-errno.o)
                0x00005688                __errno
 .text.__libc_init_array
                0x00005694       0x4c c:/program files (x86)/cypress/psoc creator/3.3/psoc creator/import/gnu/arm/4.9.3/bin/../lib/gcc/arm-none-eabi/4.9.3/../../../../arm-none-eabi/lib/armv6-m\libg_nano.a(lib_a-init.o)
                0x00005694                __libc_init_array
 .text.memcpy   0x000056e0       0x12 c:/program files (x86)/cypress/psoc creator/3.3/psoc creator/import/gnu/arm/4.9.3/bin/../lib/gcc/arm-none-eabi/4.9.3/../../../../arm-none-eabi/lib/armv6-m\libg_nano.a(lib_a-memcpy.o)
                0x000056e0                memcpy
 .text.memset   0x000056f2       0x10 c:/program files (x86)/cypress/psoc creator/3.3/psoc creator/import/gnu/arm/4.9.3/bin/../lib/gcc/arm-none-eabi/4.9.3/../../../../arm-none-eabi/lib/armv6-m\libg_nano.a(lib_a-memset.o)
                0x000056f2                memset
 *fill*         0x00005702        0x2 
 .text.snprintf
                0x00005704       0x68 c:/program files (x86)/cypress/psoc creator/3.3/psoc creator/import/gnu/arm/4.9.3/bin/../lib/gcc/arm-none-eabi/4.9.3/../../../../arm-none-eabi/lib/armv6-m\libg_nano.a(lib_a-snprintf.o)
                0x00005704                sniprintf
                0x00005704                snprintf
 .text.__ssputs_r
                0x0000576c       0xc0 c:/program files (x86)/cypress/psoc creator/3.3/psoc creator/import/gnu/arm/4.9.3/bin/../lib/gcc/arm-none-eabi/4.9.3/../../../../arm-none-eabi/lib/armv6-m\libg_nano.a(lib_a-nano-svfprintf.o)
                0x0000576c                __ssputs_r
 .text._svfprintf_r
                0x0000582c      0x1ec c:/program files (x86)/cypress/psoc creator/3.3/psoc creator/import/gnu/arm/4.9.3/bin/../lib/gcc/arm-none-eabi/4.9.3/../../../../arm-none-eabi/lib/armv6-m\libg_nano.a(lib_a-nano-svfprintf.o)
                0x0000582c                _svfiprintf_r
                0x0000582c                _svfprintf_r
 .text._printf_common
                0x00005a18       0xdc c:/program files (x86)/cypress/psoc creator/3.3/psoc creator/import/gnu/arm/4.9.3/bin/../lib/gcc/arm-none-eabi/4.9.3/../../../../arm-none-eabi/lib/armv6-m\libg_nano.a(lib_a-nano-vfprintf_i.o)
                0x00005a18                _printf_common
 .text._printf_i
                0x00005af4      0x230 c:/program files (x86)/cypress/psoc creator/3.3/psoc creator/import/gnu/arm/4.9.3/bin/../lib/gcc/arm-none-eabi/4.9.3/../../../../arm-none-eabi/lib/armv6-m\libg_nano.a(lib_a-nano-vfprintf_i.o)
                0x00005af4                _printf_i
 .text.memchr   0x00005d24       0x16 c:/program files (x86)/cypress/psoc creator/3.3/psoc creator/import/gnu/arm/4.9.3/bin/../lib/gcc/arm-none-eabi/4.9.3/../../../../arm-none-eabi/lib/armv6-m\libg_nano.a(lib_a-memchr.o)
                0x00005d24                memchr
 .text.memmove  0x00005d3a       0x28 c:/program files (x86)/cypress/psoc creator/3.3/psoc creator/import/gnu/arm/4.9.3/bin/../lib/gcc/arm-none-eabi/4.9.3/../../../../arm-none-eabi/lib/armv6-m\libg_nano.a(lib_a-memmove.o)
                0x00005d3a                memmove
 *fill*         0x00005d62        0x2 
 .text._free_r  0x00005d64       0x8c c:/program files (x86)/cypress/psoc creator/3.3/psoc creator/import/gnu/arm/4.9.3/bin/../lib/gcc/arm-none-eabi/4.9.3/../../../../arm-none-eabi/lib/armv6-m\libg_nano.a(lib_a-nano-freer.o)
                0x00005d64                _free_r
 .text._malloc_r
                0x00005df0       0xb0 c:/program files (x86)/cypress/psoc creator/3.3/psoc creator/import/gnu/arm/4.9.3/bin/../lib/gcc/arm-none-eabi/4.9.3/../../../../arm-none-eabi/lib/armv6-m\libg_nano.a(lib_a-nano-mallocr.o)
                0x00005df0                _malloc_r
 .text._realloc_r
                0x00005ea0       0x4c c:/program files (x86)/cypress/psoc creator/3.3/psoc creator/import/gnu/arm/4.9.3/bin/../lib/gcc/arm-none-eabi/4.9.3/../../../../arm-none-eabi/lib/armv6-m\libg_nano.a(lib_a-nano-reallocr.o)
                0x00005ea0                _realloc_r
 .text._sbrk_r  0x00005eec       0x24 c:/program files (x86)/cypress/psoc creator/3.3/psoc creator/import/gnu/arm/4.9.3/bin/../lib/gcc/arm-none-eabi/4.9.3/../../../../arm-none-eabi/lib/armv6-m\libg_nano.a(lib_a-sbrkr.o)
                0x00005eec                _sbrk_r
 .text._malloc_usable_size_r
                0x00005f10       0x16 c:/program files (x86)/cypress/psoc creator/3.3/psoc creator/import/gnu/arm/4.9.3/bin/../lib/gcc/arm-none-eabi/4.9.3/../../../../arm-none-eabi/lib/armv6-m\libg_nano.a(lib_a-nano-msizer.o)
                0x00005f10                _malloc_usable_size_r
 *(.plt)
 *(.gnu.warning)
 *(.glue_7t)
 .glue_7t       0x00000000        0x0 linker stubs
 *(.glue_7)
 .glue_7        0x00000000        0x0 linker stubs
 *(.vfp11_veneer)
 .vfp11_veneer  0x00000000        0x0 linker stubs
 *(.bootloader)
 *(.ARM.extab* .gnu.linkonce.armextab.*)
 *(.gcc_except_table)

.v4_bx          0x00005f28        0x0
 .v4_bx         0x00000000        0x0 linker stubs

.iplt           0x00005f28        0x0
 .iplt          0x00000000        0x0 c:/program files (x86)/cypress/psoc creator/3.3/psoc creator/import/gnu/arm/4.9.3/bin/../lib/gcc/arm-none-eabi/4.9.3/armv6-m/crtbegin.o

.eh_frame_hdr
 *(.eh_frame_hdr)

.eh_frame       0x00005f28        0x4
 *(.eh_frame)
 .eh_frame      0x00005f28        0x0 c:/program files (x86)/cypress/psoc creator/3.3/psoc creator/import/gnu/arm/4.9.3/bin/../lib/gcc/arm-none-eabi/4.9.3/armv6-m/crtbegin.o
 .eh_frame      0x00005f28        0x4 c:/program files (x86)/cypress/psoc creator/3.3/psoc creator/import/gnu/arm/4.9.3/bin/../lib/gcc/arm-none-eabi/4.9.3/armv6-m/crtend.o
                0x00005f2c                PROVIDE (__exidx_start, .)

.ARM.exidx
 *(.ARM.exidx* .gnu.linkonce.armexidx.*)
                0x00005f2c                __exidx_end = .

.rodata         0x00005f30      0x388
 *(.rodata .rodata.* .gnu.linkonce.r.*)
 .rodata        0x00005f30       0x10 .\CortexM0\ARM_GCC_493\Debug\encoder.o
 .rodata.cst2   0x00005f40        0x2 .\CortexM0\ARM_GCC_493\Debug\motor.o
 *fill*         0x00005f42        0x2 
 .rodata        0x00005f44       0x10 .\CortexM0\ARM_GCC_493\Debug\ultrasonic.o
 .rodata.str1.4
                0x00005f54       0x75 .\CortexM0\ARM_GCC_493\Debug\pid.o
                                 0x78 (size before relaxing)
 *fill*         0x00005fc9        0x1 
 .rodata.cst2   0x00005fca        0x2 .\CortexM0\ARM_GCC_493\Debug\infrared.o
                                  0x4 (size before relaxing)
 .rodata        0x00005fcc       0xc4 .\CortexM0\ARM_GCC_493\Debug\Board-KitProg.a(cyfitter_cfg.o)
 .rodata        0x00006090       0x30 .\CortexM0\ARM_GCC_493\Debug\Board-KitProg.a(CyLib.o)
                0x00006090                cyImoFreqMhz2Reg
 .rodata.str1.4
                0x000060c0        0x4 c:/program files (x86)/cypress/psoc creator/3.3/psoc creator/import/gnu/arm/4.9.3/bin/../lib/gcc/arm-none-eabi/4.9.3/../../../../arm-none-eabi/lib/armv6-m\libm.a(lib_a-w_pow.o)
 *fill*         0x000060c4        0x4 
 .rodata.dp_h   0x000060c8       0x10 c:/program files (x86)/cypress/psoc creator/3.3/psoc creator/import/gnu/arm/4.9.3/bin/../lib/gcc/arm-none-eabi/4.9.3/../../../../arm-none-eabi/lib/armv6-m\libm.a(lib_a-e_pow.o)
 .rodata.dp_l   0x000060d8       0x10 c:/program files (x86)/cypress/psoc creator/3.3/psoc creator/import/gnu/arm/4.9.3/bin/../lib/gcc/arm-none-eabi/4.9.3/../../../../arm-none-eabi/lib/armv6-m\libm.a(lib_a-e_pow.o)
 .rodata.bp     0x000060e8       0x10 c:/program files (x86)/cypress/psoc creator/3.3/psoc creator/import/gnu/arm/4.9.3/bin/../lib/gcc/arm-none-eabi/4.9.3/../../../../arm-none-eabi/lib/armv6-m\libm.a(lib_a-e_pow.o)
 .rodata.str1.4
                0x00000000        0x4 c:/program files (x86)/cypress/psoc creator/3.3/psoc creator/import/gnu/arm/4.9.3/bin/../lib/gcc/arm-none-eabi/4.9.3/../../../../arm-none-eabi/lib/armv6-m\libm.a(lib_a-e_pow.o)
 .rodata.TWO52  0x000060f8       0x10 c:/program files (x86)/cypress/psoc creator/3.3/psoc creator/import/gnu/arm/4.9.3/bin/../lib/gcc/arm-none-eabi/4.9.3/../../../../arm-none-eabi/lib/armv6-m\libm.a(lib_a-s_rint.o)
 .rodata        0x00006108       0x80 c:/program files (x86)/cypress/psoc creator/3.3/psoc creator/import/gnu/arm/4.9.3/bin/../lib/gcc/arm-none-eabi/4.9.3/armv6-m\libgcc.a(divsf3.o)
 .rodata        0x00006188       0x40 c:/program files (x86)/cypress/psoc creator/3.3/psoc creator/import/gnu/arm/4.9.3/bin/../lib/gcc/arm-none-eabi/4.9.3/armv6-m\libgcc.a(mulsf3.o)
 .rodata        0x000061c8       0x40 c:/program files (x86)/cypress/psoc creator/3.3/psoc creator/import/gnu/arm/4.9.3/bin/../lib/gcc/arm-none-eabi/4.9.3/armv6-m\libgcc.a(divdf3.o)
 .rodata        0x00006208       0x40 c:/program files (x86)/cypress/psoc creator/3.3/psoc creator/import/gnu/arm/4.9.3/bin/../lib/gcc/arm-none-eabi/4.9.3/armv6-m\libgcc.a(muldf3.o)
 .rodata.str1.1
                0x00006248        0x2 c:/program files (x86)/cypress/psoc creator/3.3/psoc creator/import/gnu/arm/4.9.3/bin/../lib/gcc/arm-none-eabi/4.9.3/../../../../arm-none-eabi/lib/armv6-m\libg_nano.a(lib_a-impure.o)
 .rodata.str1.1
                0x0000624a       0x11 c:/program files (x86)/cypress/psoc creator/3.3/psoc creator/import/gnu/arm/4.9.3/bin/../lib/gcc/arm-none-eabi/4.9.3/../../../../arm-none-eabi/lib/armv6-m\libg_nano.a(lib_a-nano-svfprintf.o)
 .rodata.str1.1
                0x0000625b       0x22 c:/program files (x86)/cypress/psoc creator/3.3/psoc creator/import/gnu/arm/4.9.3/bin/../lib/gcc/arm-none-eabi/4.9.3/../../../../arm-none-eabi/lib/armv6-m\libg_nano.a(lib_a-nano-vfprintf_i.o)
                0x00006280                . = ALIGN (0x4)
 *fill*         0x0000627d        0x3 
 *(.init)
 .init          0x00006280        0x4 c:/program files (x86)/cypress/psoc creator/3.3/psoc creator/import/gnu/arm/4.9.3/bin/../lib/gcc/arm-none-eabi/4.9.3/armv6-m/crti.o
                0x00006280                _init
 .init          0x00006284        0x8 c:/program files (x86)/cypress/psoc creator/3.3/psoc creator/import/gnu/arm/4.9.3/bin/../lib/gcc/arm-none-eabi/4.9.3/armv6-m/crtn.o
                0x0000628c                . = ALIGN (0x4)
                0x0000628c                __preinit_array_start = .
 *(.preinit_array)
                0x0000628c                __preinit_array_end = .
                0x0000628c                . = ALIGN (0x4)
                0x0000628c                __init_array_start = .
 *(SORT(.init_array.*))
 *(.init_array)
 .init_array    0x0000628c        0x4 c:/program files (x86)/cypress/psoc creator/3.3/psoc creator/import/gnu/arm/4.9.3/bin/../lib/gcc/arm-none-eabi/4.9.3/armv6-m/crtbegin.o
 .init_array    0x00006290        0x4 .\CortexM0\ARM_GCC_493\Debug\Cm0Start.o
                0x00006294                __init_array_end = .
                0x00006294                . = ALIGN (0x4)
 *(.fini)
 .fini          0x00006294        0x4 c:/program files (x86)/cypress/psoc creator/3.3/psoc creator/import/gnu/arm/4.9.3/bin/../lib/gcc/arm-none-eabi/4.9.3/armv6-m/crti.o
                0x00006294                _fini
 .fini          0x00006298        0x8 c:/program files (x86)/cypress/psoc creator/3.3/psoc creator/import/gnu/arm/4.9.3/bin/../lib/gcc/arm-none-eabi/4.9.3/armv6-m/crtn.o
                0x000062a0                . = ALIGN (0x4)
                0x000062a0                __fini_array_start = .
 *(.fini_array)
 .fini_array    0x000062a0        0x4 c:/program files (x86)/cypress/psoc creator/3.3/psoc creator/import/gnu/arm/4.9.3/bin/../lib/gcc/arm-none-eabi/4.9.3/armv6-m/crtbegin.o
 *(SORT(.fini_array.*))
                0x000062a4                __fini_array_end = .
                0x000062a4                . = ALIGN (0x4)
 *crtbegin.o(.ctors)
 *(EXCLUDE_FILE(*crtend.o) .ctors)
 *(SORT(.ctors.*))
 *crtend.o(.ctors)
                0x000062a4                . = ALIGN (0x4)
 *crtbegin.o(.dtors)
 *(EXCLUDE_FILE(*crtend.o) .dtors)
 *(SORT(.dtors.*))
 *crtend.o(.dtors)
                0x000062a4                . = ALIGN (0x4)
                0x000062a4                __cy_regions = .
                0x000062a4        0x4 LONG 0x62b8 __cy_region_init_ram
                0x000062a8        0x4 LONG 0x200000c8 __cy_region_start_data
                0x000062ac        0x4 LONG 0x88 __cy_region_init_size_ram
                0x000062b0        0x4 LONG 0x240 __cy_region_zero_size_ram
                0x000062b4                __cy_regions_end = .
                0x000062b8                . = ALIGN (0x8)
 *fill*         0x000062b4        0x4 
                0x000062b8                _etext = .

.cy_checksum_exclude
                0x000062b8        0x0
 *(.cy_checksum_exclude)

.ramvectors     0x20000000       0xc0
                0x20000000                __cy_region_start_ram = .
 *(.ramvectors)
 .ramvectors    0x20000000       0xc0 .\CortexM0\ARM_GCC_493\Debug\Cm0Start.o
                0x20000000                CyRamVectors

.noinit         0x200000c0        0x4
 *(.noinit)
 .noinit        0x200000c0        0x4 .\CortexM0\ARM_GCC_493\Debug\Cm0Start.o

.data           0x200000c8       0x88 load address 0x000062b8
                0x200000c8                __cy_region_start_data = .
 *(.jcr)
 .jcr           0x200000c8        0x0 c:/program files (x86)/cypress/psoc creator/3.3/psoc creator/import/gnu/arm/4.9.3/bin/../lib/gcc/arm-none-eabi/4.9.3/armv6-m/crtbegin.o
 .jcr           0x200000c8        0x4 c:/program files (x86)/cypress/psoc creator/3.3/psoc creator/import/gnu/arm/4.9.3/bin/../lib/gcc/arm-none-eabi/4.9.3/armv6-m/crtend.o
 *(.got.plt)
 *(.got)
 *(.shdata)
 *(.data .data.* .gnu.linkonce.d.*)
 .data          0x200000cc        0x4 .\CortexM0\ARM_GCC_493\Debug\Cm0Start.o
 .data          0x200000d0       0x10 .\CortexM0\ARM_GCC_493\Debug\Board-KitProg.a(CyLib.o)
                0x200000d0                cydelay32kMs
                0x200000d4                cydelayFreqKhz
                0x200000d8                cydelayFreqMhz
                0x200000dc                cydelayFreqHz
 .data          0x200000e0        0x4 .\CortexM0\ARM_GCC_493\Debug\Board-KitProg.a(CyLFClk.o)
 .data.__fdlib_version
                0x200000e4        0x1 c:/program files (x86)/cypress/psoc creator/3.3/psoc creator/import/gnu/arm/4.9.3/bin/../lib/gcc/arm-none-eabi/4.9.3/../../../../arm-none-eabi/lib/armv6-m\libm.a(lib_a-s_lib_ver.o)
                0x200000e4                __fdlib_version
 *fill*         0x200000e5        0x3 
 .data.impure_data
                0x200000e8       0x60 c:/program files (x86)/cypress/psoc creator/3.3/psoc creator/import/gnu/arm/4.9.3/bin/../lib/gcc/arm-none-eabi/4.9.3/../../../../arm-none-eabi/lib/armv6-m\libg_nano.a(lib_a-impure.o)
 .data._impure_ptr
                0x20000148        0x4 c:/program files (x86)/cypress/psoc creator/3.3/psoc creator/import/gnu/arm/4.9.3/bin/../lib/gcc/arm-none-eabi/4.9.3/../../../../arm-none-eabi/lib/armv6-m\libg_nano.a(lib_a-impure.o)
                0x20000148                _impure_ptr
                0x20000150                . = ALIGN (0x8)
 *fill*         0x2000014c        0x4 
 *(.ram)
                0x20000150                _edata = .

.igot.plt       0x20000150        0x0 load address 0x00006340
 .igot.plt      0x00000000        0x0 c:/program files (x86)/cypress/psoc creator/3.3/psoc creator/import/gnu/arm/4.9.3/bin/../lib/gcc/arm-none-eabi/4.9.3/armv6-m/crtbegin.o

.bss            0x20000150      0x240 load address 0x00006340
                0x20000150                PROVIDE (__bss_start__, .)
 *(.shbss)
 *(.bss .bss.* .gnu.linkonce.b.*)
 .bss           0x20000150       0x1c c:/program files (x86)/cypress/psoc creator/3.3/psoc creator/import/gnu/arm/4.9.3/bin/../lib/gcc/arm-none-eabi/4.9.3/armv6-m/crtbegin.o
 .bss           0x2000016c       0x14 .\CortexM0\ARM_GCC_493\Debug\encoder.o
 .bss           0x20000180       0x4c .\CortexM0\ARM_GCC_493\Debug\ultrasonic.o
 .bss           0x200001cc       0x1c .\CortexM0\ARM_GCC_493\Debug\pid.o
 .bss           0x200001e8       0x20 .\CortexM0\ARM_GCC_493\Debug\i2c.o
 .bss           0x20000208        0x4 .\CortexM0\ARM_GCC_493\Debug\control.o
 .bss           0x2000020c       0x10 .\CortexM0\ARM_GCC_493\Debug\boardmain.o
 .bss           0x2000021c        0x4 .\CortexM0\ARM_GCC_493\Debug\time.o
 .bss           0x20000220        0x8 .\CortexM0\ARM_GCC_493\Debug\infrared.o
 .bss           0x20000228        0x8 .\CortexM0\ARM_GCC_493\Debug\Board-KitProg.a(EZI2C.o)
                0x20000228                EZI2C_initVar
                0x2000022c                EZI2C_customIntrHandler
 .bss           0x20000230        0x2 .\CortexM0\ARM_GCC_493\Debug\Board-KitProg.a(EZI2C_EZI2C_INT.o)
 *fill*         0x20000232        0x2 
 .bss           0x20000234       0x18 .\CortexM0\ARM_GCC_493\Debug\Board-KitProg.a(CyLib.o)
                0x20000248                CySysTickInitVar
 .bss           0x2000024c       0x1c .\CortexM0\ARM_GCC_493\Debug\Board-KitProg.a(CyLFClk.o)
 .bss           0x20000268        0x1 .\CortexM0\ARM_GCC_493\Debug\Board-KitProg.a(HB25_PWM.o)
                0x20000268                HB25_PWM_initVar
 *fill*         0x20000269        0x3 
 .bss.__malloc_sbrk_start
                0x2000026c        0x4 c:/program files (x86)/cypress/psoc creator/3.3/psoc creator/import/gnu/arm/4.9.3/bin/../lib/gcc/arm-none-eabi/4.9.3/../../../../arm-none-eabi/lib/armv6-m\libg_nano.a(lib_a-nano-mallocr.o)
                0x2000026c                __malloc_sbrk_start
 .bss.__malloc_free_list
                0x20000270        0x4 c:/program files (x86)/cypress/psoc creator/3.3/psoc creator/import/gnu/arm/4.9.3/bin/../lib/gcc/arm-none-eabi/4.9.3/../../../../arm-none-eabi/lib/armv6-m\libg_nano.a(lib_a-nano-mallocr.o)
                0x20000270                __malloc_free_list
 *(COMMON)
 COMMON         0x20000274      0x100 .\CortexM0\ARM_GCC_493\Debug\encoder.o
                0x20000274                formatted_string
 COMMON         0x20000374       0x12 .\CortexM0\ARM_GCC_493\Debug\Board-KitProg.a(EZI2C_EZI2C.o)
                0x20000374                EZI2C_offsetBuf1
                0x20000376                EZI2C_indexBuf1
                0x20000378                EZI2C_fsmState
                0x2000037a                EZI2C_protectBuf1
                0x2000037c                EZI2C_curStatus
                0x20000380                EZI2C_dataBuffer1
                0x20000384                EZI2C_bufSizeBuf1
 *fill*         0x20000386        0x2 
 COMMON         0x20000388        0x4 c:/program files (x86)/cypress/psoc creator/3.3/psoc creator/import/gnu/arm/4.9.3/bin/../lib/gcc/arm-none-eabi/4.9.3/../../../../arm-none-eabi/lib/armv6-m\libg_nano.a(lib_a-reent.o)
                0x20000388                errno
                0x20000390                . = ALIGN (0x8)
 *fill*         0x2000038c        0x4 
 *(.ram.b)
                0x20000390                _end = .
                0x20000390                __end = .
                0x20000390                PROVIDE (end, .)
                0x20000390                PROVIDE (__bss_end__, .)
                0x000062b8                __cy_region_init_ram = LOADADDR (.data)
                0x00000088                __cy_region_init_size_ram = (_edata - ADDR (.data))
                0x00000240                __cy_region_zero_size_ram = (_end - _edata)

.heap           0x20000390       0x80 load address 0x00006340
                0x20000390                . = _end
                0x20000410                . = (. + 0x80)
 *fill*         0x20000390       0x80 
                0x20000410                __cy_heap_limit = .

.stack          0x20003800      0x800
                0x20003800                __cy_stack_limit = .
                0x20004000                . = (. + 0x800)
 *fill*         0x20003800      0x800 
                0x00000001                ASSERT ((__cy_stack_limit >= __cy_heap_limit), region RAM overflowed with stack)
                0x00000000                cy_checksum_exclude_size = (CY_APPL_LOADABLE == 0x1)?SIZEOF (.cy_checksum_exclude):0x0
                0x00000001                ASSERT ((cy_checksum_exclude_size <= CY_CHECKSUM_EXCLUDE_SIZE), CY_BOOT: Section .cy_checksum_exclude size exceedes specified limit.)
                0x0001ffc0                cyloadermeta_start = (cy_project_type_bootloader || cy_project_type_app_for_stack_and_copier)?(0x20000 - CY_METADATA_SIZE):0xf0000000

.cyloadermeta
 *(.cyloadermeta)
                0x0001ffc0                cyloadablemeta_start = cy_project_type_app_for_stack_and_copier?((0x20000 - CY_FLASH_ROW_SIZE) - CY_METADATA_SIZE):((0x20000 - (CY_FLASH_ROW_SIZE * (CY_APPL_NUM - 0x1))) - CY_METADATA_SIZE)

.cyloadablemeta
 *(.cyloadablemeta)

.cyflashprotect
                0x90400000       0x80
 *(.cyflashprotect)
 .cyflashprotect
                0x90400000       0x80 .\CortexM0\ARM_GCC_493\Debug\cymetadata.o
                0x90400000                cy_meta_flashprotect

.cymeta         0x90500000        0xc
 *(.cymeta)
 .cymeta        0x90500000        0xc .\CortexM0\ARM_GCC_493\Debug\cymetadata.o
                0x90500000                cy_metadata

.cychipprotect  0x90600000        0x4
 *(.cychipprotect)
 .cychipprotect
                0x90600000        0x4 .\CortexM0\ARM_GCC_493\Debug\cymetadata.o
                0x90600000                cy_meta_chipprotect

.rel.dyn        0x00006340        0x0 load address 0x90600004
 .rel.iplt      0x00000000        0x0 c:/program files (x86)/cypress/psoc creator/3.3/psoc creator/import/gnu/arm/4.9.3/bin/../lib/gcc/arm-none-eabi/4.9.3/armv6-m/crtbegin.o

.stab
 *(.stab)

.stabstr
 *(.stabstr)

.debug
 *(.debug)

.line
 *(.line)

.debug_srcinfo
 *(.debug_srcinfo)

.debug_sfnames
 *(.debug_sfnames)

.debug_aranges  0x00000000      0xd50
 *(.debug_aranges)
 .debug_aranges
                0x00000000       0x58 .\CortexM0\ARM_GCC_493\Debug\encoder.o
 .debug_aranges
                0x00000058       0x40 .\CortexM0\ARM_GCC_493\Debug\motor.o
 .debug_aranges
                0x00000098       0x58 .\CortexM0\ARM_GCC_493\Debug\ultrasonic.o
 .debug_aranges
                0x000000f0       0x38 .\CortexM0\ARM_GCC_493\Debug\pid.o
 .debug_aranges
                0x00000128       0x70 .\CortexM0\ARM_GCC_493\Debug\i2c.o
 .debug_aranges
                0x00000198       0x30 .\CortexM0\ARM_GCC_493\Debug\control.o
 .debug_aranges
                0x000001c8       0x20 .\CortexM0\ARM_GCC_493\Debug\boardmain.o
 .debug_aranges
                0x000001e8       0x28 .\CortexM0\ARM_GCC_493\Debug\debug.o
 .debug_aranges
                0x00000210       0x38 .\CortexM0\ARM_GCC_493\Debug\time.o
 .debug_aranges
                0x00000248       0x38 .\CortexM0\ARM_GCC_493\Debug\infrared.o
 .debug_aranges
                0x00000280       0x20 .\CortexM0\ARM_GCC_493\Debug\utils.o
 .debug_aranges
                0x000002a0       0x18 .\CortexM0\ARM_GCC_493\Debug\cymetadata.o
 .debug_aranges
                0x000002b8       0x48 .\CortexM0\ARM_GCC_493\Debug\Cm0Start.o
 .debug_aranges
                0x00000300       0x48 .\CortexM0\ARM_GCC_493\Debug\Board-KitProg.a(cyfitter_cfg.o)
 .debug_aranges
                0x00000348       0x60 .\CortexM0\ARM_GCC_493\Debug\Board-KitProg.a(EZI2C.o)
 .debug_aranges
                0x000003a8       0x50 .\CortexM0\ARM_GCC_493\Debug\Board-KitProg.a(EZI2C_EZI2C.o)
 .debug_aranges
                0x000003f8       0x20 .\CortexM0\ARM_GCC_493\Debug\Board-KitProg.a(EZI2C_EZI2C_INT.o)
 .debug_aranges
                0x00000418       0x80 .\CortexM0\ARM_GCC_493\Debug\Board-KitProg.a(Encoder_Intr.o)
 .debug_aranges
                0x00000498       0x20 .\CortexM0\ARM_GCC_493\Debug\Board-KitProg.a(CyBootAsmGnu.o)
 .debug_aranges
                0x000004b8      0x190 .\CortexM0\ARM_GCC_493\Debug\Board-KitProg.a(CyLib.o)
 .debug_aranges
                0x00000648      0x150 .\CortexM0\ARM_GCC_493\Debug\Board-KitProg.a(CyLFClk.o)
 .debug_aranges
                0x00000798      0x158 .\CortexM0\ARM_GCC_493\Debug\Board-KitProg.a(HB25_PWM.o)
 .debug_aranges
                0x000008f0       0x40 .\CortexM0\ARM_GCC_493\Debug\Board-KitProg.a(Encoder_Pins.o)
 .debug_aranges
                0x00000930       0xa8 .\CortexM0\ARM_GCC_493\Debug\Board-KitProg.a(ADC_Infrared.o)
 .debug_aranges
                0x000009d8       0x20 .\CortexM0\ARM_GCC_493\Debug\Board-KitProg.a(ADC_Infrared_INT.o)
 .debug_aranges
                0x000009f8      0x158 .\CortexM0\ARM_GCC_493\Debug\Board-KitProg.a(HCSR04_Timer.o)
 .debug_aranges
                0x00000b50       0x80 .\CortexM0\ARM_GCC_493\Debug\Board-KitProg.a(HCSR04_Timeout_Intr.o)
 .debug_aranges
                0x00000bd0       0x28 .\CortexM0\ARM_GCC_493\Debug\Board-KitProg.a(HCSR04_Control.o)
 .debug_aranges
                0x00000bf8       0x48 .\CortexM0\ARM_GCC_493\Debug\Board-KitProg.a(HCSR04_Trigger_0.o)
 .debug_aranges
                0x00000c40       0x48 .\CortexM0\ARM_GCC_493\Debug\Board-KitProg.a(HCSR04_Trigger_2.o)
 .debug_aranges
                0x00000c88       0x48 .\CortexM0\ARM_GCC_493\Debug\Board-KitProg.a(HCSR04_Trigger_3.o)
 .debug_aranges
                0x00000cd0       0x48 .\CortexM0\ARM_GCC_493\Debug\Board-KitProg.a(HCSR04_Trigger_1.o)
 .debug_aranges
                0x00000d18       0x38 .\CortexM0\ARM_GCC_493\Debug\Board-KitProg.a(CyFlash.o)

.debug_pubnames
 *(.debug_pubnames)

.debug_info     0x00000000     0x71f6
 *(.debug_info .gnu.linkonce.wi.*)
 .debug_info    0x00000000      0x367 .\CortexM0\ARM_GCC_493\Debug\encoder.o
 .debug_info    0x00000367      0x1e3 .\CortexM0\ARM_GCC_493\Debug\motor.o
 .debug_info    0x0000054a      0x527 .\CortexM0\ARM_GCC_493\Debug\ultrasonic.o
 .debug_info    0x00000a71      0x440 .\CortexM0\ARM_GCC_493\Debug\pid.o
 .debug_info    0x00000eb1      0x309 .\CortexM0\ARM_GCC_493\Debug\i2c.o
 .debug_info    0x000011ba      0x193 .\CortexM0\ARM_GCC_493\Debug\control.o
 .debug_info    0x0000134d      0x382 .\CortexM0\ARM_GCC_493\Debug\boardmain.o
 .debug_info    0x000016cf      0x13a .\CortexM0\ARM_GCC_493\Debug\debug.o
 .debug_info    0x00001809      0x19f .\CortexM0\ARM_GCC_493\Debug\time.o
 .debug_info    0x000019a8      0x3d3 .\CortexM0\ARM_GCC_493\Debug\infrared.o
 .debug_info    0x00001d7b      0x10d .\CortexM0\ARM_GCC_493\Debug\utils.o
 .debug_info    0x00001e88       0xfd .\CortexM0\ARM_GCC_493\Debug\cymetadata.o
 .debug_info    0x00001f85      0x38a .\CortexM0\ARM_GCC_493\Debug\Cm0Start.o
 .debug_info    0x0000230f      0x41f .\CortexM0\ARM_GCC_493\Debug\Board-KitProg.a(cyfitter_cfg.o)
 .debug_info    0x0000272e      0x295 .\CortexM0\ARM_GCC_493\Debug\Board-KitProg.a(EZI2C.o)
 .debug_info    0x000029c3      0x344 .\CortexM0\ARM_GCC_493\Debug\Board-KitProg.a(EZI2C_EZI2C.o)
 .debug_info    0x00002d07      0x1dc .\CortexM0\ARM_GCC_493\Debug\Board-KitProg.a(EZI2C_EZI2C_INT.o)
 .debug_info    0x00002ee3      0x2fe .\CortexM0\ARM_GCC_493\Debug\Board-KitProg.a(Encoder_Intr.o)
 .debug_info    0x000031e1       0x8a .\CortexM0\ARM_GCC_493\Debug\Board-KitProg.a(CyBootAsmGnu.o)
 .debug_info    0x0000326b      0xb64 .\CortexM0\ARM_GCC_493\Debug\Board-KitProg.a(CyLib.o)
 .debug_info    0x00003dcf      0xda1 .\CortexM0\ARM_GCC_493\Debug\Board-KitProg.a(CyLFClk.o)
 .debug_info    0x00004b70      0x903 .\CortexM0\ARM_GCC_493\Debug\Board-KitProg.a(HB25_PWM.o)
 .debug_info    0x00005473      0x150 .\CortexM0\ARM_GCC_493\Debug\Board-KitProg.a(Encoder_Pins.o)
 .debug_info    0x000055c3      0x5b8 .\CortexM0\ARM_GCC_493\Debug\Board-KitProg.a(ADC_Infrared.o)
 .debug_info    0x00005b7b       0xc3 .\CortexM0\ARM_GCC_493\Debug\Board-KitProg.a(ADC_Infrared_INT.o)
 .debug_info    0x00005c3e      0x8d9 .\CortexM0\ARM_GCC_493\Debug\Board-KitProg.a(HCSR04_Timer.o)
 .debug_info    0x00006517      0x2fe .\CortexM0\ARM_GCC_493\Debug\Board-KitProg.a(HCSR04_Timeout_Intr.o)
 .debug_info    0x00006815       0xd5 .\CortexM0\ARM_GCC_493\Debug\Board-KitProg.a(HCSR04_Control.o)
 .debug_info    0x000068ea      0x19a .\CortexM0\ARM_GCC_493\Debug\Board-KitProg.a(HCSR04_Trigger_0.o)
 .debug_info    0x00006a84      0x19a .\CortexM0\ARM_GCC_493\Debug\Board-KitProg.a(HCSR04_Trigger_2.o)
 .debug_info    0x00006c1e      0x19a .\CortexM0\ARM_GCC_493\Debug\Board-KitProg.a(HCSR04_Trigger_3.o)
 .debug_info    0x00006db8      0x19a .\CortexM0\ARM_GCC_493\Debug\Board-KitProg.a(HCSR04_Trigger_1.o)
 .debug_info    0x00006f52      0x2a4 .\CortexM0\ARM_GCC_493\Debug\Board-KitProg.a(CyFlash.o)

.debug_abbrev   0x00000000     0x29e4
 *(.debug_abbrev)
 .debug_abbrev  0x00000000      0x1c5 .\CortexM0\ARM_GCC_493\Debug\encoder.o
 .debug_abbrev  0x000001c5      0x130 .\CortexM0\ARM_GCC_493\Debug\motor.o
 .debug_abbrev  0x000002f5      0x24b .\CortexM0\ARM_GCC_493\Debug\ultrasonic.o
 .debug_abbrev  0x00000540      0x198 .\CortexM0\ARM_GCC_493\Debug\pid.o
 .debug_abbrev  0x000006d8      0x165 .\CortexM0\ARM_GCC_493\Debug\i2c.o
 .debug_abbrev  0x0000083d       0xbd .\CortexM0\ARM_GCC_493\Debug\control.o
 .debug_abbrev  0x000008fa      0x10f .\CortexM0\ARM_GCC_493\Debug\boardmain.o
 .debug_abbrev  0x00000a09       0xd1 .\CortexM0\ARM_GCC_493\Debug\debug.o
 .debug_abbrev  0x00000ada      0x143 .\CortexM0\ARM_GCC_493\Debug\time.o
 .debug_abbrev  0x00000c1d      0x1b1 .\CortexM0\ARM_GCC_493\Debug\infrared.o
 .debug_abbrev  0x00000dce       0xb6 .\CortexM0\ARM_GCC_493\Debug\utils.o
 .debug_abbrev  0x00000e84       0x5d .\CortexM0\ARM_GCC_493\Debug\cymetadata.o
 .debug_abbrev  0x00000ee1      0x1fe .\CortexM0\ARM_GCC_493\Debug\Cm0Start.o
 .debug_abbrev  0x000010df      0x20b .\CortexM0\ARM_GCC_493\Debug\Board-KitProg.a(cyfitter_cfg.o)
 .debug_abbrev  0x000012ea      0x150 .\CortexM0\ARM_GCC_493\Debug\Board-KitProg.a(EZI2C.o)
 .debug_abbrev  0x0000143a      0x17d .\CortexM0\ARM_GCC_493\Debug\Board-KitProg.a(EZI2C_EZI2C.o)
 .debug_abbrev  0x000015b7       0xd3 .\CortexM0\ARM_GCC_493\Debug\Board-KitProg.a(EZI2C_EZI2C_INT.o)
 .debug_abbrev  0x0000168a      0x1c1 .\CortexM0\ARM_GCC_493\Debug\Board-KitProg.a(Encoder_Intr.o)
 .debug_abbrev  0x0000184b       0x14 .\CortexM0\ARM_GCC_493\Debug\Board-KitProg.a(CyBootAsmGnu.o)
 .debug_abbrev  0x0000185f      0x25d .\CortexM0\ARM_GCC_493\Debug\Board-KitProg.a(CyLib.o)
 .debug_abbrev  0x00001abc      0x26d .\CortexM0\ARM_GCC_493\Debug\Board-KitProg.a(CyLFClk.o)
 .debug_abbrev  0x00001d29      0x140 .\CortexM0\ARM_GCC_493\Debug\Board-KitProg.a(HB25_PWM.o)
 .debug_abbrev  0x00001e69       0xb7 .\CortexM0\ARM_GCC_493\Debug\Board-KitProg.a(Encoder_Pins.o)
 .debug_abbrev  0x00001f20      0x1ea .\CortexM0\ARM_GCC_493\Debug\Board-KitProg.a(ADC_Infrared.o)
 .debug_abbrev  0x0000210a       0x72 .\CortexM0\ARM_GCC_493\Debug\Board-KitProg.a(ADC_Infrared_INT.o)
 .debug_abbrev  0x0000217c      0x140 .\CortexM0\ARM_GCC_493\Debug\Board-KitProg.a(HCSR04_Timer.o)
 .debug_abbrev  0x000022bc      0x1c1 .\CortexM0\ARM_GCC_493\Debug\Board-KitProg.a(HCSR04_Timeout_Intr.o)
 .debug_abbrev  0x0000247d       0x8e .\CortexM0\ARM_GCC_493\Debug\Board-KitProg.a(HCSR04_Control.o)
 .debug_abbrev  0x0000250b       0xd5 .\CortexM0\ARM_GCC_493\Debug\Board-KitProg.a(HCSR04_Trigger_0.o)
 .debug_abbrev  0x000025e0       0xd5 .\CortexM0\ARM_GCC_493\Debug\Board-KitProg.a(HCSR04_Trigger_2.o)
 .debug_abbrev  0x000026b5       0xd5 .\CortexM0\ARM_GCC_493\Debug\Board-KitProg.a(HCSR04_Trigger_3.o)
 .debug_abbrev  0x0000278a       0xd5 .\CortexM0\ARM_GCC_493\Debug\Board-KitProg.a(HCSR04_Trigger_1.o)
 .debug_abbrev  0x0000285f      0x185 .\CortexM0\ARM_GCC_493\Debug\Board-KitProg.a(CyFlash.o)

.debug_line     0x00000000     0x319d
 *(.debug_line)
 .debug_line    0x00000000      0x228 .\CortexM0\ARM_GCC_493\Debug\encoder.o
 .debug_line    0x00000228       0xda .\CortexM0\ARM_GCC_493\Debug\motor.o
 .debug_line    0x00000302      0x20c .\CortexM0\ARM_GCC_493\Debug\ultrasonic.o
 .debug_line    0x0000050e      0x1dc .\CortexM0\ARM_GCC_493\Debug\pid.o
 .debug_line    0x000006ea      0x14b .\CortexM0\ARM_GCC_493\Debug\i2c.o
 .debug_line    0x00000835       0xb1 .\CortexM0\ARM_GCC_493\Debug\control.o
 .debug_line    0x000008e6      0x11d .\CortexM0\ARM_GCC_493\Debug\boardmain.o
 .debug_line    0x00000a03       0x5b .\CortexM0\ARM_GCC_493\Debug\debug.o
 .debug_line    0x00000a5e       0xb9 .\CortexM0\ARM_GCC_493\Debug\time.o
 .debug_line    0x00000b17      0x219 .\CortexM0\ARM_GCC_493\Debug\infrared.o
 .debug_line    0x00000d30       0x74 .\CortexM0\ARM_GCC_493\Debug\utils.o
 .debug_line    0x00000da4       0x53 .\CortexM0\ARM_GCC_493\Debug\cymetadata.o
 .debug_line    0x00000df7      0x249 .\CortexM0\ARM_GCC_493\Debug\Cm0Start.o
 .debug_line    0x00001040      0x1b3 .\CortexM0\ARM_GCC_493\Debug\Board-KitProg.a(cyfitter_cfg.o)
 .debug_line    0x000011f3      0x141 .\CortexM0\ARM_GCC_493\Debug\Board-KitProg.a(EZI2C.o)
 .debug_line    0x00001334      0x11c .\CortexM0\ARM_GCC_493\Debug\Board-KitProg.a(EZI2C_EZI2C.o)
 .debug_line    0x00001450      0x150 .\CortexM0\ARM_GCC_493\Debug\Board-KitProg.a(EZI2C_EZI2C_INT.o)
 .debug_line    0x000015a0      0x171 .\CortexM0\ARM_GCC_493\Debug\Board-KitProg.a(Encoder_Intr.o)
 .debug_line    0x00001711       0x68 .\CortexM0\ARM_GCC_493\Debug\Board-KitProg.a(CyBootAsmGnu.o)
 .debug_line    0x00001779      0x498 .\CortexM0\ARM_GCC_493\Debug\Board-KitProg.a(CyLib.o)
 .debug_line    0x00001c11      0x4c5 .\CortexM0\ARM_GCC_493\Debug\Board-KitProg.a(CyLFClk.o)
 .debug_line    0x000020d6      0x383 .\CortexM0\ARM_GCC_493\Debug\Board-KitProg.a(HB25_PWM.o)
 .debug_line    0x00002459       0xb3 .\CortexM0\ARM_GCC_493\Debug\Board-KitProg.a(Encoder_Pins.o)
 .debug_line    0x0000250c      0x294 .\CortexM0\ARM_GCC_493\Debug\Board-KitProg.a(ADC_Infrared.o)
 .debug_line    0x000027a0       0x6d .\CortexM0\ARM_GCC_493\Debug\Board-KitProg.a(ADC_Infrared_INT.o)
 .debug_line    0x0000280d      0x37f .\CortexM0\ARM_GCC_493\Debug\Board-KitProg.a(HCSR04_Timer.o)
 .debug_line    0x00002b8c      0x178 .\CortexM0\ARM_GCC_493\Debug\Board-KitProg.a(HCSR04_Timeout_Intr.o)
 .debug_line    0x00002d04       0x79 .\CortexM0\ARM_GCC_493\Debug\Board-KitProg.a(HCSR04_Control.o)
 .debug_line    0x00002d7d       0xca .\CortexM0\ARM_GCC_493\Debug\Board-KitProg.a(HCSR04_Trigger_0.o)
 .debug_line    0x00002e47       0xca .\CortexM0\ARM_GCC_493\Debug\Board-KitProg.a(HCSR04_Trigger_2.o)
 .debug_line    0x00002f11       0xca .\CortexM0\ARM_GCC_493\Debug\Board-KitProg.a(HCSR04_Trigger_3.o)
 .debug_line    0x00002fdb       0xca .\CortexM0\ARM_GCC_493\Debug\Board-KitProg.a(HCSR04_Trigger_1.o)
 .debug_line    0x000030a5       0xf8 .\CortexM0\ARM_GCC_493\Debug\Board-KitProg.a(CyFlash.o)

.debug_frame    0x00000000     0x28c8
 *(.debug_frame)
 .debug_frame   0x00000000       0xc0 .\CortexM0\ARM_GCC_493\Debug\encoder.o
 .debug_frame   0x000000c0       0x84 .\CortexM0\ARM_GCC_493\Debug\motor.o
 .debug_frame   0x00000144       0xf4 .\CortexM0\ARM_GCC_493\Debug\ultrasonic.o
 .debug_frame   0x00000238       0x80 .\CortexM0\ARM_GCC_493\Debug\pid.o
 .debug_frame   0x000002b8       0xe4 .\CortexM0\ARM_GCC_493\Debug\i2c.o
 .debug_frame   0x0000039c       0x64 .\CortexM0\ARM_GCC_493\Debug\control.o
 .debug_frame   0x00000400       0x2c .\CortexM0\ARM_GCC_493\Debug\boardmain.o
 .debug_frame   0x0000042c       0x48 .\CortexM0\ARM_GCC_493\Debug\debug.o
 .debug_frame   0x00000474       0x5c .\CortexM0\ARM_GCC_493\Debug\time.o
 .debug_frame   0x000004d0       0x80 .\CortexM0\ARM_GCC_493\Debug\infrared.o
 .debug_frame   0x00000550       0x30 .\CortexM0\ARM_GCC_493\Debug\utils.o
 .debug_frame   0x00000580       0xb0 .\CortexM0\ARM_GCC_493\Debug\Cm0Start.o
 .debug_frame   0x00000630       0xb4 .\CortexM0\ARM_GCC_493\Debug\Board-KitProg.a(cyfitter_cfg.o)
 .debug_frame   0x000006e4       0xe8 .\CortexM0\ARM_GCC_493\Debug\Board-KitProg.a(EZI2C.o)
 .debug_frame   0x000007cc       0xa8 .\CortexM0\ARM_GCC_493\Debug\Board-KitProg.a(EZI2C_EZI2C.o)
 .debug_frame   0x00000874       0x30 .\CortexM0\ARM_GCC_493\Debug\Board-KitProg.a(EZI2C_EZI2C_INT.o)
 .debug_frame   0x000008a4      0x110 .\CortexM0\ARM_GCC_493\Debug\Board-KitProg.a(Encoder_Intr.o)
 .debug_frame   0x000009b4      0x400 .\CortexM0\ARM_GCC_493\Debug\Board-KitProg.a(CyLib.o)
 .debug_frame   0x00000db4      0x3fc .\CortexM0\ARM_GCC_493\Debug\Board-KitProg.a(CyLFClk.o)
 .debug_frame   0x000011b0      0x390 .\CortexM0\ARM_GCC_493\Debug\Board-KitProg.a(HB25_PWM.o)
 .debug_frame   0x00001540       0x60 .\CortexM0\ARM_GCC_493\Debug\Board-KitProg.a(Encoder_Pins.o)
 .debug_frame   0x000015a0      0x1b0 .\CortexM0\ARM_GCC_493\Debug\Board-KitProg.a(ADC_Infrared.o)
 .debug_frame   0x00001750       0x20 .\CortexM0\ARM_GCC_493\Debug\Board-KitProg.a(ADC_Infrared_INT.o)
 .debug_frame   0x00001770      0x390 .\CortexM0\ARM_GCC_493\Debug\Board-KitProg.a(HCSR04_Timer.o)
 .debug_frame   0x00001b00      0x110 .\CortexM0\ARM_GCC_493\Debug\Board-KitProg.a(HCSR04_Timeout_Intr.o)
 .debug_frame   0x00001c10       0x30 .\CortexM0\ARM_GCC_493\Debug\Board-KitProg.a(HCSR04_Control.o)
 .debug_frame   0x00001c40       0x70 .\CortexM0\ARM_GCC_493\Debug\Board-KitProg.a(HCSR04_Trigger_0.o)
 .debug_frame   0x00001cb0       0x70 .\CortexM0\ARM_GCC_493\Debug\Board-KitProg.a(HCSR04_Trigger_2.o)
 .debug_frame   0x00001d20       0x70 .\CortexM0\ARM_GCC_493\Debug\Board-KitProg.a(HCSR04_Trigger_3.o)
 .debug_frame   0x00001d90       0x70 .\CortexM0\ARM_GCC_493\Debug\Board-KitProg.a(HCSR04_Trigger_1.o)
 .debug_frame   0x00001e00       0x70 .\CortexM0\ARM_GCC_493\Debug\Board-KitProg.a(CyFlash.o)
 .debug_frame   0x00001e70       0x38 c:/program files (x86)/cypress/psoc creator/3.3/psoc creator/import/gnu/arm/4.9.3/bin/../lib/gcc/arm-none-eabi/4.9.3/../../../../arm-none-eabi/lib/armv6-m\libm.a(lib_a-w_pow.o)
 .debug_frame   0x00001ea8       0x3c c:/program files (x86)/cypress/psoc creator/3.3/psoc creator/import/gnu/arm/4.9.3/bin/../lib/gcc/arm-none-eabi/4.9.3/../../../../arm-none-eabi/lib/armv6-m\libm.a(lib_a-e_pow.o)
 .debug_frame   0x00001ee4       0x3c c:/program files (x86)/cypress/psoc creator/3.3/psoc creator/import/gnu/arm/4.9.3/bin/../lib/gcc/arm-none-eabi/4.9.3/../../../../arm-none-eabi/lib/armv6-m\libm.a(lib_a-e_sqrt.o)
 .debug_frame   0x00001f20       0x20 c:/program files (x86)/cypress/psoc creator/3.3/psoc creator/import/gnu/arm/4.9.3/bin/../lib/gcc/arm-none-eabi/4.9.3/../../../../arm-none-eabi/lib/armv6-m\libm.a(lib_a-s_fabs.o)
 .debug_frame   0x00001f40       0x20 c:/program files (x86)/cypress/psoc creator/3.3/psoc creator/import/gnu/arm/4.9.3/bin/../lib/gcc/arm-none-eabi/4.9.3/../../../../arm-none-eabi/lib/armv6-m\libm.a(lib_a-s_finite.o)
 .debug_frame   0x00001f60       0x2c c:/program files (x86)/cypress/psoc creator/3.3/psoc creator/import/gnu/arm/4.9.3/bin/../lib/gcc/arm-none-eabi/4.9.3/../../../../arm-none-eabi/lib/armv6-m\libm.a(lib_a-s_fpclassify.o)
 .debug_frame   0x00001f8c       0x20 c:/program files (x86)/cypress/psoc creator/3.3/psoc creator/import/gnu/arm/4.9.3/bin/../lib/gcc/arm-none-eabi/4.9.3/../../../../arm-none-eabi/lib/armv6-m\libm.a(lib_a-s_matherr.o)
 .debug_frame   0x00001fac       0x20 c:/program files (x86)/cypress/psoc creator/3.3/psoc creator/import/gnu/arm/4.9.3/bin/../lib/gcc/arm-none-eabi/4.9.3/../../../../arm-none-eabi/lib/armv6-m\libm.a(lib_a-s_nan.o)
 .debug_frame   0x00001fcc       0x38 c:/program files (x86)/cypress/psoc creator/3.3/psoc creator/import/gnu/arm/4.9.3/bin/../lib/gcc/arm-none-eabi/4.9.3/../../../../arm-none-eabi/lib/armv6-m\libm.a(lib_a-s_rint.o)
 .debug_frame   0x00002004       0x30 c:/program files (x86)/cypress/psoc creator/3.3/psoc creator/import/gnu/arm/4.9.3/bin/../lib/gcc/arm-none-eabi/4.9.3/../../../../arm-none-eabi/lib/armv6-m\libm.a(lib_a-s_scalbn.o)
 .debug_frame   0x00002034       0x2c c:/program files (x86)/cypress/psoc creator/3.3/psoc creator/import/gnu/arm/4.9.3/bin/../lib/gcc/arm-none-eabi/4.9.3/../../../../arm-none-eabi/lib/armv6-m\libm.a(lib_a-s_copysign.o)
 .debug_frame   0x00002060       0x20 c:/program files (x86)/cypress/psoc creator/3.3/psoc creator/import/gnu/arm/4.9.3/bin/../lib/gcc/arm-none-eabi/4.9.3/armv6-m\libgcc.a(_udivsi3.o)
 .debug_frame   0x00002080       0x20 c:/program files (x86)/cypress/psoc creator/3.3/psoc creator/import/gnu/arm/4.9.3/bin/../lib/gcc/arm-none-eabi/4.9.3/armv6-m\libgcc.a(_divsi3.o)
 .debug_frame   0x000020a0       0x34 c:/program files (x86)/cypress/psoc creator/3.3/psoc creator/import/gnu/arm/4.9.3/bin/../lib/gcc/arm-none-eabi/4.9.3/armv6-m\libgcc.a(_muldi3.o)
 .debug_frame   0x000020d4       0x28 c:/program files (x86)/cypress/psoc creator/3.3/psoc creator/import/gnu/arm/4.9.3/bin/../lib/gcc/arm-none-eabi/4.9.3/armv6-m\libgcc.a(_fixunssfsi.o)
 .debug_frame   0x000020fc       0x50 c:/program files (x86)/cypress/psoc creator/3.3/psoc creator/import/gnu/arm/4.9.3/bin/../lib/gcc/arm-none-eabi/4.9.3/armv6-m\libgcc.a(bpabi.o)
 .debug_frame   0x0000214c       0x30 c:/program files (x86)/cypress/psoc creator/3.3/psoc creator/import/gnu/arm/4.9.3/bin/../lib/gcc/arm-none-eabi/4.9.3/armv6-m\libgcc.a(addsf3.o)
 .debug_frame   0x0000217c       0x3c c:/program files (x86)/cypress/psoc creator/3.3/psoc creator/import/gnu/arm/4.9.3/bin/../lib/gcc/arm-none-eabi/4.9.3/armv6-m\libgcc.a(divsf3.o)
 .debug_frame   0x000021b8       0x3c c:/program files (x86)/cypress/psoc creator/3.3/psoc creator/import/gnu/arm/4.9.3/bin/../lib/gcc/arm-none-eabi/4.9.3/armv6-m\libgcc.a(mulsf3.o)
 .debug_frame   0x000021f4       0x30 c:/program files (x86)/cypress/psoc creator/3.3/psoc creator/import/gnu/arm/4.9.3/bin/../lib/gcc/arm-none-eabi/4.9.3/armv6-m\libgcc.a(subsf3.o)
 .debug_frame   0x00002224       0x20 c:/program files (x86)/cypress/psoc creator/3.3/psoc creator/import/gnu/arm/4.9.3/bin/../lib/gcc/arm-none-eabi/4.9.3/armv6-m\libgcc.a(fixsfsi.o)
 .debug_frame   0x00002244       0x2c c:/program files (x86)/cypress/psoc creator/3.3/psoc creator/import/gnu/arm/4.9.3/bin/../lib/gcc/arm-none-eabi/4.9.3/armv6-m\libgcc.a(floatsisf.o)
 .debug_frame   0x00002270       0x38 c:/program files (x86)/cypress/psoc creator/3.3/psoc creator/import/gnu/arm/4.9.3/bin/../lib/gcc/arm-none-eabi/4.9.3/armv6-m\libgcc.a(adddf3.o)
 .debug_frame   0x000022a8       0x3c c:/program files (x86)/cypress/psoc creator/3.3/psoc creator/import/gnu/arm/4.9.3/bin/../lib/gcc/arm-none-eabi/4.9.3/armv6-m\libgcc.a(divdf3.o)
 .debug_frame   0x000022e4       0x38 c:/program files (x86)/cypress/psoc creator/3.3/psoc creator/import/gnu/arm/4.9.3/bin/../lib/gcc/arm-none-eabi/4.9.3/armv6-m\libgcc.a(eqdf2.o)
 .debug_frame   0x0000231c       0x38 c:/program files (x86)/cypress/psoc creator/3.3/psoc creator/import/gnu/arm/4.9.3/bin/../lib/gcc/arm-none-eabi/4.9.3/armv6-m\libgcc.a(gedf2.o)
 .debug_frame   0x00002354       0x38 c:/program files (x86)/cypress/psoc creator/3.3/psoc creator/import/gnu/arm/4.9.3/bin/../lib/gcc/arm-none-eabi/4.9.3/armv6-m\libgcc.a(ledf2.o)
 .debug_frame   0x0000238c       0x3c c:/program files (x86)/cypress/psoc creator/3.3/psoc creator/import/gnu/arm/4.9.3/bin/../lib/gcc/arm-none-eabi/4.9.3/armv6-m\libgcc.a(muldf3.o)
 .debug_frame   0x000023c8       0x3c c:/program files (x86)/cypress/psoc creator/3.3/psoc creator/import/gnu/arm/4.9.3/bin/../lib/gcc/arm-none-eabi/4.9.3/armv6-m\libgcc.a(subdf3.o)
 .debug_frame   0x00002404       0x2c c:/program files (x86)/cypress/psoc creator/3.3/psoc creator/import/gnu/arm/4.9.3/bin/../lib/gcc/arm-none-eabi/4.9.3/armv6-m\libgcc.a(floatsidf.o)
 .debug_frame   0x00002430       0x2c c:/program files (x86)/cypress/psoc creator/3.3/psoc creator/import/gnu/arm/4.9.3/bin/../lib/gcc/arm-none-eabi/4.9.3/armv6-m\libgcc.a(extendsfdf2.o)
 .debug_frame   0x0000245c       0x2c c:/program files (x86)/cypress/psoc creator/3.3/psoc creator/import/gnu/arm/4.9.3/bin/../lib/gcc/arm-none-eabi/4.9.3/armv6-m\libgcc.a(truncdfsf2.o)
 .debug_frame   0x00002488       0x3c c:/program files (x86)/cypress/psoc creator/3.3/psoc creator/import/gnu/arm/4.9.3/bin/../lib/gcc/arm-none-eabi/4.9.3/armv6-m\libgcc.a(_divdi3.o)
 .debug_frame   0x000024c4       0x3c c:/program files (x86)/cypress/psoc creator/3.3/psoc creator/import/gnu/arm/4.9.3/bin/../lib/gcc/arm-none-eabi/4.9.3/armv6-m\libgcc.a(_udivdi3.o)
 .debug_frame   0x00002500       0x2c c:/program files (x86)/cypress/psoc creator/3.3/psoc creator/import/gnu/arm/4.9.3/bin/../lib/gcc/arm-none-eabi/4.9.3/armv6-m\libgcc.a(eqsf2.o)
 .debug_frame   0x0000252c       0x30 c:/program files (x86)/cypress/psoc creator/3.3/psoc creator/import/gnu/arm/4.9.3/bin/../lib/gcc/arm-none-eabi/4.9.3/armv6-m\libgcc.a(gesf2.o)
 .debug_frame   0x0000255c       0x30 c:/program files (x86)/cypress/psoc creator/3.3/psoc creator/import/gnu/arm/4.9.3/bin/../lib/gcc/arm-none-eabi/4.9.3/armv6-m\libgcc.a(lesf2.o)
 .debug_frame   0x0000258c       0x20 c:/program files (x86)/cypress/psoc creator/3.3/psoc creator/import/gnu/arm/4.9.3/bin/../lib/gcc/arm-none-eabi/4.9.3/../../../../arm-none-eabi/lib/armv6-m\libg_nano.a(lib_a-errno.o)
 .debug_frame   0x000025ac       0x28 c:/program files (x86)/cypress/psoc creator/3.3/psoc creator/import/gnu/arm/4.9.3/bin/../lib/gcc/arm-none-eabi/4.9.3/../../../../arm-none-eabi/lib/armv6-m\libg_nano.a(lib_a-exit.o)
 .debug_frame   0x000025d4       0x2c c:/program files (x86)/cypress/psoc creator/3.3/psoc creator/import/gnu/arm/4.9.3/bin/../lib/gcc/arm-none-eabi/4.9.3/../../../../arm-none-eabi/lib/armv6-m\libg_nano.a(lib_a-init.o)
 .debug_frame   0x00002600       0x28 c:/program files (x86)/cypress/psoc creator/3.3/psoc creator/import/gnu/arm/4.9.3/bin/../lib/gcc/arm-none-eabi/4.9.3/../../../../arm-none-eabi/lib/armv6-m\libg_nano.a(lib_a-memcpy.o)
 .debug_frame   0x00002628       0x20 c:/program files (x86)/cypress/psoc creator/3.3/psoc creator/import/gnu/arm/4.9.3/bin/../lib/gcc/arm-none-eabi/4.9.3/../../../../arm-none-eabi/lib/armv6-m\libg_nano.a(lib_a-memset.o)
 .debug_frame   0x00002648       0x54 c:/program files (x86)/cypress/psoc creator/3.3/psoc creator/import/gnu/arm/4.9.3/bin/../lib/gcc/arm-none-eabi/4.9.3/../../../../arm-none-eabi/lib/armv6-m\libg_nano.a(lib_a-snprintf.o)
 .debug_frame   0x0000269c       0x74 c:/program files (x86)/cypress/psoc creator/3.3/psoc creator/import/gnu/arm/4.9.3/bin/../lib/gcc/arm-none-eabi/4.9.3/../../../../arm-none-eabi/lib/armv6-m\libg_nano.a(lib_a-nano-svfprintf.o)
 .debug_frame   0x00002710       0x54 c:/program files (x86)/cypress/psoc creator/3.3/psoc creator/import/gnu/arm/4.9.3/bin/../lib/gcc/arm-none-eabi/4.9.3/../../../../arm-none-eabi/lib/armv6-m\libg_nano.a(lib_a-nano-vfprintf_i.o)
 .debug_frame   0x00002764       0x20 c:/program files (x86)/cypress/psoc creator/3.3/psoc creator/import/gnu/arm/4.9.3/bin/../lib/gcc/arm-none-eabi/4.9.3/../../../../arm-none-eabi/lib/armv6-m\libg_nano.a(lib_a-memchr.o)
 .debug_frame   0x00002784       0x28 c:/program files (x86)/cypress/psoc creator/3.3/psoc creator/import/gnu/arm/4.9.3/bin/../lib/gcc/arm-none-eabi/4.9.3/../../../../arm-none-eabi/lib/armv6-m\libg_nano.a(lib_a-memmove.o)
 .debug_frame   0x000027ac       0x2c c:/program files (x86)/cypress/psoc creator/3.3/psoc creator/import/gnu/arm/4.9.3/bin/../lib/gcc/arm-none-eabi/4.9.3/../../../../arm-none-eabi/lib/armv6-m\libg_nano.a(lib_a-nano-freer.o)
 .debug_frame   0x000027d8       0x2c c:/program files (x86)/cypress/psoc creator/3.3/psoc creator/import/gnu/arm/4.9.3/bin/../lib/gcc/arm-none-eabi/4.9.3/../../../../arm-none-eabi/lib/armv6-m\libg_nano.a(lib_a-nano-mallocr.o)
 .debug_frame   0x00002804       0x30 c:/program files (x86)/cypress/psoc creator/3.3/psoc creator/import/gnu/arm/4.9.3/bin/../lib/gcc/arm-none-eabi/4.9.3/../../../../arm-none-eabi/lib/armv6-m\libg_nano.a(lib_a-nano-reallocr.o)
 .debug_frame   0x00002834       0x2c c:/program files (x86)/cypress/psoc creator/3.3/psoc creator/import/gnu/arm/4.9.3/bin/../lib/gcc/arm-none-eabi/4.9.3/../../../../arm-none-eabi/lib/armv6-m\libg_nano.a(lib_a-sbrkr.o)
 .debug_frame   0x00002860       0x20 c:/program files (x86)/cypress/psoc creator/3.3/psoc creator/import/gnu/arm/4.9.3/bin/../lib/gcc/arm-none-eabi/4.9.3/../../../../arm-none-eabi/lib/armv6-m\libg_nano.a(lib_a-nano-msizer.o)
 .debug_frame   0x00002880       0x48 c:/program files (x86)/cypress/psoc creator/3.3/psoc creator/import/gnu/arm/4.9.3/bin/../lib/gcc/arm-none-eabi/4.9.3/../../../../arm-none-eabi/lib/armv6-m\libg_nano.a(lib_a-reent.o)

.debug_str      0x00000000     0x2b30
 *(.debug_str)
 .debug_str     0x00000000      0x2dd .\CortexM0\ARM_GCC_493\Debug\encoder.o
                                0x342 (size before relaxing)
 .debug_str     0x000002dd       0xaa .\CortexM0\ARM_GCC_493\Debug\motor.o
                                0x23b (size before relaxing)
 .debug_str     0x00000387      0x1f7 .\CortexM0\ARM_GCC_493\Debug\ultrasonic.o
                                0x3cc (size before relaxing)
 .debug_str     0x0000057e       0xec .\CortexM0\ARM_GCC_493\Debug\pid.o
                                0x2db (size before relaxing)
 .debug_str     0x0000066a      0x122 .\CortexM0\ARM_GCC_493\Debug\i2c.o
                                0x2ec (size before relaxing)
 .debug_str     0x0000078c       0x52 .\CortexM0\ARM_GCC_493\Debug\control.o
                                0x205 (size before relaxing)
 .debug_str     0x000007de       0x98 .\CortexM0\ARM_GCC_493\Debug\boardmain.o
                                0x345 (size before relaxing)
 .debug_str     0x00000876       0x29 .\CortexM0\ARM_GCC_493\Debug\debug.o
                                0x1b8 (size before relaxing)
 .debug_str     0x0000089f       0x8c .\CortexM0\ARM_GCC_493\Debug\time.o
                                0x216 (size before relaxing)
 .debug_str     0x0000092b       0xa2 .\CortexM0\ARM_GCC_493\Debug\infrared.o
                                0x2b6 (size before relaxing)
 .debug_str     0x000009cd       0x1a .\CortexM0\ARM_GCC_493\Debug\utils.o
                                0x1c9 (size before relaxing)
 .debug_str     0x000009e7       0x5b .\CortexM0\ARM_GCC_493\Debug\cymetadata.o
                                0x1c8 (size before relaxing)
 .debug_str     0x00000a42      0x142 .\CortexM0\ARM_GCC_493\Debug\Cm0Start.o
                                0x2ef (size before relaxing)
 .debug_str     0x00000b84      0x119 .\CortexM0\ARM_GCC_493\Debug\Board-KitProg.a(cyfitter_cfg.o)
                                0x2f8 (size before relaxing)
 .debug_str     0x00000c9d      0x13a .\CortexM0\ARM_GCC_493\Debug\Board-KitProg.a(EZI2C.o)
                                0x2cc (size before relaxing)
 .debug_str     0x00000dd7      0x121 .\CortexM0\ARM_GCC_493\Debug\Board-KitProg.a(EZI2C_EZI2C.o)
                                0x333 (size before relaxing)
 .debug_str     0x00000ef8       0x99 .\CortexM0\ARM_GCC_493\Debug\Board-KitProg.a(EZI2C_EZI2C_INT.o)
                                0x2bc (size before relaxing)
 .debug_str     0x00000f91      0x160 .\CortexM0\ARM_GCC_493\Debug\Board-KitProg.a(Encoder_Intr.o)
                                0x33a (size before relaxing)
 .debug_str     0x000010f1      0x40c .\CortexM0\ARM_GCC_493\Debug\Board-KitProg.a(CyLib.o)
                                0x6d5 (size before relaxing)
 .debug_str     0x000014fd      0x503 .\CortexM0\ARM_GCC_493\Debug\Board-KitProg.a(CyLFClk.o)
                                0x6fd (size before relaxing)
 .debug_str     0x00001a00      0x439 .\CortexM0\ARM_GCC_493\Debug\Board-KitProg.a(HB25_PWM.o)
                                0x61d (size before relaxing)
 .debug_str     0x00001e39       0x81 .\CortexM0\ARM_GCC_493\Debug\Board-KitProg.a(Encoder_Pins.o)
                                0x22b (size before relaxing)
 .debug_str     0x00001eba      0x255 .\CortexM0\ARM_GCC_493\Debug\Board-KitProg.a(ADC_Infrared.o)
                                0x4ab (size before relaxing)
 .debug_str     0x0000210f       0x49 .\CortexM0\ARM_GCC_493\Debug\Board-KitProg.a(ADC_Infrared_INT.o)
                                0x1bd (size before relaxing)
 .debug_str     0x00002158      0x407 .\CortexM0\ARM_GCC_493\Debug\Board-KitProg.a(HCSR04_Timer.o)
                                0x6c5 (size before relaxing)
 .debug_str     0x0000255f      0x190 .\CortexM0\ARM_GCC_493\Debug\Board-KitProg.a(HCSR04_Timeout_Intr.o)
                                0x39c (size before relaxing)
 .debug_str     0x000026ef       0x3e .\CortexM0\ARM_GCC_493\Debug\Board-KitProg.a(HCSR04_Control.o)
                                0x1c4 (size before relaxing)
 .debug_str     0x0000272d       0xe7 .\CortexM0\ARM_GCC_493\Debug\Board-KitProg.a(HCSR04_Trigger_0.o)
                                0x27d (size before relaxing)
 .debug_str     0x00002814       0xd6 .\CortexM0\ARM_GCC_493\Debug\Board-KitProg.a(HCSR04_Trigger_2.o)
                                0x27d (size before relaxing)
 .debug_str     0x000028ea       0xd6 .\CortexM0\ARM_GCC_493\Debug\Board-KitProg.a(HCSR04_Trigger_3.o)
                                0x27d (size before relaxing)
 .debug_str     0x000029c0       0xd6 .\CortexM0\ARM_GCC_493\Debug\Board-KitProg.a(HCSR04_Trigger_1.o)
                                0x27d (size before relaxing)
 .debug_str     0x00002a96       0x9a .\CortexM0\ARM_GCC_493\Debug\Board-KitProg.a(CyFlash.o)
                                0x286 (size before relaxing)

.debug_loc      0x00000000     0x2ca3
 *(.debug_loc)
 .debug_loc     0x00000000       0xc5 .\CortexM0\ARM_GCC_493\Debug\encoder.o
 .debug_loc     0x000000c5       0x47 .\CortexM0\ARM_GCC_493\Debug\motor.o
 .debug_loc     0x0000010c      0x107 .\CortexM0\ARM_GCC_493\Debug\ultrasonic.o
 .debug_loc     0x00000213      0x1a2 .\CortexM0\ARM_GCC_493\Debug\pid.o
 .debug_loc     0x000003b5       0x83 .\CortexM0\ARM_GCC_493\Debug\i2c.o
 .debug_loc     0x00000438       0x2a .\CortexM0\ARM_GCC_493\Debug\control.o
 .debug_loc     0x00000462       0x1f .\CortexM0\ARM_GCC_493\Debug\time.o
 .debug_loc     0x00000481       0xf2 .\CortexM0\ARM_GCC_493\Debug\infrared.o
 .debug_loc     0x00000573       0x60 .\CortexM0\ARM_GCC_493\Debug\utils.o
 .debug_loc     0x000005d3      0x14f .\CortexM0\ARM_GCC_493\Debug\Cm0Start.o
 .debug_loc     0x00000722      0x136 .\CortexM0\ARM_GCC_493\Debug\Board-KitProg.a(cyfitter_cfg.o)
 .debug_loc     0x00000858       0x7e .\CortexM0\ARM_GCC_493\Debug\Board-KitProg.a(EZI2C.o)
 .debug_loc     0x000008d6       0xe1 .\CortexM0\ARM_GCC_493\Debug\Board-KitProg.a(EZI2C_EZI2C.o)
 .debug_loc     0x000009b7      0x132 .\CortexM0\ARM_GCC_493\Debug\Board-KitProg.a(EZI2C_EZI2C_INT.o)
 .debug_loc     0x00000ae9       0x82 .\CortexM0\ARM_GCC_493\Debug\Board-KitProg.a(Encoder_Intr.o)
 .debug_loc     0x00000b6b      0x530 .\CortexM0\ARM_GCC_493\Debug\Board-KitProg.a(CyLib.o)
 .debug_loc     0x0000109b      0x8af .\CortexM0\ARM_GCC_493\Debug\Board-KitProg.a(CyLFClk.o)
 .debug_loc     0x0000194a      0x547 .\CortexM0\ARM_GCC_493\Debug\Board-KitProg.a(HB25_PWM.o)
 .debug_loc     0x00001e91       0x81 .\CortexM0\ARM_GCC_493\Debug\Board-KitProg.a(Encoder_Pins.o)
 .debug_loc     0x00001f12      0x47d .\CortexM0\ARM_GCC_493\Debug\Board-KitProg.a(ADC_Infrared.o)
 .debug_loc     0x0000238f      0x547 .\CortexM0\ARM_GCC_493\Debug\Board-KitProg.a(HCSR04_Timer.o)
 .debug_loc     0x000028d6       0x82 .\CortexM0\ARM_GCC_493\Debug\Board-KitProg.a(HCSR04_Timeout_Intr.o)
 .debug_loc     0x00002958       0xa2 .\CortexM0\ARM_GCC_493\Debug\Board-KitProg.a(HCSR04_Trigger_0.o)
 .debug_loc     0x000029fa       0xa2 .\CortexM0\ARM_GCC_493\Debug\Board-KitProg.a(HCSR04_Trigger_2.o)
 .debug_loc     0x00002a9c       0xa2 .\CortexM0\ARM_GCC_493\Debug\Board-KitProg.a(HCSR04_Trigger_3.o)
 .debug_loc     0x00002b3e       0xa2 .\CortexM0\ARM_GCC_493\Debug\Board-KitProg.a(HCSR04_Trigger_1.o)
 .debug_loc     0x00002be0       0xc3 .\CortexM0\ARM_GCC_493\Debug\Board-KitProg.a(CyFlash.o)

.debug_macinfo
 *(.debug_macinfo)

.debug_ranges   0x00000000      0xb28
 *(.debug_ranges)
 .debug_ranges  0x00000000       0x48 .\CortexM0\ARM_GCC_493\Debug\encoder.o
 .debug_ranges  0x00000048       0x30 .\CortexM0\ARM_GCC_493\Debug\motor.o
 .debug_ranges  0x00000078       0x48 .\CortexM0\ARM_GCC_493\Debug\ultrasonic.o
 .debug_ranges  0x000000c0       0x28 .\CortexM0\ARM_GCC_493\Debug\pid.o
 .debug_ranges  0x000000e8       0x60 .\CortexM0\ARM_GCC_493\Debug\i2c.o
 .debug_ranges  0x00000148       0x20 .\CortexM0\ARM_GCC_493\Debug\control.o
 .debug_ranges  0x00000168       0x10 .\CortexM0\ARM_GCC_493\Debug\boardmain.o
 .debug_ranges  0x00000178       0x18 .\CortexM0\ARM_GCC_493\Debug\debug.o
 .debug_ranges  0x00000190       0x28 .\CortexM0\ARM_GCC_493\Debug\time.o
 .debug_ranges  0x000001b8       0x28 .\CortexM0\ARM_GCC_493\Debug\infrared.o
 .debug_ranges  0x000001e0       0x10 .\CortexM0\ARM_GCC_493\Debug\utils.o
 .debug_ranges  0x000001f0       0x38 .\CortexM0\ARM_GCC_493\Debug\Cm0Start.o
 .debug_ranges  0x00000228       0x38 .\CortexM0\ARM_GCC_493\Debug\Board-KitProg.a(cyfitter_cfg.o)
 .debug_ranges  0x00000260       0x50 .\CortexM0\ARM_GCC_493\Debug\Board-KitProg.a(EZI2C.o)
 .debug_ranges  0x000002b0       0x40 .\CortexM0\ARM_GCC_493\Debug\Board-KitProg.a(EZI2C_EZI2C.o)
 .debug_ranges  0x000002f0       0x10 .\CortexM0\ARM_GCC_493\Debug\Board-KitProg.a(EZI2C_EZI2C_INT.o)
 .debug_ranges  0x00000300       0x70 .\CortexM0\ARM_GCC_493\Debug\Board-KitProg.a(Encoder_Intr.o)
 .debug_ranges  0x00000370      0x180 .\CortexM0\ARM_GCC_493\Debug\Board-KitProg.a(CyLib.o)
 .debug_ranges  0x000004f0      0x140 .\CortexM0\ARM_GCC_493\Debug\Board-KitProg.a(CyLFClk.o)
 .debug_ranges  0x00000630      0x148 .\CortexM0\ARM_GCC_493\Debug\Board-KitProg.a(HB25_PWM.o)
 .debug_ranges  0x00000778       0x30 .\CortexM0\ARM_GCC_493\Debug\Board-KitProg.a(Encoder_Pins.o)
 .debug_ranges  0x000007a8       0x98 .\CortexM0\ARM_GCC_493\Debug\Board-KitProg.a(ADC_Infrared.o)
 .debug_ranges  0x00000840       0x10 .\CortexM0\ARM_GCC_493\Debug\Board-KitProg.a(ADC_Infrared_INT.o)
 .debug_ranges  0x00000850      0x148 .\CortexM0\ARM_GCC_493\Debug\Board-KitProg.a(HCSR04_Timer.o)
 .debug_ranges  0x00000998       0x70 .\CortexM0\ARM_GCC_493\Debug\Board-KitProg.a(HCSR04_Timeout_Intr.o)
 .debug_ranges  0x00000a08       0x18 .\CortexM0\ARM_GCC_493\Debug\Board-KitProg.a(HCSR04_Control.o)
 .debug_ranges  0x00000a20       0x38 .\CortexM0\ARM_GCC_493\Debug\Board-KitProg.a(HCSR04_Trigger_0.o)
 .debug_ranges  0x00000a58       0x38 .\CortexM0\ARM_GCC_493\Debug\Board-KitProg.a(HCSR04_Trigger_2.o)
 .debug_ranges  0x00000a90       0x38 .\CortexM0\ARM_GCC_493\Debug\Board-KitProg.a(HCSR04_Trigger_3.o)
 .debug_ranges  0x00000ac8       0x38 .\CortexM0\ARM_GCC_493\Debug\Board-KitProg.a(HCSR04_Trigger_1.o)
 .debug_ranges  0x00000b00       0x28 .\CortexM0\ARM_GCC_493\Debug\Board-KitProg.a(CyFlash.o)

.comment        0x00000000       0x70
 .comment       0x00000000       0x70 .\CortexM0\ARM_GCC_493\Debug\encoder.o
                                 0x71 (size before relaxing)
 .comment       0x00000000       0x71 .\CortexM0\ARM_GCC_493\Debug\motor.o
 .comment       0x00000000       0x71 .\CortexM0\ARM_GCC_493\Debug\ultrasonic.o
 .comment       0x00000000       0x71 .\CortexM0\ARM_GCC_493\Debug\pid.o
 .comment       0x00000000       0x71 .\CortexM0\ARM_GCC_493\Debug\i2c.o
 .comment       0x00000000       0x71 .\CortexM0\ARM_GCC_493\Debug\control.o
 .comment       0x00000000       0x71 .\CortexM0\ARM_GCC_493\Debug\boardmain.o
 .comment       0x00000000       0x71 .\CortexM0\ARM_GCC_493\Debug\debug.o
 .comment       0x00000000       0x71 .\CortexM0\ARM_GCC_493\Debug\time.o
 .comment       0x00000000       0x71 .\CortexM0\ARM_GCC_493\Debug\infrared.o
 .comment       0x00000000       0x71 .\CortexM0\ARM_GCC_493\Debug\utils.o
 .comment       0x00000000       0x71 .\CortexM0\ARM_GCC_493\Debug\cymetadata.o
 .comment       0x00000000       0x71 .\CortexM0\ARM_GCC_493\Debug\Cm0Start.o
 .comment       0x00000000       0x71 .\CortexM0\ARM_GCC_493\Debug\Board-KitProg.a(cyfitter_cfg.o)
 .comment       0x00000000       0x71 .\CortexM0\ARM_GCC_493\Debug\Board-KitProg.a(EZI2C.o)
 .comment       0x00000000       0x71 .\CortexM0\ARM_GCC_493\Debug\Board-KitProg.a(EZI2C_EZI2C.o)
 .comment       0x00000000       0x71 .\CortexM0\ARM_GCC_493\Debug\Board-KitProg.a(EZI2C_EZI2C_INT.o)
 .comment       0x00000000       0x71 .\CortexM0\ARM_GCC_493\Debug\Board-KitProg.a(Encoder_Intr.o)
 .comment       0x00000000       0x71 .\CortexM0\ARM_GCC_493\Debug\Board-KitProg.a(CyLib.o)
 .comment       0x00000000       0x71 .\CortexM0\ARM_GCC_493\Debug\Board-KitProg.a(CyLFClk.o)
 .comment       0x00000000       0x71 .\CortexM0\ARM_GCC_493\Debug\Board-KitProg.a(HB25_PWM.o)
 .comment       0x00000000       0x71 .\CortexM0\ARM_GCC_493\Debug\Board-KitProg.a(Encoder_Pins.o)
 .comment       0x00000000       0x71 .\CortexM0\ARM_GCC_493\Debug\Board-KitProg.a(ADC_Infrared.o)
 .comment       0x00000000       0x71 .\CortexM0\ARM_GCC_493\Debug\Board-KitProg.a(ADC_Infrared_INT.o)
 .comment       0x00000000       0x71 .\CortexM0\ARM_GCC_493\Debug\Board-KitProg.a(HCSR04_Timer.o)
 .comment       0x00000000       0x71 .\CortexM0\ARM_GCC_493\Debug\Board-KitProg.a(HCSR04_Timeout_Intr.o)
 .comment       0x00000000       0x71 .\CortexM0\ARM_GCC_493\Debug\Board-KitProg.a(HCSR04_Control.o)
 .comment       0x00000000       0x71 .\CortexM0\ARM_GCC_493\Debug\Board-KitProg.a(HCSR04_Trigger_0.o)
 .comment       0x00000000       0x71 .\CortexM0\ARM_GCC_493\Debug\Board-KitProg.a(HCSR04_Trigger_2.o)
 .comment       0x00000000       0x71 .\CortexM0\ARM_GCC_493\Debug\Board-KitProg.a(HCSR04_Trigger_3.o)