Archive member included because of file (symbol)

.\CortexM0\ARM_GCC_493\Debug\LeftBoard.a(cyfitter_cfg.o)
                              .\CortexM0\ARM_GCC_493\Debug\Cm0Start.o (cyfitter_cfg)
.\CortexM0\ARM_GCC_493\Debug\LeftBoard.a(EZI2C.o)
                              .\CortexM0\ARM_GCC_493\Debug\rpii2c.o (EZI2C_Start)
.\CortexM0\ARM_GCC_493\Debug\LeftBoard.a(EZI2C_EZI2C.o)
                              .\CortexM0\ARM_GCC_493\Debug\LeftBoard.a(EZI2C.o) (EZI2C_EzI2CInit)
.\CortexM0\ARM_GCC_493\Debug\LeftBoard.a(EZI2C_EZI2C_INT.o)
                              .\CortexM0\ARM_GCC_493\Debug\LeftBoard.a(EZI2C_EZI2C.o) (EZI2C_EZI2C_STRETCH_ISR)
.\CortexM0\ARM_GCC_493\Debug\LeftBoard.a(Encoder_Intr.o)
                              .\CortexM0\ARM_GCC_493\Debug\encoder.o (Encoder_Intr_StartEx)
.\CortexM0\ARM_GCC_493\Debug\LeftBoard.a(Pin_UltrasonicDistance_1.o)
                              .\CortexM0\ARM_GCC_493\Debug\hcsr04.o (Pin_UltrasonicDistance_1_Write)
.\CortexM0\ARM_GCC_493\Debug\LeftBoard.a(Pin_UltrasonicDistance_2.o)
                              .\CortexM0\ARM_GCC_493\Debug\hcsr04.o (Pin_UltrasonicDistance_2_Write)
.\CortexM0\ARM_GCC_493\Debug\LeftBoard.a(Pin_UltrasonicDistance_3.o)
                              .\CortexM0\ARM_GCC_493\Debug\hcsr04.o (Pin_UltrasonicDistance_3_Write)
.\CortexM0\ARM_GCC_493\Debug\LeftBoard.a(Pin_UltrasonicDistance_4.o)
                              .\CortexM0\ARM_GCC_493\Debug\hcsr04.o (Pin_UltrasonicDistance_4_Write)
.\CortexM0\ARM_GCC_493\Debug\LeftBoard.a(Pin_UltrasonicDistance_5.o)
                              .\CortexM0\ARM_GCC_493\Debug\hcsr04.o (Pin_UltrasonicDistance_5_Write)
.\CortexM0\ARM_GCC_493\Debug\LeftBoard.a(Pin_UltrasonicDistance_6.o)
                              .\CortexM0\ARM_GCC_493\Debug\hcsr04.o (Pin_UltrasonicDistance_6_Write)
.\CortexM0\ARM_GCC_493\Debug\LeftBoard.a(Pin_UltrasonicDistance_7.o)
                              .\CortexM0\ARM_GCC_493\Debug\hcsr04.o (Pin_UltrasonicDistance_7_Write)
.\CortexM0\ARM_GCC_493\Debug\LeftBoard.a(Pin_UltrasonicDistance_0.o)
                              .\CortexM0\ARM_GCC_493\Debug\hcsr04.o (Pin_UltrasonicDistance_0_Write)
.\CortexM0\ARM_GCC_493\Debug\LeftBoard.a(CyBootAsmGnu.o)
                              .\CortexM0\ARM_GCC_493\Debug\LeftBoard.a(Encoder_Intr.o) (CyEnterCriticalSection)
.\CortexM0\ARM_GCC_493\Debug\LeftBoard.a(CyLib.o)
                              .\CortexM0\ARM_GCC_493\Debug\LeftBoard.a(cyfitter_cfg.o) (CyIntEnable)
.\CortexM0\ARM_GCC_493\Debug\LeftBoard.a(CyLFClk.o)
                              .\CortexM0\ARM_GCC_493\Debug\LeftBoard.a(CyLib.o) (CySysClkWcoEnabled)
.\CortexM0\ARM_GCC_493\Debug\LeftBoard.a(HB25_PWM.o)
                              .\CortexM0\ARM_GCC_493\Debug\hb25.o (HB25_PWM_Stop)
.\CortexM0\ARM_GCC_493\Debug\LeftBoard.a(Encoder_Pins.o)
                              .\CortexM0\ARM_GCC_493\Debug\encoder.o (Encoder_Pins_Read)
.\CortexM0\ARM_GCC_493\Debug\LeftBoard.a(HB25_Enable.o)
                              .\CortexM0\ARM_GCC_493\Debug\hb25.o (HB25_Enable_Write)
.\CortexM0\ARM_GCC_493\Debug\LeftBoard.a(UART_Debug.o)
                              .\CortexM0\ARM_GCC_493\Debug\debug.o (UART_Debug_Start)
.\CortexM0\ARM_GCC_493\Debug\LeftBoard.a(UART_Debug_UART.o)
                              .\CortexM0\ARM_GCC_493\Debug\LeftBoard.a(UART_Debug.o) (UART_Debug_UartInit)
.\CortexM0\ARM_GCC_493\Debug\LeftBoard.a(CyFlash.o)
                              .\CortexM0\ARM_GCC_493\Debug\LeftBoard.a(CyLib.o) (CySysFlashSetWaitCycles)
.\CortexM0\ARM_GCC_493\Debug\LeftBoard.a(UART_Debug_SPI_UART.o)
                              .\CortexM0\ARM_GCC_493\Debug\LeftBoard.a(UART_Debug_UART.o) (UART_Debug_SpiUartReadRxData)
c:/program files (x86)/cypress/psoc creator/3.3/psoc creator/import/gnu/arm/4.9.3/bin/../lib/gcc/arm-none-eabi/4.9.3/armv6-m\libgcc.a(_udivsi3.o)
                              .\CortexM0\ARM_GCC_493\Debug\hcsr04.o (__aeabi_uidiv)
c:/program files (x86)/cypress/psoc creator/3.3/psoc creator/import/gnu/arm/4.9.3/bin/../lib/gcc/arm-none-eabi/4.9.3/armv6-m\libgcc.a(_dvmd_tls.o)
                              c:/program files (x86)/cypress/psoc creator/3.3/psoc creator/import/gnu/arm/4.9.3/bin/../lib/gcc/arm-none-eabi/4.9.3/armv6-m\libgcc.a(_udivsi3.o) (__aeabi_idiv0)
c:/program files (x86)/cypress/psoc creator/3.3/psoc creator/import/gnu/arm/4.9.3/bin/../lib/gcc/arm-none-eabi/4.9.3/../../../../arm-none-eabi/lib/armv6-m\libg_nano.a(lib_a-errno.o)
                              .\CortexM0\ARM_GCC_493\Debug\Cm0Start.o (__errno)
c:/program files (x86)/cypress/psoc creator/3.3/psoc creator/import/gnu/arm/4.9.3/bin/../lib/gcc/arm-none-eabi/4.9.3/../../../../arm-none-eabi/lib/armv6-m\libg_nano.a(lib_a-exit.o)
                              c:/program files (x86)/cypress/psoc creator/3.3/psoc creator/import/gnu/arm/4.9.3/bin/../lib/gcc/arm-none-eabi/4.9.3/../../../../arm-none-eabi/lib/armv6-m/crt0.o (exit)
[...]
Memory Configuration

Name             Origin             Length             Attributes
rom              0x00000000         0x00020000         xr
ram              0x20000000         0x00004000         xrw
*default*        0x00000000         0xffffffff

Linker script and memory map

LOAD c:/program files (x86)/cypress/psoc creator/3.3/psoc creator/import/gnu/arm/4.9.3/bin/../lib/gcc/arm-none-eabi/4.9.3/armv6-m/crti.o
LOAD c:/program files (x86)/cypress/psoc creator/3.3/psoc creator/import/gnu/arm/4.9.3/bin/../lib/gcc/arm-none-eabi/4.9.3/armv6-m/crtbegin.o
LOAD c:/program files (x86)/cypress/psoc creator/3.3/psoc creator/import/gnu/arm/4.9.3/bin/../lib/gcc/arm-none-eabi/4.9.3/../../../../arm-none-eabi/lib/armv6-m/crt0.o
START GROUP
LOAD .\CortexM0\ARM_GCC_493\Debug\encoder.o
LOAD .\CortexM0\ARM_GCC_493\Debug\hb25.o
LOAD .\CortexM0\ARM_GCC_493\Debug\hcsr04.o
LOAD .\CortexM0\ARM_GCC_493\Debug\pid.o
LOAD .\CortexM0\ARM_GCC_493\Debug\rpii2c.o
LOAD .\CortexM0\ARM_GCC_493\Debug\control.o
LOAD .\CortexM0\ARM_GCC_493\Debug\main.o
LOAD .\CortexM0\ARM_GCC_493\Debug\time.o
LOAD .\CortexM0\ARM_GCC_493\Debug\debug.o
LOAD .\CortexM0\ARM_GCC_493\Debug\cymetadata.o
LOAD .\CortexM0\ARM_GCC_493\Debug\Cm0Start.o
LOAD .\CortexM0\ARM_GCC_493\Debug\LeftBoard.a
LOAD C:\Program Files (x86)\Cypress\PSoC Creator\3.3\PSoC Creator\psoc\content\cycomponentlibrary\CyComponentLibrary.cylib\CortexM0\ARM_GCC_493\Debug\CyComponentLibrary.a
END GROUP
START GROUP
LOAD c:/program files (x86)/cypress/psoc creator/3.3/psoc creator/import/gnu/arm/4.9.3/bin/../lib/gcc/arm-none-eabi/4.9.3/armv6-m\libgcc.a
LOAD c:/program files (x86)/cypress/psoc creator/3.3/psoc creator/import/gnu/arm/4.9.3/bin/../lib/gcc/arm-none-eabi/4.9.3/../../../../arm-none-eabi/lib/armv6-m\libg_nano.a
LOAD c:/program files (x86)/cypress/psoc creator/3.3/psoc creator/import/gnu/arm/4.9.3/bin/../lib/gcc/arm-none-eabi/4.9.3/../../../../arm-none-eabi/lib/armv6-m\libc_nano.a
END GROUP
START GROUP
LOAD c:/program files (x86)/cypress/psoc creator/3.3/psoc creator/import/gnu/arm/4.9.3/bin/../lib/gcc/arm-none-eabi/4.9.3/armv6-m\libgcc.a
LOAD c:/program files (x86)/cypress/psoc creator/3.3/psoc creator/import/gnu/arm/4.9.3/bin/../lib/gcc/arm-none-eabi/4.9.3/../../../../arm-none-eabi/lib/armv6-m\libc_nano.a
END GROUP
LOAD c:/program files (x86)/cypress/psoc creator/3.3/psoc creator/import/gnu/arm/4.9.3/bin/../lib/gcc/arm-none-eabi/4.9.3/armv6-m/crtend.o
LOAD c:/program files (x86)/cypress/psoc creator/3.3/psoc creator/import/gnu/arm/4.9.3/bin/../lib/gcc/arm-none-eabi/4.9.3/armv6-m/crtn.o
START GROUP
LOAD c:/program files (x86)/cypress/psoc creator/3.3/psoc creator/import/gnu/arm/4.9.3/bin/../lib/gcc/arm-none-eabi/4.9.3/armv6-m\libgcc.a
LOAD c:/program files (x86)/cypress/psoc creator/3.3/psoc creator/import/gnu/arm/4.9.3/bin/../lib/gcc/arm-none-eabi/4.9.3/../../../../arm-none-eabi/lib/armv6-m\libc.a
LOAD c:/program files (x86)/cypress/psoc creator/3.3/psoc creator/import/gnu/arm/4.9.3/bin/../lib/gcc/arm-none-eabi/4.9.3/../../../../arm-none-eabi/lib/armv6-m\libnosys.a
END GROUP
                0x00000000                CY_APPL_ORIGIN = 0x0
                0x00000080                CY_FLASH_ROW_SIZE = 0x80
                0x00000001                CY_APPL_NUM = 0x1
                0x00000001                CY_APPL_MAX = 0x1
                0x00000040                CY_METADATA_SIZE = 0x40
                0x00000000                CY_APPL_LOADABLE = 0x0
                0x00000000                CY_CHECKSUM_EXCLUDE_SIZE = ALIGN (0x0, CY_FLASH_ROW_SIZE)
                0x00000000                CY_APP_FOR_STACK_AND_COPIER = 0x0
                0x20000330                PROVIDE (__cy_heap_start, _end)
                0x00000001                PROVIDE (__cy_region_num, ((__cy_regions_end - __cy_regions) / 0x10))
                0x20004000                PROVIDE (__cy_stack, (ORIGIN (ram) + 0x4000))
                0x20003800                PROVIDE (__cy_heap_end, (__cy_stack - 0x800))

.cybootloader   0x00000000        0x0
 *(.cybootloader)
                0x00000000                appl1_start = CY_APPL_ORIGIN?CY_APPL_ORIGIN:ALIGN (CY_FLASH_ROW_SIZE)
                0x0000ff80                appl2_start = (appl1_start + ALIGN ((((0x20000 - appl1_start) - (0x2 * CY_FLASH_ROW_SIZE)) / 0x2), CY_FLASH_ROW_SIZE))
                0x00000000                appl_start = (CY_APPL_NUM == 0x1)?appl1_start:appl2_start
                0x00000001                cy_project_type_bootloader = (appl_start == 0x0)?0x1:0x0
                0x00000000                cy_project_type_app_for_stack_and_copier = (CY_APP_FOR_STACK_AND_COPIER == 0x1)?0x1:0x0

.text           0x00000000     0x1d82
 CREATE_OBJECT_SYMBOLS
                0x00000000                PROVIDE (__cy_interrupt_vector, RomVectors)
 *(.romvectors)
 .romvectors    0x00000000       0x10 .\CortexM0\ARM_GCC_493\Debug\Cm0Start.o
                0x00000000                RomVectors
                0x00000001                ASSERT ((. != __cy_interrupt_vector), No interrupt vector)
                0x00000001                ASSERT (CY_APPL_ORIGIN?(SIZEOF (.cybootloader) <= CY_APPL_ORIGIN):0x1, Wrong image location)
                0x00000010                PROVIDE (__cy_reset, Reset)
 *(.text.Reset)
 .text.Reset    0x00000010        0x8 .\CortexM0\ARM_GCC_493\Debug\Cm0Start.o
                0x00000010                Reset
                0x00000001                ASSERT ((. != __cy_reset), No reset code)
 *(.psocinit)
 .psocinit      0x00000018      0x2a0 .\CortexM0\ARM_GCC_493\Debug\LeftBoard.a(cyfitter_cfg.o)
                0x0000010c                cyfitter_cfg
                0x000002b8                . = MAX (., 0x100)
 *(.text .text.* .gnu.linkonce.t.*)
 .text          0x000002b8       0x60 c:/program files (x86)/cypress/psoc creator/3.3/psoc creator/import/gnu/arm/4.9.3/bin/../lib/gcc/arm-none-eabi/4.9.3/armv6-m/crtbegin.o
 .text.CalcCount
                0x00000318       0x28 .\CortexM0\ARM_GCC_493\Debug\encoder.o
 .text.Encoder_Interrupt_Handler
                0x00000340       0x30 .\CortexM0\ARM_GCC_493\Debug\encoder.o
                0x00000340                Encoder_Interrupt_Handler
 .text.Encoder_Init
                0x00000370       0x10 .\CortexM0\ARM_GCC_493\Debug\encoder.o
                0x00000370                Encoder_Init
 .text.Encoder_Start
                0x00000380       0x10 .\CortexM0\ARM_GCC_493\Debug\encoder.o
                0x00000380                Encoder_Start
 .text.Encoder_CalculateVelocity
                0x00000390       0x90 .\CortexM0\ARM_GCC_493\Debug\encoder.o
                0x00000390                Encoder_CalculateVelocity
 .text.Encoder_GetVelocity
                0x00000420       0x14 .\CortexM0\ARM_GCC_493\Debug\encoder.o
                0x00000420                Encoder_GetVelocity
 .text.CalculateCompare
                0x00000434       0x5c .\CortexM0\ARM_GCC_493\Debug\hb25.o
 .text.HB25_Init
                0x00000490        0x4 .\CortexM0\ARM_GCC_493\Debug\hb25.o
                0x00000490                HB25_Init
 .text.HB25_Start
                0x00000494        0x8 .\CortexM0\ARM_GCC_493\Debug\hb25.o
                0x00000494                HB25_Start
 .text.HB25_SetOutput
                0x0000049c        0xc .\CortexM0\ARM_GCC_493\Debug\hb25.o
                0x0000049c                HB25_SetOutput
 .text.Calculate
                0x000004a8       0x20 .\CortexM0\ARM_GCC_493\Debug\pid.o
 .text.PID_Update
                0x000004c8       0x18 .\CortexM0\ARM_GCC_493\Debug\pid.o
                0x000004c8                PID_Update
 .text.RpiI2c_Init
                0x000004e0       0x14 .\CortexM0\ARM_GCC_493\Debug\rpii2c.o
                0x000004e0                RpiI2c_Init
 .text.RpiI2c_Start
                0x000004f4       0x18 .\CortexM0\ARM_GCC_493\Debug\rpii2c.o
                0x000004f4                RpiI2c_Start
 .text.RpiI2c_ReadControl
                0x0000050c        0x4 .\CortexM0\ARM_GCC_493\Debug\rpii2c.o
                0x0000050c                RpiI2c_ReadControl
 .text.Control_Init
                0x00000510        0xc .\CortexM0\ARM_GCC_493\Debug\control.o
                0x00000510                Control_Init
 .text.Control_Start
                0x0000051c       0x24 .\CortexM0\ARM_GCC_493\Debug\control.o
                0x0000051c                Control_Start
 .text.main     0x00000540       0x5c .\CortexM0\ARM_GCC_493\Debug\main.o
                0x00000540                main
 .text.SysTickIsrHandler
                0x0000059c       0x10 .\CortexM0\ARM_GCC_493\Debug\time.o
 .text.Time_Init
                0x000005ac        0xc .\CortexM0\ARM_GCC_493\Debug\time.o
                0x000005ac                Time_Init
 .text.Time_Start
                0x000005b8       0x34 .\CortexM0\ARM_GCC_493\Debug\time.o
                0x000005b8                Time_Start
 .text.millis   0x000005ec        0xc .\CortexM0\ARM_GCC_493\Debug\time.o
                0x000005ec                millis
 .text.Debug_Init
                0x000005f8       0x14 .\CortexM0\ARM_GCC_493\Debug\debug.o
                0x000005f8                Debug_Init
 .text.Debug_Start
                0x0000060c        0x8 .\CortexM0\ARM_GCC_493\Debug\debug.o
                0x0000060c                Debug_Start
 .text.IntDefaultHandler
                0x00000614        0x4 .\CortexM0\ARM_GCC_493\Debug\Cm0Start.o
                0x00000614                IntDefaultHandler
 .text._sbrk    0x00000618       0x30 .\CortexM0\ARM_GCC_493\Debug\Cm0Start.o
                0x00000618                _sbrk
 .text.Start_c  0x00000648       0x48 .\CortexM0\ARM_GCC_493\Debug\Cm0Start.o
                0x00000648                Start_c
 .text.initialize_psoc
                0x00000690       0x54 .\CortexM0\ARM_GCC_493\Debug\Cm0Start.o
                0x00000690                initialize_psoc
 .text.cfg_write_bytes32
                0x000006e4       0x34 .\CortexM0\ARM_GCC_493\Debug\LeftBoard.a(cyfitter_cfg.o)
 .text.CYMEMZERO
                0x00000718        0xc .\CortexM0\ARM_GCC_493\Debug\LeftBoard.a(cyfitter_cfg.o)
 .text.SetAnalogRoutingPumps
                0x00000724       0x20 .\CortexM0\ARM_GCC_493\Debug\LeftBoard.a(cyfitter_cfg.o)
                0x00000724                SetAnalogRoutingPumps
 .text.AnalogSetDefault
                0x00000744       0x38 .\CortexM0\ARM_GCC_493\Debug\LeftBoard.a(cyfitter_cfg.o)
 .text.EZI2C_ScbEnableIntr
                0x0000077c        0xc .\CortexM0\ARM_GCC_493\Debug\LeftBoard.a(EZI2C.o)
 .text.EZI2C_Init
                0x00000788        0x8 .\CortexM0\ARM_GCC_493\Debug\LeftBoard.a(EZI2C.o)
                0x00000788                EZI2C_Init
 .text.EZI2C_Enable
                0x00000790       0x18 .\CortexM0\ARM_GCC_493\Debug\LeftBoard.a(EZI2C.o)
                0x00000790                EZI2C_Enable
 .text.EZI2C_Start
                0x000007a8       0x20 .\CortexM0\ARM_GCC_493\Debug\LeftBoard.a(EZI2C.o)
                0x000007a8                EZI2C_Start
 .text.EZI2C_EzI2CInit
                0x000007c8       0xc0 .\CortexM0\ARM_GCC_493\Debug\LeftBoard.a(EZI2C_EZI2C.o)
                0x000007c8                EZI2C_EzI2CInit
 .text.EZI2C_EzI2CSetBuffer1
                0x00000888       0x30 .\CortexM0\ARM_GCC_493\Debug\LeftBoard.a(EZI2C_EZI2C.o)
                0x00000888                EZI2C_EzI2CSetBuffer1
 .text.EZI2C_EZI2C_STRETCH_ISR
                0x000008b8      0x324 .\CortexM0\ARM_GCC_493\Debug\LeftBoard.a(EZI2C_EZI2C_INT.o)
                0x000008b8                EZI2C_EZI2C_STRETCH_ISR
 .text.Encoder_Intr_SetVector
                0x00000bdc        0xc .\CortexM0\ARM_GCC_493\Debug\LeftBoard.a(Encoder_Intr.o)
                0x00000bdc                Encoder_Intr_SetVector
 .text.Encoder_Intr_SetPriority
                0x00000be8       0x20 .\CortexM0\ARM_GCC_493\Debug\LeftBoard.a(Encoder_Intr.o)
                0x00000be8                Encoder_Intr_SetPriority
 .text.Encoder_Intr_Enable
                0x00000c08        0xc .\CortexM0\ARM_GCC_493\Debug\LeftBoard.a(Encoder_Intr.o)
                0x00000c08                Encoder_Intr_Enable
 .text.Encoder_Intr_Disable
                0x00000c14        0xc .\CortexM0\ARM_GCC_493\Debug\LeftBoard.a(Encoder_Intr.o)
                0x00000c14                Encoder_Intr_Disable
 .text.Encoder_Intr_StartEx
                0x00000c20       0x1c .\CortexM0\ARM_GCC_493\Debug\LeftBoard.a(Encoder_Intr.o)
                0x00000c20                Encoder_Intr_StartEx
 *fill*         0x00000c3c        0x4 
 .text          0x00000c40       0x20 .\CortexM0\ARM_GCC_493\Debug\LeftBoard.a(CyBootAsmGnu.o)
                0x00000c40                CyDelayCycles
                0x00000c52                CyEnterCriticalSection
                0x00000c5a                CyExitCriticalSection
 .text.CySysClkImoGetWcoLock
                0x00000c60       0x14 .\CortexM0\ARM_GCC_493\Debug\LeftBoard.a(CyLib.o)
 .text.CySysClkImoDisableWcoLock
                0x00000c74       0x14 .\CortexM0\ARM_GCC_493\Debug\LeftBoard.a(CyLib.o)
                0x00000c74                CySysClkImoDisableWcoLock
 .text.CyIntEnable
                0x00000c88       0x14 .\CortexM0\ARM_GCC_493\Debug\LeftBoard.a(CyLib.o)
                0x00000c88                CyIntEnable
 .text.CyIntDisable
                0x00000c9c       0x14 .\CortexM0\ARM_GCC_493\Debug\LeftBoard.a(CyLib.o)
                0x00000c9c                CyIntDisable
 .text.CyHalt   0x00000cb0        0x4 .\CortexM0\ARM_GCC_493\Debug\LeftBoard.a(CyLib.o)
                0x00000cb0                CyHalt
 .text.CyIntSetSysVector
                0x00000cb4       0x20 .\CortexM0\ARM_GCC_493\Debug\LeftBoard.a(CyLib.o)
                0x00000cb4                CyIntSetSysVector
 .text.CyIntSetVector
                0x00000cd4       0x24 .\CortexM0\ARM_GCC_493\Debug\LeftBoard.a(CyLib.o)
                0x00000cd4                CyIntSetVector
 .text.CyIntSetPriority
                0x00000cf8       0x4c .\CortexM0\ARM_GCC_493\Debug\LeftBoard.a(CyLib.o)
                0x00000cf8                CyIntSetPriority
 .text.CyDelay  0x00000d44       0x30 .\CortexM0\ARM_GCC_493\Debug\LeftBoard.a(CyLib.o)
                0x00000d44                CyDelay
 .text.CySysClkImoEnableWcoLock
                0x00000d74       0xbc .\CortexM0\ARM_GCC_493\Debug\LeftBoard.a(CyLib.o)
                0x00000d74                CySysClkImoEnableWcoLock
 .text.CySysClkWriteImoFreq
                0x00000e30       0x80 .\CortexM0\ARM_GCC_493\Debug\LeftBoard.a(CyLib.o)
                0x00000e30                CySysClkWriteImoFreq
 .text.CySysTickEnableInterrupt
                0x00000eb0       0x10 .\CortexM0\ARM_GCC_493\Debug\LeftBoard.a(CyLib.o)
                0x00000eb0                CySysTickEnableInterrupt
 .text.CySysTickEnable
                0x00000ec0       0x18 .\CortexM0\ARM_GCC_493\Debug\LeftBoard.a(CyLib.o)
                0x00000ec0                CySysTickEnable
 .text.CySysTickSetReload
                0x00000ed8       0x10 .\CortexM0\ARM_GCC_493\Debug\LeftBoard.a(CyLib.o)
                0x00000ed8                CySysTickSetReload
 .text.CySysTickSetClockSource
                0x00000ee8       0x20 .\CortexM0\ARM_GCC_493\Debug\LeftBoard.a(CyLib.o)
                0x00000ee8                CySysTickSetClockSource
 .text.CySysTickGetCountFlag
                0x00000f08       0x10 .\CortexM0\ARM_GCC_493\Debug\LeftBoard.a(CyLib.o)
                0x00000f08                CySysTickGetCountFlag
 .text.CySysTickServiceCallbacks
                0x00000f18       0x28 .\CortexM0\ARM_GCC_493\Debug\LeftBoard.a(CyLib.o)
 .text.CySysTickClear
                0x00000f40        0xc .\CortexM0\ARM_GCC_493\Debug\LeftBoard.a(CyLib.o)
                0x00000f40                CySysTickClear
 .text.CySysTickInit
                0x00000f4c       0x4c .\CortexM0\ARM_GCC_493\Debug\LeftBoard.a(CyLib.o)
                0x00000f4c                CySysTickInit
 .text.CySysTickStart
                0x00000f98       0x20 .\CortexM0\ARM_GCC_493\Debug\LeftBoard.a(CyLib.o)
                0x00000f98                CySysTickStart
 .text.CySysTickSetCallback
                0x00000fb8       0x10 .\CortexM0\ARM_GCC_493\Debug\LeftBoard.a(CyLib.o)
                0x00000fb8                CySysTickSetCallback
 .text.CySysTickGetCallback
                0x00000fc8        0xc .\CortexM0\ARM_GCC_493\Debug\LeftBoard.a(CyLib.o)
                0x00000fc8                CySysTickGetCallback
 .text.CySysWdtLocked
                0x00000fd4       0x14 .\CortexM0\ARM_GCC_493\Debug\LeftBoard.a(CyLFClk.o)
 .text.CySysClkWcoEnabled
                0x00000fe8       0x14 .\CortexM0\ARM_GCC_493\Debug\LeftBoard.a(CyLFClk.o)
                0x00000fe8                CySysClkWcoEnabled
 .text.CySysWdtLock
                0x00000ffc       0x1c .\CortexM0\ARM_GCC_493\Debug\LeftBoard.a(CyLFClk.o)
                0x00000ffc                CySysWdtLock
 .text.CySysWdtUnlock
                0x00001018       0x30 .\CortexM0\ARM_GCC_493\Debug\LeftBoard.a(CyLFClk.o)
                0x00001018                CySysWdtUnlock
 .text.CySysWdtClearInterrupt
                0x00001048       0x4c .\CortexM0\ARM_GCC_493\Debug\LeftBoard.a(CyLFClk.o)
                0x00001048                CySysWdtClearInterrupt
 .text.CySysWdtIsr
                0x00001094       0xa4 .\CortexM0\ARM_GCC_493\Debug\LeftBoard.a(CyLFClk.o)
                0x00001094                CySysWdtIsr
 .text.HB25_PWM_WriteCounter
                0x00001138       0x10 .\CortexM0\ARM_GCC_493\Debug\LeftBoard.a(HB25_PWM.o)
                0x00001138                HB25_PWM_WriteCounter
 .text.HB25_PWM_WritePeriod
                0x00001148       0x10 .\CortexM0\ARM_GCC_493\Debug\LeftBoard.a(HB25_PWM.o)
                0x00001148                HB25_PWM_WritePeriod
 .text.HB25_PWM_WriteCompare
                0x00001158       0x10 .\CortexM0\ARM_GCC_493\Debug\LeftBoard.a(HB25_PWM.o)
                0x00001158                HB25_PWM_WriteCompare
 .text.HB25_PWM_TriggerCommand
                0x00001168       0x1c .\CortexM0\ARM_GCC_493\Debug\LeftBoard.a(HB25_PWM.o)
                0x00001168                HB25_PWM_TriggerCommand
 .text.HB25_PWM_Enable
                0x00001184       0x24 .\CortexM0\ARM_GCC_493\Debug\LeftBoard.a(HB25_PWM.o)
                0x00001184                HB25_PWM_Enable
 .text.HB25_PWM_SetInterruptMode
                0x000011a8        0xc .\CortexM0\ARM_GCC_493\Debug\LeftBoard.a(HB25_PWM.o)
                0x000011a8                HB25_PWM_SetInterruptMode
 .text.HB25_PWM_Init
                0x000011b4       0x4c .\CortexM0\ARM_GCC_493\Debug\LeftBoard.a(HB25_PWM.o)
                0x000011b4                HB25_PWM_Init
 .text.HB25_PWM_Start
                0x00001200       0x20 .\CortexM0\ARM_GCC_493\Debug\LeftBoard.a(HB25_PWM.o)
                0x00001200                HB25_PWM_Start
 .text.Encoder_Pins_Read
                0x00001220       0x10 .\CortexM0\ARM_GCC_493\Debug\LeftBoard.a(Encoder_Pins.o)
                0x00001220                Encoder_Pins_Read
 .text.Encoder_Pins_ClearInterrupt
                0x00001230       0x14 .\CortexM0\ARM_GCC_493\Debug\LeftBoard.a(Encoder_Pins.o)
                0x00001230                Encoder_Pins_ClearInterrupt
 .text.UART_Debug_ScbModePostEnable
                0x00001244        0x8 .\CortexM0\ARM_GCC_493\Debug\LeftBoard.a(UART_Debug.o)
 .text.UART_Debug_Init
                0x0000124c        0x8 .\CortexM0\ARM_GCC_493\Debug\LeftBoard.a(UART_Debug.o)
                0x0000124c                UART_Debug_Init
 .text.UART_Debug_Enable
                0x00001254       0x18 .\CortexM0\ARM_GCC_493\Debug\LeftBoard.a(UART_Debug.o)
                0x00001254                UART_Debug_Enable
 .text.UART_Debug_Start
                0x0000126c       0x20 .\CortexM0\ARM_GCC_493\Debug\LeftBoard.a(UART_Debug.o)
                0x0000126c                UART_Debug_Start
 .text.UART_Debug_UartInit
                0x0000128c       0x98 .\CortexM0\ARM_GCC_493\Debug\LeftBoard.a(UART_Debug_UART.o)
                0x0000128c                UART_Debug_UartInit
 .text.UART_Debug_UartPostEnable
                0x00001324       0x14 .\CortexM0\ARM_GCC_493\Debug\LeftBoard.a(UART_Debug_UART.o)
                0x00001324                UART_Debug_UartPostEnable
 .text.UART_Debug_UartPutString
                0x00001338       0x18 .\CortexM0\ARM_GCC_493\Debug\LeftBoard.a(UART_Debug_UART.o)
                0x00001338                UART_Debug_UartPutString
 .text.CySysFlashSetWaitCycles
                0x00001350       0x54 .\CortexM0\ARM_GCC_493\Debug\LeftBoard.a(CyFlash.o)
                0x00001350                CySysFlashSetWaitCycles
 .text.UART_Debug_SpiUartWriteTxData
                0x000013a4       0x1c .\CortexM0\ARM_GCC_493\Debug\LeftBoard.a(UART_Debug_SPI_UART.o)
                0x000013a4                UART_Debug_SpiUartWriteTxData
 .text          0x000013c0      0x120 c:/program files (x86)/cypress/psoc creator/3.3/psoc creator/import/gnu/arm/4.9.3/bin/../lib/gcc/arm-none-eabi/4.9.3/armv6-m\libgcc.a(_udivsi3.o)
                0x000013c0                __aeabi_uidiv
                0x000013c0                __udivsi3
                0x000014cc                __aeabi_uidivmod
 .text          0x000014e0        0x4 c:/program files (x86)/cypress/psoc creator/3.3/psoc creator/import/gnu/arm/4.9.3/bin/../lib/gcc/arm-none-eabi/4.9.3/armv6-m\libgcc.a(_dvmd_tls.o)
                0x000014e0                __aeabi_idiv0
                0x000014e0                __aeabi_ldiv0
 .text.__errno  0x000014e4        0xc c:/program files (x86)/cypress/psoc creator/3.3/psoc creator/import/gnu/arm/4.9.3/bin/../lib/gcc/arm-none-eabi/4.9.3/../../../../arm-none-eabi/lib/armv6-m\libg_nano.a(lib_a-errno.o)
                0x000014e4                __errno
 .text.__libc_init_array
                0x000014f0       0x4c c:/program files (x86)/cypress/psoc creator/3.3/psoc creator/import/gnu/arm/4.9.3/bin/../lib/gcc/arm-none-eabi/4.9.3/../../../../arm-none-eabi/lib/armv6-m\libg_nano.a(lib_a-init.o)
                0x000014f0                __libc_init_array
 .text.memcpy   0x0000153c       0x12 c:/program files (x86)/cypress/psoc creator/3.3/psoc creator/import/gnu/arm/4.9.3/bin/../lib/gcc/arm-none-eabi/4.9.3/../../../../arm-none-eabi/lib/armv6-m\libg_nano.a(lib_a-memcpy.o)
                0x0000153c                memcpy
 .text.memset   0x0000154e       0x10 c:/program files (x86)/cypress/psoc creator/3.3/psoc creator/import/gnu/arm/4.9.3/bin/../lib/gcc/arm-none-eabi/4.9.3/../../../../arm-none-eabi/lib/armv6-m\libg_nano.a(lib_a-memset.o)
                0x0000154e                memset
 *fill*         0x0000155e        0x2 
 .text.snprintf
                0x00001560       0x68 c:/program files (x86)/cypress/psoc creator/3.3/psoc creator/import/gnu/arm/4.9.3/bin/../lib/gcc/arm-none-eabi/4.9.3/../../../../arm-none-eabi/lib/armv6-m\libg_nano.a(lib_a-snprintf.o)
                0x00001560                sniprintf
                0x00001560                snprintf
 .text.__ssputs_r
                0x000015c8       0xc0 c:/program files (x86)/cypress/psoc creator/3.3/psoc creator/import/gnu/arm/4.9.3/bin/../lib/gcc/arm-none-eabi/4.9.3/../../../../arm-none-eabi/lib/armv6-m\libg_nano.a(lib_a-nano-svfprintf.o)
                0x000015c8                __ssputs_r
 .text._svfprintf_r
                0x00001688      0x1ec c:/program files (x86)/cypress/psoc creator/3.3/psoc creator/import/gnu/arm/4.9.3/bin/../lib/gcc/arm-none-eabi/4.9.3/../../../../arm-none-eabi/lib/armv6-m\libg_nano.a(lib_a-nano-svfprintf.o)
                0x00001688                _svfiprintf_r
                0x00001688                _svfprintf_r
 .text._printf_common
                0x00001874       0xdc c:/program files (x86)/cypress/psoc creator/3.3/psoc creator/import/gnu/arm/4.9.3/bin/../lib/gcc/arm-none-eabi/4.9.3/../../../../arm-none-eabi/lib/armv6-m\libg_nano.a(lib_a-nano-vfprintf_i.o)
                0x00001874                _printf_common
 .text._printf_i
                0x00001950      0x230 c:/program files (x86)/cypress/psoc creator/3.3/psoc creator/import/gnu/arm/4.9.3/bin/../lib/gcc/arm-none-eabi/4.9.3/../../../../arm-none-eabi/lib/armv6-m\libg_nano.a(lib_a-nano-vfprintf_i.o)
                0x00001950                _printf_i
 .text.memchr   0x00001b80       0x16 c:/program files (x86)/cypress/psoc creator/3.3/psoc creator/import/gnu/arm/4.9.3/bin/../lib/gcc/arm-none-eabi/4.9.3/../../../../arm-none-eabi/lib/armv6-m\libg_nano.a(lib_a-memchr.o)
                0x00001b80                memchr
 .text.memmove  0x00001b96       0x28 c:/program files (x86)/cypress/psoc creator/3.3/psoc creator/import/gnu/arm/4.9.3/bin/../lib/gcc/arm-none-eabi/4.9.3/../../../../arm-none-eabi/lib/armv6-m\libg_nano.a(lib_a-memmove.o)
                0x00001b96                memmove
 *fill*         0x00001bbe        0x2 
 .text._free_r  0x00001bc0       0x8c c:/program files (x86)/cypress/psoc creator/3.3/psoc creator/import/gnu/arm/4.9.3/bin/../lib/gcc/arm-none-eabi/4.9.3/../../../../arm-none-eabi/lib/armv6-m\libg_nano.a(lib_a-nano-freer.o)
                0x00001bc0                _free_r
 .text._malloc_r
                0x00001c4c       0xb0 c:/program files (x86)/cypress/psoc creator/3.3/psoc creator/import/gnu/arm/4.9.3/bin/../lib/gcc/arm-none-eabi/4.9.3/../../../../arm-none-eabi/lib/armv6-m\libg_nano.a(lib_a-nano-mallocr.o)
                0x00001c4c                _malloc_r
 .text._realloc_r
                0x00001cfc       0x4c c:/program files (x86)/cypress/psoc creator/3.3/psoc creator/import/gnu/arm/4.9.3/bin/../lib/gcc/arm-none-eabi/4.9.3/../../../../arm-none-eabi/lib/armv6-m\libg_nano.a(lib_a-nano-reallocr.o)
                0x00001cfc                _realloc_r
 .text._sbrk_r  0x00001d48       0x24 c:/program files (x86)/cypress/psoc creator/3.3/psoc creator/import/gnu/arm/4.9.3/bin/../lib/gcc/arm-none-eabi/4.9.3/../../../../arm-none-eabi/lib/armv6-m\libg_nano.a(lib_a-sbrkr.o)
                0x00001d48                _sbrk_r
 .text._malloc_usable_size_r
                0x00001d6c       0x16 c:/program files (x86)/cypress/psoc creator/3.3/psoc creator/import/gnu/arm/4.9.3/bin/../lib/gcc/arm-none-eabi/4.9.3/../../../../arm-none-eabi/lib/armv6-m\libg_nano.a(lib_a-nano-msizer.o)
                0x00001d6c                _malloc_usable_size_r
 *(.plt)
 *(.gnu.warning)
 *(.glue_7t)
 .glue_7t       0x00000000        0x0 linker stubs
 *(.glue_7)
 .glue_7        0x00000000        0x0 linker stubs
 *(.vfp11_veneer)
 .vfp11_veneer  0x00000000        0x0 linker stubs
 *(.bootloader)
 *(.ARM.extab* .gnu.linkonce.armextab.*)
 *(.gcc_except_table)

.v4_bx          0x00001d84        0x0
 .v4_bx         0x00000000        0x0 linker stubs

.iplt           0x00001d84        0x0
 .iplt          0x00000000        0x0 c:/program files (x86)/cypress/psoc creator/3.3/psoc creator/import/gnu/arm/4.9.3/bin/../lib/gcc/arm-none-eabi/4.9.3/armv6-m/crtbegin.o

.eh_frame_hdr
 *(.eh_frame_hdr)

.eh_frame       0x00001d84        0x4
 *(.eh_frame)
 .eh_frame      0x00001d84        0x0 c:/program files (x86)/cypress/psoc creator/3.3/psoc creator/import/gnu/arm/4.9.3/bin/../lib/gcc/arm-none-eabi/4.9.3/armv6-m/crtbegin.o
 .eh_frame      0x00001d84        0x4 c:/program files (x86)/cypress/psoc creator/3.3/psoc creator/import/gnu/arm/4.9.3/bin/../lib/gcc/arm-none-eabi/4.9.3/armv6-m/crtend.o
                0x00001d88                PROVIDE (__exidx_start, .)

.ARM.exidx
 *(.ARM.exidx* .gnu.linkonce.armexidx.*)
                0x00001d88                __exidx_end = .

.rodata         0x00001d88      0x288
 *(.rodata .rodata.* .gnu.linkonce.r.*)
 .rodata        0x00001d88       0x2c .\CortexM0\ARM_GCC_493\Debug\encoder.o
 .rodata.str1.4
                0x00001db4       0x88 .\CortexM0\ARM_GCC_493\Debug\encoder.o
 .rodata.cst1   0x00001e3c        0x1 .\CortexM0\ARM_GCC_493\Debug\hb25.o
 *fill*         0x00001e3d        0x3 
 .rodata        0x00001e40      0x134 .\CortexM0\ARM_GCC_493\Debug\LeftBoard.a(cyfitter_cfg.o)
 .rodata        0x00001f74       0x30 .\CortexM0\ARM_GCC_493\Debug\LeftBoard.a(CyLib.o)
                0x00001f74                cyImoFreqMhz2Reg
 .rodata.str1.1
                0x00001fa4        0x2 c:/program files (x86)/cypress/psoc creator/3.3/psoc creator/import/gnu/arm/4.9.3/bin/../lib/gcc/arm-none-eabi/4.9.3/../../../../arm-none-eabi/lib/armv6-m\libg_nano.a(lib_a-impure.o)
 .rodata.str1.1
                0x00001fa6       0x11 c:/program files (x86)/cypress/psoc creator/3.3/psoc creator/import/gnu/arm/4.9.3/bin/../lib/gcc/arm-none-eabi/4.9.3/../../../../arm-none-eabi/lib/armv6-m\libg_nano.a(lib_a-nano-svfprintf.o)
 .rodata.str1.1
                0x00001fb7       0x22 c:/program files (x86)/cypress/psoc creator/3.3/psoc creator/import/gnu/arm/4.9.3/bin/../lib/gcc/arm-none-eabi/4.9.3/../../../../arm-none-eabi/lib/armv6-m\libg_nano.a(lib_a-nano-vfprintf_i.o)
                0x00001fdc                . = ALIGN (0x4)
 *fill*         0x00001fd9        0x3 
 *(.init)
 .init          0x00001fdc        0x4 c:/program files (x86)/cypress/psoc creator/3.3/psoc creator/import/gnu/arm/4.9.3/bin/../lib/gcc/arm-none-eabi/4.9.3/armv6-m/crti.o
                0x00001fdc                _init
 .init          0x00001fe0        0x8 c:/program files (x86)/cypress/psoc creator/3.3/psoc creator/import/gnu/arm/4.9.3/bin/../lib/gcc/arm-none-eabi/4.9.3/armv6-m/crtn.o
                0x00001fe8                . = ALIGN (0x4)
                0x00001fe8                __preinit_array_start = .
 *(.preinit_array)
                0x00001fe8                __preinit_array_end = .
                0x00001fe8                . = ALIGN (0x4)
                0x00001fe8                __init_array_start = .
 *(SORT(.init_array.*))
 *(.init_array)
 .init_array    0x00001fe8        0x4 c:/program files (x86)/cypress/psoc creator/3.3/psoc creator/import/gnu/arm/4.9.3/bin/../lib/gcc/arm-none-eabi/4.9.3/armv6-m/crtbegin.o
 .init_array    0x00001fec        0x4 .\CortexM0\ARM_GCC_493\Debug\Cm0Start.o
                0x00001ff0                __init_array_end = .
                0x00001ff0                . = ALIGN (0x4)
 *(.fini)
 .fini          0x00001ff0        0x4 c:/program files (x86)/cypress/psoc creator/3.3/psoc creator/import/gnu/arm/4.9.3/bin/../lib/gcc/arm-none-eabi/4.9.3/armv6-m/crti.o
                0x00001ff0                _fini
 .fini          0x00001ff4        0x8 c:/program files (x86)/cypress/psoc creator/3.3/psoc creator/import/gnu/arm/4.9.3/bin/../lib/gcc/arm-none-eabi/4.9.3/armv6-m/crtn.o
                0x00001ffc                . = ALIGN (0x4)
                0x00001ffc                __fini_array_start = .
 *(.fini_array)
 .fini_array    0x00001ffc        0x4 c:/program files (x86)/cypress/psoc creator/3.3/psoc creator/import/gnu/arm/4.9.3/bin/../lib/gcc/arm-none-eabi/4.9.3/armv6-m/crtbegin.o
 *(SORT(.fini_array.*))
                0x00002000                __fini_array_end = .
                0x00002000                . = ALIGN (0x4)
 *crtbegin.o(.ctors)
 *(EXCLUDE_FILE(*crtend.o) .ctors)
 *(SORT(.ctors.*))
 *crtend.o(.ctors)
                0x00002000                . = ALIGN (0x4)
 *crtbegin.o(.dtors)
 *(EXCLUDE_FILE(*crtend.o) .dtors)
 *(SORT(.dtors.*))
 *crtend.o(.dtors)
                0x00002000                . = ALIGN (0x4)
                0x00002000                __cy_regions = .
                0x00002000        0x4 LONG 0x2010 __cy_region_init_ram
                0x00002004        0x4 LONG 0x200000c8 __cy_region_start_data
                0x00002008        0x4 LONG 0x80 __cy_region_init_size_ram
                0x0000200c        0x4 LONG 0x1e8 __cy_region_zero_size_ram
                0x00002010                __cy_regions_end = .
                0x00002010                . = ALIGN (0x8)
                0x00002010                _etext = .

.cy_checksum_exclude
                0x00002010        0x0
 *(.cy_checksum_exclude)

.ramvectors     0x20000000       0xc0
                0x20000000                __cy_region_start_ram = .
 *(.ramvectors)
 .ramvectors    0x20000000       0xc0 .\CortexM0\ARM_GCC_493\Debug\Cm0Start.o
                0x20000000                CyRamVectors

.noinit         0x200000c0        0x4
 *(.noinit)
 .noinit        0x200000c0        0x4 .\CortexM0\ARM_GCC_493\Debug\Cm0Start.o

.data           0x200000c8       0x80 load address 0x00002010
                0x200000c8                __cy_region_start_data = .
 *(.jcr)
 .jcr           0x200000c8        0x0 c:/program files (x86)/cypress/psoc creator/3.3/psoc creator/import/gnu/arm/4.9.3/bin/../lib/gcc/arm-none-eabi/4.9.3/armv6-m/crtbegin.o
 .jcr           0x200000c8        0x4 c:/program files (x86)/cypress/psoc creator/3.3/psoc creator/import/gnu/arm/4.9.3/bin/../lib/gcc/arm-none-eabi/4.9.3/armv6-m/crtend.o
 *(.got.plt)
 *(.got)
 *(.shdata)
 *(.data .data.* .gnu.linkonce.d.*)
 .data          0x200000cc        0x4 .\CortexM0\ARM_GCC_493\Debug\Cm0Start.o
 .data          0x200000d0       0x10 .\CortexM0\ARM_GCC_493\Debug\LeftBoard.a(CyLib.o)
                0x200000d0                cydelay32kMs
                0x200000d4                cydelayFreqKhz
                0x200000d8                cydelayFreqMhz
                0x200000dc                cydelayFreqHz
 .data          0x200000e0        0x4 .\CortexM0\ARM_GCC_493\Debug\LeftBoard.a(CyLFClk.o)
 .data.impure_data
                0x200000e4       0x60 c:/program files (x86)/cypress/psoc creator/3.3/psoc creator/import/gnu/arm/4.9.3/bin/../lib/gcc/arm-none-eabi/4.9.3/../../../../arm-none-eabi/lib/armv6-m\libg_nano.a(lib_a-impure.o)
 .data._impure_ptr
                0x20000144        0x4 c:/program files (x86)/cypress/psoc creator/3.3/psoc creator/import/gnu/arm/4.9.3/bin/../lib/gcc/arm-none-eabi/4.9.3/../../../../arm-none-eabi/lib/armv6-m\libg_nano.a(lib_a-impure.o)
                0x20000144                _impure_ptr
                0x20000148                . = ALIGN (0x8)
 *(.ram)
                0x20000148                _edata = .

.igot.plt       0x20000148        0x0 load address 0x00002090
 .igot.plt      0x00000000        0x0 c:/program files (x86)/cypress/psoc creator/3.3/psoc creator/import/gnu/arm/4.9.3/bin/../lib/gcc/arm-none-eabi/4.9.3/armv6-m/crtbegin.o

.bss            0x20000148      0x1e8 load address 0x00002090
                0x20000148                PROVIDE (__bss_start__, .)
 *(.shbss)
 *(.bss .bss.* .gnu.linkonce.b.*)
 .bss           0x20000148       0x1c c:/program files (x86)/cypress/psoc creator/3.3/psoc creator/import/gnu/arm/4.9.3/bin/../lib/gcc/arm-none-eabi/4.9.3/armv6-m/crtbegin.o
 .bss           0x20000164       0x14 .\CortexM0\ARM_GCC_493\Debug\encoder.o
 .bss           0x20000178       0x48 .\CortexM0\ARM_GCC_493\Debug\rpii2c.o
 .bss           0x200001c0        0x2 .\CortexM0\ARM_GCC_493\Debug\control.o
 *fill*         0x200001c2        0x2 
 .bss           0x200001c4        0x4 .\CortexM0\ARM_GCC_493\Debug\time.o
 .bss           0x200001c8        0x8 .\CortexM0\ARM_GCC_493\Debug\LeftBoard.a(EZI2C.o)
                0x200001c8                EZI2C_initVar
                0x200001cc                EZI2C_customIntrHandler
 .bss           0x200001d0        0x2 .\CortexM0\ARM_GCC_493\Debug\LeftBoard.a(EZI2C_EZI2C_INT.o)
 *fill*         0x200001d2        0x2 
 .bss           0x200001d4       0x18 .\CortexM0\ARM_GCC_493\Debug\LeftBoard.a(CyLib.o)
                0x200001e8                CySysTickInitVar
 .bss           0x200001ec       0x1c .\CortexM0\ARM_GCC_493\Debug\LeftBoard.a(CyLFClk.o)
 .bss           0x20000208        0x1 .\CortexM0\ARM_GCC_493\Debug\LeftBoard.a(HB25_PWM.o)
                0x20000208                HB25_PWM_initVar
 .bss           0x20000209        0x1 .\CortexM0\ARM_GCC_493\Debug\LeftBoard.a(UART_Debug.o)
                0x20000209                UART_Debug_initVar
 *fill*         0x2000020a        0x2 
 .bss.__malloc_sbrk_start
                0x2000020c        0x4 c:/program files (x86)/cypress/psoc creator/3.3/psoc creator/import/gnu/arm/4.9.3/bin/../lib/gcc/arm-none-eabi/4.9.3/../../../../arm-none-eabi/lib/armv6-m\libg_nano.a(lib_a-nano-mallocr.o)
                0x2000020c                __malloc_sbrk_start
 .bss.__malloc_free_list
                0x20000210        0x4 c:/program files (x86)/cypress/psoc creator/3.3/psoc creator/import/gnu/arm/4.9.3/bin/../lib/gcc/arm-none-eabi/4.9.3/../../../../arm-none-eabi/lib/armv6-m\libg_nano.a(lib_a-nano-mallocr.o)
                0x20000210                __malloc_free_list
 *(COMMON)
 COMMON         0x20000214      0x100 .\CortexM0\ARM_GCC_493\Debug\encoder.o
                0x20000214                formatted_string
 COMMON         0x20000314       0x12 .\CortexM0\ARM_GCC_493\Debug\LeftBoard.a(EZI2C_EZI2C.o)
                0x20000314                EZI2C_offsetBuf1
                0x20000316                EZI2C_indexBuf1
                0x20000318                EZI2C_fsmState
                0x2000031a                EZI2C_protectBuf1
                0x2000031c                EZI2C_curStatus
                0x20000320                EZI2C_dataBuffer1
                0x20000324                EZI2C_bufSizeBuf1
 *fill*         0x20000326        0x2 
 COMMON         0x20000328        0x4 c:/program files (x86)/cypress/psoc creator/3.3/psoc creator/import/gnu/arm/4.9.3/bin/../lib/gcc/arm-none-eabi/4.9.3/../../../../arm-none-eabi/lib/armv6-m\libg_nano.a(lib_a-reent.o)
                0x20000328                errno
                0x20000330                . = ALIGN (0x8)
 *fill*         0x2000032c        0x4 
 *(.ram.b)
                0x20000330                _end = .
                0x20000330                __end = .
                0x20000330                PROVIDE (end, .)
                0x20000330                PROVIDE (__bss_end__, .)
                0x00002010                __cy_region_init_ram = LOADADDR (.data)
                0x00000080                __cy_region_init_size_ram = (_edata - ADDR (.data))
                0x000001e8                __cy_region_zero_size_ram = (_end - _edata)

.heap           0x20000330       0x80 load address 0x00002090
                0x20000330                . = _end
                0x200003b0                . = (. + 0x80)
 *fill*         0x20000330       0x80 
                0x200003b0                __cy_heap_limit = .

.stack          0x20003800      0x800
                0x20003800                __cy_stack_limit = .
                0x20004000                . = (. + 0x800)
 *fill*         0x20003800      0x800 
                0x00000001                ASSERT ((__cy_stack_limit >= __cy_heap_limit), region RAM overflowed with stack)
                0x00000000                cy_checksum_exclude_size = (CY_APPL_LOADABLE == 0x1)?SIZEOF (.cy_checksum_exclude):0x0
                0x00000001                ASSERT ((cy_checksum_exclude_size <= CY_CHECKSUM_EXCLUDE_SIZE), CY_BOOT: Section .cy_checksum_exclude size exceedes specified limit.)
                0x0001ffc0                cyloadermeta_start = (cy_project_type_bootloader || cy_project_type_app_for_stack_and_copier)?(0x20000 - CY_METADATA_SIZE):0xf0000000

.cyloadermeta
 *(.cyloadermeta)
                0x0001ffc0                cyloadablemeta_start = cy_project_type_app_for_stack_and_copier?((0x20000 - CY_FLASH_ROW_SIZE) - CY_METADATA_SIZE):((0x20000 - (CY_FLASH_ROW_SIZE * (CY_APPL_NUM - 0x1))) - CY_METADATA_SIZE)

.cyloadablemeta
 *(.cyloadablemeta)

.cyflashprotect
                0x90400000       0x80
 *(.cyflashprotect)
 .cyflashprotect
                0x90400000       0x80 .\CortexM0\ARM_GCC_493\Debug\cymetadata.o
                0x90400000                cy_meta_flashprotect

.cymeta         0x90500000        0xc
 *(.cymeta)
 .cymeta        0x90500000        0xc .\CortexM0\ARM_GCC_493\Debug\cymetadata.o
                0x90500000                cy_metadata

.cychipprotect  0x90600000        0x4
 *(.cychipprotect)
 .cychipprotect
                0x90600000        0x4 .\CortexM0\ARM_GCC_493\Debug\cymetadata.o
                0x90600000                cy_meta_chipprotect

.rel.dyn        0x00002090        0x0 load address 0x90600004
 .rel.iplt      0x00000000        0x0 c:/program files (x86)/cypress/psoc creator/3.3/psoc creator/import/gnu/arm/4.9.3/bin/../lib/gcc/arm-none-eabi/4.9.3/armv6-m/crtbegin.o

.stab
 *(.stab)

.stabstr
 *(.stabstr)

.debug
 *(.debug)

.line
 *(.line)

.debug_srcinfo
 *(.debug_srcinfo)

.debug_sfnames
 *(.debug_sfnames)

.debug_aranges  0x00000000      0xc68
 *(.debug_aranges)
 .debug_aranges
                0x00000000       0x50 .\CortexM0\ARM_GCC_493\Debug\encoder.o
 .debug_aranges
                0x00000050       0x48 .\CortexM0\ARM_GCC_493\Debug\hb25.o
 .debug_aranges
                0x00000098       0x40 .\CortexM0\ARM_GCC_493\Debug\hcsr04.o
 .debug_aranges
                0x000000d8       0x38 .\CortexM0\ARM_GCC_493\Debug\pid.o
 .debug_aranges
                0x00000110       0x60 .\CortexM0\ARM_GCC_493\Debug\rpii2c.o
 .debug_aranges
                0x00000170       0x30 .\CortexM0\ARM_GCC_493\Debug\control.o
 .debug_aranges
                0x000001a0       0x20 .\CortexM0\ARM_GCC_493\Debug\main.o
 .debug_aranges
                0x000001c0       0x38 .\CortexM0\ARM_GCC_493\Debug\time.o
 .debug_aranges
                0x000001f8       0x28 .\CortexM0\ARM_GCC_493\Debug\debug.o
 .debug_aranges
                0x00000220       0x18 .\CortexM0\ARM_GCC_493\Debug\cymetadata.o
 .debug_aranges
                0x00000238       0x48 .\CortexM0\ARM_GCC_493\Debug\Cm0Start.o
 .debug_aranges
                0x00000280       0x48 .\CortexM0\ARM_GCC_493\Debug\LeftBoard.a(cyfitter_cfg.o)
 .debug_aranges
                0x000002c8       0x60 .\CortexM0\ARM_GCC_493\Debug\LeftBoard.a(EZI2C.o)
 .debug_aranges
                0x00000328       0x50 .\CortexM0\ARM_GCC_493\Debug\LeftBoard.a(EZI2C_EZI2C.o)
 .debug_aranges
                0x00000378       0x20 .\CortexM0\ARM_GCC_493\Debug\LeftBoard.a(EZI2C_EZI2C_INT.o)
 .debug_aranges
                0x00000398       0x80 .\CortexM0\ARM_GCC_493\Debug\LeftBoard.a(Encoder_Intr.o)
 .debug_aranges
                0x00000418       0x40 .\CortexM0\ARM_GCC_493\Debug\LeftBoard.a(Pin_UltrasonicDistance_1.o)
 .debug_aranges
                0x00000458       0x40 .\CortexM0\ARM_GCC_493\Debug\LeftBoard.a(Pin_UltrasonicDistance_2.o)
 .debug_aranges
                0x00000498       0x40 .\CortexM0\ARM_GCC_493\Debug\LeftBoard.a(Pin_UltrasonicDistance_3.o)
 .debug_aranges
                0x000004d8       0x40 .\CortexM0\ARM_GCC_493\Debug\LeftBoard.a(Pin_UltrasonicDistance_4.o)
 .debug_aranges
                0x00000518       0x40 .\CortexM0\ARM_GCC_493\Debug\LeftBoard.a(Pin_UltrasonicDistance_5.o)
 .debug_aranges
                0x00000558       0x40 .\CortexM0\ARM_GCC_493\Debug\LeftBoard.a(Pin_UltrasonicDistance_6.o)
 .debug_aranges
                0x00000598       0x40 .\CortexM0\ARM_GCC_493\Debug\LeftBoard.a(Pin_UltrasonicDistance_7.o)
 .debug_aranges
                0x000005d8       0x40 .\CortexM0\ARM_GCC_493\Debug\LeftBoard.a(Pin_UltrasonicDistance_0.o)
 .debug_aranges
                0x00000618       0x20 .\CortexM0\ARM_GCC_493\Debug\LeftBoard.a(CyBootAsmGnu.o)
 .debug_aranges
                0x00000638      0x190 .\CortexM0\ARM_GCC_493\Debug\LeftBoard.a(CyLib.o)
 .debug_aranges
                0x000007c8      0x150 .\CortexM0\ARM_GCC_493\Debug\LeftBoard.a(CyLFClk.o)
 .debug_aranges
                0x00000918      0x158 .\CortexM0\ARM_GCC_493\Debug\LeftBoard.a(HB25_PWM.o)
 .debug_aranges
                0x00000a70       0x40 .\CortexM0\ARM_GCC_493\Debug\LeftBoard.a(Encoder_Pins.o)
 .debug_aranges
                0x00000ab0       0x40 .\CortexM0\ARM_GCC_493\Debug\LeftBoard.a(HB25_Enable.o)
 .debug_aranges
                0x00000af0       0x58 .\CortexM0\ARM_GCC_493\Debug\LeftBoard.a(UART_Debug.o)
 .debug_aranges
                0x00000b48       0x88 .\CortexM0\ARM_GCC_493\Debug\LeftBoard.a(UART_Debug_UART.o)
 .debug_aranges
                0x00000bd0       0x38 .\CortexM0\ARM_GCC_493\Debug\LeftBoard.a(CyFlash.o)
 .debug_aranges
                0x00000c08       0x60 .\CortexM0\ARM_GCC_493\Debug\LeftBoard.a(UART_Debug_SPI_UART.o)

.debug_pubnames
 *(.debug_pubnames)

.debug_info     0x00000000     0x61a3
 *(.debug_info .gnu.linkonce.wi.*)
 .debug_info    0x00000000      0x48e .\CortexM0\ARM_GCC_493\Debug\encoder.o
 .debug_info    0x0000048e      0x1db .\CortexM0\ARM_GCC_493\Debug\hb25.o
 .debug_info    0x00000669      0x335 .\CortexM0\ARM_GCC_493\Debug\hcsr04.o
 .debug_info    0x0000099e      0x1f8 .\CortexM0\ARM_GCC_493\Debug\pid.o
 .debug_info    0x00000b96      0x2bb .\CortexM0\ARM_GCC_493\Debug\rpii2c.o
 .debug_info    0x00000e51      0x14b .\CortexM0\ARM_GCC_493\Debug\control.o
 .debug_info    0x00000f9c      0x226 .\CortexM0\ARM_GCC_493\Debug\main.o
 .debug_info    0x000011c2      0x19f .\CortexM0\ARM_GCC_493\Debug\time.o
 .debug_info    0x00001361      0x123 .\CortexM0\ARM_GCC_493\Debug\debug.o
 .debug_info    0x00001484       0xfd .\CortexM0\ARM_GCC_493\Debug\cymetadata.o
 .debug_info    0x00001581      0x38a .\CortexM0\ARM_GCC_493\Debug\Cm0Start.o
 .debug_info    0x0000190b      0x42f .\CortexM0\ARM_GCC_493\Debug\LeftBoard.a(cyfitter_cfg.o)
 .debug_info    0x00001d3a      0x295 .\CortexM0\ARM_GCC_493\Debug\LeftBoard.a(EZI2C.o)
 .debug_info    0x00001fcf      0x344 .\CortexM0\ARM_GCC_493\Debug\LeftBoard.a(EZI2C_EZI2C.o)
 .debug_info    0x00002313      0x1dc .\CortexM0\ARM_GCC_493\Debug\LeftBoard.a(EZI2C_EZI2C_INT.o)
 .debug_info    0x000024ef      0x2fe .\CortexM0\ARM_GCC_493\Debug\LeftBoard.a(Encoder_Intr.o)
 .debug_info    0x000027ed      0x150 .\CortexM0\ARM_GCC_493\Debug\LeftBoard.a(Pin_UltrasonicDistance_1.o)
 .debug_info    0x0000293d      0x150 .\CortexM0\ARM_GCC_493\Debug\LeftBoard.a(Pin_UltrasonicDistance_2.o)
 .debug_info    0x00002a8d      0x150 .\CortexM0\ARM_GCC_493\Debug\LeftBoard.a(Pin_UltrasonicDistance_3.o)
 .debug_info    0x00002bdd      0x150 .\CortexM0\ARM_GCC_493\Debug\LeftBoard.a(Pin_UltrasonicDistance_4.o)
 .debug_info    0x00002d2d      0x150 .\CortexM0\ARM_GCC_493\Debug\LeftBoard.a(Pin_UltrasonicDistance_5.o)
 .debug_info    0x00002e7d      0x14e .\CortexM0\ARM_GCC_493\Debug\LeftBoard.a(Pin_UltrasonicDistance_6.o)
 .debug_info    0x00002fcb      0x14e .\CortexM0\ARM_GCC_493\Debug\LeftBoard.a(Pin_UltrasonicDistance_7.o)
 .debug_info    0x00003119      0x150 .\CortexM0\ARM_GCC_493\Debug\LeftBoard.a(Pin_UltrasonicDistance_0.o)
 .debug_info    0x00003269       0x82 .\CortexM0\ARM_GCC_493\Debug\LeftBoard.a(CyBootAsmGnu.o)
 .debug_info    0x000032eb      0xb64 .\CortexM0\ARM_GCC_493\Debug\LeftBoard.a(CyLib.o)
 .debug_info    0x00003e4f      0xda1 .\CortexM0\ARM_GCC_493\Debug\LeftBoard.a(CyLFClk.o)
 .debug_info    0x00004bf0      0x902 .\CortexM0\ARM_GCC_493\Debug\LeftBoard.a(HB25_PWM.o)
 .debug_info    0x000054f2      0x150 .\CortexM0\ARM_GCC_493\Debug\LeftBoard.a(Encoder_Pins.o)
 .debug_info    0x00005642      0x150 .\CortexM0\ARM_GCC_493\Debug\LeftBoard.a(HB25_Enable.o)
 .debug_info    0x00005792      0x208 .\CortexM0\ARM_GCC_493\Debug\LeftBoard.a(UART_Debug.o)
 .debug_info    0x0000599a      0x350 .\CortexM0\ARM_GCC_493\Debug\LeftBoard.a(UART_Debug_UART.o)
 .debug_info    0x00005cea      0x2a4 .\CortexM0\ARM_GCC_493\Debug\LeftBoard.a(CyFlash.o)
 .debug_info    0x00005f8e      0x215 .\CortexM0\ARM_GCC_493\Debug\LeftBoard.a(UART_Debug_SPI_UART.o)

.debug_abbrev   0x00000000     0x26f5
 *(.debug_abbrev)
 .debug_abbrev  0x00000000      0x209 .\CortexM0\ARM_GCC_493\Debug\encoder.o
 .debug_abbrev  0x00000209      0x115 .\CortexM0\ARM_GCC_493\Debug\hb25.o
 .debug_abbrev  0x0000031e      0x18f .\CortexM0\ARM_GCC_493\Debug\hcsr04.o
 .debug_abbrev  0x000004ad      0x12a .\CortexM0\ARM_GCC_493\Debug\pid.o
 .debug_abbrev  0x000005d7      0x146 .\CortexM0\ARM_GCC_493\Debug\rpii2c.o
 .debug_abbrev  0x0000071d       0xb7 .\CortexM0\ARM_GCC_493\Debug\control.o
 .debug_abbrev  0x000007d4       0xef .\CortexM0\ARM_GCC_493\Debug\main.o
 .debug_abbrev  0x000008c3      0x143 .\CortexM0\ARM_GCC_493\Debug\time.o
 .debug_abbrev  0x00000a06       0xb9 .\CortexM0\ARM_GCC_493\Debug\debug.o
 .debug_abbrev  0x00000abf       0x5d .\CortexM0\ARM_GCC_493\Debug\cymetadata.o
 .debug_abbrev  0x00000b1c      0x1fe .\CortexM0\ARM_GCC_493\Debug\Cm0Start.o
 .debug_abbrev  0x00000d1a      0x1f3 .\CortexM0\ARM_GCC_493\Debug\LeftBoard.a(cyfitter_cfg.o)
 .debug_abbrev  0x00000f0d      0x150 .\CortexM0\ARM_GCC_493\Debug\LeftBoard.a(EZI2C.o)
 .debug_abbrev  0x0000105d      0x17d .\CortexM0\ARM_GCC_493\Debug\LeftBoard.a(EZI2C_EZI2C.o)
 .debug_abbrev  0x000011da       0xd3 .\CortexM0\ARM_GCC_493\Debug\LeftBoard.a(EZI2C_EZI2C_INT.o)
 .debug_abbrev  0x000012ad      0x1c1 .\CortexM0\ARM_GCC_493\Debug\LeftBoard.a(Encoder_Intr.o)
 .debug_abbrev  0x0000146e       0xb7 .\CortexM0\ARM_GCC_493\Debug\LeftBoard.a(Pin_UltrasonicDistance_1.o)
 .debug_abbrev  0x00001525       0xb7 .\CortexM0\ARM_GCC_493\Debug\LeftBoard.a(Pin_UltrasonicDistance_2.o)
 .debug_abbrev  0x000015dc       0xb7 .\CortexM0\ARM_GCC_493\Debug\LeftBoard.a(Pin_UltrasonicDistance_3.o)
 .debug_abbrev  0x00001693       0xb7 .\CortexM0\ARM_GCC_493\Debug\LeftBoard.a(Pin_UltrasonicDistance_4.o)
 .debug_abbrev  0x0000174a       0xb7 .\CortexM0\ARM_GCC_493\Debug\LeftBoard.a(Pin_UltrasonicDistance_5.o)
 .debug_abbrev  0x00001801       0xc6 .\CortexM0\ARM_GCC_493\Debug\LeftBoard.a(Pin_UltrasonicDistance_6.o)
 .debug_abbrev  0x000018c7       0xc6 .\CortexM0\ARM_GCC_493\Debug\LeftBoard.a(Pin_UltrasonicDistance_7.o)
 .debug_abbrev  0x0000198d       0xb7 .\CortexM0\ARM_GCC_493\Debug\LeftBoard.a(Pin_UltrasonicDistance_0.o)
 .debug_abbrev  0x00001a44       0x14 .\CortexM0\ARM_GCC_493\Debug\LeftBoard.a(CyBootAsmGnu.o)
 .debug_abbrev  0x00001a58      0x25d .\CortexM0\ARM_GCC_493\Debug\LeftBoard.a(CyLib.o)
 .debug_abbrev  0x00001cb5      0x26d .\CortexM0\ARM_GCC_493\Debug\LeftBoard.a(CyLFClk.o)
 .debug_abbrev  0x00001f22      0x140 .\CortexM0\ARM_GCC_493\Debug\LeftBoard.a(HB25_PWM.o)
 .debug_abbrev  0x00002062       0xb7 .\CortexM0\ARM_GCC_493\Debug\LeftBoard.a(Encoder_Pins.o)
 .debug_abbrev  0x00002119       0xb7 .\CortexM0\ARM_GCC_493\Debug\LeftBoard.a(HB25_Enable.o)
 .debug_abbrev  0x000021d0       0xe2 .\CortexM0\ARM_GCC_493\Debug\LeftBoard.a(UART_Debug.o)
 .debug_abbrev  0x000022b2      0x148 .\CortexM0\ARM_GCC_493\Debug\LeftBoard.a(UART_Debug_UART.o)
 .debug_abbrev  0x000023fa      0x185 .\CortexM0\ARM_GCC_493\Debug\LeftBoard.a(CyFlash.o)
 .debug_abbrev  0x0000257f      0x176 .\CortexM0\ARM_GCC_493\Debug\LeftBoard.a(UART_Debug_SPI_UART.o)

.debug_line     0x00000000     0x2cb7
 *(.debug_line)
 .debug_line    0x00000000      0x2c0 .\CortexM0\ARM_GCC_493\Debug\encoder.o
 .debug_line    0x000002c0      0x10a .\CortexM0\ARM_GCC_493\Debug\hb25.o
 .debug_line    0x000003ca      0x10a .\CortexM0\ARM_GCC_493\Debug\hcsr04.o
 .debug_line    0x000004d4       0xd0 .\CortexM0\ARM_GCC_493\Debug\pid.o
 .debug_line    0x000005a4      0x11c .\CortexM0\ARM_GCC_493\Debug\rpii2c.o
 .debug_line    0x000006c0       0xb5 .\CortexM0\ARM_GCC_493\Debug\control.o
 .debug_line    0x00000775       0xed .\CortexM0\ARM_GCC_493\Debug\main.o
 .debug_line    0x00000862       0xb1 .\CortexM0\ARM_GCC_493\Debug\time.o
 .debug_line    0x00000913       0x82 .\CortexM0\ARM_GCC_493\Debug\debug.o
 .debug_line    0x00000995       0x53 .\CortexM0\ARM_GCC_493\Debug\cymetadata.o
 .debug_line    0x000009e8      0x249 .\CortexM0\ARM_GCC_493\Debug\Cm0Start.o
 .debug_line    0x00000c31      0x1b2 .\CortexM0\ARM_GCC_493\Debug\LeftBoard.a(cyfitter_cfg.o)
 .debug_line    0x00000de3      0x141 .\CortexM0\ARM_GCC_493\Debug\LeftBoard.a(EZI2C.o)
 .debug_line    0x00000f24      0x11c .\CortexM0\ARM_GCC_493\Debug\LeftBoard.a(EZI2C_EZI2C.o)
 .debug_line    0x00001040      0x150 .\CortexM0\ARM_GCC_493\Debug\LeftBoard.a(EZI2C_EZI2C_INT.o)
 .debug_line    0x00001190      0x16d .\CortexM0\ARM_GCC_493\Debug\LeftBoard.a(Encoder_Intr.o)
 .debug_line    0x000012fd       0xbe .\CortexM0\ARM_GCC_493\Debug\LeftBoard.a(Pin_UltrasonicDistance_1.o)
 .debug_line    0x000013bb       0xbe .\CortexM0\ARM_GCC_493\Debug\LeftBoard.a(Pin_UltrasonicDistance_2.o)
 .debug_line    0x00001479       0xbe .\CortexM0\ARM_GCC_493\Debug\LeftBoard.a(Pin_UltrasonicDistance_3.o)
 .debug_line    0x00001537       0xbe .\CortexM0\ARM_GCC_493\Debug\LeftBoard.a(Pin_UltrasonicDistance_4.o)
 .debug_line    0x000015f5       0xbe .\CortexM0\ARM_GCC_493\Debug\LeftBoard.a(Pin_UltrasonicDistance_5.o)
 .debug_line    0x000016b3       0xbd .\CortexM0\ARM_GCC_493\Debug\LeftBoard.a(Pin_UltrasonicDistance_6.o)
 .debug_line    0x00001770       0xbd .\CortexM0\ARM_GCC_493\Debug\LeftBoard.a(Pin_UltrasonicDistance_7.o)
 .debug_line    0x0000182d       0xbe .\CortexM0\ARM_GCC_493\Debug\LeftBoard.a(Pin_UltrasonicDistance_0.o)
 .debug_line    0x000018eb       0x68 .\CortexM0\ARM_GCC_493\Debug\LeftBoard.a(CyBootAsmGnu.o)
 .debug_line    0x00001953      0x498 .\CortexM0\ARM_GCC_493\Debug\LeftBoard.a(CyLib.o)
 .debug_line    0x00001deb      0x4c5 .\CortexM0\ARM_GCC_493\Debug\LeftBoard.a(CyLFClk.o)
 .debug_line    0x000022b0      0x383 .\CortexM0\ARM_GCC_493\Debug\LeftBoard.a(HB25_PWM.o)
 .debug_line    0x00002633       0xb3 .\CortexM0\ARM_GCC_493\Debug\LeftBoard.a(Encoder_Pins.o)
 .debug_line    0x000026e6       0xb1 .\CortexM0\ARM_GCC_493\Debug\LeftBoard.a(HB25_Enable.o)
 .debug_line    0x00002797      0x12d .\CortexM0\ARM_GCC_493\Debug\LeftBoard.a(UART_Debug.o)
 .debug_line    0x000028c4      0x1c2 .\CortexM0\ARM_GCC_493\Debug\LeftBoard.a(UART_Debug_UART.o)
 .debug_line    0x00002a86       0xf8 .\CortexM0\ARM_GCC_493\Debug\LeftBoard.a(CyFlash.o)
 .debug_line    0x00002b7e      0x139 .\CortexM0\ARM_GCC_493\Debug\LeftBoard.a(UART_Debug_SPI_UART.o)

.debug_frame    0x00000000     0x1e58
 *(.debug_frame)
 .debug_frame   0x00000000       0xbc .\CortexM0\ARM_GCC_493\Debug\encoder.o
 .debug_frame   0x000000bc       0x94 .\CortexM0\ARM_GCC_493\Debug\hb25.o
 .debug_frame   0x00000150       0xa0 .\CortexM0\ARM_GCC_493\Debug\hcsr04.o
 .debug_frame   0x000001f0       0x68 .\CortexM0\ARM_GCC_493\Debug\pid.o
 .debug_frame   0x00000258       0xd0 .\CortexM0\ARM_GCC_493\Debug\rpii2c.o
 .debug_frame   0x00000328       0x58 .\CortexM0\ARM_GCC_493\Debug\control.o
 .debug_frame   0x00000380       0x2c .\CortexM0\ARM_GCC_493\Debug\main.o
 .debug_frame   0x000003ac       0x5c .\CortexM0\ARM_GCC_493\Debug\time.o
 .debug_frame   0x00000408       0x48 .\CortexM0\ARM_GCC_493\Debug\debug.o
 .debug_frame   0x00000450       0xb0 .\CortexM0\ARM_GCC_493\Debug\Cm0Start.o
 .debug_frame   0x00000500       0xb8 .\CortexM0\ARM_GCC_493\Debug\LeftBoard.a(cyfitter_cfg.o)
 .debug_frame   0x000005b8       0xe8 .\CortexM0\ARM_GCC_493\Debug\LeftBoard.a(EZI2C.o)
 .debug_frame   0x000006a0       0xa8 .\CortexM0\ARM_GCC_493\Debug\LeftBoard.a(EZI2C_EZI2C.o)
 .debug_frame   0x00000748       0x30 .\CortexM0\ARM_GCC_493\Debug\LeftBoard.a(EZI2C_EZI2C_INT.o)
 .debug_frame   0x00000778      0x110 .\CortexM0\ARM_GCC_493\Debug\LeftBoard.a(Encoder_Intr.o)
 .debug_frame   0x00000888       0x60 .\CortexM0\ARM_GCC_493\Debug\LeftBoard.a(Pin_UltrasonicDistance_1.o)
 .debug_frame   0x000008e8       0x60 .\CortexM0\ARM_GCC_493\Debug\LeftBoard.a(Pin_UltrasonicDistance_2.o)
 .debug_frame   0x00000948       0x60 .\CortexM0\ARM_GCC_493\Debug\LeftBoard.a(Pin_UltrasonicDistance_3.o)
 .debug_frame   0x000009a8       0x60 .\CortexM0\ARM_GCC_493\Debug\LeftBoard.a(Pin_UltrasonicDistance_4.o)
 .debug_frame   0x00000a08       0x60 .\CortexM0\ARM_GCC_493\Debug\LeftBoard.a(Pin_UltrasonicDistance_5.o)
 .debug_frame   0x00000a68       0x60 .\CortexM0\ARM_GCC_493\Debug\LeftBoard.a(Pin_UltrasonicDistance_6.o)
 .debug_frame   0x00000ac8       0x60 .\CortexM0\ARM_GCC_493\Debug\LeftBoard.a(Pin_UltrasonicDistance_7.o)
 .debug_frame   0x00000b28       0x60 .\CortexM0\ARM_GCC_493\Debug\LeftBoard.a(Pin_UltrasonicDistance_0.o)
 .debug_frame   0x00000b88      0x400 .\CortexM0\ARM_GCC_493\Debug\LeftBoard.a(CyLib.o)
 .debug_frame   0x00000f88      0x3fc .\CortexM0\ARM_GCC_493\Debug\LeftBoard.a(CyLFClk.o)
 .debug_frame   0x00001384      0x390 .\CortexM0\ARM_GCC_493\Debug\LeftBoard.a(HB25_PWM.o)
 .debug_frame   0x00001714       0x60 .\CortexM0\ARM_GCC_493\Debug\LeftBoard.a(Encoder_Pins.o)
 .debug_frame   0x00001774       0x60 .\CortexM0\ARM_GCC_493\Debug\LeftBoard.a(HB25_Enable.o)
 .debug_frame   0x000017d4       0xd8 .\CortexM0\ARM_GCC_493\Debug\LeftBoard.a(UART_Debug.o)
 .debug_frame   0x000018ac      0x130 .\CortexM0\ARM_GCC_493\Debug\LeftBoard.a(UART_Debug_UART.o)
 .debug_frame   0x000019dc       0x70 .\CortexM0\ARM_GCC_493\Debug\LeftBoard.a(CyFlash.o)
 .debug_frame   0x00001a4c       0xb0 .\CortexM0\ARM_GCC_493\Debug\LeftBoard.a(UART_Debug_SPI_UART.o)
 .debug_frame   0x00001afc       0x20 c:/program files (x86)/cypress/psoc creator/3.3/psoc creator/import/gnu/arm/4.9.3/bin/../lib/gcc/arm-none-eabi/4.9.3/armv6-m\libgcc.a(_udivsi3.o)
 .debug_frame   0x00001b1c       0x20 c:/program files (x86)/cypress/psoc creator/3.3/psoc creator/import/gnu/arm/4.9.3/bin/../lib/gcc/arm-none-eabi/4.9.3/../../../../arm-none-eabi/lib/armv6-m\libg_nano.a(lib_a-errno.o)
 .debug_frame   0x00001b3c       0x28 c:/program files (x86)/cypress/psoc creator/3.3/psoc creator/import/gnu/arm/4.9.3/bin/../lib/gcc/arm-none-eabi/4.9.3/../../../../arm-none-eabi/lib/armv6-m\libg_nano.a(lib_a-exit.o)
 .debug_frame   0x00001b64       0x2c c:/program files (x86)/cypress/psoc creator/3.3/psoc creator/import/gnu/arm/4.9.3/bin/../lib/gcc/arm-none-eabi/4.9.3/../../../../arm-none-eabi/lib/armv6-m\libg_nano.a(lib_a-init.o)
 .debug_frame   0x00001b90       0x28 c:/program files (x86)/cypress/psoc creator/3.3/psoc creator/import/gnu/arm/4.9.3/bin/../lib/gcc/arm-none-eabi/4.9.3/../../../../arm-none-eabi/lib/armv6-m\libg_nano.a(lib_a-memcpy.o)
 .debug_frame   0x00001bb8       0x20 c:/program files (x86)/cypress/psoc creator/3.3/psoc creator/import/gnu/arm/4.9.3/bin/../lib/gcc/arm-none-eabi/4.9.3/../../../../arm-none-eabi/lib/armv6-m\libg_nano.a(lib_a-memset.o)
 .debug_frame   0x00001bd8       0x54 c:/program files (x86)/cypress/psoc creator/3.3/psoc creator/import/gnu/arm/4.9.3/bin/../lib/gcc/arm-none-eabi/4.9.3/../../../../arm-none-eabi/lib/armv6-m\libg_nano.a(lib_a-snprintf.o)
 .debug_frame   0x00001c2c       0x74 c:/program files (x86)/cypress/psoc creator/3.3/psoc creator/import/gnu/arm/4.9.3/bin/../lib/gcc/arm-none-eabi/4.9.3/../../../../arm-none-eabi/lib/armv6-m\libg_nano.a(lib_a-nano-svfprintf.o)
 .debug_frame   0x00001ca0       0x54 c:/program files (x86)/cypress/psoc creator/3.3/psoc creator/import/gnu/arm/4.9.3/bin/../lib/gcc/arm-none-eabi/4.9.3/../../../../arm-none-eabi/lib/armv6-m\libg_nano.a(lib_a-nano-vfprintf_i.o)
 .debug_frame   0x00001cf4       0x20 c:/program files (x86)/cypress/psoc creator/3.3/psoc creator/import/gnu/arm/4.9.3/bin/../lib/gcc/arm-none-eabi/4.9.3/../../../../arm-none-eabi/lib/armv6-m\libg_nano.a(lib_a-memchr.o)
 .debug_frame   0x00001d14       0x28 c:/program files (x86)/cypress/psoc creator/3.3/psoc creator/import/gnu/arm/4.9.3/bin/../lib/gcc/arm-none-eabi/4.9.3/../../../../arm-none-eabi/lib/armv6-m\libg_nano.a(lib_a-memmove.o)
 .debug_frame   0x00001d3c       0x2c c:/program files (x86)/cypress/psoc creator/3.3/psoc creator/import/gnu/arm/4.9.3/bin/../lib/gcc/arm-none-eabi/4.9.3/../../../../arm-none-eabi/lib/armv6-m\libg_nano.a(lib_a-nano-freer.o)
 .debug_frame   0x00001d68       0x2c c:/program files (x86)/cypress/psoc creator/3.3/psoc creator/import/gnu/arm/4.9.3/bin/../lib/gcc/arm-none-eabi/4.9.3/../../../../arm-none-eabi/lib/armv6-m\libg_nano.a(lib_a-nano-mallocr.o)
 .debug_frame   0x00001d94       0x30 c:/program files (x86)/cypress/psoc creator/3.3/psoc creator/import/gnu/arm/4.9.3/bin/../lib/gcc/arm-none-eabi/4.9.3/../../../../arm-none-eabi/lib/armv6-m\libg_nano.a(lib_a-nano-reallocr.o)
 .debug_frame   0x00001dc4       0x2c c:/program files (x86)/cypress/psoc creator/3.3/psoc creator/import/gnu/arm/4.9.3/bin/../lib/gcc/arm-none-eabi/4.9.3/../../../../arm-none-eabi/lib/armv6-m\libg_nano.a(lib_a-sbrkr.o)
 .debug_frame   0x00001df0       0x20 c:/program files (x86)/cypress/psoc creator/3.3/psoc creator/import/gnu/arm/4.9.3/bin/../lib/gcc/arm-none-eabi/4.9.3/../../../../arm-none-eabi/lib/armv6-m\libg_nano.a(lib_a-nano-msizer.o)
 .debug_frame   0x00001e10       0x48 c:/program files (x86)/cypress/psoc creator/3.3/psoc creator/import/gnu/arm/4.9.3/bin/../lib/gcc/arm-none-eabi/4.9.3/../../../../arm-none-eabi/lib/armv6-m\libg_nano.a(lib_a-reent.o)

.debug_str      0x00000000     0x285c
 *(.debug_str)
 .debug_str     0x00000000      0x2e9 .\CortexM0\ARM_GCC_493\Debug\encoder.o
                                0x351 (size before relaxing)
 .debug_str     0x000002e9       0xbf .\CortexM0\ARM_GCC_493\Debug\hb25.o
                                0x236 (size before relaxing)
 .debug_str     0x000003a8       0xd8 .\CortexM0\ARM_GCC_493\Debug\hcsr04.o
                                0x252 (size before relaxing)
 .debug_str     0x00000480       0x5f .\CortexM0\ARM_GCC_493\Debug\pid.o
                                0x20c (size before relaxing)
 .debug_str     0x000004df      0x115 .\CortexM0\ARM_GCC_493\Debug\rpii2c.o
                                0x2b2 (size before relaxing)
 .debug_str     0x000005f4       0x46 .\CortexM0\ARM_GCC_493\Debug\control.o
                                0x1e2 (size before relaxing)
 .debug_str     0x0000063a       0x40 .\CortexM0\ARM_GCC_493\Debug\main.o
                                0x243 (size before relaxing)
 .debug_str     0x0000067a       0x86 .\CortexM0\ARM_GCC_493\Debug\time.o
                                0x208 (size before relaxing)
 .debug_str     0x00000700       0x23 .\CortexM0\ARM_GCC_493\Debug\debug.o
                                0x1b1 (size before relaxing)
 .debug_str     0x00000723       0x5b .\CortexM0\ARM_GCC_493\Debug\cymetadata.o
                                0x1c0 (size before relaxing)
 .debug_str     0x0000077e      0x142 .\CortexM0\ARM_GCC_493\Debug\Cm0Start.o
                                0x2e7 (size before relaxing)
 .debug_str     0x000008c0      0x11f .\CortexM0\ARM_GCC_493\Debug\LeftBoard.a(cyfitter_cfg.o)
                                0x2f6 (size before relaxing)
 .debug_str     0x000009df      0x135 .\CortexM0\ARM_GCC_493\Debug\LeftBoard.a(EZI2C.o)
                                0x2c4 (size before relaxing)
 .debug_str     0x00000b14      0x138 .\CortexM0\ARM_GCC_493\Debug\LeftBoard.a(EZI2C_EZI2C.o)
                                0x32b (size before relaxing)
 .debug_str     0x00000c4c       0x99 .\CortexM0\ARM_GCC_493\Debug\LeftBoard.a(EZI2C_EZI2C_INT.o)
                                0x2b4 (size before relaxing)
 .debug_str     0x00000ce5      0x189 .\CortexM0\ARM_GCC_493\Debug\LeftBoard.a(Encoder_Intr.o)
                                0x332 (size before relaxing)
 .debug_str     0x00000e6e       0xfc .\CortexM0\ARM_GCC_493\Debug\LeftBoard.a(Pin_UltrasonicDistance_1.o)
                                0x26b (size before relaxing)
 .debug_str     0x00000f6a       0xe4 .\CortexM0\ARM_GCC_493\Debug\LeftBoard.a(Pin_UltrasonicDistance_2.o)
                                0x26b (size before relaxing)
 .debug_str     0x0000104e       0xe4 .\CortexM0\ARM_GCC_493\Debug\LeftBoard.a(Pin_UltrasonicDistance_3.o)
                                0x26b (size before relaxing)
 .debug_str     0x00001132       0xe4 .\CortexM0\ARM_GCC_493\Debug\LeftBoard.a(Pin_UltrasonicDistance_4.o)
                                0x26b (size before relaxing)
 .debug_str     0x00001216       0xe4 .\CortexM0\ARM_GCC_493\Debug\LeftBoard.a(Pin_UltrasonicDistance_5.o)
                                0x26b (size before relaxing)
 .debug_str     0x000012fa       0xe4 .\CortexM0\ARM_GCC_493\Debug\LeftBoard.a(Pin_UltrasonicDistance_6.o)
                                0x26b (size before relaxing)
 .debug_str     0x000013de       0xe4 .\CortexM0\ARM_GCC_493\Debug\LeftBoard.a(Pin_UltrasonicDistance_7.o)
                                0x26b (size before relaxing)
 .debug_str     0x000014c2       0xe4 .\CortexM0\ARM_GCC_493\Debug\LeftBoard.a(Pin_UltrasonicDistance_0.o)
                                0x26b (size before relaxing)
 .debug_str     0x000015a6      0x3ff .\CortexM0\ARM_GCC_493\Debug\LeftBoard.a(CyLib.o)
                                0x6cd (size before relaxing)
 .debug_str     0x000019a5      0x4fe .\CortexM0\ARM_GCC_493\Debug\LeftBoard.a(CyLFClk.o)
                                0x6f5 (size before relaxing)
 .debug_str     0x00001ea3      0x42b .\CortexM0\ARM_GCC_493\Debug\LeftBoard.a(HB25_PWM.o)
                                0x615 (size before relaxing)
 .debug_str     0x000022ce       0x6e .\CortexM0\ARM_GCC_493\Debug\LeftBoard.a(Encoder_Pins.o)
                                0x223 (size before relaxing)
 .debug_str     0x0000233c       0x84 .\CortexM0\ARM_GCC_493\Debug\LeftBoard.a(HB25_Enable.o)
                                0x21d (size before relaxing)
 .debug_str     0x000023c0      0x115 .\CortexM0\ARM_GCC_493\Debug\LeftBoard.a(UART_Debug.o)
                                0x2b4 (size before relaxing)
 .debug_str     0x000024d5      0x1de .\CortexM0\ARM_GCC_493\Debug\LeftBoard.a(UART_Debug_UART.o)
                                0x3c9 (size before relaxing)
 .debug_str     0x000026b3       0x9a .\CortexM0\ARM_GCC_493\Debug\LeftBoard.a(CyFlash.o)
                                0x27e (size before relaxing)
 .debug_str     0x0000274d      0x10f .\CortexM0\ARM_GCC_493\Debug\LeftBoard.a(UART_Debug_SPI_UART.o)
                                0x2f0 (size before relaxing)

.debug_loc      0x00000000     0x260e
 *(.debug_loc)
 .debug_loc     0x00000000       0xeb .\CortexM0\ARM_GCC_493\Debug\encoder.o
 .debug_loc     0x000000eb       0xe1 .\CortexM0\ARM_GCC_493\Debug\hb25.o
 .debug_loc     0x000001cc      0x1a3 .\CortexM0\ARM_GCC_493\Debug\hcsr04.o
 .debug_loc     0x0000036f       0xab .\CortexM0\ARM_GCC_493\Debug\pid.o
 .debug_loc     0x0000041a       0x82 .\CortexM0\ARM_GCC_493\Debug\rpii2c.o
 .debug_loc     0x0000049c       0x44 .\CortexM0\ARM_GCC_493\Debug\main.o
 .debug_loc     0x000004e0       0x1f .\CortexM0\ARM_GCC_493\Debug\time.o
 .debug_loc     0x000004ff      0x14f .\CortexM0\ARM_GCC_493\Debug\Cm0Start.o
 .debug_loc     0x0000064e      0x136 .\CortexM0\ARM_GCC_493\Debug\LeftBoard.a(cyfitter_cfg.o)
 .debug_loc     0x00000784       0x7e .\CortexM0\ARM_GCC_493\Debug\LeftBoard.a(EZI2C.o)
 .debug_loc     0x00000802       0xe1 .\CortexM0\ARM_GCC_493\Debug\LeftBoard.a(EZI2C_EZI2C.o)
 .debug_loc     0x000008e3      0x132 .\CortexM0\ARM_GCC_493\Debug\LeftBoard.a(EZI2C_EZI2C_INT.o)
 .debug_loc     0x00000a15       0x82 .\CortexM0\ARM_GCC_493\Debug\LeftBoard.a(Encoder_Intr.o)
 .debug_loc     0x00000a97       0x81 .\CortexM0\ARM_GCC_493\Debug\LeftBoard.a(Pin_UltrasonicDistance_1.o)
 .debug_loc     0x00000b18       0x81 .\CortexM0\ARM_GCC_493\Debug\LeftBoard.a(Pin_UltrasonicDistance_2.o)
 .debug_loc     0x00000b99       0x81 .\CortexM0\ARM_GCC_493\Debug\LeftBoard.a(Pin_UltrasonicDistance_3.o)
 .debug_loc     0x00000c1a       0x81 .\CortexM0\ARM_GCC_493\Debug\LeftBoard.a(Pin_UltrasonicDistance_4.o)
 .debug_loc     0x00000c9b       0x81 .\CortexM0\ARM_GCC_493\Debug\LeftBoard.a(Pin_UltrasonicDistance_5.o)
 .debug_loc     0x00000d1c       0x60 .\CortexM0\ARM_GCC_493\Debug\LeftBoard.a(Pin_UltrasonicDistance_6.o)
 .debug_loc     0x00000d7c       0x60 .\CortexM0\ARM_GCC_493\Debug\LeftBoard.a(Pin_UltrasonicDistance_7.o)
 .debug_loc     0x00000ddc       0x81 .\CortexM0\ARM_GCC_493\Debug\LeftBoard.a(Pin_UltrasonicDistance_0.o)
 .debug_loc     0x00000e5d      0x530 .\CortexM0\ARM_GCC_493\Debug\LeftBoard.a(CyLib.o)
 .debug_loc     0x0000138d      0x8af .\CortexM0\ARM_GCC_493\Debug\LeftBoard.a(CyLFClk.o)
 .debug_loc     0x00001c3c      0x547 .\CortexM0\ARM_GCC_493\Debug\LeftBoard.a(HB25_PWM.o)
 .debug_loc     0x00002183       0x81 .\CortexM0\ARM_GCC_493\Debug\LeftBoard.a(Encoder_Pins.o)
 .debug_loc     0x00002204       0x81 .\CortexM0\ARM_GCC_493\Debug\LeftBoard.a(HB25_Enable.o)
 .debug_loc     0x00002285       0x7e .\CortexM0\ARM_GCC_493\Debug\LeftBoard.a(UART_Debug.o)
 .debug_loc     0x00002303      0x1b2 .\CortexM0\ARM_GCC_493\Debug\LeftBoard.a(UART_Debug_UART.o)
 .debug_loc     0x000024b5       0xc3 .\CortexM0\ARM_GCC_493\Debug\LeftBoard.a(CyFlash.o)
 .debug_loc     0x00002578       0x96 .\CortexM0\ARM_GCC_493\Debug\LeftBoard.a(UART_Debug_SPI_UART.o)

.debug_macinfo
 *(.debug_macinfo)

.debug_ranges   0x00000000      0xa30
 *(.debug_ranges)
 .debug_ranges  0x00000000       0x40 .\CortexM0\ARM_GCC_493\Debug\encoder.o
 .debug_ranges  0x00000040       0x38 .\CortexM0\ARM_GCC_493\Debug\hb25.o
 .debug_ranges  0x00000078       0x30 .\CortexM0\ARM_GCC_493\Debug\hcsr04.o
 .debug_ranges  0x000000a8       0x28 .\CortexM0\ARM_GCC_493\Debug\pid.o
 .debug_ranges  0x000000d0       0x50 .\CortexM0\ARM_GCC_493\Debug\rpii2c.o
 .debug_ranges  0x00000120       0x20 .\CortexM0\ARM_GCC_493\Debug\control.o
 .debug_ranges  0x00000140       0x10 .\CortexM0\ARM_GCC_493\Debug\main.o
 .debug_ranges  0x00000150       0x28 .\CortexM0\ARM_GCC_493\Debug\time.o
 .debug_ranges  0x00000178       0x18 .\CortexM0\ARM_GCC_493\Debug\debug.o
 .debug_ranges  0x00000190       0x38 .\CortexM0\ARM_GCC_493\Debug\Cm0Start.o
 .debug_ranges  0x000001c8       0x38 .\CortexM0\ARM_GCC_493\Debug\LeftBoard.a(cyfitter_cfg.o)
 .debug_ranges  0x00000200       0x50 .\CortexM0\ARM_GCC_493\Debug\LeftBoard.a(EZI2C.o)
 .debug_ranges  0x00000250       0x40 .\CortexM0\ARM_GCC_493\Debug\LeftBoard.a(EZI2C_EZI2C.o)
 .debug_ranges  0x00000290       0x10 .\CortexM0\ARM_GCC_493\Debug\LeftBoard.a(EZI2C_EZI2C_INT.o)
 .debug_ranges  0x000002a0       0x70 .\CortexM0\ARM_GCC_493\Debug\LeftBoard.a(Encoder_Intr.o)
 .debug_ranges  0x00000310       0x30 .\CortexM0\ARM_GCC_493\Debug\LeftBoard.a(Pin_UltrasonicDistance_1.o)
 .debug_ranges  0x00000340       0x30 .\CortexM0\ARM_GCC_493\Debug\LeftBoard.a(Pin_UltrasonicDistance_2.o)
 .debug_ranges  0x00000370       0x30 .\CortexM0\ARM_GCC_493\Debug\LeftBoard.a(Pin_UltrasonicDistance_3.o)
 .debug_ranges  0x000003a0       0x30 .\CortexM0\ARM_GCC_493\Debug\LeftBoard.a(Pin_UltrasonicDistance_4.o)
 .debug_ranges  0x000003d0       0x30 .\CortexM0\ARM_GCC_493\Debug\LeftBoard.a(Pin_UltrasonicDistance_5.o)
 .debug_ranges  0x00000400       0x30 .\CortexM0\ARM_GCC_493\Debug\LeftBoard.a(Pin_UltrasonicDistance_6.o)
 .debug_ranges  0x00000430       0x30 .\CortexM0\ARM_GCC_493\Debug\LeftBoard.a(Pin_UltrasonicDistance_7.o)
 .debug_ranges  0x00000460       0x30 .\CortexM0\ARM_GCC_493\Debug\LeftBoard.a(Pin_UltrasonicDistance_0.o)
 .debug_ranges  0x00000490      0x180 .\CortexM0\ARM_GCC_493\Debug\LeftBoard.a(CyLib.o)
 .debug_ranges  0x00000610      0x140 .\CortexM0\ARM_GCC_493\Debug\LeftBoard.a(CyLFClk.o)
 .debug_ranges  0x00000750      0x148 .\CortexM0\ARM_GCC_493\Debug\LeftBoard.a(HB25_PWM.o)
 .debug_ranges  0x00000898       0x30 .\CortexM0\ARM_GCC_493\Debug\LeftBoard.a(Encoder_Pins.o)
 .debug_ranges  0x000008c8       0x30 .\CortexM0\ARM_GCC_493\Debug\LeftBoard.a(HB25_Enable.o)
 .debug_ranges  0x000008f8       0x48 .\CortexM0\ARM_GCC_493\Debug\LeftBoard.a(UART_Debug.o)
 .debug_ranges  0x00000940       0x78 .\CortexM0\ARM_GCC_493\Debug\LeftBoard.a(UART_Debug_UART.o)
 .debug_ranges  0x000009b8       0x28 .\CortexM0\ARM_GCC_493\Debug\LeftBoard.a(CyFlash.o)
 .debug_ranges  0x000009e0       0x50 .\CortexM0\ARM_GCC_493\Debug\LeftBoard.a(UART_Debug_SPI_UART.o)

.comment        0x00000000       0x70
 .comment       0x00000000       0x70 .\CortexM0\ARM_GCC_493\Debug\encoder.o
                                 0x71 (size before relaxing)
 .comment       0x00000000       0x71 .\CortexM0\ARM_GCC_493\Debug\hb25.o
 .comment       0x00000000       0x71 .\CortexM0\ARM_GCC_493\Debug\hcsr04.o
 .comment       0x00000000       0x71 .\CortexM0\ARM_GCC_493\Debug\pid.o
 .comment       0x00000000       0x71 .\CortexM0\ARM_GCC_493\Debug\rpii2c.o
 .comment       0x00000000       0x71 .\CortexM0\ARM_GCC_493\Debug\control.o
 .comment       0x00000000       0x71 .\CortexM0\ARM_GCC_493\Debug\main.o
 .comment       0x00000000       0x71 .\CortexM0\ARM_GCC_493\Debug\time.o
 .comment       0x00000000       0x71 .\CortexM0\ARM_GCC_493\Debug\debug.o
 .comment       0x00000000       0x71 .\CortexM0\ARM_GCC_493\Debug\cymetadata.o
 .comment       0x00000000       0x71 .\CortexM0\ARM_GCC_493\Debug\Cm0Start.o
 .comment       0x00000000       0x71 .\CortexM0\ARM_GCC_493\Debug\LeftBoard.a(cyfitter_cfg.o)
 .comment       0x00000000       0x71 .\CortexM0\ARM_GCC_493\Debug\LeftBoard.a(EZI2C.o)
 .comment       0x00000000       0x71 .\CortexM0\ARM_GCC_493\Debug\LeftBoard.a(EZI2C_EZI2C.o)
 .comment       0x00000000       0x71 .\CortexM0\ARM_GCC_493\Debug\LeftBoard.a(EZI2C_EZI2C_INT.o)
 .comment       0x00000000       0x71 .\CortexM0\ARM_GCC_493\Debug\LeftBoard.a(Encoder_Intr.o)
 .comment       0x00000000       0x71 .\CortexM0\ARM_GCC_493\Debug\LeftBoard.a(Pin_UltrasonicDistance_1.o)
 .comment       0x00000000       0x71 .\CortexM0\ARM_GCC_493\Debug\LeftBoard.a(Pin_UltrasonicDistance_2.o)
 .comment       0x00000000       0x71 .\CortexM0\ARM_GCC_493\Debug\LeftBoard.a(Pin_UltrasonicDistance_3.o)
 .comment       0x00000000       0x71 .\CortexM0\ARM_GCC_493\Debug\LeftBoard.a(Pin_UltrasonicDistance_4.o)
 .comment       0x00000000       0x71 .\CortexM0\ARM_GCC_493\Debug\LeftBoard.a(Pin_UltrasonicDistance_5.o)
 .comment       0x00000000       0x71 .\CortexM0\ARM_GCC_493\Debug\LeftBoard.a(Pin_UltrasonicDistance_6.o)
 .comment       0x00000000       0x71 .\CortexM0\ARM_GCC_493\Debug\LeftBoard.a(Pin_UltrasonicDistance_7.o)
 .comment       0x00000000       0x71 .\CortexM0\ARM_GCC_493\Debug\LeftBoard.a(Pin_UltrasonicDistance_0.o)
 .comment       0x00000000       0x71 .\CortexM0\ARM_GCC_493\Debug\LeftBoard.a(CyLib.o)
 .comment       0x00000000       0x71 .\CortexM0\ARM_GCC_493\Debug\LeftBoard.a(CyLFClk.o)
 .comment       0x00000000       0x71 .\CortexM0\ARM_GCC_493\Debug\LeftBoard.a(HB25_PWM.o)
 .comment       0x00000000       0x71 .\CortexM0\ARM_GCC_493\Debug\LeftBoard.a(Encoder_Pins.o)
 .comment       0x00000000       0x71 .\CortexM0\ARM_GCC_493\Debug\LeftBoard.a(HB25_Enable.o)
 .comment       0x00000000       0x71 .\CortexM0\ARM_GCC_493\Debug\LeftBoard.a(UART_Debug.o)
 .comment       0x00000000       0x71 .\CortexM0\ARM_GCC_493\Debug\LeftBoard.a(UART_Debug_UART.o)
 .comment       0x00000000       0x71 .\CortexM0\ARM_GCC_493\Debug\LeftBoard.a(CyFlash.o)
 .comment       0x00000000       0x71 .\CortexM0\ARM_GCC_493\Debug\LeftBoard.a(UART_Debug_SPI_UART.o)

.debug_weaknames
 *(.debug_weaknames)

.debug_funcnames
 *(.debug_funcnames)

.debug_typenames
 *(.debug_typenames)

.debug_varnames
 *(.debug_varnames)

.note.gnu.arm.ident
 *(.note.gnu.arm.ident)

.ARM.attributes
                0x00000000       0x28
 *(.ARM.attributes)
 .ARM.attributes
                0x00000000       0x1e c:/program files (x86)/cypress/psoc creator/3.3/psoc creator/import/gnu/arm/4.9.3/bin/../lib/gcc/arm-none-eabi/4.9.3/armv6-m/crti.o
 .ARM.attributes
                0x0000001e       0x2c c:/program files (x86)/cypress/psoc creator/3.3/psoc creator/import/gnu/arm/4.9.3/bin/../lib/gcc/arm-none-eabi/4.9.3/armv6-m/crtbegin.o
 .ARM.attributes
                0x0000004a       0x1b c:/program files (x86)/cypress/psoc creator/3.3/psoc creator/import/gnu/arm/4.9.3/bin/../lib/gcc/arm-none-eabi/4.9.3/../../../../arm-none-eabi/lib/armv6-m/crt0.o
 .ARM.attributes
                0x00000065       0x31 .\CortexM0\ARM_GCC_493\Debug\encoder.o
 .ARM.attributes
                0x00000096       0x31 .\CortexM0\ARM_GCC_493\Debug\hb25.o
 .ARM.attributes
                0x000000c7       0x31 .\CortexM0\ARM_GCC_493\Debug\hcsr04.o
 .ARM.attributes
                0x000000f8       0x31 .\CortexM0\ARM_GCC_493\Debug\pid.o
 .ARM.attributes
                0x00000129       0x31 .\CortexM0\ARM_GCC_493\Debug\rpii2c.o
 .ARM.attributes
                0x0000015a       0x31 .\CortexM0\ARM_GCC_493\Debug\control.o
 .ARM.attributes
                0x0000018b       0x31 .\CortexM0\ARM_GCC_493\Debug\main.o
 .ARM.attributes
                0x000001bc       0x31 .\CortexM0\ARM_GCC_493\Debug\time.o
 .ARM.attributes
                0x000001ed       0x31 .\CortexM0\ARM_GCC_493\Debug\debug.o
 .ARM.attributes
                0x0000021e       0x31 .\CortexM0\ARM_GCC_493\Debug\cymetadata.o
 .ARM.attributes
                0x0000024f       0x31 .\CortexM0\ARM_GCC_493\Debug\Cm0Start.o
 .ARM.attributes
                0x00000280       0x31 .\CortexM0\ARM_GCC_493\Debug\LeftBoard.a(cyfitter_cfg.o)
 .ARM.attributes
                0x000002b1       0x31 .\CortexM0\ARM_GCC_493\Debug\LeftBoard.a(EZI2C.o)
 .ARM.attributes
                0x000002e2       0x31 .\CortexM0\ARM_GCC_493\Debug\LeftBoard.a(EZI2C_EZI2C.o)
 .ARM.attributes
                0x00000313       0x31 .\CortexM0\ARM_GCC_493\Debug\LeftBoard.a(EZI2C_EZI2C_INT.o)
 .ARM.attributes
                0x00000344       0x31 .\CortexM0\ARM_GCC_493\Debug\LeftBoard.a(Encoder_Intr.o)
 .ARM.attributes
                0x00000375       0x31 .\CortexM0\ARM_GCC_493\Debug\LeftBoard.a(Pin_UltrasonicDistance_1.o)
 .ARM.attributes
                0x000003a6       0x31 .\CortexM0\ARM_GCC_493\Debug\LeftBoard.a(Pin_UltrasonicDistance_2.o)
 .ARM.attributes
                0x000003d7       0x31 .\CortexM0\ARM_GCC_493\Debug\LeftBoard.a(Pin_UltrasonicDistance_3.o)
 .ARM.attributes
                0x00000408       0x31 .\CortexM0\ARM_GCC_493\Debug\LeftBoard.a(Pin_UltrasonicDistance_4.o)
 .ARM.attributes
                0x00000439       0x31 .\CortexM0\ARM_GCC_493\Debug\LeftBoard.a(Pin_UltrasonicDistance_5.o)
 .ARM.attributes
                0x0000046a       0x31 .\CortexM0\ARM_GCC_493\Debug\LeftBoard.a(Pin_UltrasonicDistance_6.o)
 .ARM.attributes
                0x0000049b       0x31 .\CortexM0\ARM_GCC_493\Debug\LeftBoard.a(Pin_UltrasonicDistance_7.o)
 .ARM.attributes
                0x000004cc       0x31 .\CortexM0\ARM_GCC_493\Debug\LeftBoard.a(Pin_UltrasonicDistance_0.o)
 .ARM.attributes
                0x000004fd       0x21 .\CortexM0\ARM_GCC_493\Debug\LeftBoard.a(CyBootAsmGnu.o)
 .ARM.attributes
                0x0000051e       0x31 .\CortexM0\ARM_GCC_493\Debug\LeftBoard.a(CyLib.o)
 .ARM.attributes
                0x0000054f       0x31 .\CortexM0\ARM_GCC_493\Debug\LeftBoard.a(CyLFClk.o)
 .ARM.attributes
                0x00000580       0x31 .\CortexM0\ARM_GCC_493\Debug\LeftBoard.a(HB25_PWM.o)
 .ARM.attributes
                0x000005b1       0x31 .\CortexM0\ARM_GCC_493\Debug\LeftBoard.a(Encoder_Pins.o)
 .ARM.attributes
                0x000005e2       0x31 .\CortexM0\ARM_GCC_493\Debug\LeftBoard.a(HB25_Enable.o)
 .ARM.attributes
                0x00000613       0x31 .\CortexM0\ARM_GCC_493\Debug\LeftBoard.a(UART_Debug.o)
 .ARM.attributes
                0x00000644       0x31 .\CortexM0\ARM_GCC_493\Debug\LeftBoard.a(UART_Debug_UART.o)
 .ARM.attributes
                0x00000675       0x31 .\CortexM0\ARM_GCC_493\Debug\LeftBoard.a(CyFlash.o)
 .ARM.attributes
                0x000006a6       0x31 .\CortexM0\ARM_GCC_493\Debug\LeftBoard.a(UART_Debug_SPI_UART.o)
 .ARM.attributes
                0x000006d7       0x1e c:/program files (x86)/cypress/psoc creator/3.3/psoc creator/import/gnu/arm/4.9.3/bin/../lib/gcc/arm-none-eabi/4.9.3/armv6-m\libgcc.a(_udivsi3.o)
 .ARM.attributes
                0x000006f5       0x1e c:/program files (x86)/cypress/psoc creator/3.3/psoc creator/import/gnu/arm/4.9.3/bin/../lib/gcc/arm-none-eabi/4.9.3/armv6-m\libgcc.a(_dvmd_tls.o)
 .ARM.attributes
                0x00000713       0x2c c:/program files (x86)/cypress/psoc creator/3.3/psoc creator/import/gnu/arm/4.9.3/bin/../lib/gcc/arm-none-eabi/4.9.3/../../../../arm-none-eabi/lib/armv6-m\libg_nano.a(lib_a-errno.o)
 .ARM.attributes
                0x0000073f       0x2c c:/program files (x86)/cypress/psoc creator/3.3/psoc creator/import/gnu/arm/4.9.3/bin/../lib/gcc/arm-none-eabi/4.9.3/../../../../arm-none-eabi/lib/armv6-m\libg_nano.a(lib_a-exit.o)
 .ARM.attributes
                0x0000076b       0x2c c:/program files (x86)/cypress/psoc creator/3.3/psoc creator/import/gnu/arm/4.9.3/bin/../lib/gcc/arm-none-eabi/4.9.3/../../../../arm-none-eabi/lib/armv6-m\libg_nano.a(lib_a-impure.o)
 .ARM.attributes
                0x00000797       0x2c c:/program files (x86)/cypress/psoc creator/3.3/psoc creator/import/gnu/arm/4.9.3/bin/../lib/gcc/arm-none-eabi/4.9.3/../../../../arm-none-eabi/lib/armv6-m\libg_nano.a(lib_a-init.o)
 .ARM.attributes
                0x000007c3       0x2c c:/program files (x86)/cypress/psoc creator/3.3/psoc creator/import/gnu/arm/4.9.3/bin/../lib/gcc/arm-none-eabi/4.9.3/../../../../arm-none-eabi/lib/armv6-m\libg_nano.a(lib_a-memcpy.o)
 .ARM.attributes
                0x000007ef       0x2c c:/program files (x86)/cypress/psoc creator/3.3/psoc creator/import/gnu/arm/4.9.3/bin/../lib/gcc/arm-none-eabi/4.9.3/../../../../arm-none-eabi/lib/armv6-m\libg_nano.a(lib_a-memset.o)
 .ARM.attributes
                0x0000081b       0x2c c:/program files (x86)/cypress/psoc creator/3.3/psoc creator/import/gnu/arm/4.9.3/bin/../lib/gcc/arm-none-eabi/4.9.3/../../../../arm-none-eabi/lib/armv6-m\libg_nano.a(lib_a-snprintf.o)
 .ARM.attributes
                0x00000847       0x2c c:/program files (x86)/cypress/psoc creator/3.3/psoc creator/import/gnu/arm/4.9.3/bin/../lib/gcc/arm-none-eabi/4.9.3/../../../../arm-none-eabi/lib/armv6-m\libg_nano.a(lib_a-nano-svfprintf.o)
 .ARM.attributes
                0x00000873       0x2c c:/program files (x86)/cypress/psoc creator/3.3/psoc creator/import/gnu/arm/4.9.3/bin/../lib/gcc/arm-none-eabi/4.9.3/../../../../arm-none-eabi/lib/armv6-m\libg_nano.a(lib_a-nano-vfprintf_i.o)
 .ARM.attributes
                0x0000089f       0x2c c:/program files (x86)/cypress/psoc creator/3.3/psoc creator/import/gnu/arm/4.9.3/bin/../lib/gcc/arm-none-eabi/4.9.3/../../../../arm-none-eabi/lib/armv6-m\libg_nano.a(lib_a-memchr.o)
 .ARM.attributes
                0x000008cb       0x2c c:/program files (x86)/cypress/psoc creator/3.3/psoc creator/import/gnu/arm/4.9.3/bin/../lib/gcc/arm-none-eabi/4.9.3/../../../../arm-none-eabi/lib/armv6-m\libg_nano.a(lib_a-memmove.o)
 .ARM.attributes
                0x000008f7       0x2c c:/program files (x86)/cypress/psoc creator/3.3/psoc creator/import/gnu/arm/4.9.3/bin/../lib/gcc/arm-none-eabi/4.9.3/../../../../arm-none-eabi/lib/armv6-m\libg_nano.a(lib_a-nano-freer.o)
 .ARM.attributes
                0x00000923       0x2c c:/program files (x86)/cypress/psoc creator/3.3/psoc creator/import/gnu/arm/4.9.3/bin/../lib/gcc/arm-none-eabi/4.9.3/../../../../arm-none-eabi/lib/armv6-m\libg_nano.a(lib_a-nano-mallocr.o)
 .ARM.attributes
                0x0000094f       0x2c c:/program files (x86)/cypress/psoc creator/3.3/psoc creator/import/gnu/arm/4.9.3/bin/../lib/gcc/arm-none-eabi/4.9.3/../../../../arm-none-eabi/lib/armv6-m\libg_nano.a(lib_a-nano-reallocr.o)
 .ARM.attributes
                0x0000097b       0x2c c:/program files (x86)/cypress/psoc creator/3.3/psoc creator/import/gnu/arm/4.9.3/bin/../lib/gcc/arm-none-eabi/4.9.3/../../../../arm-none-eabi/lib/armv6-m\libg_nano.a(lib_a-sbrkr.o)
 .ARM.attributes
                0x000009a7       0x2c c:/program files (x86)/cypress/psoc creator/3.3/psoc creator/import/gnu/arm/4.9.3/bin/../lib/gcc/arm-none-eabi/4.9.3/../../../../arm-none-eabi/lib/armv6-m\libg_nano.a(lib_a-nano-msizer.o)
 .ARM.attributes
                0x000009d3       0x2c c:/program files (x86)/cypress/psoc creator/3.3/psoc creator/import/gnu/arm/4.9.3/bin/../lib/gcc/arm-none-eabi/4.9.3/../../../../arm-none-eabi/lib/armv6-m\libg_nano.a(lib_a-reent.o)
 .ARM.attributes
                0x000009ff       0x2c c:/program files (x86)/cypress/psoc creator/3.3/psoc creator/import/gnu/arm/4.9.3/bin/../lib/gcc/arm-none-eabi/4.9.3/armv6-m/crtend.o
 .ARM.attributes
                0x00000a2b       0x1e c:/program files (x86)/cypress/psoc creator/3.3/psoc creator/import/gnu/arm/4.9.3/bin/../lib/gcc/arm-none-eabi/4.9.3/armv6-m/crtn.o

/DISCARD/
 *(.note.GNU-stack)
OUTPUT(.\CortexM0\ARM_GCC_493\Debug\LeftBoard.elf elf32-littlearm)
