Archive member included because of file (symbol)

.\CortexM0\ARM_GCC_493\Debug\Board2-RPi.a(cyfitter_cfg.o)
                              .\CortexM0\ARM_GCC_493\Debug\Cm0Start.o (cyfitter_cfg)
.\CortexM0\ARM_GCC_493\Debug\Board2-RPi.a(EZI2C.o)
                              .\CortexM0\ARM_GCC_493\Debug\i2c.o (EZI2C_Start)
.\CortexM0\ARM_GCC_493\Debug\Board2-RPi.a(EZI2C_EZI2C.o)
                              .\CortexM0\ARM_GCC_493\Debug\Board2-RPi.a(EZI2C.o) (EZI2C_EzI2CInit)
.\CortexM0\ARM_GCC_493\Debug\Board2-RPi.a(EZI2C_EZI2C_INT.o)
                              .\CortexM0\ARM_GCC_493\Debug\Board2-RPi.a(EZI2C_EZI2C.o) (EZI2C_EZI2C_STRETCH_ISR)
.\CortexM0\ARM_GCC_493\Debug\Board2-RPi.a(Encoder_Intr.o)
                              .\CortexM0\ARM_GCC_493\Debug\encoder.o (Encoder_Intr_Enable)
.\CortexM0\ARM_GCC_493\Debug\Board2-RPi.a(CyBootAsmGnu.o)
                              .\CortexM0\ARM_GCC_493\Debug\Board2-RPi.a(Encoder_Intr.o) (CyEnterCriticalSection)
.\CortexM0\ARM_GCC_493\Debug\Board2-RPi.a(CyLib.o)
                              .\CortexM0\ARM_GCC_493\Debug\Board2-RPi.a(cyfitter_cfg.o) (CyIntEnable)
.\CortexM0\ARM_GCC_493\Debug\Board2-RPi.a(CyLFClk.o)
                              .\CortexM0\ARM_GCC_493\Debug\Board2-RPi.a(CyLib.o) (CySysClkWcoEnabled)
.\CortexM0\ARM_GCC_493\Debug\Board2-RPi.a(HB25_PWM.o)
                              .\CortexM0\ARM_GCC_493\Debug\motor.o (HB25_PWM_WriteCompare)
.\CortexM0\ARM_GCC_493\Debug\Board2-RPi.a(Encoder_Pins.o)
                              .\CortexM0\ARM_GCC_493\Debug\encoder.o (Encoder_Pins_Read)
.\CortexM0\ARM_GCC_493\Debug\Board2-RPi.a(ADC_Infrared.o)
                              .\CortexM0\ARM_GCC_493\Debug\infrared.o (ADC_Infrared_Start)
.\CortexM0\ARM_GCC_493\Debug\Board2-RPi.a(ADC_Infrared_INT.o)
                              .\CortexM0\ARM_GCC_493\Debug\Board2-RPi.a(ADC_Infrared.o) (ADC_Infrared_ISR)
.\CortexM0\ARM_GCC_493\Debug\Board2-RPi.a(HCSR04_Timer.o)
                              .\CortexM0\ARM_GCC_493\Debug\ultrasonic.o (HCSR04_Timer_ReadCounter)
.\CortexM0\ARM_GCC_493\Debug\Board2-RPi.a(HCSR04_Timeout_Intr.o)
                              .\CortexM0\ARM_GCC_493\Debug\ultrasonic.o (HCSR04_Timeout_Intr_StartEx)
.\CortexM0\ARM_GCC_493\Debug\Board2-RPi.a(HCSR04_Control.o)
                              .\CortexM0\ARM_GCC_493\Debug\ultrasonic.o (HCSR04_Control_Write)
.\CortexM0\ARM_GCC_493\Debug\Board2-RPi.a(HCSR04_Trigger_0.o)
                              .\CortexM0\ARM_GCC_493\Debug\ultrasonic.o (HCSR04_Trigger_0_Write)
.\CortexM0\ARM_GCC_493\Debug\Board2-RPi.a(HCSR04_Trigger_2.o)
                              .\CortexM0\ARM_GCC_493\Debug\ultrasonic.o (HCSR04_Trigger_2_Write)
.\CortexM0\ARM_GCC_493\Debug\Board2-RPi.a(HCSR04_Trigger_3.o)
                              .\CortexM0\ARM_GCC_493\Debug\ultrasonic.o (HCSR04_Trigger_3_Write)
.\CortexM0\ARM_GCC_493\Debug\Board2-RPi.a(HCSR04_Trigger_1.o)
                              .\CortexM0\ARM_GCC_493\Debug\ultrasonic.o (HCSR04_Trigger_1_Write)
.\CortexM0\ARM_GCC_493\Debug\Board2-RPi.a(HB25_Enable_Pin.o)
                              .\CortexM0\ARM_GCC_493\Debug\motor.o (HB25_Enable_Pin_Write)
.\CortexM0\ARM_GCC_493\Debug\Board2-RPi.a(UARTCOMMS.o)
                              .\CortexM0\ARM_GCC_493\Debug\debug.o (UARTCOMMS_Start)
.\CortexM0\ARM_GCC_493\Debug\Board2-RPi.a(UARTCOMMS_UART.o)
                              .\CortexM0\ARM_GCC_493\Debug\Board2-RPi.a(UARTCOMMS.o) (UARTCOMMS_UartInit)
.\CortexM0\ARM_GCC_493\Debug\Board2-RPi.a(OnOff_Detect_Pin.o)
                              .\CortexM0\ARM_GCC_493\Debug\boardmain.o (OnOff_Detect_Pin_ClearInterrupt)
.\CortexM0\ARM_GCC_493\Debug\Board2-RPi.a(OnOff_Intr.o)
                              .\CortexM0\ARM_GCC_493\Debug\boardmain.o (OnOff_Intr_StartEx)
.\CortexM0\ARM_GCC_493\Debug\Board2-RPi.a(CyFlash.o)
                              .\CortexM0\ARM_GCC_493\Debug\Board2-RPi.a(CyLib.o) (CySysFlashSetWaitCycles)
.\CortexM0\ARM_GCC_493\Debug\Board2-RPi.a(UARTCOMMS_SPI_UART.o)
                              .\CortexM0\ARM_GCC_493\Debug\Board2-RPi.a(UARTCOMMS_UART.o) (UARTCOMMS_SpiUartWriteTxData)
.\CortexM0\ARM_GCC_493\Debug\Board2-RPi.a(UARTCOMMS_SPI_UART_INT.o)
                              .\CortexM0\ARM_GCC_493\Debug\Board2-RPi.a(UARTCOMMS_UART.o) (UARTCOMMS_SPI_UART_ISR)
c:/program files (x86)/cypress/psoc creator/3.3/psoc creator/import/gnu/arm/4.9.3/bin/../lib/gcc/arm-none-eabi/4.9.3/../../../../arm-none-eabi/lib/armv6-m\libm.a(lib_a-w_pow.o)
                              .\CortexM0\ARM_GCC_493\Debug\infrared.o (pow)
c:/program files (x86)/cypress/psoc creator/3.3/psoc creator/import/gnu/arm/4.9.3/bin/../lib/gcc/arm-none-eabi/4.9.3/../../../../arm-none-eabi/lib/armv6-m\libm.a(lib_a-e_pow.o)
[...]
Memory Configuration

Name             Origin             Length             Attributes
rom              0x00000000         0x00020000         xr
ram              0x20000000         0x00004000         xrw
*default*        0x00000000         0xffffffff

Linker script and memory map

LOAD c:/program files (x86)/cypress/psoc creator/3.3/psoc creator/import/gnu/arm/4.9.3/bin/../lib/gcc/arm-none-eabi/4.9.3/armv6-m/crti.o
LOAD c:/program files (x86)/cypress/psoc creator/3.3/psoc creator/import/gnu/arm/4.9.3/bin/../lib/gcc/arm-none-eabi/4.9.3/armv6-m/crtbegin.o
LOAD c:/program files (x86)/cypress/psoc creator/3.3/psoc creator/import/gnu/arm/4.9.3/bin/../lib/gcc/arm-none-eabi/4.9.3/../../../../arm-none-eabi/lib/armv6-m/crt0.o
START GROUP
LOAD .\CortexM0\ARM_GCC_493\Debug\encoder.o
LOAD .\CortexM0\ARM_GCC_493\Debug\motor.o
LOAD .\CortexM0\ARM_GCC_493\Debug\ultrasonic.o
LOAD .\CortexM0\ARM_GCC_493\Debug\pid.o
LOAD .\CortexM0\ARM_GCC_493\Debug\i2c.o
LOAD .\CortexM0\ARM_GCC_493\Debug\control.o
LOAD .\CortexM0\ARM_GCC_493\Debug\boardmain.o
LOAD .\CortexM0\ARM_GCC_493\Debug\time.o
LOAD .\CortexM0\ARM_GCC_493\Debug\infrared.o
LOAD .\CortexM0\ARM_GCC_493\Debug\utils.o
LOAD .\CortexM0\ARM_GCC_493\Debug\debug.o
LOAD .\CortexM0\ARM_GCC_493\Debug\cymetadata.o
LOAD .\CortexM0\ARM_GCC_493\Debug\Cm0Start.o
LOAD .\CortexM0\ARM_GCC_493\Debug\Board2-RPi.a
LOAD C:\Program Files (x86)\Cypress\PSoC Creator\3.3\PSoC Creator\psoc\content\cycomponentlibrary\CyComponentLibrary.cylib\CortexM0\ARM_GCC_493\Debug\CyComponentLibrary.a
LOAD c:/program files (x86)/cypress/psoc creator/3.3/psoc creator/import/gnu/arm/4.9.3/bin/../lib/gcc/arm-none-eabi/4.9.3/../../../../arm-none-eabi/lib/armv6-m\libm.a
END GROUP
START GROUP
LOAD c:/program files (x86)/cypress/psoc creator/3.3/psoc creator/import/gnu/arm/4.9.3/bin/../lib/gcc/arm-none-eabi/4.9.3/armv6-m\libgcc.a
LOAD c:/program files (x86)/cypress/psoc creator/3.3/psoc creator/import/gnu/arm/4.9.3/bin/../lib/gcc/arm-none-eabi/4.9.3/../../../../arm-none-eabi/lib/armv6-m\libg.a
LOAD c:/program files (x86)/cypress/psoc creator/3.3/psoc creator/import/gnu/arm/4.9.3/bin/../lib/gcc/arm-none-eabi/4.9.3/../../../../arm-none-eabi/lib/armv6-m\libc.a
END GROUP
LOAD c:/program files (x86)/cypress/psoc creator/3.3/psoc creator/import/gnu/arm/4.9.3/bin/../lib/gcc/arm-none-eabi/4.9.3/armv6-m/crtend.o
LOAD c:/program files (x86)/cypress/psoc creator/3.3/psoc creator/import/gnu/arm/4.9.3/bin/../lib/gcc/arm-none-eabi/4.9.3/armv6-m/crtn.o
START GROUP
LOAD c:/program files (x86)/cypress/psoc creator/3.3/psoc creator/import/gnu/arm/4.9.3/bin/../lib/gcc/arm-none-eabi/4.9.3/armv6-m\libgcc.a
LOAD c:/program files (x86)/cypress/psoc creator/3.3/psoc creator/import/gnu/arm/4.9.3/bin/../lib/gcc/arm-none-eabi/4.9.3/../../../../arm-none-eabi/lib/armv6-m\libc.a
LOAD c:/program files (x86)/cypress/psoc creator/3.3/psoc creator/import/gnu/arm/4.9.3/bin/../lib/gcc/arm-none-eabi/4.9.3/../../../../arm-none-eabi/lib/armv6-m\libnosys.a
END GROUP
                0x00000000                CY_APPL_ORIGIN = 0x0
                0x00000080                CY_FLASH_ROW_SIZE = 0x80
                0x00000001                CY_APPL_NUM = 0x1
                0x00000001                CY_APPL_MAX = 0x1
                0x00000040                CY_METADATA_SIZE = 0x40
                0x00000000                CY_APPL_LOADABLE = 0x0
                0x00000000                CY_CHECKSUM_EXCLUDE_SIZE = ALIGN (0x0, CY_FLASH_ROW_SIZE)
                0x00000000                CY_APP_FOR_STACK_AND_COPIER = 0x0
                0x20000d00                PROVIDE (__cy_heap_start, _end)
                0x00000001                PROVIDE (__cy_region_num, ((__cy_regions_end - __cy_regions) / 0x10))
                0x20004000                PROVIDE (__cy_stack, (ORIGIN (ram) + 0x4000))
                0x20003800                PROVIDE (__cy_heap_end, (__cy_stack - 0x800))

.cybootloader   0x00000000        0x0
 *(.cybootloader)
                0x00000000                appl1_start = CY_APPL_ORIGIN?CY_APPL_ORIGIN:ALIGN (CY_FLASH_ROW_SIZE)
                0x0000ff80                appl2_start = (appl1_start + ALIGN ((((0x20000 - appl1_start) - (0x2 * CY_FLASH_ROW_SIZE)) / 0x2), CY_FLASH_ROW_SIZE))
                0x00000000                appl_start = (CY_APPL_NUM == 0x1)?appl1_start:appl2_start
                0x00000001                cy_project_type_bootloader = (appl_start == 0x0)?0x1:0x0
                0x00000000                cy_project_type_app_for_stack_and_copier = (CY_APP_FOR_STACK_AND_COPIER == 0x1)?0x1:0x0

.text           0x00000000     0x9170
 CREATE_OBJECT_SYMBOLS
                0x00000000                PROVIDE (__cy_interrupt_vector, RomVectors)
 *(.romvectors)
 .romvectors    0x00000000       0x10 .\CortexM0\ARM_GCC_493\Debug\Cm0Start.o
                0x00000000                RomVectors
                0x00000001                ASSERT ((. != __cy_interrupt_vector), No interrupt vector)
                0x00000001                ASSERT (CY_APPL_ORIGIN?(SIZEOF (.cybootloader) <= CY_APPL_ORIGIN):0x1, Wrong image location)
                0x00000010                PROVIDE (__cy_reset, Reset)
 *(.text.Reset)
 .text.Reset    0x00000010        0x8 .\CortexM0\ARM_GCC_493\Debug\Cm0Start.o
                0x00000010                Reset
                0x00000001                ASSERT ((. != __cy_reset), No reset code)
 *(.psocinit)
 .psocinit      0x00000018      0x2ac .\CortexM0\ARM_GCC_493\Debug\Board2-RPi.a(cyfitter_cfg.o)
                0x00000104                cyfitter_cfg
                0x000002c4                . = MAX (., 0x100)
 *(.text .text.* .gnu.linkonce.t.*)
 .text          0x000002c4       0x60 c:/program files (x86)/cypress/psoc creator/3.3/psoc creator/import/gnu/arm/4.9.3/bin/../lib/gcc/arm-none-eabi/4.9.3/armv6-m/crtbegin.o
 .text.CalcCount
                0x00000324       0x28 .\CortexM0\ARM_GCC_493\Debug\encoder.o
 .text.Encoder_Interrupt_Handler
                0x0000034c       0x30 .\CortexM0\ARM_GCC_493\Debug\encoder.o
                0x0000034c                Encoder_Interrupt_Handler
 .text.Encoder_Init
                0x0000037c       0x14 .\CortexM0\ARM_GCC_493\Debug\encoder.o
                0x0000037c                Encoder_Init
 .text.Encoder_Start
                0x00000390       0x10 .\CortexM0\ARM_GCC_493\Debug\encoder.o
                0x00000390                Encoder_Start
 .text.Encoder_GetVelocity
                0x000003a0        0xc .\CortexM0\ARM_GCC_493\Debug\encoder.o
                0x000003a0                Encoder_GetVelocity
 .text.Encoder_GetCount
                0x000003ac       0x18 .\CortexM0\ARM_GCC_493\Debug\encoder.o
                0x000003ac                Encoder_GetCount
 .text.Encoder_Update
                0x000003c4       0x60 .\CortexM0\ARM_GCC_493\Debug\encoder.o
                0x000003c4                Encoder_Update
 .text.Motor_Init
                0x00000424        0xc .\CortexM0\ARM_GCC_493\Debug\motor.o
                0x00000424                Motor_Init
 .text.Motor_Start
                0x00000430       0x10 .\CortexM0\ARM_GCC_493\Debug\motor.o
                0x00000430                Motor_Start
 .text.Motor_SetOutput
                0x00000440       0x54 .\CortexM0\ARM_GCC_493\Debug\motor.o
                0x00000440                Motor_SetOutput
 .text.Motor_Stop
                0x00000494        0x4 .\CortexM0\ARM_GCC_493\Debug\motor.o
                0x00000494                Motor_Stop
 .text.WaitForPulseIn
                0x00000498       0x2c .\CortexM0\ARM_GCC_493\Debug\ultrasonic.o
 .text.PulseOut
                0x000004c4       0x24 .\CortexM0\ARM_GCC_493\Debug\ultrasonic.o
 .text.CalcDistance
                0x000004e8       0x54 .\CortexM0\ARM_GCC_493\Debug\ultrasonic.o
 .text.Ultrasonic_Measure
                0x0000053c       0x58 .\CortexM0\ARM_GCC_493\Debug\ultrasonic.o
                0x0000053c                Ultrasonic_Measure
 .text.PrintPid
                0x00000594       0x68 .\CortexM0\ARM_GCC_493\Debug\pid.o
 .text.pid_update
                0x000005fc       0xcc .\CortexM0\ARM_GCC_493\Debug\pid.o
                0x000005fc                pid_update
 .text.PID_Start
                0x000006c8       0x18 .\CortexM0\ARM_GCC_493\Debug\pid.o
                0x000006c8                PID_Start
 .text.PID_Update
                0x000006e0       0x7c .\CortexM0\ARM_GCC_493\Debug\pid.o
                0x000006e0                PID_Update
 .text.I2c_Init
                0x0000075c       0x18 .\CortexM0\ARM_GCC_493\Debug\i2c.o
                0x0000075c                I2c_Init
 .text.I2c_Start
                0x00000774       0x1c .\CortexM0\ARM_GCC_493\Debug\i2c.o
                0x00000774                I2c_Start
 .text.I2c_ReadControl
                0x00000790       0x10 .\CortexM0\ARM_GCC_493\Debug\i2c.o
                0x00000790                I2c_ReadControl
 .text.I2c_WriteStatus
                0x000007a0       0x18 .\CortexM0\ARM_GCC_493\Debug\i2c.o
                0x000007a0                I2c_WriteStatus
 .text.I2c_ReadVelocity
                0x000007b8       0x14 .\CortexM0\ARM_GCC_493\Debug\i2c.o
                0x000007b8                I2c_ReadVelocity
 .text.I2c_WriteCount
                0x000007cc       0x18 .\CortexM0\ARM_GCC_493\Debug\i2c.o
                0x000007cc                I2c_WriteCount
 .text.I2c_WriteVelocity
                0x000007e4       0x10 .\CortexM0\ARM_GCC_493\Debug\i2c.o
                0x000007e4                I2c_WriteVelocity
 .text.I2c_WriteUltrasonicDistance
                0x000007f4       0x1c .\CortexM0\ARM_GCC_493\Debug\i2c.o
                0x000007f4                I2c_WriteUltrasonicDistance
 .text.Control_Init
                0x00000810       0x10 .\CortexM0\ARM_GCC_493\Debug\control.o
                0x00000810                Control_Init
 .text.Control_Start
                0x00000820        0x8 .\CortexM0\ARM_GCC_493\Debug\control.o
                0x00000820                Control_Start
 .text.Control_Update
                0x00000828       0x1c .\CortexM0\ARM_GCC_493\Debug\control.o
                0x00000828                Control_Update
 .text.OnOffInterruptHandler
                0x00000844       0x10 .\CortexM0\ARM_GCC_493\Debug\boardmain.o
                0x00000844                OnOffInterruptHandler
 .text.main     0x00000854       0x58 .\CortexM0\ARM_GCC_493\Debug\boardmain.o
                0x00000854                main
 .text.SysTickIsrHandler
                0x000008ac       0x10 .\CortexM0\ARM_GCC_493\Debug\time.o
 .text.Time_Init
                0x000008bc        0xc .\CortexM0\ARM_GCC_493\Debug\time.o
                0x000008bc                Time_Init
 .text.Time_Start
                0x000008c8       0x34 .\CortexM0\ARM_GCC_493\Debug\time.o
                0x000008c8                Time_Start
 .text.millis   0x000008fc        0xc .\CortexM0\ARM_GCC_493\Debug\time.o
                0x000008fc                millis
 .text.Infrared_Measure
                0x00000908       0xa8 .\CortexM0\ARM_GCC_493\Debug\infrared.o
                0x00000908                Infrared_Measure
 .text.MovingAverage
                0x000009b0       0x20 .\CortexM0\ARM_GCC_493\Debug\utils.o
                0x000009b0                MovingAverage
 .text.Debug_Init
                0x000009d0       0x14 .\CortexM0\ARM_GCC_493\Debug\debug.o
                0x000009d0                Debug_Init
 .text.Debug_Start
                0x000009e4        0x8 .\CortexM0\ARM_GCC_493\Debug\debug.o
                0x000009e4                Debug_Start
 .text.IntDefaultHandler
                0x000009ec        0x4 .\CortexM0\ARM_GCC_493\Debug\Cm0Start.o
                0x000009ec                IntDefaultHandler
 .text._sbrk    0x000009f0       0x34 .\CortexM0\ARM_GCC_493\Debug\Cm0Start.o
                0x000009f0                _sbrk
 .text.Start_c  0x00000a24       0x48 .\CortexM0\ARM_GCC_493\Debug\Cm0Start.o
                0x00000a24                Start_c
 .text.initialize_psoc
                0x00000a6c       0x54 .\CortexM0\ARM_GCC_493\Debug\Cm0Start.o
                0x00000a6c                initialize_psoc
 .text.cfg_write_bytes32
                0x00000ac0       0x34 .\CortexM0\ARM_GCC_493\Debug\Board2-RPi.a(cyfitter_cfg.o)
 .text.AnalogSetDefault
                0x00000af4       0x3c .\CortexM0\ARM_GCC_493\Debug\Board2-RPi.a(cyfitter_cfg.o)
 .text.CYMEMZERO
                0x00000b30        0xc .\CortexM0\ARM_GCC_493\Debug\Board2-RPi.a(cyfitter_cfg.o)
 .text.EZI2C_ScbEnableIntr
                0x00000b3c        0xc .\CortexM0\ARM_GCC_493\Debug\Board2-RPi.a(EZI2C.o)
 .text.EZI2C_Init
                0x00000b48        0x8 .\CortexM0\ARM_GCC_493\Debug\Board2-RPi.a(EZI2C.o)
                0x00000b48                EZI2C_Init
 .text.EZI2C_Enable
                0x00000b50       0x18 .\CortexM0\ARM_GCC_493\Debug\Board2-RPi.a(EZI2C.o)
                0x00000b50                EZI2C_Enable
 .text.EZI2C_Start
                0x00000b68       0x20 .\CortexM0\ARM_GCC_493\Debug\Board2-RPi.a(EZI2C.o)
                0x00000b68                EZI2C_Start
 .text.EZI2C_EzI2CInit
                0x00000b88       0xc0 .\CortexM0\ARM_GCC_493\Debug\Board2-RPi.a(EZI2C_EZI2C.o)
                0x00000b88                EZI2C_EzI2CInit
 .text.EZI2C_EzI2CSetAddress1
                0x00000c48       0x18 .\CortexM0\ARM_GCC_493\Debug\Board2-RPi.a(EZI2C_EZI2C.o)
                0x00000c48                EZI2C_EzI2CSetAddress1
 .text.EZI2C_EzI2CSetBuffer1
                0x00000c60       0x30 .\CortexM0\ARM_GCC_493\Debug\Board2-RPi.a(EZI2C_EZI2C.o)
                0x00000c60                EZI2C_EzI2CSetBuffer1
 .text.EZI2C_EZI2C_STRETCH_ISR
                0x00000c90      0x324 .\CortexM0\ARM_GCC_493\Debug\Board2-RPi.a(EZI2C_EZI2C_INT.o)
                0x00000c90                EZI2C_EZI2C_STRETCH_ISR
 .text.Encoder_Intr_SetVector
                0x00000fb4        0xc .\CortexM0\ARM_GCC_493\Debug\Board2-RPi.a(Encoder_Intr.o)
                0x00000fb4                Encoder_Intr_SetVector
 .text.Encoder_Intr_SetPriority
                0x00000fc0       0x24 .\CortexM0\ARM_GCC_493\Debug\Board2-RPi.a(Encoder_Intr.o)
                0x00000fc0                Encoder_Intr_SetPriority
 .text.Encoder_Intr_Enable
                0x00000fe4        0xc .\CortexM0\ARM_GCC_493\Debug\Board2-RPi.a(Encoder_Intr.o)
                0x00000fe4                Encoder_Intr_Enable
 .text.Encoder_Intr_Disable
                0x00000ff0        0xc .\CortexM0\ARM_GCC_493\Debug\Board2-RPi.a(Encoder_Intr.o)
                0x00000ff0                Encoder_Intr_Disable
 .text.Encoder_Intr_StartEx
                0x00000ffc       0x1c .\CortexM0\ARM_GCC_493\Debug\Board2-RPi.a(Encoder_Intr.o)
                0x00000ffc                Encoder_Intr_StartEx
 .text          0x00001018       0x20 .\CortexM0\ARM_GCC_493\Debug\Board2-RPi.a(CyBootAsmGnu.o)
                0x00001018                CyDelayCycles
                0x0000102a                CyEnterCriticalSection
                0x00001032                CyExitCriticalSection
 .text.CySysClkImoGetWcoLock
                0x00001038       0x14 .\CortexM0\ARM_GCC_493\Debug\Board2-RPi.a(CyLib.o)
 .text.CySysClkImoDisableWcoLock
                0x0000104c       0x14 .\CortexM0\ARM_GCC_493\Debug\Board2-RPi.a(CyLib.o)
                0x0000104c                CySysClkImoDisableWcoLock
 .text.CyIntEnable
                0x00001060       0x14 .\CortexM0\ARM_GCC_493\Debug\Board2-RPi.a(CyLib.o)
                0x00001060                CyIntEnable
 .text.CyIntDisable
                0x00001074       0x14 .\CortexM0\ARM_GCC_493\Debug\Board2-RPi.a(CyLib.o)
                0x00001074                CyIntDisable
 .text.CyHalt   0x00001088        0x4 .\CortexM0\ARM_GCC_493\Debug\Board2-RPi.a(CyLib.o)
                0x00001088                CyHalt
 .text.CyIntSetSysVector
                0x0000108c       0x20 .\CortexM0\ARM_GCC_493\Debug\Board2-RPi.a(CyLib.o)
                0x0000108c                CyIntSetSysVector
 .text.CyIntSetVector
                0x000010ac       0x24 .\CortexM0\ARM_GCC_493\Debug\Board2-RPi.a(CyLib.o)
                0x000010ac                CyIntSetVector
 .text.CyIntSetPriority
                0x000010d0       0x4c .\CortexM0\ARM_GCC_493\Debug\Board2-RPi.a(CyLib.o)
                0x000010d0                CyIntSetPriority
 .text.CyDelay  0x0000111c       0x30 .\CortexM0\ARM_GCC_493\Debug\Board2-RPi.a(CyLib.o)
                0x0000111c                CyDelay
 .text.CySysClkImoEnableWcoLock
                0x0000114c       0xbc .\CortexM0\ARM_GCC_493\Debug\Board2-RPi.a(CyLib.o)
                0x0000114c                CySysClkImoEnableWcoLock
 .text.CySysClkWriteImoFreq
                0x00001208       0x80 .\CortexM0\ARM_GCC_493\Debug\Board2-RPi.a(CyLib.o)
                0x00001208                CySysClkWriteImoFreq
 .text.CyDelayUs
                0x00001288       0x14 .\CortexM0\ARM_GCC_493\Debug\Board2-RPi.a(CyLib.o)
                0x00001288                CyDelayUs
 .text.CySysTickEnableInterrupt
                0x0000129c       0x10 .\CortexM0\ARM_GCC_493\Debug\Board2-RPi.a(CyLib.o)
                0x0000129c                CySysTickEnableInterrupt
 .text.CySysTickEnable
                0x000012ac       0x18 .\CortexM0\ARM_GCC_493\Debug\Board2-RPi.a(CyLib.o)
                0x000012ac                CySysTickEnable
 .text.CySysTickSetReload
                0x000012c4       0x10 .\CortexM0\ARM_GCC_493\Debug\Board2-RPi.a(CyLib.o)
                0x000012c4                CySysTickSetReload
 .text.CySysTickSetClockSource
                0x000012d4       0x20 .\CortexM0\ARM_GCC_493\Debug\Board2-RPi.a(CyLib.o)
                0x000012d4                CySysTickSetClockSource
 .text.CySysTickGetCountFlag
                0x000012f4       0x10 .\CortexM0\ARM_GCC_493\Debug\Board2-RPi.a(CyLib.o)
                0x000012f4                CySysTickGetCountFlag
 .text.CySysTickServiceCallbacks
                0x00001304       0x28 .\CortexM0\ARM_GCC_493\Debug\Board2-RPi.a(CyLib.o)
 .text.CySysTickClear
                0x0000132c        0xc .\CortexM0\ARM_GCC_493\Debug\Board2-RPi.a(CyLib.o)
                0x0000132c                CySysTickClear
 .text.CySysTickInit
                0x00001338       0x4c .\CortexM0\ARM_GCC_493\Debug\Board2-RPi.a(CyLib.o)
                0x00001338                CySysTickInit
 .text.CySysTickStart
                0x00001384       0x20 .\CortexM0\ARM_GCC_493\Debug\Board2-RPi.a(CyLib.o)
                0x00001384                CySysTickStart
 .text.CySysTickSetCallback
                0x000013a4       0x10 .\CortexM0\ARM_GCC_493\Debug\Board2-RPi.a(CyLib.o)
                0x000013a4                CySysTickSetCallback
 .text.CySysTickGetCallback
                0x000013b4        0xc .\CortexM0\ARM_GCC_493\Debug\Board2-RPi.a(CyLib.o)
                0x000013b4                CySysTickGetCallback
 .text.CySysWdtLocked
                0x000013c0       0x14 .\CortexM0\ARM_GCC_493\Debug\Board2-RPi.a(CyLFClk.o)
 .text.CySysClkWcoEnabled
                0x000013d4       0x14 .\CortexM0\ARM_GCC_493\Debug\Board2-RPi.a(CyLFClk.o)
                0x000013d4                CySysClkWcoEnabled
 .text.CySysWdtLock
                0x000013e8       0x1c .\CortexM0\ARM_GCC_493\Debug\Board2-RPi.a(CyLFClk.o)
                0x000013e8                CySysWdtLock
 .text.CySysWdtUnlock
                0x00001404       0x30 .\CortexM0\ARM_GCC_493\Debug\Board2-RPi.a(CyLFClk.o)
                0x00001404                CySysWdtUnlock
 .text.CySysWdtClearInterrupt
                0x00001434       0x4c .\CortexM0\ARM_GCC_493\Debug\Board2-RPi.a(CyLFClk.o)
                0x00001434                CySysWdtClearInterrupt
 .text.CySysWdtIsr
                0x00001480       0xa4 .\CortexM0\ARM_GCC_493\Debug\Board2-RPi.a(CyLFClk.o)
                0x00001480                CySysWdtIsr
 .text.HB25_PWM_WriteCounter
                0x00001524       0x10 .\CortexM0\ARM_GCC_493\Debug\Board2-RPi.a(HB25_PWM.o)
                0x00001524                HB25_PWM_WriteCounter
 .text.HB25_PWM_WritePeriod
                0x00001534       0x10 .\CortexM0\ARM_GCC_493\Debug\Board2-RPi.a(HB25_PWM.o)
                0x00001534                HB25_PWM_WritePeriod
 .text.HB25_PWM_WriteCompare
                0x00001544       0x10 .\CortexM0\ARM_GCC_493\Debug\Board2-RPi.a(HB25_PWM.o)
                0x00001544                HB25_PWM_WriteCompare
 .text.HB25_PWM_TriggerCommand
                0x00001554       0x1c .\CortexM0\ARM_GCC_493\Debug\Board2-RPi.a(HB25_PWM.o)
                0x00001554                HB25_PWM_TriggerCommand
 .text.HB25_PWM_Enable
                0x00001570       0x24 .\CortexM0\ARM_GCC_493\Debug\Board2-RPi.a(HB25_PWM.o)
                0x00001570                HB25_PWM_Enable
 .text.HB25_PWM_SetInterruptMode
                0x00001594        0xc .\CortexM0\ARM_GCC_493\Debug\Board2-RPi.a(HB25_PWM.o)
                0x00001594                HB25_PWM_SetInterruptMode
 .text.HB25_PWM_Init
                0x000015a0       0x4c .\CortexM0\ARM_GCC_493\Debug\Board2-RPi.a(HB25_PWM.o)
                0x000015a0                HB25_PWM_Init
 .text.HB25_PWM_Start
                0x000015ec       0x20 .\CortexM0\ARM_GCC_493\Debug\Board2-RPi.a(HB25_PWM.o)
                0x000015ec                HB25_PWM_Start
 .text.Encoder_Pins_Read
                0x0000160c       0x10 .\CortexM0\ARM_GCC_493\Debug\Board2-RPi.a(Encoder_Pins.o)
                0x0000160c                Encoder_Pins_Read
 .text.Encoder_Pins_ClearInterrupt
                0x0000161c       0x14 .\CortexM0\ARM_GCC_493\Debug\Board2-RPi.a(Encoder_Pins.o)
                0x0000161c                Encoder_Pins_ClearInterrupt
 .text.ADC_Infrared_StartConvert
                0x00001630       0x14 .\CortexM0\ARM_GCC_493\Debug\Board2-RPi.a(ADC_Infrared.o)
                0x00001630                ADC_Infrared_StartConvert
 .text.ADC_Infrared_IsEndConversion
                0x00001644       0x28 .\CortexM0\ARM_GCC_493\Debug\Board2-RPi.a(ADC_Infrared.o)
                0x00001644                ADC_Infrared_IsEndConversion
 .text.ADC_Infrared_GetResult16
                0x0000166c       0x2c .\CortexM0\ARM_GCC_493\Debug\Board2-RPi.a(ADC_Infrared.o)
                0x0000166c                ADC_Infrared_GetResult16
 .text.HCSR04_Control_Write
                0x00001698        0xc .\CortexM0\ARM_GCC_493\Debug\Board2-RPi.a(HCSR04_Control.o)
                0x00001698                HCSR04_Control_Write
 .text.HCSR04_Trigger_0_Write
                0x000016a4       0x18 .\CortexM0\ARM_GCC_493\Debug\Board2-RPi.a(HCSR04_Trigger_0.o)
                0x000016a4                HCSR04_Trigger_0_Write
 .text.HCSR04_Trigger_2_Write
                0x000016bc       0x18 .\CortexM0\ARM_GCC_493\Debug\Board2-RPi.a(HCSR04_Trigger_2.o)
                0x000016bc                HCSR04_Trigger_2_Write
 .text.HCSR04_Trigger_3_Write
                0x000016d4       0x18 .\CortexM0\ARM_GCC_493\Debug\Board2-RPi.a(HCSR04_Trigger_3.o)
                0x000016d4                HCSR04_Trigger_3_Write
 .text.HCSR04_Trigger_1_Write
                0x000016ec       0x18 .\CortexM0\ARM_GCC_493\Debug\Board2-RPi.a(HCSR04_Trigger_1.o)
                0x000016ec                HCSR04_Trigger_1_Write
 .text.HB25_Enable_Pin_Write
                0x00001704       0x18 .\CortexM0\ARM_GCC_493\Debug\Board2-RPi.a(HB25_Enable_Pin.o)
                0x00001704                HB25_Enable_Pin_Write
 .text.UARTCOMMS_ScbEnableIntr
                0x0000171c        0xc .\CortexM0\ARM_GCC_493\Debug\Board2-RPi.a(UARTCOMMS.o)
 .text.UARTCOMMS_ScbModePostEnable
                0x00001728        0x8 .\CortexM0\ARM_GCC_493\Debug\Board2-RPi.a(UARTCOMMS.o)
 .text.UARTCOMMS_Init
                0x00001730        0x8 .\CortexM0\ARM_GCC_493\Debug\Board2-RPi.a(UARTCOMMS.o)
                0x00001730                UARTCOMMS_Init
 .text.UARTCOMMS_Enable
                0x00001738       0x1c .\CortexM0\ARM_GCC_493\Debug\Board2-RPi.a(UARTCOMMS.o)
                0x00001738                UARTCOMMS_Enable
 .text.UARTCOMMS_Start
                0x00001754       0x20 .\CortexM0\ARM_GCC_493\Debug\Board2-RPi.a(UARTCOMMS.o)
                0x00001754                UARTCOMMS_Start
 .text.UARTCOMMS_UartInit
                0x00001774       0xc4 .\CortexM0\ARM_GCC_493\Debug\Board2-RPi.a(UARTCOMMS_UART.o)
                0x00001774                UARTCOMMS_UartInit
 .text.UARTCOMMS_UartPostEnable
                0x00001838       0x14 .\CortexM0\ARM_GCC_493\Debug\Board2-RPi.a(UARTCOMMS_UART.o)
                0x00001838                UARTCOMMS_UartPostEnable
 .text.UARTCOMMS_UartPutString
                0x0000184c       0x18 .\CortexM0\ARM_GCC_493\Debug\Board2-RPi.a(UARTCOMMS_UART.o)
                0x0000184c                UARTCOMMS_UartPutString
 .text.OnOff_Detect_Pin_ClearInterrupt
                0x00001864       0x10 .\CortexM0\ARM_GCC_493\Debug\Board2-RPi.a(OnOff_Detect_Pin.o)
                0x00001864                OnOff_Detect_Pin_ClearInterrupt
 .text.OnOff_Intr_SetVector
                0x00001874        0xc .\CortexM0\ARM_GCC_493\Debug\Board2-RPi.a(OnOff_Intr.o)
                0x00001874                OnOff_Intr_SetVector
 .text.OnOff_Intr_SetPriority
                0x00001880       0x20 .\CortexM0\ARM_GCC_493\Debug\Board2-RPi.a(OnOff_Intr.o)
                0x00001880                OnOff_Intr_SetPriority
 .text.OnOff_Intr_Enable
                0x000018a0        0xc .\CortexM0\ARM_GCC_493\Debug\Board2-RPi.a(OnOff_Intr.o)
                0x000018a0                OnOff_Intr_Enable
 .text.OnOff_Intr_Disable
                0x000018ac        0xc .\CortexM0\ARM_GCC_493\Debug\Board2-RPi.a(OnOff_Intr.o)
                0x000018ac                OnOff_Intr_Disable
 .text.OnOff_Intr_StartEx
                0x000018b8       0x1c .\CortexM0\ARM_GCC_493\Debug\Board2-RPi.a(OnOff_Intr.o)
                0x000018b8                OnOff_Intr_StartEx
 .text.CySysFlashSetWaitCycles
                0x000018d4       0x54 .\CortexM0\ARM_GCC_493\Debug\Board2-RPi.a(CyFlash.o)
                0x000018d4                CySysFlashSetWaitCycles
 .text.UARTCOMMS_SpiUartWriteTxData
                0x00001928       0x70 .\CortexM0\ARM_GCC_493\Debug\Board2-RPi.a(UARTCOMMS_SPI_UART.o)
                0x00001928                UARTCOMMS_SpiUartWriteTxData
 .text.UARTCOMMS_SPI_UART_ISR
                0x00001998       0x80 .\CortexM0\ARM_GCC_493\Debug\Board2-RPi.a(UARTCOMMS_SPI_UART_INT.o)
                0x00001998                UARTCOMMS_SPI_UART_ISR
 .text.pow      0x00001a18      0x35c c:/program files (x86)/cypress/psoc creator/3.3/psoc creator/import/gnu/arm/4.9.3/bin/../lib/gcc/arm-none-eabi/4.9.3/../../../../arm-none-eabi/lib/armv6-m\libm.a(lib_a-w_pow.o)
                0x00001a18                pow
 .text.__ieee754_pow
                0x00001d74      0xa8c c:/program files (x86)/cypress/psoc creator/3.3/psoc creator/import/gnu/arm/4.9.3/bin/../lib/gcc/arm-none-eabi/4.9.3/../../../../arm-none-eabi/lib/armv6-m\libm.a(lib_a-e_pow.o)
                0x00001d74                __ieee754_pow
 .text.__ieee754_sqrt
                0x00002800      0x1ec c:/program files (x86)/cypress/psoc creator/3.3/psoc creator/import/gnu/arm/4.9.3/bin/../lib/gcc/arm-none-eabi/4.9.3/../../../../arm-none-eabi/lib/armv6-m\libm.a(lib_a-e_sqrt.o)
                0x00002800                __ieee754_sqrt
 .text.fabs     0x000029ec        0x8 c:/program files (x86)/cypress/psoc creator/3.3/psoc creator/import/gnu/arm/4.9.3/bin/../lib/gcc/arm-none-eabi/4.9.3/../../../../arm-none-eabi/lib/armv6-m\libm.a(lib_a-s_fabs.o)
                0x000029ec                fabs
 .text.finite   0x000029f4       0x14 c:/program files (x86)/cypress/psoc creator/3.3/psoc creator/import/gnu/arm/4.9.3/bin/../lib/gcc/arm-none-eabi/4.9.3/../../../../arm-none-eabi/lib/armv6-m\libm.a(lib_a-s_finite.o)
                0x000029f4                finite
 .text.__fpclassifyd
                0x00002a08       0x5c c:/program files (x86)/cypress/psoc creator/3.3/psoc creator/import/gnu/arm/4.9.3/bin/../lib/gcc/arm-none-eabi/4.9.3/../../../../arm-none-eabi/lib/armv6-m\libm.a(lib_a-s_fpclassify.o)
                0x00002a08                __fpclassifyd
 .text.matherr  0x00002a64        0x4 c:/program files (x86)/cypress/psoc creator/3.3/psoc creator/import/gnu/arm/4.9.3/bin/../lib/gcc/arm-none-eabi/4.9.3/../../../../arm-none-eabi/lib/armv6-m\libm.a(lib_a-s_matherr.o)
                0x00002a64                matherr
 .text.nan      0x00002a68        0xc c:/program files (x86)/cypress/psoc creator/3.3/psoc creator/import/gnu/arm/4.9.3/bin/../lib/gcc/arm-none-eabi/4.9.3/../../../../arm-none-eabi/lib/armv6-m\libm.a(lib_a-s_nan.o)
                0x00002a68                nan
 .text.rint     0x00002a74      0x144 c:/program files (x86)/cypress/psoc creator/3.3/psoc creator/import/gnu/arm/4.9.3/bin/../lib/gcc/arm-none-eabi/4.9.3/../../../../arm-none-eabi/lib/armv6-m\libm.a(lib_a-s_rint.o)
                0x00002a74                rint
 .text.scalbn   0x00002bb8       0xf8 c:/program files (x86)/cypress/psoc creator/3.3/psoc creator/import/gnu/arm/4.9.3/bin/../lib/gcc/arm-none-eabi/4.9.3/../../../../arm-none-eabi/lib/armv6-m\libm.a(lib_a-s_scalbn.o)
                0x00002bb8                scalbn
 .text.copysign
                0x00002cb0       0x10 c:/program files (x86)/cypress/psoc creator/3.3/psoc creator/import/gnu/arm/4.9.3/bin/../lib/gcc/arm-none-eabi/4.9.3/../../../../arm-none-eabi/lib/armv6-m\libm.a(lib_a-s_copysign.o)
                0x00002cb0                copysign
 .text          0x00002cc0      0x120 c:/program files (x86)/cypress/psoc creator/3.3/psoc creator/import/gnu/arm/4.9.3/bin/../lib/gcc/arm-none-eabi/4.9.3/armv6-m\libgcc.a(_udivsi3.o)
                0x00002cc0                __aeabi_uidiv
                0x00002cc0                __udivsi3
                0x00002dcc                __aeabi_uidivmod
 .text          0x00002de0      0x1e0 c:/program files (x86)/cypress/psoc creator/3.3/psoc creator/import/gnu/arm/4.9.3/bin/../lib/gcc/arm-none-eabi/4.9.3/armv6-m\libgcc.a(_divsi3.o)
                0x00002de0                __divsi3
                0x00002de0                __aeabi_idiv
                0x00002fac                __aeabi_idivmod
 .text          0x00002fc0        0x4 c:/program files (x86)/cypress/psoc creator/3.3/psoc creator/import/gnu/arm/4.9.3/bin/../lib/gcc/arm-none-eabi/4.9.3/armv6-m\libgcc.a(_dvmd_tls.o)
                0x00002fc0                __aeabi_idiv0
                0x00002fc0                __aeabi_ldiv0
 .text          0x00002fc4       0x7c c:/program files (x86)/cypress/psoc creator/3.3/psoc creator/import/gnu/arm/4.9.3/bin/../lib/gcc/arm-none-eabi/4.9.3/armv6-m\libgcc.a(_arm_cmpdf2.o)
                0x00002fc4                __aeabi_cdrcmple
                0x00002fd4                __aeabi_cdcmple
                0x00002fd4                __aeabi_cdcmpeq
                0x00002fe4                __aeabi_dcmpeq
                0x00002ff0                __aeabi_dcmplt
                0x00003004                __aeabi_dcmple
                0x00003018                __aeabi_dcmpgt
                0x0000302c                __aeabi_dcmpge
 .text          0x00003040       0x54 c:/program files (x86)/cypress/psoc creator/3.3/psoc creator/import/gnu/arm/4.9.3/bin/../lib/gcc/arm-none-eabi/4.9.3/armv6-m\libgcc.a(_muldi3.o)
                0x00003040                __muldi3
                0x00003040                __aeabi_lmul
 .text          0x00003094       0x6c c:/program files (x86)/cypress/psoc creator/3.3/psoc creator/import/gnu/arm/4.9.3/bin/../lib/gcc/arm-none-eabi/4.9.3/armv6-m\libgcc.a(bpabi.o)
                0x00003094                __gnu_ldivmod_helper
                0x000030cc                __gnu_uldivmod_helper
 .text          0x00003100       0x90 c:/program files (x86)/cypress/psoc creator/3.3/psoc creator/import/gnu/arm/4.9.3/bin/../lib/gcc/arm-none-eabi/4.9.3/armv6-m\libgcc.a(floatsisf.o)
                0x00003100                __aeabi_i2f
 .text          0x00003190      0x650 c:/program files (x86)/cypress/psoc creator/3.3/psoc creator/import/gnu/arm/4.9.3/bin/../lib/gcc/arm-none-eabi/4.9.3/armv6-m\libgcc.a(adddf3.o)
                0x00003190                __aeabi_dadd
 .text          0x000037e0      0x648 c:/program files (x86)/cypress/psoc creator/3.3/psoc creator/import/gnu/arm/4.9.3/bin/../lib/gcc/arm-none-eabi/4.9.3/armv6-m\libgcc.a(divdf3.o)
                0x000037e0                __aeabi_ddiv
 .text          0x00003e28       0x88 c:/program files (x86)/cypress/psoc creator/3.3/psoc creator/import/gnu/arm/4.9.3/bin/../lib/gcc/arm-none-eabi/4.9.3/armv6-m\libgcc.a(eqdf2.o)
                0x00003e28                __nedf2
                0x00003e28                __eqdf2
 .text          0x00003eb0       0xe0 c:/program files (x86)/cypress/psoc creator/3.3/psoc creator/import/gnu/arm/4.9.3/bin/../lib/gcc/arm-none-eabi/4.9.3/armv6-m\libgcc.a(gedf2.o)
                0x00003eb0                __gedf2
                0x00003eb0                __gtdf2
 .text          0x00003f90       0xcc c:/program files (x86)/cypress/psoc creator/3.3/psoc creator/import/gnu/arm/4.9.3/bin/../lib/gcc/arm-none-eabi/4.9.3/armv6-m\libgcc.a(ledf2.o)
                0x00003f90                __ledf2
                0x00003f90                __ltdf2
 .text          0x0000405c      0x534 c:/program files (x86)/cypress/psoc creator/3.3/psoc creator/import/gnu/arm/4.9.3/bin/../lib/gcc/arm-none-eabi/4.9.3/armv6-m\libgcc.a(muldf3.o)
                0x0000405c                __aeabi_dmul
 .text          0x00004590      0x6f4 c:/program files (x86)/cypress/psoc creator/3.3/psoc creator/import/gnu/arm/4.9.3/bin/../lib/gcc/arm-none-eabi/4.9.3/armv6-m\libgcc.a(subdf3.o)
                0x00004590                __aeabi_dsub
 .text          0x00004c84       0x6c c:/program files (x86)/cypress/psoc creator/3.3/psoc creator/import/gnu/arm/4.9.3/bin/../lib/gcc/arm-none-eabi/4.9.3/armv6-m\libgcc.a(fixdfsi.o)
                0x00004c84                __aeabi_d2iz
 .text          0x00004cf0       0x78 c:/program files (x86)/cypress/psoc creator/3.3/psoc creator/import/gnu/arm/4.9.3/bin/../lib/gcc/arm-none-eabi/4.9.3/armv6-m\libgcc.a(floatsidf.o)
                0x00004cf0                __aeabi_i2d
 .text          0x00004d68       0xa8 c:/program files (x86)/cypress/psoc creator/3.3/psoc creator/import/gnu/arm/4.9.3/bin/../lib/gcc/arm-none-eabi/4.9.3/armv6-m\libgcc.a(extendsfdf2.o)
                0x00004d68                __aeabi_f2d
 .text          0x00004e10      0x120 c:/program files (x86)/cypress/psoc creator/3.3/psoc creator/import/gnu/arm/4.9.3/bin/../lib/gcc/arm-none-eabi/4.9.3/armv6-m\libgcc.a(truncdfsf2.o)
                0x00004e10                __aeabi_d2f
 .text          0x00004f30       0x3c c:/program files (x86)/cypress/psoc creator/3.3/psoc creator/import/gnu/arm/4.9.3/bin/../lib/gcc/arm-none-eabi/4.9.3/armv6-m\libgcc.a(_clzsi2.o)
                0x00004f30                __clzsi2
 .text          0x00004f6c      0x1f0 c:/program files (x86)/cypress/psoc creator/3.3/psoc creator/import/gnu/arm/4.9.3/bin/../lib/gcc/arm-none-eabi/4.9.3/armv6-m\libgcc.a(_divdi3.o)
                0x00004f6c                __divdi3
 .text          0x0000515c      0x158 c:/program files (x86)/cypress/psoc creator/3.3/psoc creator/import/gnu/arm/4.9.3/bin/../lib/gcc/arm-none-eabi/4.9.3/armv6-m\libgcc.a(_udivdi3.o)
                0x0000515c                __udivdi3
 .text          0x000052b4       0x18 c:/program files (x86)/cypress/psoc creator/3.3/psoc creator/import/gnu/arm/4.9.3/bin/../lib/gcc/arm-none-eabi/4.9.3/armv6-m\libgcc.a(_clzdi2.o)
                0x000052b4                __clzdi2
 .text.__errno  0x000052cc        0xc c:/program files (x86)/cypress/psoc creator/3.3/psoc creator/import/gnu/arm/4.9.3/bin/../lib/gcc/arm-none-eabi/4.9.3/../../../../arm-none-eabi/lib/armv6-m\libg.a(lib_a-errno.o)
                0x000052cc                __errno
 .text.__libc_init_array
                0x000052d8       0x48 c:/program files (x86)/cypress/psoc creator/3.3/psoc creator/import/gnu/arm/4.9.3/bin/../lib/gcc/arm-none-eabi/4.9.3/../../../../arm-none-eabi/lib/armv6-m\libg.a(lib_a-init.o)
                0x000052d8                __libc_init_array
 .text.memcpy   0x00005320       0x7c c:/program files (x86)/cypress/psoc creator/3.3/psoc creator/import/gnu/arm/4.9.3/bin/../lib/gcc/arm-none-eabi/4.9.3/../../../../arm-none-eabi/lib/armv6-m\libg.a(lib_a-memcpy.o)
                0x00005320                memcpy
 .text.memset   0x0000539c       0x8c c:/program files (x86)/cypress/psoc creator/3.3/psoc creator/import/gnu/arm/4.9.3/bin/../lib/gcc/arm-none-eabi/4.9.3/../../../../arm-none-eabi/lib/armv6-m\libg.a(lib_a-memset.o)
                0x0000539c                memset
 .text.snprintf
                0x00005428       0x84 c:/program files (x86)/cypress/psoc creator/3.3/psoc creator/import/gnu/arm/4.9.3/bin/../lib/gcc/arm-none-eabi/4.9.3/../../../../arm-none-eabi/lib/armv6-m\libg.a(lib_a-snprintf.o)
                0x00005428                snprintf
 .text._svfprintf_r
                0x000054ac     0x14e4 c:/program files (x86)/cypress/psoc creator/3.3/psoc creator/import/gnu/arm/4.9.3/bin/../lib/gcc/arm-none-eabi/4.9.3/../../../../arm-none-eabi/lib/armv6-m\libg.a(lib_a-svfprintf.o)
                0x000054ac                _svfprintf_r
 .text.startup.register_fini
                0x00006990       0x18 c:/program files (x86)/cypress/psoc creator/3.3/psoc creator/import/gnu/arm/4.9.3/bin/../lib/gcc/arm-none-eabi/4.9.3/../../../../arm-none-eabi/lib/armv6-m\libg.a(lib_a-__call_atexit.o)
 .text.atexit   0x000069a8       0x10 c:/program files (x86)/cypress/psoc creator/3.3/psoc creator/import/gnu/arm/4.9.3/bin/../lib/gcc/arm-none-eabi/4.9.3/../../../../arm-none-eabi/lib/armv6-m\libg.a(lib_a-atexit.o)
                0x000069a8                atexit
 .text.quorem   0x000069b8      0x158 c:/program files (x86)/cypress/psoc creator/3.3/psoc creator/import/gnu/arm/4.9.3/bin/../lib/gcc/arm-none-eabi/4.9.3/../../../../arm-none-eabi/lib/armv6-m\libg.a(lib_a-dtoa.o)
 .text._dtoa_r  0x00006b10      0xfb4 c:/program files (x86)/cypress/psoc creator/3.3/psoc creator/import/gnu/arm/4.9.3/bin/../lib/gcc/arm-none-eabi/4.9.3/../../../../arm-none-eabi/lib/armv6-m\libg.a(lib_a-dtoa.o)
                0x00006b10                _dtoa_r
 .text.__libc_fini_array
                0x00007ac4       0x34 c:/program files (x86)/cypress/psoc creator/3.3/psoc creator/import/gnu/arm/4.9.3/bin/../lib/gcc/arm-none-eabi/4.9.3/../../../../arm-none-eabi/lib/armv6-m\libg.a(lib_a-fini.o)
                0x00007ac4                __libc_fini_array
 .text._localeconv_r
                0x00007af8        0x8 c:/program files (x86)/cypress/psoc creator/3.3/psoc creator/import/gnu/arm/4.9.3/bin/../lib/gcc/arm-none-eabi/4.9.3/../../../../arm-none-eabi/lib/armv6-m\libg.a(lib_a-locale.o)
                0x00007af8                _localeconv_r
 .text._malloc_r
                0x00007b00      0x53c c:/program files (x86)/cypress/psoc creator/3.3/psoc creator/import/gnu/arm/4.9.3/bin/../lib/gcc/arm-none-eabi/4.9.3/../../../../arm-none-eabi/lib/armv6-m\libg.a(lib_a-mallocr.o)
                0x00007b00                _malloc_r
 .text.memchr   0x0000803c       0x84 c:/program files (x86)/cypress/psoc creator/3.3/psoc creator/import/gnu/arm/4.9.3/bin/../lib/gcc/arm-none-eabi/4.9.3/../../../../arm-none-eabi/lib/armv6-m\libg.a(lib_a-memchr.o)
                0x0000803c                memchr
 .text.__malloc_lock
                0x000080c0        0x4 c:/program files (x86)/cypress/psoc creator/3.3/psoc creator/import/gnu/arm/4.9.3/bin/../lib/gcc/arm-none-eabi/4.9.3/../../../../arm-none-eabi/lib/armv6-m\libg.a(lib_a-mlock.o)
                0x000080c0                __malloc_lock
 .text.__malloc_unlock
                0x000080c4        0x4 c:/program files (x86)/cypress/psoc creator/3.3/psoc creator/import/gnu/arm/4.9.3/bin/../lib/gcc/arm-none-eabi/4.9.3/../../../../arm-none-eabi/lib/armv6-m\libg.a(lib_a-mlock.o)
                0x000080c4                __malloc_unlock
 .text._Balloc  0x000080c8       0x50 c:/program files (x86)/cypress/psoc creator/3.3/psoc creator/import/gnu/arm/4.9.3/bin/../lib/gcc/arm-none-eabi/4.9.3/../../../../arm-none-eabi/lib/armv6-m\libg.a(lib_a-mprec.o)
                0x000080c8                _Balloc
 .text._Bfree   0x00008118       0x14 c:/program files (x86)/cypress/psoc creator/3.3/psoc creator/import/gnu/arm/4.9.3/bin/../lib/gcc/arm-none-eabi/4.9.3/../../../../arm-none-eabi/lib/armv6-m\libg.a(lib_a-mprec.o)
                0x00008118                _Bfree
 .text.__multadd
                0x0000812c       0x8c c:/program files (x86)/cypress/psoc creator/3.3/psoc creator/import/gnu/arm/4.9.3/bin/../lib/gcc/arm-none-eabi/4.9.3/../../../../arm-none-eabi/lib/armv6-m\libg.a(lib_a-mprec.o)
                0x0000812c                __multadd
 .text.__hi0bits
                0x000081b8       0x3c c:/program files (x86)/cypress/psoc creator/3.3/psoc creator/import/gnu/arm/4.9.3/bin/../lib/gcc/arm-none-eabi/4.9.3/../../../../arm-none-eabi/lib/armv6-m\libg.a(lib_a-mprec.o)
                0x000081b8                __hi0bits
 .text.__lo0bits
                0x000081f4       0x5c c:/program files (x86)/cypress/psoc creator/3.3/psoc creator/import/gnu/arm/4.9.3/bin/../lib/gcc/arm-none-eabi/4.9.3/../../../../arm-none-eabi/lib/armv6-m\libg.a(lib_a-mprec.o)
                0x000081f4                __lo0bits
 .text.__i2b    0x00008250       0x14 c:/program files (x86)/cypress/psoc creator/3.3/psoc creator/import/gnu/arm/4.9.3/bin/../lib/gcc/arm-none-eabi/4.9.3/../../../../arm-none-eabi/lib/armv6-m\libg.a(lib_a-mprec.o)
                0x00008250                __i2b
 .text.__multiply
                0x00008264      0x15c c:/program files (x86)/cypress/psoc creator/3.3/psoc creator/import/gnu/arm/4.9.3/bin/../lib/gcc/arm-none-eabi/4.9.3/../../../../arm-none-eabi/lib/armv6-m\libg.a(lib_a-mprec.o)
                0x00008264                __multiply
 .text.__pow5mult
                0x000083c0       0xbc c:/program files (x86)/cypress/psoc creator/3.3/psoc creator/import/gnu/arm/4.9.3/bin/../lib/gcc/arm-none-eabi/4.9.3/../../../../arm-none-eabi/lib/armv6-m\libg.a(lib_a-mprec.o)
                0x000083c0                __pow5mult
 .text.__lshift
                0x0000847c       0xcc c:/program files (x86)/cypress/psoc creator/3.3/psoc creator/import/gnu/arm/4.9.3/bin/../lib/gcc/arm-none-eabi/4.9.3/../../../../arm-none-eabi/lib/armv6-m\libg.a(lib_a-mprec.o)
                0x0000847c                __lshift
 .text.__mcmp   0x00008548       0x38 c:/program files (x86)/cypress/psoc creator/3.3/psoc creator/import/gnu/arm/4.9.3/bin/../lib/gcc/arm-none-eabi/4.9.3/../../../../arm-none-eabi/lib/armv6-m\libg.a(lib_a-mprec.o)
                0x00008548                __mcmp
 .text.__mdiff  0x00008580       0xec c:/program files (x86)/cypress/psoc creator/3.3/psoc creator/import/gnu/arm/4.9.3/bin/../lib/gcc/arm-none-eabi/4.9.3/../../../../arm-none-eabi/lib/armv6-m\libg.a(lib_a-mprec.o)
                0x00008580                __mdiff
 .text.__d2b    0x0000866c       0xbc c:/program files (x86)/cypress/psoc creator/3.3/psoc creator/import/gnu/arm/4.9.3/bin/../lib/gcc/arm-none-eabi/4.9.3/../../../../arm-none-eabi/lib/armv6-m\libg.a(lib_a-mprec.o)
                0x0000866c                __d2b
 .text._sbrk_r  0x00008728       0x24 c:/program files (x86)/cypress/psoc creator/3.3/psoc creator/import/gnu/arm/4.9.3/bin/../lib/gcc/arm-none-eabi/4.9.3/../../../../arm-none-eabi/lib/armv6-m\libg.a(lib_a-sbrkr.o)
                0x00008728                _sbrk_r
 .text.strlen   0x0000874c       0x68 c:/program files (x86)/cypress/psoc creator/3.3/psoc creator/import/gnu/arm/4.9.3/bin/../lib/gcc/arm-none-eabi/4.9.3/../../../../arm-none-eabi/lib/armv6-m\libg.a(lib_a-strlen.o)
                0x0000874c                strlen
 .text.__ssprint_r
                0x000087b4      0x12c c:/program files (x86)/cypress/psoc creator/3.3/psoc creator/import/gnu/arm/4.9.3/bin/../lib/gcc/arm-none-eabi/4.9.3/../../../../arm-none-eabi/lib/armv6-m\libg.a(lib_a-svfiprintf.o)
                0x000087b4                __ssprint_r
 .text.__register_exitproc
                0x000088e0       0xd4 c:/program files (x86)/cypress/psoc creator/3.3/psoc creator/import/gnu/arm/4.9.3/bin/../lib/gcc/arm-none-eabi/4.9.3/../../../../arm-none-eabi/lib/armv6-m\libg.a(lib_a-__atexit.o)
                0x000088e0                __register_exitproc
 .text._calloc_r
                0x000089b4       0x60 c:/program files (x86)/cypress/psoc creator/3.3/psoc creator/import/gnu/arm/4.9.3/bin/../lib/gcc/arm-none-eabi/4.9.3/../../../../arm-none-eabi/lib/armv6-m\libg.a(lib_a-callocr.o)
                0x000089b4                _calloc_r
 .text._malloc_trim_r
                0x00008a14       0xa0 c:/program files (x86)/cypress/psoc creator/3.3/psoc creator/import/gnu/arm/4.9.3/bin/../lib/gcc/arm-none-eabi/4.9.3/../../../../arm-none-eabi/lib/armv6-m\libg.a(lib_a-freer.o)
                0x00008a14                _malloc_trim_r
 .text._free_r  0x00008ab4      0x1b0 c:/program files (x86)/cypress/psoc creator/3.3/psoc creator/import/gnu/arm/4.9.3/bin/../lib/gcc/arm-none-eabi/4.9.3/../../../../arm-none-eabi/lib/armv6-m\libg.a(lib_a-freer.o)
                0x00008ab4                _free_r
 .text.memmove  0x00008c64       0x98 c:/program files (x86)/cypress/psoc creator/3.3/psoc creator/import/gnu/arm/4.9.3/bin/../lib/gcc/arm-none-eabi/4.9.3/../../../../arm-none-eabi/lib/armv6-m\libg.a(lib_a-memmove.o)
                0x00008c64                memmove
 .text._realloc_r
                0x00008cfc      0x3d0 c:/program files (x86)/cypress/psoc creator/3.3/psoc creator/import/gnu/arm/4.9.3/bin/../lib/gcc/arm-none-eabi/4.9.3/../../../../arm-none-eabi/lib/armv6-m\libg.a(lib_a-reallocr.o)
                0x00008cfc                _realloc_r
 .text          0x000090cc       0x40 c:/program files (x86)/cypress/psoc creator/3.3/psoc creator/import/gnu/arm/4.9.3/bin/../lib/gcc/arm-none-eabi/4.9.3/armv6-m\libgcc.a(_aeabi_uldivmod.o)
                0x000090cc                __aeabi_uldivmod
 .text          0x0000910c       0x64 c:/program files (x86)/cypress/psoc creator/3.3/psoc creator/import/gnu/arm/4.9.3/bin/../lib/gcc/arm-none-eabi/4.9.3/armv6-m\libgcc.a(floatunsidf.o)
                0x0000910c                __aeabi_ui2d
 *(.plt)
 *(.gnu.warning)
 *(.glue_7t)
 .glue_7t       0x00000000        0x0 linker stubs
 *(.glue_7)
 .glue_7        0x00000000        0x0 linker stubs
 *(.vfp11_veneer)
 .vfp11_veneer  0x00000000        0x0 linker stubs
 *(.bootloader)
 *(.ARM.extab* .gnu.linkonce.armextab.*)
 *(.gcc_except_table)

.v4_bx          0x00009170        0x0
 .v4_bx         0x00000000        0x0 linker stubs

.iplt           0x00009170        0x0
 .iplt          0x00000000        0x0 c:/program files (x86)/cypress/psoc creator/3.3/psoc creator/import/gnu/arm/4.9.3/bin/../lib/gcc/arm-none-eabi/4.9.3/armv6-m/crtbegin.o

.eh_frame_hdr
 *(.eh_frame_hdr)

.eh_frame       0x00009170        0x4
 *(.eh_frame)
 .eh_frame      0x00009170        0x0 c:/program files (x86)/cypress/psoc creator/3.3/psoc creator/import/gnu/arm/4.9.3/bin/../lib/gcc/arm-none-eabi/4.9.3/armv6-m/crtbegin.o
 .eh_frame      0x00009170        0x0 c:/program files (x86)/cypress/psoc creator/3.3/psoc creator/import/gnu/arm/4.9.3/bin/../lib/gcc/arm-none-eabi/4.9.3/../../../../arm-none-eabi/lib/armv6-m\libg.a(lib_a-strcmp.o)
                                 0x28 (size before relaxing)
 .eh_frame      0x00009170        0x4 c:/program files (x86)/cypress/psoc creator/3.3/psoc creator/import/gnu/arm/4.9.3/bin/../lib/gcc/arm-none-eabi/4.9.3/armv6-m/crtend.o
                0x00009174                PROVIDE (__exidx_start, .)

.ARM.exidx      0x00009174        0x8
 *(.ARM.exidx* .gnu.linkonce.armexidx.*)
 .ARM.exidx     0x00009174        0x8 c:/program files (x86)/cypress/psoc creator/3.3/psoc creator/import/gnu/arm/4.9.3/bin/../lib/gcc/arm-none-eabi/4.9.3/armv6-m\libgcc.a(_divdi3.o)
 .ARM.exidx     0x0000917c        0x0 c:/program files (x86)/cypress/psoc creator/3.3/psoc creator/import/gnu/arm/4.9.3/bin/../lib/gcc/arm-none-eabi/4.9.3/armv6-m\libgcc.a(_udivdi3.o)
                                  0x8 (size before relaxing)
                0x0000917c                __exidx_end = .

.rodata         0x00009180      0x548
 *(.rodata .rodata.* .gnu.linkonce.r.*)
 .rodata        0x00009180       0x10 .\CortexM0\ARM_GCC_493\Debug\encoder.o
 .rodata.cst2   0x00009190        0x2 .\CortexM0\ARM_GCC_493\Debug\motor.o
 *fill*         0x00009192        0x2 
 .rodata        0x00009194       0x10 .\CortexM0\ARM_GCC_493\Debug\ultrasonic.o
 .rodata.str1.4
                0x000091a4       0x54 .\CortexM0\ARM_GCC_493\Debug\pid.o
 .rodata.cst2   0x000091f8        0x2 .\CortexM0\ARM_GCC_493\Debug\infrared.o
                                  0x4 (size before relaxing)
 *fill*         0x000091fa        0x2 
 .rodata        0x000091fc       0xb8 .\CortexM0\ARM_GCC_493\Debug\Board2-RPi.a(cyfitter_cfg.o)
 .rodata        0x000092b4       0x30 .\CortexM0\ARM_GCC_493\Debug\Board2-RPi.a(CyLib.o)
                0x000092b4                cyImoFreqMhz2Reg
 .rodata.str1.4
                0x000092e4        0x4 c:/program files (x86)/cypress/psoc creator/3.3/psoc creator/import/gnu/arm/4.9.3/bin/../lib/gcc/arm-none-eabi/4.9.3/../../../../arm-none-eabi/lib/armv6-m\libm.a(lib_a-w_pow.o)
 .rodata.dp_h   0x000092e8       0x10 c:/program files (x86)/cypress/psoc creator/3.3/psoc creator/import/gnu/arm/4.9.3/bin/../lib/gcc/arm-none-eabi/4.9.3/../../../../arm-none-eabi/lib/armv6-m\libm.a(lib_a-e_pow.o)
 .rodata.dp_l   0x000092f8       0x10 c:/program files (x86)/cypress/psoc creator/3.3/psoc creator/import/gnu/arm/4.9.3/bin/../lib/gcc/arm-none-eabi/4.9.3/../../../../arm-none-eabi/lib/armv6-m\libm.a(lib_a-e_pow.o)
 .rodata.bp     0x00009308       0x10 c:/program files (x86)/cypress/psoc creator/3.3/psoc creator/import/gnu/arm/4.9.3/bin/../lib/gcc/arm-none-eabi/4.9.3/../../../../arm-none-eabi/lib/armv6-m\libm.a(lib_a-e_pow.o)
 .rodata.str1.4
                0x00000000        0x4 c:/program files (x86)/cypress/psoc creator/3.3/psoc creator/import/gnu/arm/4.9.3/bin/../lib/gcc/arm-none-eabi/4.9.3/../../../../arm-none-eabi/lib/armv6-m\libm.a(lib_a-e_pow.o)
 .rodata.TWO52  0x00009318       0x10 c:/program files (x86)/cypress/psoc creator/3.3/psoc creator/import/gnu/arm/4.9.3/bin/../lib/gcc/arm-none-eabi/4.9.3/../../../../arm-none-eabi/lib/armv6-m\libm.a(lib_a-s_rint.o)
 .rodata        0x00009328       0x40 c:/program files (x86)/cypress/psoc creator/3.3/psoc creator/import/gnu/arm/4.9.3/bin/../lib/gcc/arm-none-eabi/4.9.3/armv6-m\libgcc.a(divdf3.o)
 .rodata        0x00009368       0x40 c:/program files (x86)/cypress/psoc creator/3.3/psoc creator/import/gnu/arm/4.9.3/bin/../lib/gcc/arm-none-eabi/4.9.3/armv6-m\libgcc.a(muldf3.o)
 .rodata.str1.4
                0x000093a8        0x2 c:/program files (x86)/cypress/psoc creator/3.3/psoc creator/import/gnu/arm/4.9.3/bin/../lib/gcc/arm-none-eabi/4.9.3/../../../../arm-none-eabi/lib/armv6-m\libg.a(lib_a-impure.o)
                                  0x4 (size before relaxing)
 *fill*         0x000093aa        0x2 
 .rodata._global_impure_ptr
                0x000093ac        0x4 c:/program files (x86)/cypress/psoc creator/3.3/psoc creator/import/gnu/arm/4.9.3/bin/../lib/gcc/arm-none-eabi/4.9.3/../../../../arm-none-eabi/lib/armv6-m\libg.a(lib_a-impure.o)
                0x000093ac                _global_impure_ptr
 .rodata._svfprintf_r
                0x000093b0      0x164 c:/program files (x86)/cypress/psoc creator/3.3/psoc creator/import/gnu/arm/4.9.3/bin/../lib/gcc/arm-none-eabi/4.9.3/../../../../arm-none-eabi/lib/armv6-m\libg.a(lib_a-svfprintf.o)
 .rodata.zeroes.6916
                0x00009514       0x10 c:/program files (x86)/cypress/psoc creator/3.3/psoc creator/import/gnu/arm/4.9.3/bin/../lib/gcc/arm-none-eabi/4.9.3/../../../../arm-none-eabi/lib/armv6-m\libg.a(lib_a-svfprintf.o)
 .rodata.str1.4
                0x00009524       0x42 c:/program files (x86)/cypress/psoc creator/3.3/psoc creator/import/gnu/arm/4.9.3/bin/../lib/gcc/arm-none-eabi/4.9.3/../../../../arm-none-eabi/lib/armv6-m\libg.a(lib_a-svfprintf.o)
                                 0x44 (size before relaxing)
 *fill*         0x00009566        0x2 
 .rodata.blanks.6915
                0x00009568       0x10 c:/program files (x86)/cypress/psoc creator/3.3/psoc creator/import/gnu/arm/4.9.3/bin/../lib/gcc/arm-none-eabi/4.9.3/../../../../arm-none-eabi/lib/armv6-m\libg.a(lib_a-svfprintf.o)
 .rodata.str1.4
                0x00009578       0x10 c:/program files (x86)/cypress/psoc creator/3.3/psoc creator/import/gnu/arm/4.9.3/bin/../lib/gcc/arm-none-eabi/4.9.3/../../../../arm-none-eabi/lib/armv6-m\libg.a(lib_a-dtoa.o)
                                 0x14 (size before relaxing)
 .rodata.str1.4
                0x00009588        0xc c:/program files (x86)/cypress/psoc creator/3.3/psoc creator/import/gnu/arm/4.9.3/bin/../lib/gcc/arm-none-eabi/4.9.3/../../../../arm-none-eabi/lib/armv6-m\libg.a(lib_a-locale.o)
                                 0x14 (size before relaxing)
 .rodata.p05.5296
                0x00009594        0xc c:/program files (x86)/cypress/psoc creator/3.3/psoc creator/import/gnu/arm/4.9.3/bin/../lib/gcc/arm-none-eabi/4.9.3/../../../../arm-none-eabi/lib/armv6-m\libg.a(lib_a-mprec.o)
 .rodata.__mprec_tens
                0x000095a0       0xc8 c:/program files (x86)/cypress/psoc creator/3.3/psoc creator/import/gnu/arm/4.9.3/bin/../lib/gcc/arm-none-eabi/4.9.3/../../../../arm-none-eabi/lib/armv6-m\libg.a(lib_a-mprec.o)
                0x000095a0                __mprec_tens
 .rodata.__mprec_bigtens
                0x00009668       0x28 c:/program files (x86)/cypress/psoc creator/3.3/psoc creator/import/gnu/arm/4.9.3/bin/../lib/gcc/arm-none-eabi/4.9.3/../../../../arm-none-eabi/lib/armv6-m\libg.a(lib_a-mprec.o)
                0x00009668                __mprec_bigtens
                0x00009690                . = ALIGN (0x4)
 *(.init)
 .init          0x00009690        0x4 c:/program files (x86)/cypress/psoc creator/3.3/psoc creator/import/gnu/arm/4.9.3/bin/../lib/gcc/arm-none-eabi/4.9.3/armv6-m/crti.o
                0x00009690                _init
 .init          0x00009694        0x8 c:/program files (x86)/cypress/psoc creator/3.3/psoc creator/import/gnu/arm/4.9.3/bin/../lib/gcc/arm-none-eabi/4.9.3/armv6-m/crtn.o
                0x0000969c                . = ALIGN (0x4)
                0x0000969c                __preinit_array_start = .
 *(.preinit_array)
                0x0000969c                __preinit_array_end = .
                0x0000969c                . = ALIGN (0x4)
                0x0000969c                __init_array_start = .
 *(SORT(.init_array.*))
 .init_array.00000
                0x0000969c        0x4 c:/program files (x86)/cypress/psoc creator/3.3/psoc creator/import/gnu/arm/4.9.3/bin/../lib/gcc/arm-none-eabi/4.9.3/../../../../arm-none-eabi/lib/armv6-m\libg.a(lib_a-__call_atexit.o)
 *(.init_array)
 .init_array    0x000096a0        0x4 c:/program files (x86)/cypress/psoc creator/3.3/psoc creator/import/gnu/arm/4.9.3/bin/../lib/gcc/arm-none-eabi/4.9.3/armv6-m/crtbegin.o
 .init_array    0x000096a4        0x4 .\CortexM0\ARM_GCC_493\Debug\Cm0Start.o
                0x000096a8                __init_array_end = .
                0x000096a8                . = ALIGN (0x4)
 *(.fini)
 .fini          0x000096a8        0x4 c:/program files (x86)/cypress/psoc creator/3.3/psoc creator/import/gnu/arm/4.9.3/bin/../lib/gcc/arm-none-eabi/4.9.3/armv6-m/crti.o
                0x000096a8                _fini
 .fini          0x000096ac        0x8 c:/program files (x86)/cypress/psoc creator/3.3/psoc creator/import/gnu/arm/4.9.3/bin/../lib/gcc/arm-none-eabi/4.9.3/armv6-m/crtn.o
                0x000096b4                . = ALIGN (0x4)
                0x000096b4                __fini_array_start = .
 *(.fini_array)
 .fini_array    0x000096b4        0x4 c:/program files (x86)/cypress/psoc creator/3.3/psoc creator/import/gnu/arm/4.9.3/bin/../lib/gcc/arm-none-eabi/4.9.3/armv6-m/crtbegin.o
 *(SORT(.fini_array.*))
                0x000096b8                __fini_array_end = .
                0x000096b8                . = ALIGN (0x4)
 *crtbegin.o(.ctors)
 *(EXCLUDE_FILE(*crtend.o) .ctors)
 *(SORT(.ctors.*))
 *crtend.o(.ctors)
                0x000096b8                . = ALIGN (0x4)
 *crtbegin.o(.dtors)
 *(EXCLUDE_FILE(*crtend.o) .dtors)
 *(SORT(.dtors.*))
 *crtend.o(.dtors)
                0x000096b8                . = ALIGN (0x4)
                0x000096b8                __cy_regions = .
                0x000096b8        0x4 LONG 0x96c8 __cy_region_init_ram
                0x000096bc        0x4 LONG 0x200000c8 __cy_region_start_data
                0x000096c0        0x4 LONG 0x8d8 __cy_region_init_size_ram
                0x000096c4        0x4 LONG 0x360 __cy_region_zero_size_ram
                0x000096c8                __cy_regions_end = .
                0x000096c8                . = ALIGN (0x8)
                0x000096c8                _etext = .

.cy_checksum_exclude
                0x000096c8        0x0
 *(.cy_checksum_exclude)

.ramvectors     0x20000000       0xc0
                0x20000000                __cy_region_start_ram = .
 *(.ramvectors)
 .ramvectors    0x20000000       0xc0 .\CortexM0\ARM_GCC_493\Debug\Cm0Start.o
                0x20000000                CyRamVectors

.noinit         0x200000c0        0x4
 *(.noinit)
 .noinit        0x200000c0        0x4 .\CortexM0\ARM_GCC_493\Debug\Cm0Start.o

.data           0x200000c8      0x8d8 load address 0x000096c8
                0x200000c8                __cy_region_start_data = .
 *(.jcr)
 .jcr           0x200000c8        0x0 c:/program files (x86)/cypress/psoc creator/3.3/psoc creator/import/gnu/arm/4.9.3/bin/../lib/gcc/arm-none-eabi/4.9.3/armv6-m/crtbegin.o
 .jcr           0x200000c8        0x4 c:/program files (x86)/cypress/psoc creator/3.3/psoc creator/import/gnu/arm/4.9.3/bin/../lib/gcc/arm-none-eabi/4.9.3/armv6-m/crtend.o
 *(.got.plt)
 *(.got)
 *(.shdata)
 *(.data .data.* .gnu.linkonce.d.*)
 *fill*         0x200000cc        0x4 
 .data          0x200000d0       0x38 .\CortexM0\ARM_GCC_493\Debug\pid.o
 .data          0x20000108        0x4 .\CortexM0\ARM_GCC_493\Debug\Cm0Start.o
 .data          0x2000010c       0x10 .\CortexM0\ARM_GCC_493\Debug\Board2-RPi.a(CyLib.o)
                0x2000010c                cydelay32kMs
                0x20000110                cydelayFreqKhz
                0x20000114                cydelayFreqMhz
                0x20000118                cydelayFreqHz
 .data          0x2000011c        0x4 .\CortexM0\ARM_GCC_493\Debug\Board2-RPi.a(CyLFClk.o)
 .data.__fdlib_version
                0x20000120        0x1 c:/program files (x86)/cypress/psoc creator/3.3/psoc creator/import/gnu/arm/4.9.3/bin/../lib/gcc/arm-none-eabi/4.9.3/../../../../arm-none-eabi/lib/armv6-m\libm.a(lib_a-s_lib_ver.o)
                0x20000120                __fdlib_version
 *fill*         0x20000121        0x7 
 .data.impure_data
                0x20000128      0x428 c:/program files (x86)/cypress/psoc creator/3.3/psoc creator/import/gnu/arm/4.9.3/bin/../lib/gcc/arm-none-eabi/4.9.3/../../../../arm-none-eabi/lib/armv6-m\libg.a(lib_a-impure.o)
 .data._impure_ptr
                0x20000550        0x4 c:/program files (x86)/cypress/psoc creator/3.3/psoc creator/import/gnu/arm/4.9.3/bin/../lib/gcc/arm-none-eabi/4.9.3/../../../../arm-none-eabi/lib/armv6-m\libg.a(lib_a-impure.o)
                0x20000550                _impure_ptr
 .data.lconv    0x20000554       0x38 c:/program files (x86)/cypress/psoc creator/3.3/psoc creator/import/gnu/arm/4.9.3/bin/../lib/gcc/arm-none-eabi/4.9.3/../../../../arm-none-eabi/lib/armv6-m\libg.a(lib_a-locale.o)
 .data.__malloc_av_
                0x2000058c      0x408 c:/program files (x86)/cypress/psoc creator/3.3/psoc creator/import/gnu/arm/4.9.3/bin/../lib/gcc/arm-none-eabi/4.9.3/../../../../arm-none-eabi/lib/armv6-m\libg.a(lib_a-mallocr.o)
                0x2000058c                __malloc_av_
 .data.__malloc_trim_threshold
                0x20000994        0x4 c:/program files (x86)/cypress/psoc creator/3.3/psoc creator/import/gnu/arm/4.9.3/bin/../lib/gcc/arm-none-eabi/4.9.3/../../../../arm-none-eabi/lib/armv6-m\libg.a(lib_a-mallocr.o)
                0x20000994                __malloc_trim_threshold
 .data.__malloc_sbrk_base
                0x20000998        0x4 c:/program files (x86)/cypress/psoc creator/3.3/psoc creator/import/gnu/arm/4.9.3/bin/../lib/gcc/arm-none-eabi/4.9.3/../../../../arm-none-eabi/lib/armv6-m\libg.a(lib_a-mallocr.o)
                0x20000998                __malloc_sbrk_base
                0x200009a0                . = ALIGN (0x8)
 *fill*         0x2000099c        0x4 
 *(.ram)
                0x200009a0                _edata = .

.igot.plt       0x200009a0        0x0 load address 0x00009fa0
 .igot.plt      0x00000000        0x0 c:/program files (x86)/cypress/psoc creator/3.3/psoc creator/import/gnu/arm/4.9.3/bin/../lib/gcc/arm-none-eabi/4.9.3/armv6-m/crtbegin.o

.bss            0x200009a0      0x360 load address 0x00009fa0
                0x200009a0                PROVIDE (__bss_start__, .)
 *(.shbss)
 *(.bss .bss.* .gnu.linkonce.b.*)
 .bss           0x200009a0       0x1c c:/program files (x86)/cypress/psoc creator/3.3/psoc creator/import/gnu/arm/4.9.3/bin/../lib/gcc/arm-none-eabi/4.9.3/armv6-m/crtbegin.o
 .bss           0x200009bc       0x14 .\CortexM0\ARM_GCC_493\Debug\encoder.o
 .bss           0x200009d0       0x4c .\CortexM0\ARM_GCC_493\Debug\ultrasonic.o
 .bss           0x20000a1c       0x14 .\CortexM0\ARM_GCC_493\Debug\pid.o
 .bss           0x20000a30       0x20 .\CortexM0\ARM_GCC_493\Debug\i2c.o
 .bss           0x20000a50        0x4 .\CortexM0\ARM_GCC_493\Debug\control.o
 .bss           0x20000a54        0x4 .\CortexM0\ARM_GCC_493\Debug\time.o
 .bss           0x20000a58        0x8 .\CortexM0\ARM_GCC_493\Debug\infrared.o
 .bss           0x20000a60        0x8 .\CortexM0\ARM_GCC_493\Debug\Board2-RPi.a(EZI2C.o)
                0x20000a60                EZI2C_initVar
                0x20000a64                EZI2C_customIntrHandler
 .bss           0x20000a68        0x2 .\CortexM0\ARM_GCC_493\Debug\Board2-RPi.a(EZI2C_EZI2C_INT.o)
 *fill*         0x20000a6a        0x2 
 .bss           0x20000a6c       0x18 .\CortexM0\ARM_GCC_493\Debug\Board2-RPi.a(CyLib.o)
                0x20000a80                CySysTickInitVar
 .bss           0x20000a84       0x1c .\CortexM0\ARM_GCC_493\Debug\Board2-RPi.a(CyLFClk.o)
 .bss           0x20000aa0        0x1 .\CortexM0\ARM_GCC_493\Debug\Board2-RPi.a(HB25_PWM.o)
                0x20000aa0                HB25_PWM_initVar
 *fill*         0x20000aa1        0x3 
 .bss           0x20000aa4        0x8 .\CortexM0\ARM_GCC_493\Debug\Board2-RPi.a(UARTCOMMS.o)
                0x20000aa4                UARTCOMMS_initVar
                0x20000aa8                UARTCOMMS_customIntrHandler
 .bss.__malloc_max_total_mem
                0x20000aac        0x4 c:/program files (x86)/cypress/psoc creator/3.3/psoc creator/import/gnu/arm/4.9.3/bin/../lib/gcc/arm-none-eabi/4.9.3/../../../../arm-none-eabi/lib/armv6-m\libg.a(lib_a-mallocr.o)
                0x20000aac                __malloc_max_total_mem
 .bss.__malloc_max_sbrked_mem
                0x20000ab0        0x4 c:/program files (x86)/cypress/psoc creator/3.3/psoc creator/import/gnu/arm/4.9.3/bin/../lib/gcc/arm-none-eabi/4.9.3/../../../../arm-none-eabi/lib/armv6-m\libg.a(lib_a-mallocr.o)
                0x20000ab0                __malloc_max_sbrked_mem
 .bss.__malloc_top_pad
                0x20000ab4        0x4 c:/program files (x86)/cypress/psoc creator/3.3/psoc creator/import/gnu/arm/4.9.3/bin/../lib/gcc/arm-none-eabi/4.9.3/../../../../arm-none-eabi/lib/armv6-m\libg.a(lib_a-mallocr.o)
                0x20000ab4                __malloc_top_pad
 .bss.__malloc_current_mallinfo
                0x20000ab8       0x28 c:/program files (x86)/cypress/psoc creator/3.3/psoc creator/import/gnu/arm/4.9.3/bin/../lib/gcc/arm-none-eabi/4.9.3/../../../../arm-none-eabi/lib/armv6-m\libg.a(lib_a-mallocr.o)
                0x20000ab8                __malloc_current_mallinfo
 *(COMMON)
 COMMON         0x20000ae0      0x100 .\CortexM0\ARM_GCC_493\Debug\encoder.o
                0x20000ae0                formatted_string
 COMMON         0x20000be0       0x12 .\CortexM0\ARM_GCC_493\Debug\Board2-RPi.a(EZI2C_EZI2C.o)
                0x20000be0                EZI2C_offsetBuf1
                0x20000be2                EZI2C_indexBuf1
                0x20000be4                EZI2C_fsmState
                0x20000be6                EZI2C_protectBuf1
                0x20000be8                EZI2C_curStatus
                0x20000bec                EZI2C_dataBuffer1
                0x20000bf0                EZI2C_bufSizeBuf1
 *fill*         0x20000bf2        0x2 
 COMMON         0x20000bf4      0x108 .\CortexM0\ARM_GCC_493\Debug\Board2-RPi.a(UARTCOMMS_SPI_UART.o)
                0x20000bf4                UARTCOMMS_txBufferInternal
                0x20000cf4                UARTCOMMS_txBufferTail
                0x20000cf8                UARTCOMMS_txBufferHead
 COMMON         0x20000cfc        0x4 c:/program files (x86)/cypress/psoc creator/3.3/psoc creator/import/gnu/arm/4.9.3/bin/../lib/gcc/arm-none-eabi/4.9.3/../../../../arm-none-eabi/lib/armv6-m\libg.a(lib_a-reent.o)
                0x20000cfc                errno
                0x20000d00                . = ALIGN (0x8)
 *(.ram.b)
                0x20000d00                _end = .
                0x20000d00                __end = .
                0x20000d00                PROVIDE (end, .)
                0x20000d00                PROVIDE (__bss_end__, .)
                0x000096c8                __cy_region_init_ram = LOADADDR (.data)
                0x000008d8                __cy_region_init_size_ram = (_edata - ADDR (.data))
                0x00000360                __cy_region_zero_size_ram = (_end - _edata)

.heap           0x20000d00     0x1000 load address 0x00009fa0
                0x20000d00                . = _end
                0x20001d00                . = (. + 0x1000)
 *fill*         0x20000d00     0x1000 
                0x20001d00                __cy_heap_limit = .

.stack          0x20003800      0x800
                0x20003800                __cy_stack_limit = .
                0x20004000                . = (. + 0x800)
 *fill*         0x20003800      0x800 
                0x00000001                ASSERT ((__cy_stack_limit >= __cy_heap_limit), region RAM overflowed with stack)
                0x00000000                cy_checksum_exclude_size = (CY_APPL_LOADABLE == 0x1)?SIZEOF (.cy_checksum_exclude):0x0
                0x00000001                ASSERT ((cy_checksum_exclude_size <= CY_CHECKSUM_EXCLUDE_SIZE), CY_BOOT: Section .cy_checksum_exclude size exceedes specified limit.)
                0x0001ffc0                cyloadermeta_start = (cy_project_type_bootloader || cy_project_type_app_for_stack_and_copier)?(0x20000 - CY_METADATA_SIZE):0xf0000000

.cyloadermeta
 *(.cyloadermeta)
                0x0001ffc0                cyloadablemeta_start = cy_project_type_app_for_stack_and_copier?((0x20000 - CY_FLASH_ROW_SIZE) - CY_METADATA_SIZE):((0x20000 - (CY_FLASH_ROW_SIZE * (CY_APPL_NUM - 0x1))) - CY_METADATA_SIZE)

.cyloadablemeta
 *(.cyloadablemeta)

.cyflashprotect
                0x90400000       0x80
 *(.cyflashprotect)
 .cyflashprotect
                0x90400000       0x80 .\CortexM0\ARM_GCC_493\Debug\cymetadata.o
                0x90400000                cy_meta_flashprotect

.cymeta         0x90500000        0xc
 *(.cymeta)
 .cymeta        0x90500000        0xc .\CortexM0\ARM_GCC_493\Debug\cymetadata.o
                0x90500000                cy_metadata

.cychipprotect  0x90600000        0x4
 *(.cychipprotect)
 .cychipprotect
                0x90600000        0x4 .\CortexM0\ARM_GCC_493\Debug\cymetadata.o
                0x90600000                cy_meta_chipprotect

.rel.dyn        0x00009fa0        0x0 load address 0x90600004
 .rel.iplt      0x00000000        0x0 c:/program files (x86)/cypress/psoc creator/3.3/psoc creator/import/gnu/arm/4.9.3/bin/../lib/gcc/arm-none-eabi/4.9.3/armv6-m/crtbegin.o

.stab
 *(.stab)

.stabstr
 *(.stabstr)

.debug
 *(.debug)

.line
 *(.line)

.debug_srcinfo
 *(.debug_srcinfo)

.debug_sfnames
 *(.debug_sfnames)

.debug_aranges  0x00000000      0xfb0
 *(.debug_aranges)
 .debug_aranges
                0x00000000       0x58 .\CortexM0\ARM_GCC_493\Debug\encoder.o
 .debug_aranges
                0x00000058       0x40 .\CortexM0\ARM_GCC_493\Debug\motor.o
 .debug_aranges
                0x00000098       0x58 .\CortexM0\ARM_GCC_493\Debug\ultrasonic.o
 .debug_aranges
                0x000000f0       0x48 .\CortexM0\ARM_GCC_493\Debug\pid.o
 .debug_aranges
                0x00000138       0x70 .\CortexM0\ARM_GCC_493\Debug\i2c.o
 .debug_aranges
                0x000001a8       0x30 .\CortexM0\ARM_GCC_493\Debug\control.o
 .debug_aranges
                0x000001d8       0x28 .\CortexM0\ARM_GCC_493\Debug\boardmain.o
 .debug_aranges
                0x00000200       0x38 .\CortexM0\ARM_GCC_493\Debug\time.o
 .debug_aranges
                0x00000238       0x38 .\CortexM0\ARM_GCC_493\Debug\infrared.o
 .debug_aranges
                0x00000270       0x20 .\CortexM0\ARM_GCC_493\Debug\utils.o
 .debug_aranges
                0x00000290       0x28 .\CortexM0\ARM_GCC_493\Debug\debug.o
 .debug_aranges
                0x000002b8       0x18 .\CortexM0\ARM_GCC_493\Debug\cymetadata.o
 .debug_aranges
                0x000002d0       0x48 .\CortexM0\ARM_GCC_493\Debug\Cm0Start.o
 .debug_aranges
                0x00000318       0x48 .\CortexM0\ARM_GCC_493\Debug\Board2-RPi.a(cyfitter_cfg.o)
 .debug_aranges
                0x00000360       0x60 .\CortexM0\ARM_GCC_493\Debug\Board2-RPi.a(EZI2C.o)
 .debug_aranges
                0x000003c0       0x50 .\CortexM0\ARM_GCC_493\Debug\Board2-RPi.a(EZI2C_EZI2C.o)
 .debug_aranges
                0x00000410       0x20 .\CortexM0\ARM_GCC_493\Debug\Board2-RPi.a(EZI2C_EZI2C_INT.o)
 .debug_aranges
                0x00000430       0x80 .\CortexM0\ARM_GCC_493\Debug\Board2-RPi.a(Encoder_Intr.o)
 .debug_aranges
                0x000004b0       0x20 .\CortexM0\ARM_GCC_493\Debug\Board2-RPi.a(CyBootAsmGnu.o)
 .debug_aranges
                0x000004d0      0x190 .\CortexM0\ARM_GCC_493\Debug\Board2-RPi.a(CyLib.o)
 .debug_aranges
                0x00000660      0x150 .\CortexM0\ARM_GCC_493\Debug\Board2-RPi.a(CyLFClk.o)
 .debug_aranges
                0x000007b0      0x158 .\CortexM0\ARM_GCC_493\Debug\Board2-RPi.a(HB25_PWM.o)
 .debug_aranges
                0x00000908       0x40 .\CortexM0\ARM_GCC_493\Debug\Board2-RPi.a(Encoder_Pins.o)
 .debug_aranges
                0x00000948       0xa8 .\CortexM0\ARM_GCC_493\Debug\Board2-RPi.a(ADC_Infrared.o)
 .debug_aranges
                0x000009f0       0x20 .\CortexM0\ARM_GCC_493\Debug\Board2-RPi.a(ADC_Infrared_INT.o)
 .debug_aranges
                0x00000a10      0x158 .\CortexM0\ARM_GCC_493\Debug\Board2-RPi.a(HCSR04_Timer.o)
 .debug_aranges
                0x00000b68       0x80 .\CortexM0\ARM_GCC_493\Debug\Board2-RPi.a(HCSR04_Timeout_Intr.o)
 .debug_aranges
                0x00000be8       0x28 .\CortexM0\ARM_GCC_493\Debug\Board2-RPi.a(HCSR04_Control.o)
 .debug_aranges
                0x00000c10       0x48 .\CortexM0\ARM_GCC_493\Debug\Board2-RPi.a(HCSR04_Trigger_0.o)
 .debug_aranges
                0x00000c58       0x48 .\CortexM0\ARM_GCC_493\Debug\Board2-RPi.a(HCSR04_Trigger_2.o)
 .debug_aranges
                0x00000ca0       0x48 .\CortexM0\ARM_GCC_493\Debug\Board2-RPi.a(HCSR04_Trigger_3.o)
 .debug_aranges
                0x00000ce8       0x48 .\CortexM0\ARM_GCC_493\Debug\Board2-RPi.a(HCSR04_Trigger_1.o)
 .debug_aranges
                0x00000d30       0x48 .\CortexM0\ARM_GCC_493\Debug\Board2-RPi.a(HB25_Enable_Pin.o)
 .debug_aranges
                0x00000d78       0x68 .\CortexM0\ARM_GCC_493\Debug\Board2-RPi.a(UARTCOMMS.o)
 .debug_aranges
                0x00000de0       0x68 .\CortexM0\ARM_GCC_493\Debug\Board2-RPi.a(UARTCOMMS_UART.o)
 .debug_aranges
                0x00000e48       0x48 .\CortexM0\ARM_GCC_493\Debug\Board2-RPi.a(OnOff_Detect_Pin.o)
 .debug_aranges
                0x00000e90       0x80 .\CortexM0\ARM_GCC_493\Debug\Board2-RPi.a(OnOff_Intr.o)
 .debug_aranges
                0x00000f10       0x38 .\CortexM0\ARM_GCC_493\Debug\Board2-RPi.a(CyFlash.o)
 .debug_aranges
                0x00000f48       0x48 .\CortexM0\ARM_GCC_493\Debug\Board2-RPi.a(UARTCOMMS_SPI_UART.o)
 .debug_aranges
                0x00000f90       0x20 .\CortexM0\ARM_GCC_493\Debug\Board2-RPi.a(UARTCOMMS_SPI_UART_INT.o)

.debug_pubnames
 *(.debug_pubnames)

.debug_info     0x00000000     0x8170
 *(.debug_info .gnu.linkonce.wi.*)
 .debug_info    0x00000000      0x3d9 .\CortexM0\ARM_GCC_493\Debug\encoder.o
 .debug_info    0x000003d9      0x1cc .\CortexM0\ARM_GCC_493\Debug\motor.o
 .debug_info    0x000005a5      0x527 .\CortexM0\ARM_GCC_493\Debug\ultrasonic.o
 .debug_info    0x00000acc      0x4a1 .\CortexM0\ARM_GCC_493\Debug\pid.o
 .debug_info    0x00000f6d      0x30b .\CortexM0\ARM_GCC_493\Debug\i2c.o
 .debug_info    0x00001278      0x193 .\CortexM0\ARM_GCC_493\Debug\control.o
 .debug_info    0x0000140b      0x2e6 .\CortexM0\ARM_GCC_493\Debug\boardmain.o
 .debug_info    0x000016f1      0x19f .\CortexM0\ARM_GCC_493\Debug\time.o
 .debug_info    0x00001890      0x3cf .\CortexM0\ARM_GCC_493\Debug\infrared.o
 .debug_info    0x00001c5f      0x10d .\CortexM0\ARM_GCC_493\Debug\utils.o
 .debug_info    0x00001d6c      0x123 .\CortexM0\ARM_GCC_493\Debug\debug.o
 .debug_info    0x00001e8f       0xfd .\CortexM0\ARM_GCC_493\Debug\cymetadata.o
 .debug_info    0x00001f8c      0x38a .\CortexM0\ARM_GCC_493\Debug\Cm0Start.o
 .debug_info    0x00002316      0x40b .\CortexM0\ARM_GCC_493\Debug\Board2-RPi.a(cyfitter_cfg.o)
 .debug_info    0x00002721      0x295 .\CortexM0\ARM_GCC_493\Debug\Board2-RPi.a(EZI2C.o)
 .debug_info    0x000029b6      0x344 .\CortexM0\ARM_GCC_493\Debug\Board2-RPi.a(EZI2C_EZI2C.o)
 .debug_info    0x00002cfa      0x1dc .\CortexM0\ARM_GCC_493\Debug\Board2-RPi.a(EZI2C_EZI2C_INT.o)
 .debug_info    0x00002ed6      0x2fe .\CortexM0\ARM_GCC_493\Debug\Board2-RPi.a(Encoder_Intr.o)
 .debug_info    0x000031d4       0x87 .\CortexM0\ARM_GCC_493\Debug\Board2-RPi.a(CyBootAsmGnu.o)
 .debug_info    0x0000325b      0xb64 .\CortexM0\ARM_GCC_493\Debug\Board2-RPi.a(CyLib.o)
 .debug_info    0x00003dbf      0xda1 .\CortexM0\ARM_GCC_493\Debug\Board2-RPi.a(CyLFClk.o)
 .debug_info    0x00004b60      0x902 .\CortexM0\ARM_GCC_493\Debug\Board2-RPi.a(HB25_PWM.o)
 .debug_info    0x00005462      0x150 .\CortexM0\ARM_GCC_493\Debug\Board2-RPi.a(Encoder_Pins.o)
 .debug_info    0x000055b2      0x5b8 .\CortexM0\ARM_GCC_493\Debug\Board2-RPi.a(ADC_Infrared.o)
 .debug_info    0x00005b6a       0xc3 .\CortexM0\ARM_GCC_493\Debug\Board2-RPi.a(ADC_Infrared_INT.o)
 .debug_info    0x00005c2d      0x8d9 .\CortexM0\ARM_GCC_493\Debug\Board2-RPi.a(HCSR04_Timer.o)
 .debug_info    0x00006506      0x2fe .\CortexM0\ARM_GCC_493\Debug\Board2-RPi.a(HCSR04_Timeout_Intr.o)
 .debug_info    0x00006804       0xd5 .\CortexM0\ARM_GCC_493\Debug\Board2-RPi.a(HCSR04_Control.o)
 .debug_info    0x000068d9      0x19a .\CortexM0\ARM_GCC_493\Debug\Board2-RPi.a(HCSR04_Trigger_0.o)
 .debug_info    0x00006a73      0x19a .\CortexM0\ARM_GCC_493\Debug\Board2-RPi.a(HCSR04_Trigger_2.o)
 .debug_info    0x00006c0d      0x19a .\CortexM0\ARM_GCC_493\Debug\Board2-RPi.a(HCSR04_Trigger_3.o)
 .debug_info    0x00006da7      0x19a .\CortexM0\ARM_GCC_493\Debug\Board2-RPi.a(HCSR04_Trigger_1.o)
 .debug_info    0x00006f41      0x19a .\CortexM0\ARM_GCC_493\Debug\Board2-RPi.a(HB25_Enable_Pin.o)
 .debug_info    0x000070db      0x2c5 .\CortexM0\ARM_GCC_493\Debug\Board2-RPi.a(UARTCOMMS.o)
 .debug_info    0x000073a0      0x306 .\CortexM0\ARM_GCC_493\Debug\Board2-RPi.a(UARTCOMMS_UART.o)
 .debug_info    0x000076a6      0x198 .\CortexM0\ARM_GCC_493\Debug\Board2-RPi.a(OnOff_Detect_Pin.o)
 .debug_info    0x0000783e      0x2fe .\CortexM0\ARM_GCC_493\Debug\Board2-RPi.a(OnOff_Intr.o)
 .debug_info    0x00007b3c      0x2a4 .\CortexM0\ARM_GCC_493\Debug\Board2-RPi.a(CyFlash.o)
 .debug_info    0x00007de0      0x268 .\CortexM0\ARM_GCC_493\Debug\Board2-RPi.a(UARTCOMMS_SPI_UART.o)
 .debug_info    0x00008048      0x128 .\CortexM0\ARM_GCC_493\Debug\Board2-RPi.a(UARTCOMMS_SPI_UART_INT.o)

.debug_abbrev   0x00000000     0x32d1
 *(.debug_abbrev)
 .debug_abbrev  0x00000000      0x1f2 .\CortexM0\ARM_GCC_493\Debug\encoder.o
 .debug_abbrev  0x000001f2      0x12b .\CortexM0\ARM_GCC_493\Debug\motor.o
 .debug_abbrev  0x0000031d      0x24b .\CortexM0\ARM_GCC_493\Debug\ultrasonic.o
 .debug_abbrev  0x00000568      0x224 .\CortexM0\ARM_GCC_493\Debug\pid.o
 .debug_abbrev  0x0000078c      0x165 .\CortexM0\ARM_GCC_493\Debug\i2c.o
 .debug_abbrev  0x000008f1       0xbd .\CortexM0\ARM_GCC_493\Debug\control.o
 .debug_abbrev  0x000009ae      0x12c .\CortexM0\ARM_GCC_493\Debug\boardmain.o
 .debug_abbrev  0x00000ada      0x143 .\CortexM0\ARM_GCC_493\Debug\time.o
 .debug_abbrev  0x00000c1d      0x1a8 .\CortexM0\ARM_GCC_493\Debug\infrared.o
 .debug_abbrev  0x00000dc5       0xb6 .\CortexM0\ARM_GCC_493\Debug\utils.o
 .debug_abbrev  0x00000e7b       0xb9 .\CortexM0\ARM_GCC_493\Debug\debug.o
 .debug_abbrev  0x00000f34       0x5d .\CortexM0\ARM_GCC_493\Debug\cymetadata.o
 .debug_abbrev  0x00000f91      0x1fe .\CortexM0\ARM_GCC_493\Debug\Cm0Start.o
 .debug_abbrev  0x0000118f      0x209 .\CortexM0\ARM_GCC_493\Debug\Board2-RPi.a(cyfitter_cfg.o)
 .debug_abbrev  0x00001398      0x150 .\CortexM0\ARM_GCC_493\Debug\Board2-RPi.a(EZI2C.o)
 .debug_abbrev  0x000014e8      0x17d .\CortexM0\ARM_GCC_493\Debug\Board2-RPi.a(EZI2C_EZI2C.o)
 .debug_abbrev  0x00001665       0xd3 .\CortexM0\ARM_GCC_493\Debug\Board2-RPi.a(EZI2C_EZI2C_INT.o)
 .debug_abbrev  0x00001738      0x1c1 .\CortexM0\ARM_GCC_493\Debug\Board2-RPi.a(Encoder_Intr.o)
 .debug_abbrev  0x000018f9       0x14 .\CortexM0\ARM_GCC_493\Debug\Board2-RPi.a(CyBootAsmGnu.o)
 .debug_abbrev  0x0000190d      0x25d .\CortexM0\ARM_GCC_493\Debug\Board2-RPi.a(CyLib.o)
 .debug_abbrev  0x00001b6a      0x26d .\CortexM0\ARM_GCC_493\Debug\Board2-RPi.a(CyLFClk.o)
 .debug_abbrev  0x00001dd7      0x140 .\CortexM0\ARM_GCC_493\Debug\Board2-RPi.a(HB25_PWM.o)
 .debug_abbrev  0x00001f17       0xb7 .\CortexM0\ARM_GCC_493\Debug\Board2-RPi.a(Encoder_Pins.o)
 .debug_abbrev  0x00001fce      0x1ea .\CortexM0\ARM_GCC_493\Debug\Board2-RPi.a(ADC_Infrared.o)
 .debug_abbrev  0x000021b8       0x72 .\CortexM0\ARM_GCC_493\Debug\Board2-RPi.a(ADC_Infrared_INT.o)
 .debug_abbrev  0x0000222a      0x140 .\CortexM0\ARM_GCC_493\Debug\Board2-RPi.a(HCSR04_Timer.o)
 .debug_abbrev  0x0000236a      0x1c1 .\CortexM0\ARM_GCC_493\Debug\Board2-RPi.a(HCSR04_Timeout_Intr.o)
 .debug_abbrev  0x0000252b       0x8e .\CortexM0\ARM_GCC_493\Debug\Board2-RPi.a(HCSR04_Control.o)
 .debug_abbrev  0x000025b9       0xd5 .\CortexM0\ARM_GCC_493\Debug\Board2-RPi.a(HCSR04_Trigger_0.o)
 .debug_abbrev  0x0000268e       0xd5 .\CortexM0\ARM_GCC_493\Debug\Board2-RPi.a(HCSR04_Trigger_2.o)
 .debug_abbrev  0x00002763       0xd5 .\CortexM0\ARM_GCC_493\Debug\Board2-RPi.a(HCSR04_Trigger_3.o)
 .debug_abbrev  0x00002838       0xd5 .\CortexM0\ARM_GCC_493\Debug\Board2-RPi.a(HCSR04_Trigger_1.o)
 .debug_abbrev  0x0000290d       0xd5 .\CortexM0\ARM_GCC_493\Debug\Board2-RPi.a(HB25_Enable_Pin.o)
 .debug_abbrev  0x000029e2      0x150 .\CortexM0\ARM_GCC_493\Debug\Board2-RPi.a(UARTCOMMS.o)
 .debug_abbrev  0x00002b32      0x15b .\CortexM0\ARM_GCC_493\Debug\Board2-RPi.a(UARTCOMMS_UART.o)
 .debug_abbrev  0x00002c8d       0xd5 .\CortexM0\ARM_GCC_493\Debug\Board2-RPi.a(OnOff_Detect_Pin.o)
 .debug_abbrev  0x00002d62      0x1c1 .\CortexM0\ARM_GCC_493\Debug\Board2-RPi.a(OnOff_Intr.o)
 .debug_abbrev  0x00002f23      0x185 .\CortexM0\ARM_GCC_493\Debug\Board2-RPi.a(CyFlash.o)
 .debug_abbrev  0x000030a8      0x182 .\CortexM0\ARM_GCC_493\Debug\Board2-RPi.a(UARTCOMMS_SPI_UART.o)
 .debug_abbrev  0x0000322a       0xa7 .\CortexM0\ARM_GCC_493\Debug\Board2-RPi.a(UARTCOMMS_SPI_UART_INT.o)

.debug_line     0x00000000     0x3a30
 *(.debug_line)
 .debug_line    0x00000000      0x236 .\CortexM0\ARM_GCC_493\Debug\encoder.o
 .debug_line    0x00000236       0xef .\CortexM0\ARM_GCC_493\Debug\motor.o
 .debug_line    0x00000325      0x20c .\CortexM0\ARM_GCC_493\Debug\ultrasonic.o
 .debug_line    0x00000531      0x21e .\CortexM0\ARM_GCC_493\Debug\pid.o
 .debug_line    0x0000074f      0x14b .\CortexM0\ARM_GCC_493\Debug\i2c.o
 .debug_line    0x0000089a       0xb1 .\CortexM0\ARM_GCC_493\Debug\control.o
 .debug_line    0x0000094b      0x138 .\CortexM0\ARM_GCC_493\Debug\boardmain.o
 .debug_line    0x00000a83       0xb9 .\CortexM0\ARM_GCC_493\Debug\time.o
 .debug_line    0x00000b3c      0x231 .\CortexM0\ARM_GCC_493\Debug\infrared.o
 .debug_line    0x00000d6d       0x74 .\CortexM0\ARM_GCC_493\Debug\utils.o
 .debug_line    0x00000de1       0x81 .\CortexM0\ARM_GCC_493\Debug\debug.o
 .debug_line    0x00000e62       0x53 .\CortexM0\ARM_GCC_493\Debug\cymetadata.o
 .debug_line    0x00000eb5      0x249 .\CortexM0\ARM_GCC_493\Debug\Cm0Start.o
 .debug_line    0x000010fe      0x1b2 .\CortexM0\ARM_GCC_493\Debug\Board2-RPi.a(cyfitter_cfg.o)
 .debug_line    0x000012b0      0x141 .\CortexM0\ARM_GCC_493\Debug\Board2-RPi.a(EZI2C.o)
 .debug_line    0x000013f1      0x11c .\CortexM0\ARM_GCC_493\Debug\Board2-RPi.a(EZI2C_EZI2C.o)
 .debug_line    0x0000150d      0x150 .\CortexM0\ARM_GCC_493\Debug\Board2-RPi.a(EZI2C_EZI2C_INT.o)
 .debug_line    0x0000165d      0x171 .\CortexM0\ARM_GCC_493\Debug\Board2-RPi.a(Encoder_Intr.o)
 .debug_line    0x000017ce       0x68 .\CortexM0\ARM_GCC_493\Debug\Board2-RPi.a(CyBootAsmGnu.o)
 .debug_line    0x00001836      0x498 .\CortexM0\ARM_GCC_493\Debug\Board2-RPi.a(CyLib.o)
 .debug_line    0x00001cce      0x4c5 .\CortexM0\ARM_GCC_493\Debug\Board2-RPi.a(CyLFClk.o)
 .debug_line    0x00002193      0x383 .\CortexM0\ARM_GCC_493\Debug\Board2-RPi.a(HB25_PWM.o)
 .debug_line    0x00002516       0xb3 .\CortexM0\ARM_GCC_493\Debug\Board2-RPi.a(Encoder_Pins.o)
 .debug_line    0x000025c9      0x293 .\CortexM0\ARM_GCC_493\Debug\Board2-RPi.a(ADC_Infrared.o)
 .debug_line    0x0000285c       0x6d .\CortexM0\ARM_GCC_493\Debug\Board2-RPi.a(ADC_Infrared_INT.o)
 .debug_line    0x000028c9      0x37f .\CortexM0\ARM_GCC_493\Debug\Board2-RPi.a(HCSR04_Timer.o)
 .debug_line    0x00002c48      0x178 .\CortexM0\ARM_GCC_493\Debug\Board2-RPi.a(HCSR04_Timeout_Intr.o)
 .debug_line    0x00002dc0       0x79 .\CortexM0\ARM_GCC_493\Debug\Board2-RPi.a(HCSR04_Control.o)
 .debug_line    0x00002e39       0xca .\CortexM0\ARM_GCC_493\Debug\Board2-RPi.a(HCSR04_Trigger_0.o)
 .debug_line    0x00002f03       0xca .\CortexM0\ARM_GCC_493\Debug\Board2-RPi.a(HCSR04_Trigger_2.o)
 .debug_line    0x00002fcd       0xca .\CortexM0\ARM_GCC_493\Debug\Board2-RPi.a(HCSR04_Trigger_3.o)
 .debug_line    0x00003097       0xca .\CortexM0\ARM_GCC_493\Debug\Board2-RPi.a(HCSR04_Trigger_1.o)
 .debug_line    0x00003161       0xc9 .\CortexM0\ARM_GCC_493\Debug\Board2-RPi.a(HB25_Enable_Pin.o)
 .debug_line    0x0000322a      0x15f .\CortexM0\ARM_GCC_493\Debug\Board2-RPi.a(UARTCOMMS.o)
 .debug_line    0x00003389      0x18f .\CortexM0\ARM_GCC_493\Debug\Board2-RPi.a(UARTCOMMS_UART.o)
 .debug_line    0x00003518       0xc9 .\CortexM0\ARM_GCC_493\Debug\Board2-RPi.a(OnOff_Detect_Pin.o)
 .debug_line    0x000035e1      0x16b .\CortexM0\ARM_GCC_493\Debug\Board2-RPi.a(OnOff_Intr.o)
 .debug_line    0x0000374c       0xf8 .\CortexM0\ARM_GCC_493\Debug\Board2-RPi.a(CyFlash.o)
 .debug_line    0x00003844      0x122 .\CortexM0\ARM_GCC_493\Debug\Board2-RPi.a(UARTCOMMS_SPI_UART.o)
 .debug_line    0x00003966       0xca .\CortexM0\ARM_GCC_493\Debug\Board2-RPi.a(UARTCOMMS_SPI_UART_INT.o)

.debug_frame    0x00000000     0x32a8
 *(.debug_frame)
 .debug_frame   0x00000000       0xcc .\CortexM0\ARM_GCC_493\Debug\encoder.o
 .debug_frame   0x000000cc       0x84 .\CortexM0\ARM_GCC_493\Debug\motor.o
 .debug_frame   0x00000150       0xf4 .\CortexM0\ARM_GCC_493\Debug\ultrasonic.o
 .debug_frame   0x00000244       0xb4 .\CortexM0\ARM_GCC_493\Debug\pid.o
 .debug_frame   0x000002f8       0xe4 .\CortexM0\ARM_GCC_493\Debug\i2c.o
 .debug_frame   0x000003dc       0x64 .\CortexM0\ARM_GCC_493\Debug\control.o
 .debug_frame   0x00000440       0x48 .\CortexM0\ARM_GCC_493\Debug\boardmain.o
 .debug_frame   0x00000488       0x5c .\CortexM0\ARM_GCC_493\Debug\time.o
 .debug_frame   0x000004e4       0x80 .\CortexM0\ARM_GCC_493\Debug\infrared.o
 .debug_frame   0x00000564       0x30 .\CortexM0\ARM_GCC_493\Debug\utils.o
 .debug_frame   0x00000594       0x48 .\CortexM0\ARM_GCC_493\Debug\debug.o
 .debug_frame   0x000005dc       0xb0 .\CortexM0\ARM_GCC_493\Debug\Cm0Start.o
 .debug_frame   0x0000068c       0xa8 .\CortexM0\ARM_GCC_493\Debug\Board2-RPi.a(cyfitter_cfg.o)
 .debug_frame   0x00000734       0xe8 .\CortexM0\ARM_GCC_493\Debug\Board2-RPi.a(EZI2C.o)
 .debug_frame   0x0000081c       0xa8 .\CortexM0\ARM_GCC_493\Debug\Board2-RPi.a(EZI2C_EZI2C.o)
 .debug_frame   0x000008c4       0x30 .\CortexM0\ARM_GCC_493\Debug\Board2-RPi.a(EZI2C_EZI2C_INT.o)
 .debug_frame   0x000008f4      0x110 .\CortexM0\ARM_GCC_493\Debug\Board2-RPi.a(Encoder_Intr.o)
 .debug_frame   0x00000a04      0x400 .\CortexM0\ARM_GCC_493\Debug\Board2-RPi.a(CyLib.o)
 .debug_frame   0x00000e04      0x3fc .\CortexM0\ARM_GCC_493\Debug\Board2-RPi.a(CyLFClk.o)
 .debug_frame   0x00001200      0x390 .\CortexM0\ARM_GCC_493\Debug\Board2-RPi.a(HB25_PWM.o)
 .debug_frame   0x00001590       0x60 .\CortexM0\ARM_GCC_493\Debug\Board2-RPi.a(Encoder_Pins.o)
 .debug_frame   0x000015f0      0x1b0 .\CortexM0\ARM_GCC_493\Debug\Board2-RPi.a(ADC_Infrared.o)
 .debug_frame   0x000017a0       0x20 .\CortexM0\ARM_GCC_493\Debug\Board2-RPi.a(ADC_Infrared_INT.o)
 .debug_frame   0x000017c0      0x390 .\CortexM0\ARM_GCC_493\Debug\Board2-RPi.a(HCSR04_Timer.o)
 .debug_frame   0x00001b50      0x110 .\CortexM0\ARM_GCC_493\Debug\Board2-RPi.a(HCSR04_Timeout_Intr.o)
 .debug_frame   0x00001c60       0x30 .\CortexM0\ARM_GCC_493\Debug\Board2-RPi.a(HCSR04_Control.o)
 .debug_frame   0x00001c90       0x70 .\CortexM0\ARM_GCC_493\Debug\Board2-RPi.a(HCSR04_Trigger_0.o)
 .debug_frame   0x00001d00       0x70 .\CortexM0\ARM_GCC_493\Debug\Board2-RPi.a(HCSR04_Trigger_2.o)
 .debug_frame   0x00001d70       0x70 .\CortexM0\ARM_GCC_493\Debug\Board2-RPi.a(HCSR04_Trigger_3.o)
 .debug_frame   0x00001de0       0x70 .\CortexM0\ARM_GCC_493\Debug\Board2-RPi.a(HCSR04_Trigger_1.o)
 .debug_frame   0x00001e50       0x70 .\CortexM0\ARM_GCC_493\Debug\Board2-RPi.a(HB25_Enable_Pin.o)
 .debug_frame   0x00001ec0      0x104 .\CortexM0\ARM_GCC_493\Debug\Board2-RPi.a(UARTCOMMS.o)
 .debug_frame   0x00001fc4       0xd8 .\CortexM0\ARM_GCC_493\Debug\Board2-RPi.a(UARTCOMMS_UART.o)
 .debug_frame   0x0000209c       0x70 .\CortexM0\ARM_GCC_493\Debug\Board2-RPi.a(OnOff_Detect_Pin.o)
 .debug_frame   0x0000210c      0x110 .\CortexM0\ARM_GCC_493\Debug\Board2-RPi.a(OnOff_Intr.o)
 .debug_frame   0x0000221c       0x70 .\CortexM0\ARM_GCC_493\Debug\Board2-RPi.a(CyFlash.o)
 .debug_frame   0x0000228c       0x8c .\CortexM0\ARM_GCC_493\Debug\Board2-RPi.a(UARTCOMMS_SPI_UART.o)
 .debug_frame   0x00002318       0x2c .\CortexM0\ARM_GCC_493\Debug\Board2-RPi.a(UARTCOMMS_SPI_UART_INT.o)
 .debug_frame   0x00002344       0x38 c:/program files (x86)/cypress/psoc creator/3.3/psoc creator/import/gnu/arm/4.9.3/bin/../lib/gcc/arm-none-eabi/4.9.3/../../../../arm-none-eabi/lib/armv6-m\libm.a(lib_a-w_pow.o)
 .debug_frame   0x0000237c       0x3c c:/program files (x86)/cypress/psoc creator/3.3/psoc creator/import/gnu/arm/4.9.3/bin/../lib/gcc/arm-none-eabi/4.9.3/../../../../arm-none-eabi/lib/armv6-m\libm.a(lib_a-e_pow.o)
 .debug_frame   0x000023b8       0x3c c:/program files (x86)/cypress/psoc creator/3.3/psoc creator/import/gnu/arm/4.9.3/bin/../lib/gcc/arm-none-eabi/4.9.3/../../../../arm-none-eabi/lib/armv6-m\libm.a(lib_a-e_sqrt.o)
 .debug_frame   0x000023f4       0x20 c:/program files (x86)/cypress/psoc creator/3.3/psoc creator/import/gnu/arm/4.9.3/bin/../lib/gcc/arm-none-eabi/4.9.3/../../../../arm-none-eabi/lib/armv6-m\libm.a(lib_a-s_fabs.o)
 .debug_frame   0x00002414       0x20 c:/program files (x86)/cypress/psoc creator/3.3/psoc creator/import/gnu/arm/4.9.3/bin/../lib/gcc/arm-none-eabi/4.9.3/../../../../arm-none-eabi/lib/armv6-m\libm.a(lib_a-s_finite.o)
 .debug_frame   0x00002434       0x2c c:/program files (x86)/cypress/psoc creator/3.3/psoc creator/import/gnu/arm/4.9.3/bin/../lib/gcc/arm-none-eabi/4.9.3/../../../../arm-none-eabi/lib/armv6-m\libm.a(lib_a-s_fpclassify.o)
 .debug_frame   0x00002460       0x20 c:/program files (x86)/cypress/psoc creator/3.3/psoc creator/import/gnu/arm/4.9.3/bin/../lib/gcc/arm-none-eabi/4.9.3/../../../../arm-none-eabi/lib/armv6-m\libm.a(lib_a-s_matherr.o)
 .debug_frame   0x00002480       0x20 c:/program files (x86)/cypress/psoc creator/3.3/psoc creator/import/gnu/arm/4.9.3/bin/../lib/gcc/arm-none-eabi/4.9.3/../../../../arm-none-eabi/lib/armv6-m\libm.a(lib_a-s_nan.o)
 .debug_frame   0x000024a0       0x38 c:/program files (x86)/cypress/psoc creator/3.3/psoc creator/import/gnu/arm/4.9.3/bin/../lib/gcc/arm-none-eabi/4.9.3/../../../../arm-none-eabi/lib/armv6-m\libm.a(lib_a-s_rint.o)
 .debug_frame   0x000024d8       0x30 c:/program files (x86)/cypress/psoc creator/3.3/psoc creator/import/gnu/arm/4.9.3/bin/../lib/gcc/arm-none-eabi/4.9.3/../../../../arm-none-eabi/lib/armv6-m\libm.a(lib_a-s_scalbn.o)
 .debug_frame   0x00002508       0x2c c:/program files (x86)/cypress/psoc creator/3.3/psoc creator/import/gnu/arm/4.9.3/bin/../lib/gcc/arm-none-eabi/4.9.3/../../../../arm-none-eabi/lib/armv6-m\libm.a(lib_a-s_copysign.o)
 .debug_frame   0x00002534       0x20 c:/program files (x86)/cypress/psoc creator/3.3/psoc creator/import/gnu/arm/4.9.3/bin/../lib/gcc/arm-none-eabi/4.9.3/armv6-m\libgcc.a(_udivsi3.o)
 .debug_frame   0x00002554       0x20 c:/program files (x86)/cypress/psoc creator/3.3/psoc creator/import/gnu/arm/4.9.3/bin/../lib/gcc/arm-none-eabi/4.9.3/armv6-m\libgcc.a(_divsi3.o)
 .debug_frame   0x00002574       0x34 c:/program files (x86)/cypress/psoc creator/3.3/psoc creator/import/gnu/arm/4.9.3/bin/../lib/gcc/arm-none-eabi/4.9.3/armv6-m\libgcc.a(_muldi3.o)
 .debug_frame   0x000025a8       0x28 c:/program files (x86)/cypress/psoc creator/3.3/psoc creator/import/gnu/arm/4.9.3/bin/../lib/gcc/arm-none-eabi/4.9.3/armv6-m\libgcc.a(_fixunssfsi.o)
 .debug_frame   0x000025d0       0x50 c:/program files (x86)/cypress/psoc creator/3.3/psoc creator/import/gnu/arm/4.9.3/bin/../lib/gcc/arm-none-eabi/4.9.3/armv6-m\libgcc.a(bpabi.o)
 .debug_frame   0x00002620       0x3c c:/program files (x86)/cypress/psoc creator/3.3/psoc creator/import/gnu/arm/4.9.3/bin/../lib/gcc/arm-none-eabi/4.9.3/armv6-m\libgcc.a(divsf3.o)
 .debug_frame   0x0000265c       0x3c c:/program files (x86)/cypress/psoc creator/3.3/psoc creator/import/gnu/arm/4.9.3/bin/../lib/gcc/arm-none-eabi/4.9.3/armv6-m\libgcc.a(mulsf3.o)
 .debug_frame   0x00002698       0x30 c:/program files (x86)/cypress/psoc creator/3.3/psoc creator/import/gnu/arm/4.9.3/bin/../lib/gcc/arm-none-eabi/4.9.3/armv6-m\libgcc.a(subsf3.o)
 .debug_frame   0x000026c8       0x20 c:/program files (x86)/cypress/psoc creator/3.3/psoc creator/import/gnu/arm/4.9.3/bin/../lib/gcc/arm-none-eabi/4.9.3/armv6-m\libgcc.a(fixsfsi.o)
 .debug_frame   0x000026e8       0x2c c:/program files (x86)/cypress/psoc creator/3.3/psoc creator/import/gnu/arm/4.9.3/bin/../lib/gcc/arm-none-eabi/4.9.3/armv6-m\libgcc.a(floatsisf.o)
 .debug_frame   0x00002714       0x38 c:/program files (x86)/cypress/psoc creator/3.3/psoc creator/import/gnu/arm/4.9.3/bin/../lib/gcc/arm-none-eabi/4.9.3/armv6-m\libgcc.a(adddf3.o)
 .debug_frame   0x0000274c       0x3c c:/program files (x86)/cypress/psoc creator/3.3/psoc creator/import/gnu/arm/4.9.3/bin/../lib/gcc/arm-none-eabi/4.9.3/armv6-m\libgcc.a(divdf3.o)
 .debug_frame   0x00002788       0x38 c:/program files (x86)/cypress/psoc creator/3.3/psoc creator/import/gnu/arm/4.9.3/bin/../lib/gcc/arm-none-eabi/4.9.3/armv6-m\libgcc.a(eqdf2.o)
 .debug_frame   0x000027c0       0x38 c:/program files (x86)/cypress/psoc creator/3.3/psoc creator/import/gnu/arm/4.9.3/bin/../lib/gcc/arm-none-eabi/4.9.3/armv6-m\libgcc.a(gedf2.o)
 .debug_frame   0x000027f8       0x38 c:/program files (x86)/cypress/psoc creator/3.3/psoc creator/import/gnu/arm/4.9.3/bin/../lib/gcc/arm-none-eabi/4.9.3/armv6-m\libgcc.a(ledf2.o)
 .debug_frame   0x00002830       0x3c c:/program files (x86)/cypress/psoc creator/3.3/psoc creator/import/gnu/arm/4.9.3/bin/../lib/gcc/arm-none-eabi/4.9.3/armv6-m\libgcc.a(muldf3.o)
 .debug_frame   0x0000286c       0x3c c:/program files (x86)/cypress/psoc creator/3.3/psoc creator/import/gnu/arm/4.9.3/bin/../lib/gcc/arm-none-eabi/4.9.3/armv6-m\libgcc.a(subdf3.o)
 .debug_frame   0x000028a8       0x2c c:/program files (x86)/cypress/psoc creator/3.3/psoc creator/import/gnu/arm/4.9.3/bin/../lib/gcc/arm-none-eabi/4.9.3/armv6-m\libgcc.a(fixdfsi.o)
 .debug_frame   0x000028d4       0x2c c:/program files (x86)/cypress/psoc creator/3.3/psoc creator/import/gnu/arm/4.9.3/bin/../lib/gcc/arm-none-eabi/4.9.3/armv6-m\libgcc.a(floatsidf.o)
 .debug_frame   0x00002900       0x2c c:/program files (x86)/cypress/psoc creator/3.3/psoc creator/import/gnu/arm/4.9.3/bin/../lib/gcc/arm-none-eabi/4.9.3/armv6-m\libgcc.a(extendsfdf2.o)
 .debug_frame   0x0000292c       0x2c c:/program files (x86)/cypress/psoc creator/3.3/psoc creator/import/gnu/arm/4.9.3/bin/../lib/gcc/arm-none-eabi/4.9.3/armv6-m\libgcc.a(truncdfsf2.o)