ARM GAS  C:\Users\Tim\AppData\Local\Temp\ccHqlnla.s 			page 1


   1              		.cpu cortex-m0
   2              		.fpu softvfp
   3              		.eabi_attribute 20, 1
   4              		.eabi_attribute 21, 1
   5              		.eabi_attribute 23, 3
   6              		.eabi_attribute 24, 1
   7              		.eabi_attribute 25, 1
   8              		.eabi_attribute 26, 1
   9              		.eabi_attribute 30, 1
  10              		.eabi_attribute 34, 0
  11              		.eabi_attribute 18, 4
  12              		.code	16
  13              		.file	"cyfitter_cfg.c"
  14              		.text
  15              	.Ltext0:
  16              		.cfi_sections	.debug_frame
  17              		.section	.text.AnalogSetDefault,"ax",%progbits
  18              		.align	2
  19              		.code	16
  20              		.thumb_func
  21              		.type	AnalogSetDefault, %function
  22              	AnalogSetDefault:
  23              	.LFB5:
  24              		.file 1 ".\\Generated_Source\\PSoC4\\cyfitter_cfg.c"
   1:.\Generated_Source\PSoC4/cyfitter_cfg.c **** /*******************************************************************************
   2:.\Generated_Source\PSoC4/cyfitter_cfg.c **** * File Name: cyfitter_cfg.c
   3:.\Generated_Source\PSoC4/cyfitter_cfg.c **** * 
   4:.\Generated_Source\PSoC4/cyfitter_cfg.c **** * PSoC Creator  3.3 CP2
   5:.\Generated_Source\PSoC4/cyfitter_cfg.c **** *
   6:.\Generated_Source\PSoC4/cyfitter_cfg.c **** * Description:
   7:.\Generated_Source\PSoC4/cyfitter_cfg.c **** * This file contains device initialization code.
   8:.\Generated_Source\PSoC4/cyfitter_cfg.c **** * Except for the user defined sections in CyClockStartupError(), this file should not be modified.
   9:.\Generated_Source\PSoC4/cyfitter_cfg.c **** * This file is automatically generated by PSoC Creator.
  10:.\Generated_Source\PSoC4/cyfitter_cfg.c **** *
  11:.\Generated_Source\PSoC4/cyfitter_cfg.c **** ********************************************************************************
  12:.\Generated_Source\PSoC4/cyfitter_cfg.c **** * Copyright (c) 2007-2015 Cypress Semiconductor.  All rights reserved.
  13:.\Generated_Source\PSoC4/cyfitter_cfg.c **** * You may use this file only in accordance with the license, terms, conditions, 
  14:.\Generated_Source\PSoC4/cyfitter_cfg.c **** * disclaimers, and limitations in the end user license agreement accompanying 
  15:.\Generated_Source\PSoC4/cyfitter_cfg.c **** * the software package with which this file was provided.
  16:.\Generated_Source\PSoC4/cyfitter_cfg.c **** ********************************************************************************/
  17:.\Generated_Source\PSoC4/cyfitter_cfg.c **** 
  18:.\Generated_Source\PSoC4/cyfitter_cfg.c **** #include <string.h>
  19:.\Generated_Source\PSoC4/cyfitter_cfg.c **** #include "cytypes.h"
  20:.\Generated_Source\PSoC4/cyfitter_cfg.c **** #include "cydevice_trm.h"
  21:.\Generated_Source\PSoC4/cyfitter_cfg.c **** #include "cyfitter.h"
  22:.\Generated_Source\PSoC4/cyfitter_cfg.c **** #include "CyLib.h"
  23:.\Generated_Source\PSoC4/cyfitter_cfg.c **** #include "CyLFClk.h"
  24:.\Generated_Source\PSoC4/cyfitter_cfg.c **** #include "cyfitter_cfg.h"
  25:.\Generated_Source\PSoC4/cyfitter_cfg.c **** 
  26:.\Generated_Source\PSoC4/cyfitter_cfg.c **** 
  27:.\Generated_Source\PSoC4/cyfitter_cfg.c **** #if defined(__GNUC__) || defined(__ARMCC_VERSION)
  28:.\Generated_Source\PSoC4/cyfitter_cfg.c ****     #define CYPACKED 
  29:.\Generated_Source\PSoC4/cyfitter_cfg.c ****     #define CYPACKED_ATTR __attribute__ ((packed))
  30:.\Generated_Source\PSoC4/cyfitter_cfg.c ****     #define CYALIGNED __attribute__ ((aligned))
  31:.\Generated_Source\PSoC4/cyfitter_cfg.c ****     #define CY_CFG_UNUSED __attribute__ ((unused))
  32:.\Generated_Source\PSoC4/cyfitter_cfg.c ****     #ifndef CY_CFG_SECTION
  33:.\Generated_Source\PSoC4/cyfitter_cfg.c ****         #define CY_CFG_SECTION __attribute__ ((section(".psocinit")))
ARM GAS  C:\Users\Tim\AppData\Local\Temp\ccHqlnla.s 			page 2


  34:.\Generated_Source\PSoC4/cyfitter_cfg.c ****     #endif
  35:.\Generated_Source\PSoC4/cyfitter_cfg.c ****     
  36:.\Generated_Source\PSoC4/cyfitter_cfg.c ****     #if defined(__ARMCC_VERSION)
  37:.\Generated_Source\PSoC4/cyfitter_cfg.c ****         #define CY_CFG_MEMORY_BARRIER() __memory_changed()
  38:.\Generated_Source\PSoC4/cyfitter_cfg.c ****     #else
  39:.\Generated_Source\PSoC4/cyfitter_cfg.c ****         #define CY_CFG_MEMORY_BARRIER() __sync_synchronize()
  40:.\Generated_Source\PSoC4/cyfitter_cfg.c ****     #endif
  41:.\Generated_Source\PSoC4/cyfitter_cfg.c ****     
  42:.\Generated_Source\PSoC4/cyfitter_cfg.c **** #elif defined(__ICCARM__)
  43:.\Generated_Source\PSoC4/cyfitter_cfg.c ****     #include <intrinsics.h>
  44:.\Generated_Source\PSoC4/cyfitter_cfg.c **** 
  45:.\Generated_Source\PSoC4/cyfitter_cfg.c ****     #define CYPACKED __packed
  46:.\Generated_Source\PSoC4/cyfitter_cfg.c ****     #define CYPACKED_ATTR 
  47:.\Generated_Source\PSoC4/cyfitter_cfg.c ****     #define CYALIGNED _Pragma("data_alignment=4")
  48:.\Generated_Source\PSoC4/cyfitter_cfg.c ****     #define CY_CFG_UNUSED _Pragma("diag_suppress=Pe177")
  49:.\Generated_Source\PSoC4/cyfitter_cfg.c ****     #define CY_CFG_SECTION _Pragma("location=\".psocinit\"")
  50:.\Generated_Source\PSoC4/cyfitter_cfg.c ****     
  51:.\Generated_Source\PSoC4/cyfitter_cfg.c ****     #define CY_CFG_MEMORY_BARRIER() __DMB()
  52:.\Generated_Source\PSoC4/cyfitter_cfg.c ****     
  53:.\Generated_Source\PSoC4/cyfitter_cfg.c **** #else
  54:.\Generated_Source\PSoC4/cyfitter_cfg.c ****     #error Unsupported toolchain
  55:.\Generated_Source\PSoC4/cyfitter_cfg.c **** #endif
  56:.\Generated_Source\PSoC4/cyfitter_cfg.c **** 
  57:.\Generated_Source\PSoC4/cyfitter_cfg.c **** 
  58:.\Generated_Source\PSoC4/cyfitter_cfg.c **** CY_CFG_UNUSED
  59:.\Generated_Source\PSoC4/cyfitter_cfg.c **** static void CYMEMZERO(void *s, size_t n);
  60:.\Generated_Source\PSoC4/cyfitter_cfg.c **** CY_CFG_UNUSED
  61:.\Generated_Source\PSoC4/cyfitter_cfg.c **** static void CYMEMZERO(void *s, size_t n)
  62:.\Generated_Source\PSoC4/cyfitter_cfg.c **** {
  63:.\Generated_Source\PSoC4/cyfitter_cfg.c **** 	(void)memset(s, 0, n);
  64:.\Generated_Source\PSoC4/cyfitter_cfg.c **** }
  65:.\Generated_Source\PSoC4/cyfitter_cfg.c **** CY_CFG_UNUSED
  66:.\Generated_Source\PSoC4/cyfitter_cfg.c **** static void CYCONFIGCPY(void *dest, const void *src, size_t n);
  67:.\Generated_Source\PSoC4/cyfitter_cfg.c **** CY_CFG_UNUSED
  68:.\Generated_Source\PSoC4/cyfitter_cfg.c **** static void CYCONFIGCPY(void *dest, const void *src, size_t n)
  69:.\Generated_Source\PSoC4/cyfitter_cfg.c **** {
  70:.\Generated_Source\PSoC4/cyfitter_cfg.c **** 	(void)memcpy(dest, src, n);
  71:.\Generated_Source\PSoC4/cyfitter_cfg.c **** }
  72:.\Generated_Source\PSoC4/cyfitter_cfg.c **** CY_CFG_UNUSED
  73:.\Generated_Source\PSoC4/cyfitter_cfg.c **** static void CYCONFIGCPYCODE(void *dest, const void *src, size_t n);
  74:.\Generated_Source\PSoC4/cyfitter_cfg.c **** CY_CFG_UNUSED
  75:.\Generated_Source\PSoC4/cyfitter_cfg.c **** static void CYCONFIGCPYCODE(void *dest, const void *src, size_t n)
  76:.\Generated_Source\PSoC4/cyfitter_cfg.c **** {
  77:.\Generated_Source\PSoC4/cyfitter_cfg.c **** 	(void)memcpy(dest, src, n);
  78:.\Generated_Source\PSoC4/cyfitter_cfg.c **** }
  79:.\Generated_Source\PSoC4/cyfitter_cfg.c **** 
  80:.\Generated_Source\PSoC4/cyfitter_cfg.c **** 
  81:.\Generated_Source\PSoC4/cyfitter_cfg.c **** 
  82:.\Generated_Source\PSoC4/cyfitter_cfg.c **** /* Clock startup error codes                                                   */
  83:.\Generated_Source\PSoC4/cyfitter_cfg.c **** #define CYCLOCKSTART_NO_ERROR    0u
  84:.\Generated_Source\PSoC4/cyfitter_cfg.c **** #define CYCLOCKSTART_XTAL_ERROR  1u
  85:.\Generated_Source\PSoC4/cyfitter_cfg.c **** #define CYCLOCKSTART_32KHZ_ERROR 2u
  86:.\Generated_Source\PSoC4/cyfitter_cfg.c **** #define CYCLOCKSTART_PLL_ERROR   3u
  87:.\Generated_Source\PSoC4/cyfitter_cfg.c **** 
  88:.\Generated_Source\PSoC4/cyfitter_cfg.c **** #ifdef CY_NEED_CYCLOCKSTARTUPERROR
  89:.\Generated_Source\PSoC4/cyfitter_cfg.c **** /*******************************************************************************
  90:.\Generated_Source\PSoC4/cyfitter_cfg.c **** * Function Name: CyClockStartupError
ARM GAS  C:\Users\Tim\AppData\Local\Temp\ccHqlnla.s 			page 3


  91:.\Generated_Source\PSoC4/cyfitter_cfg.c **** ********************************************************************************
  92:.\Generated_Source\PSoC4/cyfitter_cfg.c **** * Summary:
  93:.\Generated_Source\PSoC4/cyfitter_cfg.c **** *  If an error is encountered during clock configuration (crystal startup error,
  94:.\Generated_Source\PSoC4/cyfitter_cfg.c **** *  PLL lock error, etc.), the system will end up here.  Unless reimplemented by
  95:.\Generated_Source\PSoC4/cyfitter_cfg.c **** *  the customer, this function will stop in an infinite loop.
  96:.\Generated_Source\PSoC4/cyfitter_cfg.c **** *
  97:.\Generated_Source\PSoC4/cyfitter_cfg.c **** * Parameters:
  98:.\Generated_Source\PSoC4/cyfitter_cfg.c **** *   void
  99:.\Generated_Source\PSoC4/cyfitter_cfg.c **** *
 100:.\Generated_Source\PSoC4/cyfitter_cfg.c **** * Return:
 101:.\Generated_Source\PSoC4/cyfitter_cfg.c **** *   void
 102:.\Generated_Source\PSoC4/cyfitter_cfg.c **** *
 103:.\Generated_Source\PSoC4/cyfitter_cfg.c **** *******************************************************************************/
 104:.\Generated_Source\PSoC4/cyfitter_cfg.c **** CY_CFG_UNUSED
 105:.\Generated_Source\PSoC4/cyfitter_cfg.c **** static void CyClockStartupError(uint8 errorCode);
 106:.\Generated_Source\PSoC4/cyfitter_cfg.c **** CY_CFG_UNUSED
 107:.\Generated_Source\PSoC4/cyfitter_cfg.c **** static void CyClockStartupError(uint8 errorCode)
 108:.\Generated_Source\PSoC4/cyfitter_cfg.c **** {
 109:.\Generated_Source\PSoC4/cyfitter_cfg.c ****     /* To remove the compiler warning if errorCode not used.                */
 110:.\Generated_Source\PSoC4/cyfitter_cfg.c ****     errorCode = errorCode;
 111:.\Generated_Source\PSoC4/cyfitter_cfg.c **** 
 112:.\Generated_Source\PSoC4/cyfitter_cfg.c ****     /* `#START CyClockStartupError` */
 113:.\Generated_Source\PSoC4/cyfitter_cfg.c **** 
 114:.\Generated_Source\PSoC4/cyfitter_cfg.c ****     /* If we have a clock startup error (bad MHz crystal, PLL lock, etc.),  */
 115:.\Generated_Source\PSoC4/cyfitter_cfg.c ****     /* we will end up here to allow the customer to implement something to  */
 116:.\Generated_Source\PSoC4/cyfitter_cfg.c ****     /* deal with the clock condition.                                       */
 117:.\Generated_Source\PSoC4/cyfitter_cfg.c **** 
 118:.\Generated_Source\PSoC4/cyfitter_cfg.c ****     /* `#END` */
 119:.\Generated_Source\PSoC4/cyfitter_cfg.c **** 
 120:.\Generated_Source\PSoC4/cyfitter_cfg.c ****     /* If nothing else, stop here since the clocks have not started         */
 121:.\Generated_Source\PSoC4/cyfitter_cfg.c ****     /* correctly.                                                           */
 122:.\Generated_Source\PSoC4/cyfitter_cfg.c ****     while(1) {}
 123:.\Generated_Source\PSoC4/cyfitter_cfg.c **** }
 124:.\Generated_Source\PSoC4/cyfitter_cfg.c **** #endif
 125:.\Generated_Source\PSoC4/cyfitter_cfg.c **** 
 126:.\Generated_Source\PSoC4/cyfitter_cfg.c **** 
 127:.\Generated_Source\PSoC4/cyfitter_cfg.c **** 
 128:.\Generated_Source\PSoC4/cyfitter_cfg.c **** /*******************************************************************************
 129:.\Generated_Source\PSoC4/cyfitter_cfg.c **** * Function Name: ClockSetup
 130:.\Generated_Source\PSoC4/cyfitter_cfg.c **** ********************************************************************************
 131:.\Generated_Source\PSoC4/cyfitter_cfg.c **** *
 132:.\Generated_Source\PSoC4/cyfitter_cfg.c **** * Summary:
 133:.\Generated_Source\PSoC4/cyfitter_cfg.c **** *   Performs the initialization of all of the clocks in the device based on the
 134:.\Generated_Source\PSoC4/cyfitter_cfg.c **** *   settings in the Clock tab of the DWR.  This includes enabling the requested
 135:.\Generated_Source\PSoC4/cyfitter_cfg.c **** *   clocks and setting the necessary dividers to produce the desired frequency. 
 136:.\Generated_Source\PSoC4/cyfitter_cfg.c **** *
 137:.\Generated_Source\PSoC4/cyfitter_cfg.c **** * Parameters:
 138:.\Generated_Source\PSoC4/cyfitter_cfg.c **** *   void
 139:.\Generated_Source\PSoC4/cyfitter_cfg.c **** *
 140:.\Generated_Source\PSoC4/cyfitter_cfg.c **** * Return:
 141:.\Generated_Source\PSoC4/cyfitter_cfg.c **** *   void
 142:.\Generated_Source\PSoC4/cyfitter_cfg.c **** *
 143:.\Generated_Source\PSoC4/cyfitter_cfg.c **** *******************************************************************************/
 144:.\Generated_Source\PSoC4/cyfitter_cfg.c **** static void ClockSetup(void);
 145:.\Generated_Source\PSoC4/cyfitter_cfg.c **** CY_CFG_SECTION
 146:.\Generated_Source\PSoC4/cyfitter_cfg.c **** static void ClockSetup(void)
 147:.\Generated_Source\PSoC4/cyfitter_cfg.c **** {
ARM GAS  C:\Users\Tim\AppData\Local\Temp\ccHqlnla.s 			page 4


 148:.\Generated_Source\PSoC4/cyfitter_cfg.c **** 
 149:.\Generated_Source\PSoC4/cyfitter_cfg.c **** 	/* Set Flash Cycles based on max possible frequency in case a glitch occurs during ClockSetup(). *
 150:.\Generated_Source\PSoC4/cyfitter_cfg.c **** 	CY_SET_REG32((void CYXDATA *)(CYREG_CPUSS_FLASH_CTL), (0x0012u));
 151:.\Generated_Source\PSoC4/cyfitter_cfg.c **** 	/* Setup and trim IMO based on desired frequency. */
 152:.\Generated_Source\PSoC4/cyfitter_cfg.c **** 	CySysClkWriteImoFreq(48u);
 153:.\Generated_Source\PSoC4/cyfitter_cfg.c **** 	/* CYDEV_CLK_ILO_CONFIG Starting address: CYDEV_CLK_ILO_CONFIG */
 154:.\Generated_Source\PSoC4/cyfitter_cfg.c **** 	CY_SET_XTND_REG32((void CYFAR *)(CYREG_CLK_ILO_CONFIG), 0x80000006u);
 155:.\Generated_Source\PSoC4/cyfitter_cfg.c **** 
 156:.\Generated_Source\PSoC4/cyfitter_cfg.c **** 
 157:.\Generated_Source\PSoC4/cyfitter_cfg.c **** 	/* Setup phase aligned clocks */
 158:.\Generated_Source\PSoC4/cyfitter_cfg.c **** 	CY_SET_REG32((void *)CYREG_PERI_DIV_16_CTL1, 0x00000200u);
 159:.\Generated_Source\PSoC4/cyfitter_cfg.c **** 	CY_SET_REG32((void *)CYREG_PERI_DIV_CMD, 0x8000FF41u);
 160:.\Generated_Source\PSoC4/cyfitter_cfg.c **** 	CY_SET_REG32((void *)CYREG_PERI_DIV_16_CTL0, 0x00000100u);
 161:.\Generated_Source\PSoC4/cyfitter_cfg.c **** 	CY_SET_REG32((void *)CYREG_PERI_DIV_CMD, 0x8000FF40u);
 162:.\Generated_Source\PSoC4/cyfitter_cfg.c **** 
 163:.\Generated_Source\PSoC4/cyfitter_cfg.c **** 	/* CYDEV_CLK_IMO_CONFIG Starting address: CYDEV_CLK_IMO_CONFIG */
 164:.\Generated_Source\PSoC4/cyfitter_cfg.c **** 	CY_SET_XTND_REG32((void CYFAR *)(CYREG_CLK_IMO_CONFIG), 0x80000000u);
 165:.\Generated_Source\PSoC4/cyfitter_cfg.c **** 
 166:.\Generated_Source\PSoC4/cyfitter_cfg.c **** 	/* CYDEV_CLK_SELECT Starting address: CYDEV_CLK_SELECT */
 167:.\Generated_Source\PSoC4/cyfitter_cfg.c **** 	CY_SET_XTND_REG32((void CYFAR *)(CYREG_CLK_SELECT), 0x00040000u);
 168:.\Generated_Source\PSoC4/cyfitter_cfg.c **** 
 169:.\Generated_Source\PSoC4/cyfitter_cfg.c **** 	/* CYDEV_PERI_PCLK_CTL5 Starting address: CYDEV_PERI_PCLK_CTL5 */
 170:.\Generated_Source\PSoC4/cyfitter_cfg.c **** 	CY_SET_XTND_REG32((void CYFAR *)(CYREG_PERI_PCLK_CTL5), 0x00000041u);
 171:.\Generated_Source\PSoC4/cyfitter_cfg.c **** 
 172:.\Generated_Source\PSoC4/cyfitter_cfg.c **** 	/* CYDEV_PERI_PCLK_CTL2 Starting address: CYDEV_PERI_PCLK_CTL2 */
 173:.\Generated_Source\PSoC4/cyfitter_cfg.c **** 	CY_SET_XTND_REG32((void CYFAR *)(CYREG_PERI_PCLK_CTL2), 0x00000040u);
 174:.\Generated_Source\PSoC4/cyfitter_cfg.c **** 
 175:.\Generated_Source\PSoC4/cyfitter_cfg.c **** 	(void)CyIntSetVector(7u, &CySysWdtIsr);
 176:.\Generated_Source\PSoC4/cyfitter_cfg.c **** 	CyIntEnable(7u);
 177:.\Generated_Source\PSoC4/cyfitter_cfg.c **** 	CY_SET_XTND_REG32((void CYFAR *)(CYREG_WDT_CONFIG), 0x00000000u);
 178:.\Generated_Source\PSoC4/cyfitter_cfg.c **** }
 179:.\Generated_Source\PSoC4/cyfitter_cfg.c **** 
 180:.\Generated_Source\PSoC4/cyfitter_cfg.c **** 
 181:.\Generated_Source\PSoC4/cyfitter_cfg.c **** /* Analog API Functions */
 182:.\Generated_Source\PSoC4/cyfitter_cfg.c **** 
 183:.\Generated_Source\PSoC4/cyfitter_cfg.c **** 
 184:.\Generated_Source\PSoC4/cyfitter_cfg.c **** /*******************************************************************************
 185:.\Generated_Source\PSoC4/cyfitter_cfg.c **** * Function Name: AnalogSetDefault
 186:.\Generated_Source\PSoC4/cyfitter_cfg.c **** ********************************************************************************
 187:.\Generated_Source\PSoC4/cyfitter_cfg.c **** *
 188:.\Generated_Source\PSoC4/cyfitter_cfg.c **** * Summary:
 189:.\Generated_Source\PSoC4/cyfitter_cfg.c **** *  Sets up the analog portions of the chip to default values based on chip
 190:.\Generated_Source\PSoC4/cyfitter_cfg.c **** *  configuration options from the project.
 191:.\Generated_Source\PSoC4/cyfitter_cfg.c **** *
 192:.\Generated_Source\PSoC4/cyfitter_cfg.c **** * Parameters:
 193:.\Generated_Source\PSoC4/cyfitter_cfg.c **** *  void
 194:.\Generated_Source\PSoC4/cyfitter_cfg.c **** *
 195:.\Generated_Source\PSoC4/cyfitter_cfg.c **** * Return:
 196:.\Generated_Source\PSoC4/cyfitter_cfg.c **** *  void
 197:.\Generated_Source\PSoC4/cyfitter_cfg.c **** *
 198:.\Generated_Source\PSoC4/cyfitter_cfg.c **** *******************************************************************************/
 199:.\Generated_Source\PSoC4/cyfitter_cfg.c **** static void AnalogSetDefault(void);
 200:.\Generated_Source\PSoC4/cyfitter_cfg.c **** static void AnalogSetDefault(void)
 201:.\Generated_Source\PSoC4/cyfitter_cfg.c **** {
  25              		.loc 1 201 0
  26              		.cfi_startproc
 202:.\Generated_Source\PSoC4/cyfitter_cfg.c **** 	CY_SET_XTND_REG32((void CYFAR *)CYREG_CTBM0_DFT_CTRL, 0x00000003u);
ARM GAS  C:\Users\Tim\AppData\Local\Temp\ccHqlnla.s 			page 5


  27              		.loc 1 202 0
  28 0000 0323     		mov	r3, #3
  29 0002 044A     		ldr	r2, .L2
  30 0004 1360     		str	r3, [r2]
 203:.\Generated_Source\PSoC4/cyfitter_cfg.c **** 	CY_SET_XTND_REG32((void CYFAR *)CYREG_CTBM1_DFT_CTRL, 0x00000003u);
  31              		.loc 1 203 0
  32 0006 044A     		ldr	r2, .L2+4
  33 0008 1360     		str	r3, [r2]
 204:.\Generated_Source\PSoC4/cyfitter_cfg.c **** 	CY_SET_XTND_REG32((void CYFAR *)CYREG_PASS_DSAB_DSAB_CTRL, 0x00000000u);
  34              		.loc 1 204 0
  35 000a 0022     		mov	r2, #0
  36 000c 034B     		ldr	r3, .L2+8
  37 000e 1A60     		str	r2, [r3]
 205:.\Generated_Source\PSoC4/cyfitter_cfg.c **** }
  38              		.loc 1 205 0
  39              		@ sp needed
  40 0010 7047     		bx	lr
  41              	.L3:
  42 0012 C046     		.align	2
  43              	.L2:
  44 0014 30003040 		.word	1076887600
  45 0018 30003140 		.word	1076953136
  46 001c 000E3F40 		.word	1077874176
  47              		.cfi_endproc
  48              	.LFE5:
  49              		.size	AnalogSetDefault, .-AnalogSetDefault
  50              		.section	.text.CYMEMZERO,"ax",%progbits
  51              		.align	2
  52              		.code	16
  53              		.thumb_func
  54              		.type	CYMEMZERO, %function
  55              	CYMEMZERO:
  56              	.LFB1:
  62:.\Generated_Source\PSoC4/cyfitter_cfg.c **** 	(void)memset(s, 0, n);
  57              		.loc 1 62 0
  58              		.cfi_startproc
  59              	.LVL0:
  60 0000 08B5     		push	{r3, lr}
  61              		.cfi_def_cfa_offset 8
  62              		.cfi_offset 3, -8
  63              		.cfi_offset 14, -4
  64 0002 0A1C     		mov	r2, r1
  63:.\Generated_Source\PSoC4/cyfitter_cfg.c **** }
  65              		.loc 1 63 0
  66 0004 0021     		mov	r1, #0
  67              	.LVL1:
  68 0006 FFF7FEFF 		bl	memset
  69              	.LVL2:
  64:.\Generated_Source\PSoC4/cyfitter_cfg.c **** CY_CFG_UNUSED
  70              		.loc 1 64 0
  71              		@ sp needed
  72 000a 08BD     		pop	{r3, pc}
  73              		.cfi_endproc
  74              	.LFE1:
  75              		.size	CYMEMZERO, .-CYMEMZERO
  76              		.section	.psocinit,"ax",%progbits
  77              		.align	2
ARM GAS  C:\Users\Tim\AppData\Local\Temp\ccHqlnla.s 			page 6


  78              		.code	16
  79              		.thumb_func
  80              		.type	ClockSetup, %function
  81              	ClockSetup:
  82              	.LFB4:
 147:.\Generated_Source\PSoC4/cyfitter_cfg.c **** 
  83              		.loc 1 147 0
  84              		.cfi_startproc
  85 0000 08B5     		push	{r3, lr}
  86              		.cfi_def_cfa_offset 8
  87              		.cfi_offset 3, -8
  88              		.cfi_offset 14, -4
 150:.\Generated_Source\PSoC4/cyfitter_cfg.c **** 	/* Setup and trim IMO based on desired frequency. */
  89              		.loc 1 150 0
  90 0002 1222     		mov	r2, #18
  91 0004 164B     		ldr	r3, .L6
  92 0006 1A60     		str	r2, [r3]
 152:.\Generated_Source\PSoC4/cyfitter_cfg.c **** 	/* CYDEV_CLK_ILO_CONFIG Starting address: CYDEV_CLK_ILO_CONFIG */
  93              		.loc 1 152 0
  94 0008 3020     		mov	r0, #48
  95 000a FFF7FEFF 		bl	CySysClkWriteImoFreq
  96              	.LVL3:
 154:.\Generated_Source\PSoC4/cyfitter_cfg.c **** 
  97              		.loc 1 154 0
  98 000e 154A     		ldr	r2, .L6+4
  99 0010 154B     		ldr	r3, .L6+8
 100 0012 1A60     		str	r2, [r3]
 158:.\Generated_Source\PSoC4/cyfitter_cfg.c **** 	CY_SET_REG32((void *)CYREG_PERI_DIV_CMD, 0x8000FF41u);
 101              		.loc 1 158 0
 102 0014 8022     		mov	r2, #128
 103 0016 9200     		lsl	r2, r2, #2
 104 0018 144B     		ldr	r3, .L6+12
 105 001a 1A60     		str	r2, [r3]
 159:.\Generated_Source\PSoC4/cyfitter_cfg.c **** 	CY_SET_REG32((void *)CYREG_PERI_DIV_16_CTL0, 0x00000100u);
 106              		.loc 1 159 0
 107 001c 144B     		ldr	r3, .L6+16
 108 001e 154A     		ldr	r2, .L6+20
 109 0020 1A60     		str	r2, [r3]
 160:.\Generated_Source\PSoC4/cyfitter_cfg.c **** 	CY_SET_REG32((void *)CYREG_PERI_DIV_CMD, 0x8000FF40u);
 110              		.loc 1 160 0
 111 0022 8021     		mov	r1, #128
 112 0024 4900     		lsl	r1, r1, #1
 113 0026 144A     		ldr	r2, .L6+24
 114 0028 1160     		str	r1, [r2]
 161:.\Generated_Source\PSoC4/cyfitter_cfg.c **** 
 115              		.loc 1 161 0
 116 002a 144A     		ldr	r2, .L6+28
 117 002c 1A60     		str	r2, [r3]
 164:.\Generated_Source\PSoC4/cyfitter_cfg.c **** 
 118              		.loc 1 164 0
 119 002e 8022     		mov	r2, #128
 120 0030 1206     		lsl	r2, r2, #24
 121 0032 134B     		ldr	r3, .L6+32
 122 0034 1A60     		str	r2, [r3]
 167:.\Generated_Source\PSoC4/cyfitter_cfg.c **** 
 123              		.loc 1 167 0
 124 0036 8022     		mov	r2, #128
ARM GAS  C:\Users\Tim\AppData\Local\Temp\ccHqlnla.s 			page 7


 125 0038 D202     		lsl	r2, r2, #11
 126 003a 124B     		ldr	r3, .L6+36
 127 003c 1A60     		str	r2, [r3]
 170:.\Generated_Source\PSoC4/cyfitter_cfg.c **** 
 128              		.loc 1 170 0
 129 003e 4122     		mov	r2, #65
 130 0040 114B     		ldr	r3, .L6+40
 131 0042 1A60     		str	r2, [r3]
 173:.\Generated_Source\PSoC4/cyfitter_cfg.c **** 
 132              		.loc 1 173 0
 133 0044 013A     		sub	r2, r2, #1
 134 0046 114B     		ldr	r3, .L6+44
 135 0048 1A60     		str	r2, [r3]
 175:.\Generated_Source\PSoC4/cyfitter_cfg.c **** 	CyIntEnable(7u);
 136              		.loc 1 175 0
 137 004a 0720     		mov	r0, #7
 138 004c 1049     		ldr	r1, .L6+48
 139 004e FFF7FEFF 		bl	CyIntSetVector
 140              	.LVL4:
 176:.\Generated_Source\PSoC4/cyfitter_cfg.c **** 	CY_SET_XTND_REG32((void CYFAR *)(CYREG_WDT_CONFIG), 0x00000000u);
 141              		.loc 1 176 0
 142 0052 0720     		mov	r0, #7
 143 0054 FFF7FEFF 		bl	CyIntEnable
 144              	.LVL5:
 177:.\Generated_Source\PSoC4/cyfitter_cfg.c **** }
 145              		.loc 1 177 0
 146 0058 0022     		mov	r2, #0
 147 005a 0E4B     		ldr	r3, .L6+52
 148 005c 1A60     		str	r2, [r3]
 178:.\Generated_Source\PSoC4/cyfitter_cfg.c **** 
 149              		.loc 1 178 0
 150              		@ sp needed
 151 005e 08BD     		pop	{r3, pc}
 152              	.L7:
 153              		.align	2
 154              	.L6:
 155 0060 30001040 		.word	1074790448
 156 0064 06000080 		.word	-2147483642
 157 0068 04010B40 		.word	1074462980
 158 006c 04030140 		.word	1073808132
 159 0070 00000140 		.word	1073807360
 160 0074 41FF0080 		.word	-2147418303
 161 0078 00030140 		.word	1073808128
 162 007c 40FF0080 		.word	-2147418304
 163 0080 08010B40 		.word	1074462984
 164 0084 00010B40 		.word	1074462976
 165 0088 14010140 		.word	1073807636
 166 008c 08010140 		.word	1073807624
 167 0090 00000000 		.word	CySysWdtIsr
 168 0094 0C020B40 		.word	1074463244
 169              		.cfi_endproc
 170              	.LFE4:
 171              		.size	ClockSetup, .-ClockSetup
 172              		.align	2
 173              		.global	cyfitter_cfg
 174              		.code	16
 175              		.thumb_func
ARM GAS  C:\Users\Tim\AppData\Local\Temp\ccHqlnla.s 			page 8


 176              		.type	cyfitter_cfg, %function
 177              	cyfitter_cfg:
 178              	.LFB6:
 206:.\Generated_Source\PSoC4/cyfitter_cfg.c **** 
 207:.\Generated_Source\PSoC4/cyfitter_cfg.c **** #define CY_AMUX_UNUSED CYREG_CM0_ROM_DWT
 208:.\Generated_Source\PSoC4/cyfitter_cfg.c **** 
 209:.\Generated_Source\PSoC4/cyfitter_cfg.c **** 
 210:.\Generated_Source\PSoC4/cyfitter_cfg.c **** /*******************************************************************************
 211:.\Generated_Source\PSoC4/cyfitter_cfg.c **** * Function Name: cyfitter_cfg
 212:.\Generated_Source\PSoC4/cyfitter_cfg.c **** ********************************************************************************
 213:.\Generated_Source\PSoC4/cyfitter_cfg.c **** * Summary:
 214:.\Generated_Source\PSoC4/cyfitter_cfg.c **** *  This function is called by the start-up code for the selected device. It
 215:.\Generated_Source\PSoC4/cyfitter_cfg.c **** *  performs all of the necessary device configuration based on the design
 216:.\Generated_Source\PSoC4/cyfitter_cfg.c **** *  settings.  This includes settings from the Design Wide Resources (DWR) such
 217:.\Generated_Source\PSoC4/cyfitter_cfg.c **** *  as Clocks and Pins as well as any component configuration that is necessary.
 218:.\Generated_Source\PSoC4/cyfitter_cfg.c **** *
 219:.\Generated_Source\PSoC4/cyfitter_cfg.c **** * Parameters:  
 220:.\Generated_Source\PSoC4/cyfitter_cfg.c **** *   void
 221:.\Generated_Source\PSoC4/cyfitter_cfg.c **** *
 222:.\Generated_Source\PSoC4/cyfitter_cfg.c **** * Return:
 223:.\Generated_Source\PSoC4/cyfitter_cfg.c **** *   void
 224:.\Generated_Source\PSoC4/cyfitter_cfg.c **** *
 225:.\Generated_Source\PSoC4/cyfitter_cfg.c **** *******************************************************************************/
 226:.\Generated_Source\PSoC4/cyfitter_cfg.c **** CY_CFG_SECTION
 227:.\Generated_Source\PSoC4/cyfitter_cfg.c **** void cyfitter_cfg(void)
 228:.\Generated_Source\PSoC4/cyfitter_cfg.c **** {
 179              		.loc 1 228 0
 180              		.cfi_startproc
 181 0098 10B5     		push	{r4, lr}
 182              		.cfi_def_cfa_offset 8
 183              		.cfi_offset 4, -8
 184              		.cfi_offset 14, -4
 229:.\Generated_Source\PSoC4/cyfitter_cfg.c **** 	/* Disable interrupts by default. Let user enable if/when they want. */
 230:.\Generated_Source\PSoC4/cyfitter_cfg.c **** 	CyGlobalIntDisable;
 185              		.loc 1 230 0
 186              	@ 230 ".\Generated_Source\PSoC4\cyfitter_cfg.c" 1
 187 009a 72B6     		CPSID   i
 188              	@ 0 "" 2
 189              	.LVL6:
 190              		.code	16
 191              	.LBB2:
 231:.\Generated_Source\PSoC4/cyfitter_cfg.c **** 
 232:.\Generated_Source\PSoC4/cyfitter_cfg.c **** 	{
 233:.\Generated_Source\PSoC4/cyfitter_cfg.c **** 
 234:.\Generated_Source\PSoC4/cyfitter_cfg.c **** 		CYPACKED typedef struct {
 235:.\Generated_Source\PSoC4/cyfitter_cfg.c **** 			void CYFAR *address;
 236:.\Generated_Source\PSoC4/cyfitter_cfg.c **** 			uint16 size;
 237:.\Generated_Source\PSoC4/cyfitter_cfg.c **** 		} CYPACKED_ATTR cfg_memset_t;
 238:.\Generated_Source\PSoC4/cyfitter_cfg.c **** 
 239:.\Generated_Source\PSoC4/cyfitter_cfg.c **** 		static const cfg_memset_t CYCODE cfg_memset_list [] = {
 240:.\Generated_Source\PSoC4/cyfitter_cfg.c **** 			/* address, size */
 241:.\Generated_Source\PSoC4/cyfitter_cfg.c **** 			{(void CYFAR *)(CYDEV_UDB_P0_U0_BASE), 1024u},
 242:.\Generated_Source\PSoC4/cyfitter_cfg.c **** 			{(void CYFAR *)(CYDEV_UDB_DSI0_BASE), 1024u},
 243:.\Generated_Source\PSoC4/cyfitter_cfg.c **** 		};
 244:.\Generated_Source\PSoC4/cyfitter_cfg.c **** 
 245:.\Generated_Source\PSoC4/cyfitter_cfg.c **** 		uint8 CYDATA i;
 246:.\Generated_Source\PSoC4/cyfitter_cfg.c **** 
ARM GAS  C:\Users\Tim\AppData\Local\Temp\ccHqlnla.s 			page 9


 247:.\Generated_Source\PSoC4/cyfitter_cfg.c **** 		/* Zero out critical memory blocks before beginning configuration */
 248:.\Generated_Source\PSoC4/cyfitter_cfg.c **** 		for (i = 0u; i < (sizeof(cfg_memset_list)/sizeof(cfg_memset_list[0])); i++)
 192              		.loc 1 248 0
 193 009c 0024     		mov	r4, #0
 194 009e 10E0     		b	.L9
 195              	.LVL7:
 196              	.L10:
 197              	.LBB3:
 249:.\Generated_Source\PSoC4/cyfitter_cfg.c **** 		{
 250:.\Generated_Source\PSoC4/cyfitter_cfg.c **** 			const cfg_memset_t CYCODE * CYDATA ms = &cfg_memset_list[i];
 251:.\Generated_Source\PSoC4/cyfitter_cfg.c **** 			CYMEMZERO(ms->address, (size_t)(uint32)(ms->size));
 198              		.loc 1 251 0 discriminator 3
 199 00a0 2148     		ldr	r0, .L11
 200 00a2 6300     		lsl	r3, r4, #1
 201 00a4 1A19     		add	r2, r3, r4
 202 00a6 5200     		lsl	r2, r2, #1
 203 00a8 8218     		add	r2, r0, r2
 204 00aa 9188     		ldrh	r1, [r2, #4]
 205 00ac 1B19     		add	r3, r3, r4
 206 00ae 5B00     		lsl	r3, r3, #1
 207 00b0 1A5A     		ldrh	r2, [r3, r0]
 208 00b2 C318     		add	r3, r0, r3
 209 00b4 5888     		ldrh	r0, [r3, #2]
 210 00b6 0004     		lsl	r0, r0, #16
 211 00b8 1043     		orr	r0, r2
 212 00ba FFF7FEFF 		bl	CYMEMZERO
 213              	.LVL8:
 214              	.LBE3:
 248:.\Generated_Source\PSoC4/cyfitter_cfg.c **** 		{
 215              		.loc 1 248 0 discriminator 3
 216 00be 0134     		add	r4, r4, #1
 217              	.LVL9:
 218 00c0 E4B2     		uxtb	r4, r4
 219              	.LVL10:
 220              	.L9:
 248:.\Generated_Source\PSoC4/cyfitter_cfg.c **** 		{
 221              		.loc 1 248 0 is_stmt 0 discriminator 1
 222 00c2 012C     		cmp	r4, #1
 223 00c4 ECD9     		bls	.L10
 252:.\Generated_Source\PSoC4/cyfitter_cfg.c **** 		}
 253:.\Generated_Source\PSoC4/cyfitter_cfg.c **** 
 254:.\Generated_Source\PSoC4/cyfitter_cfg.c **** 		/* HSIOM Starting address: CYDEV_HSIOM_BASE */
 255:.\Generated_Source\PSoC4/cyfitter_cfg.c **** 		CY_SET_XTND_REG32((void CYFAR *)(CYREG_HSIOM_PORT_SEL3), 0x0000EE00u);
 224              		.loc 1 255 0 is_stmt 1
 225 00c6 EE22     		mov	r2, #238
 226 00c8 1202     		lsl	r2, r2, #8
 227 00ca 184B     		ldr	r3, .L11+4
 228 00cc 1A60     		str	r2, [r3]
 256:.\Generated_Source\PSoC4/cyfitter_cfg.c **** 		CY_SET_XTND_REG32((void CYFAR *)(CYREG_HSIOM_PORT_SEL4), 0x000000EEu);
 229              		.loc 1 256 0
 230 00ce EE23     		mov	r3, #238
 231 00d0 174A     		ldr	r2, .L11+8
 232 00d2 1360     		str	r3, [r2]
 257:.\Generated_Source\PSoC4/cyfitter_cfg.c **** 		CY_SET_XTND_REG32((void CYFAR *)(CYREG_HSIOM_PORT_SEL6), 0x000000EEu);
 233              		.loc 1 257 0
 234 00d4 174A     		ldr	r2, .L11+12
 235 00d6 1360     		str	r3, [r2]
ARM GAS  C:\Users\Tim\AppData\Local\Temp\ccHqlnla.s 			page 10


 258:.\Generated_Source\PSoC4/cyfitter_cfg.c **** 
 259:.\Generated_Source\PSoC4/cyfitter_cfg.c **** 		/* UDB_PA_3 Starting address: CYDEV_UDB_PA3_BASE */
 260:.\Generated_Source\PSoC4/cyfitter_cfg.c **** 		CY_SET_XTND_REG32((void CYFAR *)(CYDEV_UDB_PA3_BASE), 0x00990000u);
 236              		.loc 1 260 0
 237 00d8 9922     		mov	r2, #153
 238 00da 1204     		lsl	r2, r2, #16
 239 00dc 164B     		ldr	r3, .L11+16
 240 00de 1A60     		str	r2, [r3]
 261:.\Generated_Source\PSoC4/cyfitter_cfg.c **** 
 262:.\Generated_Source\PSoC4/cyfitter_cfg.c **** 		/* Enable digital routing */
 263:.\Generated_Source\PSoC4/cyfitter_cfg.c **** 		CY_SET_XTND_REG8((void *)CYREG_UDB_UDBIF_BANK_CTL, CY_GET_XTND_REG8((void *)CYREG_UDB_UDBIF_BANK_
 241              		.loc 1 263 0
 242 00e0 164B     		ldr	r3, .L11+20
 243 00e2 1978     		ldrb	r1, [r3]
 244 00e4 0222     		mov	r2, #2
 245 00e6 0A43     		orr	r2, r1
 246 00e8 1A70     		strb	r2, [r3]
 264:.\Generated_Source\PSoC4/cyfitter_cfg.c **** 
 265:.\Generated_Source\PSoC4/cyfitter_cfg.c **** 		/* Enable UDB array */
 266:.\Generated_Source\PSoC4/cyfitter_cfg.c **** 		CY_SET_XTND_REG8((void *)CYREG_UDB_UDBIF_WAIT_CFG, (uint8)((CY_GET_XTND_REG8((void *)CYREG_UDB_UD
 247              		.loc 1 266 0
 248 00ea 1548     		ldr	r0, .L11+24
 249 00ec 0278     		ldrb	r2, [r0]
 250 00ee 3C21     		mov	r1, #60
 251 00f0 8A43     		bic	r2, r1
 252 00f2 2839     		sub	r1, r1, #40
 253 00f4 0A43     		orr	r2, r1
 254 00f6 0270     		strb	r2, [r0]
 267:.\Generated_Source\PSoC4/cyfitter_cfg.c **** 		CY_SET_XTND_REG8((void *)CYREG_UDB_UDBIF_BANK_CTL, (uint8)(CY_GET_XTND_REG8((void *)CYREG_UDB_UDB
 255              		.loc 1 267 0
 256 00f8 1978     		ldrb	r1, [r3]
 257 00fa 1622     		mov	r2, #22
 258 00fc 0A43     		orr	r2, r1
 259 00fe 1A70     		strb	r2, [r3]
 260              	.LBE2:
 268:.\Generated_Source\PSoC4/cyfitter_cfg.c **** 	}
 269:.\Generated_Source\PSoC4/cyfitter_cfg.c **** 
 270:.\Generated_Source\PSoC4/cyfitter_cfg.c **** 	/* Perform second pass device configuration. These items must be configured in specific order afte
 271:.\Generated_Source\PSoC4/cyfitter_cfg.c **** 	/* IOPINS0_3 Starting address: CYDEV_GPIO_PRT3_BASE */
 272:.\Generated_Source\PSoC4/cyfitter_cfg.c **** 	CY_SET_XTND_REG32((void CYFAR *)(CYREG_GPIO_PRT3_PC), 0x00000D80u);
 261              		.loc 1 272 0
 262 0100 D822     		mov	r2, #216
 263 0102 1201     		lsl	r2, r2, #4
 264 0104 0F4B     		ldr	r3, .L11+28
 265 0106 1A60     		str	r2, [r3]
 273:.\Generated_Source\PSoC4/cyfitter_cfg.c **** 
 274:.\Generated_Source\PSoC4/cyfitter_cfg.c **** 	/* IOPINS0_4 Starting address: CYDEV_GPIO_PRT4_BASE */
 275:.\Generated_Source\PSoC4/cyfitter_cfg.c **** 	CY_SET_XTND_REG32((void CYFAR *)(CYDEV_GPIO_PRT4_BASE), 0x00000003u);
 266              		.loc 1 275 0
 267 0108 0322     		mov	r2, #3
 268 010a 0F4B     		ldr	r3, .L11+32
 269 010c 1A60     		str	r2, [r3]
 276:.\Generated_Source\PSoC4/cyfitter_cfg.c **** 	CY_SET_XTND_REG32((void CYFAR *)(CYREG_GPIO_PRT4_PC), 0x00000024u);
 270              		.loc 1 276 0
 271 010e 2423     		mov	r3, #36
 272 0110 0E49     		ldr	r1, .L11+36
 273 0112 0B60     		str	r3, [r1]
ARM GAS  C:\Users\Tim\AppData\Local\Temp\ccHqlnla.s 			page 11


 277:.\Generated_Source\PSoC4/cyfitter_cfg.c **** 
 278:.\Generated_Source\PSoC4/cyfitter_cfg.c **** 	/* IOPINS0_6 Starting address: CYDEV_GPIO_PRT6_BASE */
 279:.\Generated_Source\PSoC4/cyfitter_cfg.c **** 	CY_SET_XTND_REG32((void CYFAR *)(CYDEV_GPIO_PRT6_BASE), 0x00000003u);
 274              		.loc 1 279 0
 275 0114 0E49     		ldr	r1, .L11+40
 276 0116 0A60     		str	r2, [r1]
 280:.\Generated_Source\PSoC4/cyfitter_cfg.c **** 	CY_SET_XTND_REG32((void CYFAR *)(CYREG_GPIO_PRT6_PC), 0x00000024u);
 277              		.loc 1 280 0
 278 0118 0E4A     		ldr	r2, .L11+44
 279 011a 1360     		str	r3, [r2]
 281:.\Generated_Source\PSoC4/cyfitter_cfg.c **** 
 282:.\Generated_Source\PSoC4/cyfitter_cfg.c **** 
 283:.\Generated_Source\PSoC4/cyfitter_cfg.c **** 	/* Setup clocks based on selections from Clock DWR */
 284:.\Generated_Source\PSoC4/cyfitter_cfg.c **** 	ClockSetup();
 280              		.loc 1 284 0
 281 011c FFF770FF 		bl	ClockSetup
 282              	.LVL11:
 285:.\Generated_Source\PSoC4/cyfitter_cfg.c **** 
 286:.\Generated_Source\PSoC4/cyfitter_cfg.c **** 	/* Perform basic analog initialization to defaults */
 287:.\Generated_Source\PSoC4/cyfitter_cfg.c **** 	AnalogSetDefault();
 283              		.loc 1 287 0
 284 0120 FFF7FEFF 		bl	AnalogSetDefault
 285              	.LVL12:
 288:.\Generated_Source\PSoC4/cyfitter_cfg.c **** 
 289:.\Generated_Source\PSoC4/cyfitter_cfg.c **** }
 286              		.loc 1 289 0
 287              		@ sp needed
 288              	.LVL13:
 289 0124 10BD     		pop	{r4, pc}
 290              	.L12:
 291 0126 C046     		.align	2
 292              	.L11:
 293 0128 00000000 		.word	.LANCHOR0
 294 012c 00030240 		.word	1073873664
 295 0130 00040240 		.word	1073873920
 296 0134 00060240 		.word	1073874432
 297 0138 30500F40 		.word	1074745392
 298 013c 00700F40 		.word	1074753536
 299 0140 01700F40 		.word	1074753537
 300 0144 08030440 		.word	1074004744
 301 0148 00040440 		.word	1074004992
 302 014c 08040440 		.word	1074005000
 303 0150 00060440 		.word	1074005504
 304 0154 08060440 		.word	1074005512
 305              		.cfi_endproc
 306              	.LFE6:
 307              		.size	cyfitter_cfg, .-cyfitter_cfg
 308              		.section	.rodata
 309              		.align	2
 310              		.set	.LANCHOR0,. + 0
 311              		.type	cfg_memset_list.4746, %object
 312              		.size	cfg_memset_list.4746, 12
 313              	cfg_memset_list.4746:
 314 0000 00300F40 		.word	1074737152
 315 0004 0004     		.short	1024
 316 0006 00400F40 		.4byte	1074741248
 317 000a 0004     		.short	1024
ARM GAS  C:\Users\Tim\AppData\Local\Temp\ccHqlnla.s 			page 12


 318              		.text
 319              	.Letext0:
 320              		.file 2 "c:\\program files (x86)\\cypress\\psoc creator\\3.3\\psoc creator\\import\\gnu\\arm\\4.9.
 321              		.file 3 ".\\Generated_Source\\PSoC4\\cytypes.h"
 322              		.file 4 ".\\Generated_Source\\PSoC4\\CyLib.h"
 323              		.section	.debug_info,"",%progbits
 324              	.Ldebug_info0:
 325 0000 AA020000 		.4byte	0x2aa
 326 0004 0400     		.2byte	0x4
 327 0006 00000000 		.4byte	.Ldebug_abbrev0
 328 000a 04       		.byte	0x4
 329 000b 01       		.uleb128 0x1
 330 000c 5A010000 		.4byte	.LASF28
 331 0010 01       		.byte	0x1
 332 0011 16010000 		.4byte	.LASF29
 333 0015 07020000 		.4byte	.LASF30
 334 0019 00000000 		.4byte	.Ldebug_ranges0+0
 335 001d 00000000 		.4byte	0
 336 0021 00000000 		.4byte	.Ldebug_line0
 337 0025 02       		.uleb128 0x2
 338 0026 04       		.byte	0x4
 339 0027 05       		.byte	0x5
 340 0028 696E7400 		.ascii	"int\000"
 341 002c 03       		.uleb128 0x3
 342 002d 06000000 		.4byte	.LASF11
 343 0031 02       		.byte	0x2
 344 0032 D4       		.byte	0xd4
 345 0033 37000000 		.4byte	0x37
 346 0037 04       		.uleb128 0x4
 347 0038 04       		.byte	0x4
 348 0039 07       		.byte	0x7
 349 003a C3000000 		.4byte	.LASF0
 350 003e 04       		.uleb128 0x4
 351 003f 01       		.byte	0x1
 352 0040 06       		.byte	0x6
 353 0041 46020000 		.4byte	.LASF1
 354 0045 04       		.uleb128 0x4
 355 0046 01       		.byte	0x1
 356 0047 08       		.byte	0x8
 357 0048 8D000000 		.4byte	.LASF2
 358 004c 04       		.uleb128 0x4
 359 004d 02       		.byte	0x2
 360 004e 05       		.byte	0x5
 361 004f E8010000 		.4byte	.LASF3
 362 0053 04       		.uleb128 0x4
 363 0054 02       		.byte	0x2
 364 0055 07       		.byte	0x7
 365 0056 48000000 		.4byte	.LASF4
 366 005a 04       		.uleb128 0x4
 367 005b 04       		.byte	0x4
 368 005c 05       		.byte	0x5
 369 005d 3D020000 		.4byte	.LASF5
 370 0061 04       		.uleb128 0x4
 371 0062 04       		.byte	0x4
 372 0063 07       		.byte	0x7
 373 0064 6B000000 		.4byte	.LASF6
 374 0068 04       		.uleb128 0x4
ARM GAS  C:\Users\Tim\AppData\Local\Temp\ccHqlnla.s 			page 13


 375 0069 08       		.byte	0x8
 376 006a 05       		.byte	0x5
 377 006b 47010000 		.4byte	.LASF7
 378 006f 04       		.uleb128 0x4
 379 0070 08       		.byte	0x8
 380 0071 07       		.byte	0x7
 381 0072 E5000000 		.4byte	.LASF8
 382 0076 04       		.uleb128 0x4
 383 0077 04       		.byte	0x4
 384 0078 07       		.byte	0x7
 385 0079 3E010000 		.4byte	.LASF9
 386 007d 05       		.uleb128 0x5
 387 007e 04       		.byte	0x4
 388 007f 06       		.uleb128 0x6
 389 0080 04       		.byte	0x4
 390 0081 85000000 		.4byte	0x85
 391 0085 07       		.uleb128 0x7
 392 0086 04       		.uleb128 0x4
 393 0087 01       		.byte	0x1
 394 0088 08       		.byte	0x8
 395 0089 55010000 		.4byte	.LASF10
 396 008d 08       		.uleb128 0x8
 397 008e 7D000000 		.4byte	.LASF12
 398 0092 03       		.byte	0x3
 399 0093 3801     		.2byte	0x138
 400 0095 45000000 		.4byte	0x45
 401 0099 08       		.uleb128 0x8
 402 009a B5000000 		.4byte	.LASF13
 403 009e 03       		.byte	0x3
 404 009f 3901     		.2byte	0x139
 405 00a1 53000000 		.4byte	0x53
 406 00a5 08       		.uleb128 0x8
 407 00a6 BC000000 		.4byte	.LASF14
 408 00aa 03       		.byte	0x3
 409 00ab 3A01     		.2byte	0x13a
 410 00ad 61000000 		.4byte	0x61
 411 00b1 04       		.uleb128 0x4
 412 00b2 04       		.byte	0x4
 413 00b3 04       		.byte	0x4
 414 00b4 5B000000 		.4byte	.LASF15
 415 00b8 04       		.uleb128 0x4
 416 00b9 08       		.byte	0x8
 417 00ba 04       		.byte	0x4
 418 00bb A2000000 		.4byte	.LASF16
 419 00bf 08       		.uleb128 0x8
 420 00c0 66000000 		.4byte	.LASF17
 421 00c4 03       		.byte	0x3
 422 00c5 E201     		.2byte	0x1e2
 423 00c7 CB000000 		.4byte	0xcb
 424 00cb 09       		.uleb128 0x9
 425 00cc 8D000000 		.4byte	0x8d
 426 00d0 08       		.uleb128 0x8
 427 00d1 00000000 		.4byte	.LASF18
 428 00d5 03       		.byte	0x3
 429 00d6 E401     		.2byte	0x1e4
 430 00d8 DC000000 		.4byte	0xdc
 431 00dc 09       		.uleb128 0x9
ARM GAS  C:\Users\Tim\AppData\Local\Temp\ccHqlnla.s 			page 14


 432 00dd A5000000 		.4byte	0xa5
 433 00e1 08       		.uleb128 0x8
 434 00e2 FC000000 		.4byte	.LASF19
 435 00e6 03       		.byte	0x3
 436 00e7 F401     		.2byte	0x1f4
 437 00e9 7F000000 		.4byte	0x7f
 438 00ed 0A       		.uleb128 0xa
 439 00ee 0D000000 		.4byte	.LASF31
 440 00f2 01       		.byte	0x1
 441 00f3 C8       		.byte	0xc8
 442 00f4 00000000 		.4byte	.LFB5
 443 00f8 20000000 		.4byte	.LFE5-.LFB5
 444 00fc 01       		.uleb128 0x1
 445 00fd 9C       		.byte	0x9c
 446 00fe 0B       		.uleb128 0xb
 447 00ff 83000000 		.4byte	.LASF20
 448 0103 01       		.byte	0x1
 449 0104 3D       		.byte	0x3d
 450 0105 00000000 		.4byte	.LFB1
 451 0109 0C000000 		.4byte	.LFE1-.LFB1
 452 010d 01       		.uleb128 0x1
 453 010e 9C       		.byte	0x9c
 454 010f 4B010000 		.4byte	0x14b
 455 0113 0C       		.uleb128 0xc
 456 0114 7300     		.ascii	"s\000"
 457 0116 01       		.byte	0x1
 458 0117 3D       		.byte	0x3d
 459 0118 7D000000 		.4byte	0x7d
 460 011c 00000000 		.4byte	.LLST0
 461 0120 0C       		.uleb128 0xc
 462 0121 6E00     		.ascii	"n\000"
 463 0123 01       		.byte	0x1
 464 0124 3D       		.byte	0x3d
 465 0125 2C000000 		.4byte	0x2c
 466 0129 21000000 		.4byte	.LLST1
 467 012d 0D       		.uleb128 0xd
 468 012e 0A000000 		.4byte	.LVL2
 469 0132 58020000 		.4byte	0x258
 470 0136 0E       		.uleb128 0xe
 471 0137 01       		.uleb128 0x1
 472 0138 52       		.byte	0x52
 473 0139 03       		.uleb128 0x3
 474 013a F3       		.byte	0xf3
 475 013b 01       		.uleb128 0x1
 476 013c 51       		.byte	0x51
 477 013d 0E       		.uleb128 0xe
 478 013e 01       		.uleb128 0x1
 479 013f 51       		.byte	0x51
 480 0140 01       		.uleb128 0x1
 481 0141 30       		.byte	0x30
 482 0142 0E       		.uleb128 0xe
 483 0143 01       		.uleb128 0x1
 484 0144 50       		.byte	0x50
 485 0145 03       		.uleb128 0x3
 486 0146 F3       		.byte	0xf3
 487 0147 01       		.uleb128 0x1
 488 0148 50       		.byte	0x50
ARM GAS  C:\Users\Tim\AppData\Local\Temp\ccHqlnla.s 			page 15


 489 0149 00       		.byte	0
 490 014a 00       		.byte	0
 491 014b 0B       		.uleb128 0xb
 492 014c 3D000000 		.4byte	.LASF21
 493 0150 01       		.byte	0x1
 494 0151 92       		.byte	0x92
 495 0152 00000000 		.4byte	.LFB4
 496 0156 98000000 		.4byte	.LFE4-.LFB4
 497 015a 01       		.uleb128 0x1
 498 015b 9C       		.byte	0x9c
 499 015c 97010000 		.4byte	0x197
 500 0160 0F       		.uleb128 0xf
 501 0161 0E000000 		.4byte	.LVL3
 502 0165 75020000 		.4byte	0x275
 503 0169 74010000 		.4byte	0x174
 504 016d 0E       		.uleb128 0xe
 505 016e 01       		.uleb128 0x1
 506 016f 50       		.byte	0x50
 507 0170 02       		.uleb128 0x2
 508 0171 08       		.byte	0x8
 509 0172 30       		.byte	0x30
 510 0173 00       		.byte	0
 511 0174 0F       		.uleb128 0xf
 512 0175 52000000 		.4byte	.LVL4
 513 0179 86020000 		.4byte	0x286
 514 017d 87010000 		.4byte	0x187
 515 0181 0E       		.uleb128 0xe
 516 0182 01       		.uleb128 0x1
 517 0183 50       		.byte	0x50
 518 0184 01       		.uleb128 0x1
 519 0185 37       		.byte	0x37
 520 0186 00       		.byte	0
 521 0187 0D       		.uleb128 0xd
 522 0188 58000000 		.4byte	.LVL5
 523 018c A0020000 		.4byte	0x2a0
 524 0190 0E       		.uleb128 0xe
 525 0191 01       		.uleb128 0x1
 526 0192 50       		.byte	0x50
 527 0193 01       		.uleb128 0x1
 528 0194 37       		.byte	0x37
 529 0195 00       		.byte	0
 530 0196 00       		.byte	0
 531 0197 10       		.uleb128 0x10
 532 0198 D0000000 		.4byte	.LASF32
 533 019c 01       		.byte	0x1
 534 019d E3       		.byte	0xe3
 535 019e 98000000 		.4byte	.LFB6
 536 01a2 C0000000 		.4byte	.LFE6-.LFB6
 537 01a6 01       		.uleb128 0x1
 538 01a7 9C       		.byte	0x9c
 539 01a8 58020000 		.4byte	0x258
 540 01ac 11       		.uleb128 0x11
 541 01ad 9C000000 		.4byte	.LBB2
 542 01b1 64000000 		.4byte	.LBE2-.LBB2
 543 01b5 45020000 		.4byte	0x245
 544 01b9 12       		.uleb128 0x12
 545 01ba 06       		.byte	0x6
ARM GAS  C:\Users\Tim\AppData\Local\Temp\ccHqlnla.s 			page 16


 546 01bb 01       		.byte	0x1
 547 01bc EA       		.byte	0xea
 548 01bd DA010000 		.4byte	0x1da
 549 01c1 13       		.uleb128 0x13
 550 01c2 DD000000 		.4byte	.LASF22
 551 01c6 01       		.byte	0x1
 552 01c7 EB       		.byte	0xeb
 553 01c8 7D000000 		.4byte	0x7d
 554 01cc 00       		.byte	0
 555 01cd 13       		.uleb128 0x13
 556 01ce 61000000 		.4byte	.LASF23
 557 01d2 01       		.byte	0x1
 558 01d3 EC       		.byte	0xec
 559 01d4 99000000 		.4byte	0x99
 560 01d8 04       		.byte	0x4
 561 01d9 00       		.byte	0
 562 01da 03       		.uleb128 0x3
 563 01db 09010000 		.4byte	.LASF24
 564 01df 01       		.byte	0x1
 565 01e0 ED       		.byte	0xed
 566 01e1 B9010000 		.4byte	0x1b9
 567 01e5 14       		.uleb128 0x14
 568 01e6 DA010000 		.4byte	0x1da
 569 01ea F5010000 		.4byte	0x1f5
 570 01ee 15       		.uleb128 0x15
 571 01ef 76000000 		.4byte	0x76
 572 01f3 01       		.byte	0x1
 573 01f4 00       		.byte	0
 574 01f5 16       		.uleb128 0x16
 575 01f6 2D000000 		.4byte	.LASF25
 576 01fa 01       		.byte	0x1
 577 01fb EF       		.byte	0xef
 578 01fc 06020000 		.4byte	0x206
 579 0200 05       		.uleb128 0x5
 580 0201 03       		.byte	0x3
 581 0202 00000000 		.4byte	cfg_memset_list.4746
 582 0206 17       		.uleb128 0x17
 583 0207 E5010000 		.4byte	0x1e5
 584 020b 18       		.uleb128 0x18
 585 020c 6900     		.ascii	"i\000"
 586 020e 01       		.byte	0x1
 587 020f F5       		.byte	0xf5
 588 0210 8D000000 		.4byte	0x8d
 589 0214 4D000000 		.4byte	.LLST2
 590 0218 19       		.uleb128 0x19
 591 0219 A0000000 		.4byte	.LBB3
 592 021d 1E000000 		.4byte	.LBE3-.LBB3
 593 0221 18       		.uleb128 0x18
 594 0222 6D7300   		.ascii	"ms\000"
 595 0225 01       		.byte	0x1
 596 0226 FA       		.byte	0xfa
 597 0227 2F020000 		.4byte	0x22f
 598 022b 77000000 		.4byte	.LLST3
 599 022f 06       		.uleb128 0x6
 600 0230 04       		.byte	0x4
 601 0231 35020000 		.4byte	0x235
 602 0235 17       		.uleb128 0x17
ARM GAS  C:\Users\Tim\AppData\Local\Temp\ccHqlnla.s 			page 17


 603 0236 DA010000 		.4byte	0x1da
 604 023a 1A       		.uleb128 0x1a
 605 023b BE000000 		.4byte	.LVL8
 606 023f FE000000 		.4byte	0xfe
 607 0243 00       		.byte	0
 608 0244 00       		.byte	0
 609 0245 1A       		.uleb128 0x1a
 610 0246 20010000 		.4byte	.LVL11
 611 024a 4B010000 		.4byte	0x14b
 612 024e 1A       		.uleb128 0x1a
 613 024f 24010000 		.4byte	.LVL12
 614 0253 ED000000 		.4byte	0xed
 615 0257 00       		.byte	0
 616 0258 1B       		.uleb128 0x1b
 617 0259 9B000000 		.4byte	.LASF26
 618 025d 7D000000 		.4byte	0x7d
 619 0261 75020000 		.4byte	0x275
 620 0265 1C       		.uleb128 0x1c
 621 0266 7D000000 		.4byte	0x7d
 622 026a 1C       		.uleb128 0x1c
 623 026b 25000000 		.4byte	0x25
 624 026f 1C       		.uleb128 0x1c
 625 0270 76000000 		.4byte	0x76
 626 0274 00       		.byte	0
 627 0275 1D       		.uleb128 0x1d
 628 0276 F2010000 		.4byte	.LASF27
 629 027a 04       		.byte	0x4
 630 027b 38       		.byte	0x38
 631 027c 86020000 		.4byte	0x286
 632 0280 1C       		.uleb128 0x1c
 633 0281 A5000000 		.4byte	0xa5
 634 0285 00       		.byte	0
 635 0286 1E       		.uleb128 0x1e
 636 0287 1E000000 		.4byte	.LASF33
 637 028b 04       		.byte	0x4
 638 028c 49       		.byte	0x49
 639 028d E1000000 		.4byte	0xe1
 640 0291 A0020000 		.4byte	0x2a0
 641 0295 1C       		.uleb128 0x1c
 642 0296 8D000000 		.4byte	0x8d
 643 029a 1C       		.uleb128 0x1c
 644 029b E1000000 		.4byte	0xe1
 645 029f 00       		.byte	0
 646 02a0 1F       		.uleb128 0x1f
 647 02a1 A9000000 		.4byte	.LASF34
 648 02a5 04       		.byte	0x4
 649 02a6 4F       		.byte	0x4f
 650 02a7 1C       		.uleb128 0x1c
 651 02a8 8D000000 		.4byte	0x8d
 652 02ac 00       		.byte	0
 653 02ad 00       		.byte	0
 654              		.section	.debug_abbrev,"",%progbits
 655              	.Ldebug_abbrev0:
 656 0000 01       		.uleb128 0x1
 657 0001 11       		.uleb128 0x11
 658 0002 01       		.byte	0x1
 659 0003 25       		.uleb128 0x25
ARM GAS  C:\Users\Tim\AppData\Local\Temp\ccHqlnla.s 			page 18


 660 0004 0E       		.uleb128 0xe
 661 0005 13       		.uleb128 0x13
 662 0006 0B       		.uleb128 0xb
 663 0007 03       		.uleb128 0x3
 664 0008 0E       		.uleb128 0xe
 665 0009 1B       		.uleb128 0x1b
 666 000a 0E       		.uleb128 0xe
 667 000b 55       		.uleb128 0x55
 668 000c 17       		.uleb128 0x17
 669 000d 11       		.uleb128 0x11
 670 000e 01       		.uleb128 0x1
 671 000f 10       		.uleb128 0x10
 672 0010 17       		.uleb128 0x17
 673 0011 00       		.byte	0
 674 0012 00       		.byte	0
 675 0013 02       		.uleb128 0x2
 676 0014 24       		.uleb128 0x24
 677 0015 00       		.byte	0
 678 0016 0B       		.uleb128 0xb
 679 0017 0B       		.uleb128 0xb
 680 0018 3E       		.uleb128 0x3e
 681 0019 0B       		.uleb128 0xb
 682 001a 03       		.uleb128 0x3
 683 001b 08       		.uleb128 0x8
 684 001c 00       		.byte	0
 685 001d 00       		.byte	0
 686 001e 03       		.uleb128 0x3
 687 001f 16       		.uleb128 0x16
 688 0020 00       		.byte	0
 689 0021 03       		.uleb128 0x3
 690 0022 0E       		.uleb128 0xe
 691 0023 3A       		.uleb128 0x3a
 692 0024 0B       		.uleb128 0xb
 693 0025 3B       		.uleb128 0x3b
 694 0026 0B       		.uleb128 0xb
 695 0027 49       		.uleb128 0x49
 696 0028 13       		.uleb128 0x13
 697 0029 00       		.byte	0
 698 002a 00       		.byte	0
 699 002b 04       		.uleb128 0x4
 700 002c 24       		.uleb128 0x24
 701 002d 00       		.byte	0
 702 002e 0B       		.uleb128 0xb
 703 002f 0B       		.uleb128 0xb
 704 0030 3E       		.uleb128 0x3e
 705 0031 0B       		.uleb128 0xb
 706 0032 03       		.uleb128 0x3
 707 0033 0E       		.uleb128 0xe
 708 0034 00       		.byte	0
 709 0035 00       		.byte	0
 710 0036 05       		.uleb128 0x5
 711 0037 0F       		.uleb128 0xf
 712 0038 00       		.byte	0
 713 0039 0B       		.uleb128 0xb
 714 003a 0B       		.uleb128 0xb
 715 003b 00       		.byte	0
 716 003c 00       		.byte	0
ARM GAS  C:\Users\Tim\AppData\Local\Temp\ccHqlnla.s 			page 19


 717 003d 06       		.uleb128 0x6
 718 003e 0F       		.uleb128 0xf
 719 003f 00       		.byte	0
 720 0040 0B       		.uleb128 0xb
 721 0041 0B       		.uleb128 0xb
 722 0042 49       		.uleb128 0x49
 723 0043 13       		.uleb128 0x13
 724 0044 00       		.byte	0
 725 0045 00       		.byte	0
 726 0046 07       		.uleb128 0x7
 727 0047 15       		.uleb128 0x15
 728 0048 00       		.byte	0
 729 0049 27       		.uleb128 0x27
 730 004a 19       		.uleb128 0x19
 731 004b 00       		.byte	0
 732 004c 00       		.byte	0
 733 004d 08       		.uleb128 0x8
 734 004e 16       		.uleb128 0x16
 735 004f 00       		.byte	0
 736 0050 03       		.uleb128 0x3
 737 0051 0E       		.uleb128 0xe
 738 0052 3A       		.uleb128 0x3a
 739 0053 0B       		.uleb128 0xb
 740 0054 3B       		.uleb128 0x3b
 741 0055 05       		.uleb128 0x5
 742 0056 49       		.uleb128 0x49
 743 0057 13       		.uleb128 0x13
 744 0058 00       		.byte	0
 745 0059 00       		.byte	0
 746 005a 09       		.uleb128 0x9
 747 005b 35       		.uleb128 0x35
 748 005c 00       		.byte	0
 749 005d 49       		.uleb128 0x49
 750 005e 13       		.uleb128 0x13
 751 005f 00       		.byte	0
 752 0060 00       		.byte	0
 753 0061 0A       		.uleb128 0xa
 754 0062 2E       		.uleb128 0x2e
 755 0063 00       		.byte	0
 756 0064 03       		.uleb128 0x3
 757 0065 0E       		.uleb128 0xe
 758 0066 3A       		.uleb128 0x3a
 759 0067 0B       		.uleb128 0xb
 760 0068 3B       		.uleb128 0x3b
 761 0069 0B       		.uleb128 0xb
 762 006a 27       		.uleb128 0x27
 763 006b 19       		.uleb128 0x19
 764 006c 11       		.uleb128 0x11
 765 006d 01       		.uleb128 0x1
 766 006e 12       		.uleb128 0x12
 767 006f 06       		.uleb128 0x6
 768 0070 40       		.uleb128 0x40
 769 0071 18       		.uleb128 0x18
 770 0072 9742     		.uleb128 0x2117
 771 0074 19       		.uleb128 0x19
 772 0075 00       		.byte	0
 773 0076 00       		.byte	0
ARM GAS  C:\Users\Tim\AppData\Local\Temp\ccHqlnla.s 			page 20


 774 0077 0B       		.uleb128 0xb
 775 0078 2E       		.uleb128 0x2e
 776 0079 01       		.byte	0x1
 777 007a 03       		.uleb128 0x3
 778 007b 0E       		.uleb128 0xe
 779 007c 3A       		.uleb128 0x3a
 780 007d 0B       		.uleb128 0xb
 781 007e 3B       		.uleb128 0x3b
 782 007f 0B       		.uleb128 0xb
 783 0080 27       		.uleb128 0x27
 784 0081 19       		.uleb128 0x19
 785 0082 11       		.uleb128 0x11
 786 0083 01       		.uleb128 0x1
 787 0084 12       		.uleb128 0x12
 788 0085 06       		.uleb128 0x6
 789 0086 40       		.uleb128 0x40
 790 0087 18       		.uleb128 0x18
 791 0088 9742     		.uleb128 0x2117
 792 008a 19       		.uleb128 0x19
 793 008b 01       		.uleb128 0x1
 794 008c 13       		.uleb128 0x13
 795 008d 00       		.byte	0
 796 008e 00       		.byte	0
 797 008f 0C       		.uleb128 0xc
 798 0090 05       		.uleb128 0x5
 799 0091 00       		.byte	0
 800 0092 03       		.uleb128 0x3
 801 0093 08       		.uleb128 0x8
 802 0094 3A       		.uleb128 0x3a
 803 0095 0B       		.uleb128 0xb
 804 0096 3B       		.uleb128 0x3b
 805 0097 0B       		.uleb128 0xb
 806 0098 49       		.uleb128 0x49
 807 0099 13       		.uleb128 0x13
 808 009a 02       		.uleb128 0x2
 809 009b 17       		.uleb128 0x17
 810 009c 00       		.byte	0
 811 009d 00       		.byte	0
 812 009e 0D       		.uleb128 0xd
 813 009f 898201   		.uleb128 0x4109
 814 00a2 01       		.byte	0x1
 815 00a3 11       		.uleb128 0x11
 816 00a4 01       		.uleb128 0x1
 817 00a5 31       		.uleb128 0x31
 818 00a6 13       		.uleb128 0x13
 819 00a7 00       		.byte	0
 820 00a8 00       		.byte	0
 821 00a9 0E       		.uleb128 0xe
 822 00aa 8A8201   		.uleb128 0x410a
 823 00ad 00       		.byte	0
 824 00ae 02       		.uleb128 0x2
 825 00af 18       		.uleb128 0x18
 826 00b0 9142     		.uleb128 0x2111
 827 00b2 18       		.uleb128 0x18
 828 00b3 00       		.byte	0
 829 00b4 00       		.byte	0
 830 00b5 0F       		.uleb128 0xf
ARM GAS  C:\Users\Tim\AppData\Local\Temp\ccHqlnla.s 			page 21


 831 00b6 898201   		.uleb128 0x4109
 832 00b9 01       		.byte	0x1
 833 00ba 11       		.uleb128 0x11
 834 00bb 01       		.uleb128 0x1
 835 00bc 31       		.uleb128 0x31
 836 00bd 13       		.uleb128 0x13
 837 00be 01       		.uleb128 0x1
 838 00bf 13       		.uleb128 0x13
 839 00c0 00       		.byte	0
 840 00c1 00       		.byte	0
 841 00c2 10       		.uleb128 0x10
 842 00c3 2E       		.uleb128 0x2e
 843 00c4 01       		.byte	0x1
 844 00c5 3F       		.uleb128 0x3f
 845 00c6 19       		.uleb128 0x19
 846 00c7 03       		.uleb128 0x3
 847 00c8 0E       		.uleb128 0xe
 848 00c9 3A       		.uleb128 0x3a
 849 00ca 0B       		.uleb128 0xb
 850 00cb 3B       		.uleb128 0x3b
 851 00cc 0B       		.uleb128 0xb
 852 00cd 27       		.uleb128 0x27
 853 00ce 19       		.uleb128 0x19
 854 00cf 11       		.uleb128 0x11
 855 00d0 01       		.uleb128 0x1
 856 00d1 12       		.uleb128 0x12
 857 00d2 06       		.uleb128 0x6
 858 00d3 40       		.uleb128 0x40
 859 00d4 18       		.uleb128 0x18
 860 00d5 9742     		.uleb128 0x2117
 861 00d7 19       		.uleb128 0x19
 862 00d8 01       		.uleb128 0x1
 863 00d9 13       		.uleb128 0x13
 864 00da 00       		.byte	0
 865 00db 00       		.byte	0
 866 00dc 11       		.uleb128 0x11
 867 00dd 0B       		.uleb128 0xb
 868 00de 01       		.byte	0x1
 869 00df 11       		.uleb128 0x11
 870 00e0 01       		.uleb128 0x1
 871 00e1 12       		.uleb128 0x12
 872 00e2 06       		.uleb128 0x6
 873 00e3 01       		.uleb128 0x1
 874 00e4 13       		.uleb128 0x13
 875 00e5 00       		.byte	0
 876 00e6 00       		.byte	0
 877 00e7 12       		.uleb128 0x12
 878 00e8 13       		.uleb128 0x13
 879 00e9 01       		.byte	0x1
 880 00ea 0B       		.uleb128 0xb
 881 00eb 0B       		.uleb128 0xb
 882 00ec 3A       		.uleb128 0x3a
 883 00ed 0B       		.uleb128 0xb
 884 00ee 3B       		.uleb128 0x3b
 885 00ef 0B       		.uleb128 0xb
 886 00f0 01       		.uleb128 0x1
 887 00f1 13       		.uleb128 0x13
ARM GAS  C:\Users\Tim\AppData\Local\Temp\ccHqlnla.s 			page 22


 888 00f2 00       		.byte	0
 889 00f3 00       		.byte	0
 890 00f4 13       		.uleb128 0x13
 891 00f5 0D       		.uleb128 0xd
 892 00f6 00       		.byte	0
 893 00f7 03       		.uleb128 0x3
 894 00f8 0E       		.uleb128 0xe
 895 00f9 3A       		.uleb128 0x3a
 896 00fa 0B       		.uleb128 0xb
 897 00fb 3B       		.uleb128 0x3b
 898 00fc 0B       		.uleb128 0xb
 899 00fd 49       		.uleb128 0x49
 900 00fe 13       		.uleb128 0x13
 901 00ff 38       		.uleb128 0x38
 902 0100 0B       		.uleb128 0xb
 903 0101 00       		.byte	0
 904 0102 00       		.byte	0
 905 0103 14       		.uleb128 0x14
 906 0104 01       		.uleb128 0x1
 907 0105 01       		.byte	0x1
 908 0106 49       		.uleb128 0x49
 909 0107 13       		.uleb128 0x13
 910 0108 01       		.uleb128 0x1
 911 0109 13       		.uleb128 0x13
 912 010a 00       		.byte	0
 913 010b 00       		.byte	0
 914 010c 15       		.uleb128 0x15
 915 010d 21       		.uleb128 0x21
 916 010e 00       		.byte	0
 917 010f 49       		.uleb128 0x49
 918 0110 13       		.uleb128 0x13
 919 0111 2F       		.uleb128 0x2f
 920 0112 0B       		.uleb128 0xb
 921 0113 00       		.byte	0
 922 0114 00       		.byte	0
 923 0115 16       		.uleb128 0x16
 924 0116 34       		.uleb128 0x34
 925 0117 00       		.byte	0
 926 0118 03       		.uleb128 0x3
 927 0119 0E       		.uleb128 0xe
 928 011a 3A       		.uleb128 0x3a
 929 011b 0B       		.uleb128 0xb
 930 011c 3B       		.uleb128 0x3b
 931 011d 0B       		.uleb128 0xb
 932 011e 49       		.uleb128 0x49
 933 011f 13       		.uleb128 0x13
 934 0120 02       		.uleb128 0x2
 935 0121 18       		.uleb128 0x18
 936 0122 00       		.byte	0
 937 0123 00       		.byte	0
 938 0124 17       		.uleb128 0x17
 939 0125 26       		.uleb128 0x26
 940 0126 00       		.byte	0
 941 0127 49       		.uleb128 0x49
 942 0128 13       		.uleb128 0x13
 943 0129 00       		.byte	0
 944 012a 00       		.byte	0
ARM GAS  C:\Users\Tim\AppData\Local\Temp\ccHqlnla.s 			page 23


 945 012b 18       		.uleb128 0x18
 946 012c 34       		.uleb128 0x34
 947 012d 00       		.byte	0
 948 012e 03       		.uleb128 0x3
 949 012f 08       		.uleb128 0x8
 950 0130 3A       		.uleb128 0x3a
 951 0131 0B       		.uleb128 0xb
 952 0132 3B       		.uleb128 0x3b
 953 0133 0B       		.uleb128 0xb
 954 0134 49       		.uleb128 0x49
 955 0135 13       		.uleb128 0x13
 956 0136 02       		.uleb128 0x2
 957 0137 17       		.uleb128 0x17
 958 0138 00       		.byte	0
 959 0139 00       		.byte	0
 960 013a 19       		.uleb128 0x19
 961 013b 0B       		.uleb128 0xb
 962 013c 01       		.byte	0x1
 963 013d 11       		.uleb128 0x11
 964 013e 01       		.uleb128 0x1
 965 013f 12       		.uleb128 0x12
 966 0140 06       		.uleb128 0x6
 967 0141 00       		.byte	0
 968 0142 00       		.byte	0
 969 0143 1A       		.uleb128 0x1a
 970 0144 898201   		.uleb128 0x4109
 971 0147 00       		.byte	0
 972 0148 11       		.uleb128 0x11
 973 0149 01       		.uleb128 0x1
 974 014a 31       		.uleb128 0x31
 975 014b 13       		.uleb128 0x13
 976 014c 00       		.byte	0
 977 014d 00       		.byte	0
 978 014e 1B       		.uleb128 0x1b
 979 014f 2E       		.uleb128 0x2e
 980 0150 01       		.byte	0x1
 981 0151 3F       		.uleb128 0x3f
 982 0152 19       		.uleb128 0x19
 983 0153 03       		.uleb128 0x3
 984 0154 0E       		.uleb128 0xe
 985 0155 27       		.uleb128 0x27
 986 0156 19       		.uleb128 0x19
 987 0157 49       		.uleb128 0x49
 988 0158 13       		.uleb128 0x13
 989 0159 34       		.uleb128 0x34
 990 015a 19       		.uleb128 0x19
 991 015b 3C       		.uleb128 0x3c
 992 015c 19       		.uleb128 0x19
 993 015d 01       		.uleb128 0x1
 994 015e 13       		.uleb128 0x13
 995 015f 00       		.byte	0
 996 0160 00       		.byte	0
 997 0161 1C       		.uleb128 0x1c
 998 0162 05       		.uleb128 0x5
 999 0163 00       		.byte	0
 1000 0164 49       		.uleb128 0x49
 1001 0165 13       		.uleb128 0x13
ARM GAS  C:\Users\Tim\AppData\Local\Temp\ccHqlnla.s 			page 24


 1002 0166 00       		.byte	0
 1003 0167 00       		.byte	0
 1004 0168 1D       		.uleb128 0x1d
 1005 0169 2E       		.uleb128 0x2e
 1006 016a 01       		.byte	0x1
 1007 016b 3F       		.uleb128 0x3f
 1008 016c 19       		.uleb128 0x19
 1009 016d 03       		.uleb128 0x3
 1010 016e 0E       		.uleb128 0xe
 1011 016f 3A       		.uleb128 0x3a
 1012 0170 0B       		.uleb128 0xb
 1013 0171 3B       		.uleb128 0x3b
 1014 0172 0B       		.uleb128 0xb
 1015 0173 27       		.uleb128 0x27
 1016 0174 19       		.uleb128 0x19
 1017 0175 3C       		.uleb128 0x3c
 1018 0176 19       		.uleb128 0x19
 1019 0177 01       		.uleb128 0x1
 1020 0178 13       		.uleb128 0x13
 1021 0179 00       		.byte	0
 1022 017a 00       		.byte	0
 1023 017b 1E       		.uleb128 0x1e
 1024 017c 2E       		.uleb128 0x2e
 1025 017d 01       		.byte	0x1
 1026 017e 3F       		.uleb128 0x3f
 1027 017f 19       		.uleb128 0x19
 1028 0180 03       		.uleb128 0x3
 1029 0181 0E       		.uleb128 0xe
 1030 0182 3A       		.uleb128 0x3a
 1031 0183 0B       		.uleb128 0xb
 1032 0184 3B       		.uleb128 0x3b
 1033 0185 0B       		.uleb128 0xb
 1034 0186 27       		.uleb128 0x27
 1035 0187 19       		.uleb128 0x19
 1036 0188 49       		.uleb128 0x49
 1037 0189 13       		.uleb128 0x13
 1038 018a 3C       		.uleb128 0x3c
 1039 018b 19       		.uleb128 0x19
 1040 018c 01       		.uleb128 0x1
 1041 018d 13       		.uleb128 0x13
 1042 018e 00       		.byte	0
 1043 018f 00       		.byte	0
 1044 0190 1F       		.uleb128 0x1f
 1045 0191 2E       		.uleb128 0x2e
 1046 0192 01       		.byte	0x1
 1047 0193 3F       		.uleb128 0x3f
 1048 0194 19       		.uleb128 0x19
 1049 0195 03       		.uleb128 0x3
 1050 0196 0E       		.uleb128 0xe
 1051 0197 3A       		.uleb128 0x3a
 1052 0198 0B       		.uleb128 0xb
 1053 0199 3B       		.uleb128 0x3b
 1054 019a 0B       		.uleb128 0xb
 1055 019b 27       		.uleb128 0x27
 1056 019c 19       		.uleb128 0x19
 1057 019d 3C       		.uleb128 0x3c
 1058 019e 19       		.uleb128 0x19
ARM GAS  C:\Users\Tim\AppData\Local\Temp\ccHqlnla.s 			page 25


 1059 019f 00       		.byte	0
 1060 01a0 00       		.byte	0
 1061 01a1 00       		.byte	0
 1062              		.section	.debug_loc,"",%progbits
 1063              	.Ldebug_loc0:
 1064              	.LLST0:
 1065 0000 00000000 		.4byte	.LVL0
 1066 0004 09000000 		.4byte	.LVL2-1
 1067 0008 0100     		.2byte	0x1
 1068 000a 50       		.byte	0x50
 1069 000b 09000000 		.4byte	.LVL2-1
 1070 000f 0C000000 		.4byte	.LFE1
 1071 0013 0400     		.2byte	0x4
 1072 0015 F3       		.byte	0xf3
 1073 0016 01       		.uleb128 0x1
 1074 0017 50       		.byte	0x50
 1075 0018 9F       		.byte	0x9f
 1076 0019 00000000 		.4byte	0
 1077 001d 00000000 		.4byte	0
 1078              	.LLST1:
 1079 0021 00000000 		.4byte	.LVL0
 1080 0025 06000000 		.4byte	.LVL1
 1081 0029 0100     		.2byte	0x1
 1082 002b 51       		.byte	0x51
 1083 002c 06000000 		.4byte	.LVL1
 1084 0030 09000000 		.4byte	.LVL2-1
 1085 0034 0100     		.2byte	0x1
 1086 0036 52       		.byte	0x52
 1087 0037 09000000 		.4byte	.LVL2-1
 1088 003b 0C000000 		.4byte	.LFE1
 1089 003f 0400     		.2byte	0x4
 1090 0041 F3       		.byte	0xf3
 1091 0042 01       		.uleb128 0x1
 1092 0043 51       		.byte	0x51
 1093 0044 9F       		.byte	0x9f
 1094 0045 00000000 		.4byte	0
 1095 0049 00000000 		.4byte	0
 1096              	.LLST2:
 1097 004d 9C000000 		.4byte	.LVL6
 1098 0051 A0000000 		.4byte	.LVL7
 1099 0055 0200     		.2byte	0x2
 1100 0057 30       		.byte	0x30
 1101 0058 9F       		.byte	0x9f
 1102 0059 A0000000 		.4byte	.LVL7
 1103 005d C0000000 		.4byte	.LVL9
 1104 0061 0100     		.2byte	0x1
 1105 0063 54       		.byte	0x54
 1106 0064 C2000000 		.4byte	.LVL10
 1107 0068 24010000 		.4byte	.LVL13
 1108 006c 0100     		.2byte	0x1
 1109 006e 54       		.byte	0x54
 1110 006f 00000000 		.4byte	0
 1111 0073 00000000 		.4byte	0
 1112              	.LLST3:
 1113 0077 A0000000 		.4byte	.LVL7
 1114 007b C0000000 		.4byte	.LVL9
 1115 007f 0B00     		.2byte	0xb
ARM GAS  C:\Users\Tim\AppData\Local\Temp\ccHqlnla.s 			page 26


 1116 0081 74       		.byte	0x74
 1117 0082 00       		.sleb128 0
 1118 0083 36       		.byte	0x36
 1119 0084 1E       		.byte	0x1e
 1120 0085 03       		.byte	0x3
 1121 0086 00000000 		.4byte	cfg_memset_list.4746
 1122 008a 22       		.byte	0x22
 1123 008b 9F       		.byte	0x9f
 1124 008c C0000000 		.4byte	.LVL9
 1125 0090 C2000000 		.4byte	.LVL10
 1126 0094 0B00     		.2byte	0xb
 1127 0096 74       		.byte	0x74
 1128 0097 7F       		.sleb128 -1
 1129 0098 36       		.byte	0x36
 1130 0099 1E       		.byte	0x1e
 1131 009a 03       		.byte	0x3
 1132 009b 00000000 		.4byte	cfg_memset_list.4746
 1133 009f 22       		.byte	0x22
 1134 00a0 9F       		.byte	0x9f
 1135 00a1 00000000 		.4byte	0
 1136 00a5 00000000 		.4byte	0
 1137              		.section	.debug_aranges,"",%progbits
 1138 0000 34000000 		.4byte	0x34
 1139 0004 0200     		.2byte	0x2
 1140 0006 00000000 		.4byte	.Ldebug_info0
 1141 000a 04       		.byte	0x4
 1142 000b 00       		.byte	0
 1143 000c 0000     		.2byte	0
 1144 000e 0000     		.2byte	0
 1145 0010 00000000 		.4byte	.LFB5
 1146 0014 20000000 		.4byte	.LFE5-.LFB5
 1147 0018 00000000 		.4byte	.LFB1
 1148 001c 0C000000 		.4byte	.LFE1-.LFB1
 1149 0020 00000000 		.4byte	.LFB4
 1150 0024 98000000 		.4byte	.LFE4-.LFB4
 1151 0028 98000000 		.4byte	.LFB6
 1152 002c C0000000 		.4byte	.LFE6-.LFB6
 1153 0030 00000000 		.4byte	0
 1154 0034 00000000 		.4byte	0
 1155              		.section	.debug_ranges,"",%progbits
 1156              	.Ldebug_ranges0:
 1157 0000 00000000 		.4byte	.LFB5
 1158 0004 20000000 		.4byte	.LFE5
 1159 0008 00000000 		.4byte	.LFB1
 1160 000c 0C000000 		.4byte	.LFE1
 1161 0010 00000000 		.4byte	.LFB4
 1162 0014 98000000 		.4byte	.LFE4
 1163 0018 98000000 		.4byte	.LFB6
 1164 001c 58010000 		.4byte	.LFE6
 1165 0020 00000000 		.4byte	0
 1166 0024 00000000 		.4byte	0
 1167              		.section	.debug_line,"",%progbits
 1168              	.Ldebug_line0:
 1169 0000 4A010000 		.section	.debug_str,"MS",%progbits,1
 1169      0200D800 
 1169      00000201 
 1169      FB0E0D00 
ARM GAS  C:\Users\Tim\AppData\Local\Temp\ccHqlnla.s 			page 27


 1169      01010101 
 1170              	.LASF18:
 1171 0000 72656733 		.ascii	"reg32\000"
 1171      3200
 1172              	.LASF11:
 1173 0006 73697A65 		.ascii	"size_t\000"
 1173      5F7400
 1174              	.LASF31:
 1175 000d 416E616C 		.ascii	"AnalogSetDefault\000"
 1175      6F675365 
 1175      74446566 
 1175      61756C74 
 1175      00
 1176              	.LASF33:
 1177 001e 4379496E 		.ascii	"CyIntSetVector\000"
 1177      74536574 
 1177      56656374 
 1177      6F7200
 1178              	.LASF25:
 1179 002d 6366675F 		.ascii	"cfg_memset_list\000"
 1179      6D656D73 
 1179      65745F6C 
 1179      69737400 
 1180              	.LASF21:
 1181 003d 436C6F63 		.ascii	"ClockSetup\000"
 1181      6B536574 
 1181      757000
 1182              	.LASF4:
 1183 0048 73686F72 		.ascii	"short unsigned int\000"
 1183      7420756E 
 1183      7369676E 
 1183      65642069 
 1183      6E7400
 1184              	.LASF15:
 1185 005b 666C6F61 		.ascii	"float\000"
 1185      7400
 1186              	.LASF23:
 1187 0061 73697A65 		.ascii	"size\000"
 1187      00
 1188              	.LASF17:
 1189 0066 72656738 		.ascii	"reg8\000"
 1189      00
 1190              	.LASF6:
 1191 006b 6C6F6E67 		.ascii	"long unsigned int\000"
 1191      20756E73 
 1191      69676E65 
 1191      6420696E 
 1191      7400
 1192              	.LASF12:
 1193 007d 75696E74 		.ascii	"uint8\000"
 1193      3800
 1194              	.LASF20:
 1195 0083 43594D45 		.ascii	"CYMEMZERO\000"
 1195      4D5A4552 
 1195      4F00
 1196              	.LASF2:
 1197 008d 756E7369 		.ascii	"unsigned char\000"
ARM GAS  C:\Users\Tim\AppData\Local\Temp\ccHqlnla.s 			page 28


 1197      676E6564 
 1197      20636861 
 1197      7200
 1198              	.LASF26:
 1199 009b 6D656D73 		.ascii	"memset\000"
 1199      657400
 1200              	.LASF16:
 1201 00a2 646F7562 		.ascii	"double\000"
 1201      6C6500
 1202              	.LASF34:
 1203 00a9 4379496E 		.ascii	"CyIntEnable\000"
 1203      74456E61 
 1203      626C6500 
 1204              	.LASF13:
 1205 00b5 75696E74 		.ascii	"uint16\000"
 1205      313600
 1206              	.LASF14:
 1207 00bc 75696E74 		.ascii	"uint32\000"
 1207      333200
 1208              	.LASF0:
 1209 00c3 756E7369 		.ascii	"unsigned int\000"
 1209      676E6564 
 1209      20696E74 
 1209      00
 1210              	.LASF32:
 1211 00d0 63796669 		.ascii	"cyfitter_cfg\000"
 1211      74746572 
 1211      5F636667 
 1211      00
 1212              	.LASF22:
 1213 00dd 61646472 		.ascii	"address\000"
 1213      65737300 
 1214              	.LASF8:
 1215 00e5 6C6F6E67 		.ascii	"long long unsigned int\000"
 1215      206C6F6E 
 1215      6720756E 
 1215      7369676E 
 1215      65642069 
 1216              	.LASF19:
 1217 00fc 63796973 		.ascii	"cyisraddress\000"
 1217      72616464 
 1217      72657373 
 1217      00
 1218              	.LASF24:
 1219 0109 6366675F 		.ascii	"cfg_memset_t\000"
 1219      6D656D73 
 1219      65745F74 
 1219      00
 1220              	.LASF29:
 1221 0116 2E5C4765 		.ascii	".\\Generated_Source\\PSoC4\\cyfitter_cfg.c\000"
 1221      6E657261 
 1221      7465645F 
 1221      536F7572 
 1221      63655C50 
 1222              	.LASF9:
 1223 013e 73697A65 		.ascii	"sizetype\000"
 1223      74797065 
ARM GAS  C:\Users\Tim\AppData\Local\Temp\ccHqlnla.s 			page 29


 1223      00
 1224              	.LASF7:
 1225 0147 6C6F6E67 		.ascii	"long long int\000"
 1225      206C6F6E 
 1225      6720696E 
 1225      7400
 1226              	.LASF10:
 1227 0155 63686172 		.ascii	"char\000"
 1227      00
 1228              	.LASF28:
 1229 015a 474E5520 		.ascii	"GNU C 4.9.3 20150303 (release) [ARM/embedded-4_9-br"
 1229      4320342E 
 1229      392E3320 
 1229      32303135 
 1229      30333033 
 1230 018d 616E6368 		.ascii	"anch revision 221220] -mcpu=cortex-m0 -mthumb -g -O"
 1230      20726576 
 1230      6973696F 
 1230      6E203232 
 1230      31323230 
 1231 01c0 67202D66 		.ascii	"g -ffunction-sections -ffat-lto-objects\000"
 1231      66756E63 
 1231      74696F6E 
 1231      2D736563 
 1231      74696F6E 
 1232              	.LASF3:
 1233 01e8 73686F72 		.ascii	"short int\000"
 1233      7420696E 
 1233      7400
 1234              	.LASF27:
 1235 01f2 43795379 		.ascii	"CySysClkWriteImoFreq\000"
 1235      73436C6B 
 1235      57726974 
 1235      65496D6F 
 1235      46726571 
 1236              	.LASF30:
 1237 0207 443A5C70 		.ascii	"D:\\projects\\ArloBot\\ArlobotHw\\DualBoard-043\\i2"
 1237      726F6A65 
 1237      6374735C 
 1237      41726C6F 
 1237      426F745C 
 1238 0235 632E6379 		.ascii	"c.cydsn\000"
 1238      64736E00 
 1239              	.LASF5:
 1240 023d 6C6F6E67 		.ascii	"long int\000"
 1240      20696E74 
 1240      00
 1241              	.LASF1:
 1242 0246 7369676E 		.ascii	"signed char\000"
 1242      65642063 
 1242      68617200 
 1243              		.ident	"GCC: (GNU Tools for ARM Embedded Processors) 4.9.3 20150303 (release) [ARM/embedded-4_9-br
