Archive member included because of file (symbol)

.\CortexM0\ARM_GCC_493\Debug\i2c.a(cyfitter_cfg.o)
                              .\CortexM0\ARM_GCC_493\Debug\Cm0Start.o (cyfitter_cfg)
.\CortexM0\ARM_GCC_493\Debug\i2c.a(EZI2C_1.o)
                              .\CortexM0\ARM_GCC_493\Debug\main.o (EZI2C_1_Start)
.\CortexM0\ARM_GCC_493\Debug\i2c.a(EZI2C_1_EZI2C.o)
                              .\CortexM0\ARM_GCC_493\Debug\i2c.a(EZI2C_1.o) (EZI2C_1_EzI2CInit)
.\CortexM0\ARM_GCC_493\Debug\i2c.a(EZI2C_1_EZI2C_INT.o)
                              .\CortexM0\ARM_GCC_493\Debug\i2c.a(EZI2C_1_EZI2C.o) (EZI2C_1_EZI2C_STRETCH_ISR)
.\CortexM0\ARM_GCC_493\Debug\i2c.a(CyLib.o)
                              .\CortexM0\ARM_GCC_493\Debug\i2c.a(cyfitter_cfg.o) (CyIntEnable)
.\CortexM0\ARM_GCC_493\Debug\i2c.a(CyLFClk.o)
                              .\CortexM0\ARM_GCC_493\Debug\i2c.a(CyLib.o) (CySysClkWcoEnabled)
.\CortexM0\ARM_GCC_493\Debug\i2c.a(CyBootAsmGnu.o)
                              .\CortexM0\ARM_GCC_493\Debug\i2c.a(CyLib.o) (CyDelayCycles)
.\CortexM0\ARM_GCC_493\Debug\i2c.a(CyFlash.o)
                              .\CortexM0\ARM_GCC_493\Debug\i2c.a(CyLib.o) (CySysFlashSetWaitCycles)
c:/program files (x86)/cypress/psoc creator/3.3/psoc creator/import/gnu/arm/4.9.3/bin/../lib/gcc/arm-none-eabi/4.9.3/armv6-m\libgcc.a(_udivsi3.o)
                              .\CortexM0\ARM_GCC_493\Debug\i2c.a(CyLib.o) (__aeabi_uidiv)
c:/program files (x86)/cypress/psoc creator/3.3/psoc creator/import/gnu/arm/4.9.3/bin/../lib/gcc/arm-none-eabi/4.9.3/armv6-m\libgcc.a(_dvmd_tls.o)
                              c:/program files (x86)/cypress/psoc creator/3.3/psoc creator/import/gnu/arm/4.9.3/bin/../lib/gcc/arm-none-eabi/4.9.3/armv6-m\libgcc.a(_udivsi3.o) (__aeabi_idiv0)
c:/program files (x86)/cypress/psoc creator/3.3/psoc creator/import/gnu/arm/4.9.3/bin/../lib/gcc/arm-none-eabi/4.9.3/../../../../arm-none-eabi/lib/armv6-m\libg_nano.a(lib_a-errno.o)
                              .\CortexM0\ARM_GCC_493\Debug\Cm0Start.o (__errno)
c:/program files (x86)/cypress/psoc creator/3.3/psoc creator/import/gnu/arm/4.9.3/bin/../lib/gcc/arm-none-eabi/4.9.3/../../../../arm-none-eabi/lib/armv6-m\libg_nano.a(lib_a-exit.o)
                              c:/program files (x86)/cypress/psoc creator/3.3/psoc creator/import/gnu/arm/4.9.3/bin/../lib/gcc/arm-none-eabi/4.9.3/../../../../arm-none-eabi/lib/armv6-m/crt0.o (exit)
c:/program files (x86)/cypress/psoc creator/3.3/psoc creator/import/gnu/arm/4.9.3/bin/../lib/gcc/arm-none-eabi/4.9.3/../../../../arm-none-eabi/lib/armv6-m\libg_nano.a(lib_a-impure.o)
                              c:/program files (x86)/cypress/psoc creator/3.3/psoc creator/import/gnu/arm/4.9.3/bin/../lib/gcc/arm-none-eabi/4.9.3/../../../../arm-none-eabi/lib/armv6-m\libg_nano.a(lib_a-exit.o) (_global_impure_ptr)
c:/program files (x86)/cypress/psoc creator/3.3/psoc creator/import/gnu/arm/4.9.3/bin/../lib/gcc/arm-none-eabi/4.9.3/../../../../arm-none-eabi/lib/armv6-m\libg_nano.a(lib_a-init.o)
                              c:/program files (x86)/cypress/psoc creator/3.3/psoc creator/import/gnu/arm/4.9.3/bin/../lib/gcc/arm-none-eabi/4.9.3/../../../../arm-none-eabi/lib/armv6-m/crt0.o (__libc_init_array)
c:/program files (x86)/cypress/psoc creator/3.3/psoc creator/import/gnu/arm/4.9.3/bin/../lib/gcc/arm-none-eabi/4.9.3/../../../../arm-none-eabi/lib/armv6-m\libg_nano.a(lib_a-memcpy.o)
                              .\CortexM0\ARM_GCC_493\Debug\i2c.a(CyFlash.o) (memcpy)
c:/program files (x86)/cypress/psoc creator/3.3/psoc creator/import/gnu/arm/4.9.3/bin/../lib/gcc/arm-none-eabi/4.9.3/../../../../arm-none-eabi/lib/armv6-m\libg_nano.a(lib_a-memset.o)
                              c:/program files (x86)/cypress/psoc creator/3.3/psoc creator/import/gnu/arm/4.9.3/bin/../lib/gcc/arm-none-eabi/4.9.3/../../../../arm-none-eabi/lib/armv6-m/crt0.o (memset)

Allocating common symbols
Common symbol       size              file

EZI2C_1_curStatus   0x1               .\CortexM0\ARM_GCC_493\Debug\i2c.a(EZI2C_1_EZI2C.o)
EZI2C_1_protectBuf1
                    0x2               .\CortexM0\ARM_GCC_493\Debug\i2c.a(EZI2C_1_EZI2C.o)
EZI2C_1_bufSizeBuf1
                    0x2               .\CortexM0\ARM_GCC_493\Debug\i2c.a(EZI2C_1_EZI2C.o)
EZI2C_1_dataBuffer1
                    0x4               .\CortexM0\ARM_GCC_493\Debug\i2c.a(EZI2C_1_EZI2C.o)
EZI2C_1_indexBuf1   0x2               .\CortexM0\ARM_GCC_493\Debug\i2c.a(EZI2C_1_EZI2C.o)
EZI2C_1_fsmState    0x1               .\CortexM0\ARM_GCC_493\Debug\i2c.a(EZI2C_1_EZI2C.o)
EZI2C_1_offsetBuf1  0x1               .\CortexM0\ARM_GCC_493\Debug\i2c.a(EZI2C_1_EZI2C.o)

Discarded input sections

 .text          0x00000000        0x0 c:/program files (x86)/cypress/psoc creator/3.3/psoc creator/import/gnu/arm/4.9.3/bin/../lib/gcc/arm-none-eabi/4.9.3/armv6-m/crti.o
 .data          0x00000000        0x0 c:/program files (x86)/cypress/psoc creator/3.3/psoc creator/import/gnu/arm/4.9.3/bin/../lib/gcc/arm-none-eabi/4.9.3/armv6-m/crti.o
 .bss           0x00000000        0x0 c:/program files (x86)/cypress/psoc creator/3.3/psoc creator/import/gnu/arm/4.9.3/bin/../lib/gcc/arm-none-eabi/4.9.3/armv6-m/crti.o
 .data          0x00000000        0x4 c:/program files (x86)/cypress/psoc creator/3.3/psoc creator/import/gnu/arm/4.9.3/bin/../lib/gcc/arm-none-eabi/4.9.3/armv6-m/crtbegin.o
 .text          0x00000000       0x78 c:/program files (x86)/cypress/psoc creator/3.3/psoc creator/import/gnu/arm/4.9.3/bin/../lib/gcc/arm-none-eabi/4.9.3/../../../../arm-none-eabi/lib/armv6-m/crt0.o
 .data          0x00000000        0x0 c:/program files (x86)/cypress/psoc creator/3.3/psoc creator/import/gnu/arm/4.9.3/bin/../lib/gcc/arm-none-eabi/4.9.3/../../../../arm-none-eabi/lib/armv6-m/crt0.o
 .bss           0x00000000        0x0 c:/program files (x86)/cypress/psoc creator/3.3/psoc creator/import/gnu/arm/4.9.3/bin/../lib/gcc/arm-none-eabi/4.9.3/../../../../arm-none-eabi/lib/armv6-m/crt0.o
 .ARM.extab     0x00000000        0x0 c:/program files (x86)/cypress/psoc creator/3.3/psoc creator/import/gnu/arm/4.9.3/bin/../lib/gcc/arm-none-eabi/4.9.3/../../../../arm-none-eabi/lib/armv6-m/crt0.o
 .ARM.exidx     0x00000000        0x8 c:/program files (x86)/cypress/psoc creator/3.3/psoc creator/import/gnu/arm/4.9.3/bin/../lib/gcc/arm-none-eabi/4.9.3/../../../../arm-none-eabi/lib/armv6-m/crt0.o
 .text          0x00000000        0x0 .\CortexM0\ARM_GCC_493\Debug\main.o
 .data          0x00000000        0x0 .\CortexM0\ARM_GCC_493\Debug\main.o
 .text          0x00000000        0x0 .\CortexM0\ARM_GCC_493\Debug\cymetadata.o
 .data          0x00000000        0x0 .\CortexM0\ARM_GCC_493\Debug\cymetadata.o
 .bss           0x00000000        0x0 .\CortexM0\ARM_GCC_493\Debug\cymetadata.o
 .text          0x00000000        0x0 .\CortexM0\ARM_GCC_493\Debug\Cm0Start.o
 .data          0x00000000        0x4 .\CortexM0\ARM_GCC_493\Debug\Cm0Start.o
 .bss           0x00000000        0x0 .\CortexM0\ARM_GCC_493\Debug\Cm0Start.o
 .text._exit    0x00000000        0xc .\CortexM0\ARM_GCC_493\Debug\Cm0Start.o
 .text._sbrk    0x00000000       0x30 .\CortexM0\ARM_GCC_493\Debug\Cm0Start.o
 .text          0x00000000        0x0 .\CortexM0\ARM_GCC_493\Debug\i2c.a(cyfitter_cfg.o)
 .data          0x00000000        0x0 .\CortexM0\ARM_GCC_493\Debug\i2c.a(cyfitter_cfg.o)
 .bss           0x00000000        0x0 .\CortexM0\ARM_GCC_493\Debug\i2c.a(cyfitter_cfg.o)
 .text          0x00000000        0x0 .\CortexM0\ARM_GCC_493\Debug\i2c.a(EZI2C_1.o)
 .data          0x00000000        0x0 .\CortexM0\ARM_GCC_493\Debug\i2c.a(EZI2C_1.o)
 .text.EZI2C_1_ScbModeStop
                0x00000000        0x8 .\CortexM0\ARM_GCC_493\Debug\i2c.a(EZI2C_1.o)
 .text.EZI2C_1_Stop
                0x00000000       0x2c .\CortexM0\ARM_GCC_493\Debug\i2c.a(EZI2C_1.o)
 .text.EZI2C_1_SetRxFifoLevel
                0x00000000       0x14 .\CortexM0\ARM_GCC_493\Debug\i2c.a(EZI2C_1.o)
 .text.EZI2C_1_SetTxFifoLevel
                0x00000000       0x14 .\CortexM0\ARM_GCC_493\Debug\i2c.a(EZI2C_1.o)
 .text.EZI2C_1_SetCustomInterruptHandler
                0x00000000        0xc .\CortexM0\ARM_GCC_493\Debug\i2c.a(EZI2C_1.o)
 .text          0x00000000        0x0 .\CortexM0\ARM_GCC_493\Debug\i2c.a(EZI2C_1_EZI2C.o)
 .data          0x00000000        0x0 .\CortexM0\ARM_GCC_493\Debug\i2c.a(EZI2C_1_EZI2C.o)
 .bss           0x00000000        0x0 .\CortexM0\ARM_GCC_493\Debug\i2c.a(EZI2C_1_EZI2C.o)
 .text.EZI2C_1_EzI2CStop
                0x00000000        0xc .\CortexM0\ARM_GCC_493\Debug\i2c.a(EZI2C_1_EZI2C.o)
 .text.EZI2C_1_EzI2CGetActivity
                0x00000000       0x24 .\CortexM0\ARM_GCC_493\Debug\i2c.a(EZI2C_1_EZI2C.o)
 .text.EZI2C_1_EzI2CSetAddress1
                0x00000000       0x18 .\CortexM0\ARM_GCC_493\Debug\i2c.a(EZI2C_1_EZI2C.o)
 .text.EZI2C_1_EzI2CGetAddress1
                0x00000000       0x10 .\CortexM0\ARM_GCC_493\Debug\i2c.a(EZI2C_1_EZI2C.o)
 .text.EZI2C_1_EzI2CSetReadBoundaryBuffer1
                0x00000000        0xc .\CortexM0\ARM_GCC_493\Debug\i2c.a(EZI2C_1_EZI2C.o)
 .text          0x00000000        0x0 .\CortexM0\ARM_GCC_493\Debug\i2c.a(EZI2C_1_EZI2C_INT.o)
 .data          0x00000000        0x0 .\CortexM0\ARM_GCC_493\Debug\i2c.a(EZI2C_1_EZI2C_INT.o)
 .text          0x00000000        0x0 .\CortexM0\ARM_GCC_493\Debug\i2c.a(CyLib.o)
 .bss           0x00000000       0x18 .\CortexM0\ARM_GCC_493\Debug\i2c.a(CyLib.o)
 .text.CySysClkImoStart
                0x00000000       0x14 .\CortexM0\ARM_GCC_493\Debug\i2c.a(CyLib.o)
 .text.CySysClkImoStop
                0x00000000       0x18 .\CortexM0\ARM_GCC_493\Debug\i2c.a(CyLib.o)
 .text.CySysClkWriteHfclkDirect
                0x00000000       0x20 .\CortexM0\ARM_GCC_493\Debug\i2c.a(CyLib.o)
 .text.CySysClkGetSysclkSource
                0x00000000       0x1c .\CortexM0\ARM_GCC_493\Debug\i2c.a(CyLib.o)
 .text.CySysClkWriteSysclkDiv
                0x00000000       0x28 .\CortexM0\ARM_GCC_493\Debug\i2c.a(CyLib.o)
 .text.CySysLvdDisable
                0x00000000       0x20 .\CortexM0\ARM_GCC_493\Debug\i2c.a(CyLib.o)
 .text.CySysLvdGetInterruptSource
                0x00000000       0x10 .\CortexM0\ARM_GCC_493\Debug\i2c.a(CyLib.o)
 .text.CySysLvdClearInterrupt
                0x00000000        0xc .\CortexM0\ARM_GCC_493\Debug\i2c.a(CyLib.o)
 .text.CySysGetResetReason
                0x00000000       0x14 .\CortexM0\ARM_GCC_493\Debug\i2c.a(CyLib.o)
 .text.CyDisableInts
                0x00000000       0x10 .\CortexM0\ARM_GCC_493\Debug\i2c.a(CyLib.o)
 .text.CyEnableInts
                0x00000000        0xc .\CortexM0\ARM_GCC_493\Debug\i2c.a(CyLib.o)
 .text.CyIntGetState
                0x00000000       0x18 .\CortexM0\ARM_GCC_493\Debug\i2c.a(CyLib.o)
 .text.CyIntSetPending
                0x00000000       0x14 .\CortexM0\ARM_GCC_493\Debug\i2c.a(CyLib.o)
 .text.CyIntClearPending
                0x00000000       0x14 .\CortexM0\ARM_GCC_493\Debug\i2c.a(CyLib.o)
 .text.CyIntSetSysVector
                0x00000000       0x20 .\CortexM0\ARM_GCC_493\Debug\i2c.a(CyLib.o)
 .text.CyIntGetSysVector
                0x00000000       0x1c .\CortexM0\ARM_GCC_493\Debug\i2c.a(CyLib.o)
 .text.CyIntGetVector
                0x00000000       0x20 .\CortexM0\ARM_GCC_493\Debug\i2c.a(CyLib.o)
 .text.CyIntGetPriority
                0x00000000       0x2c .\CortexM0\ARM_GCC_493\Debug\i2c.a(CyLib.o)
 .text.CySoftwareReset
                0x00000000       0x18 .\CortexM0\ARM_GCC_493\Debug\i2c.a(CyLib.o)
 .text.CyDelayUs
                0x00000000       0x14 .\CortexM0\ARM_GCC_493\Debug\i2c.a(CyLib.o)
 .text.CySysLvdEnable
                0x00000000       0x44 .\CortexM0\ARM_GCC_493\Debug\i2c.a(CyLib.o)
 .text.CyDelayFreq
                0x00000000       0x4c .\CortexM0\ARM_GCC_493\Debug\i2c.a(CyLib.o)
 .text.CySysTickStop
                0x00000000       0x10 .\CortexM0\ARM_GCC_493\Debug\i2c.a(CyLib.o)
 .text.CySysTickEnableInterrupt
                0x00000000       0x10 .\CortexM0\ARM_GCC_493\Debug\i2c.a(CyLib.o)
 .text.CySysTickEnable
                0x00000000       0x18 .\CortexM0\ARM_GCC_493\Debug\i2c.a(CyLib.o)
 .text.CySysTickDisableInterrupt
                0x00000000       0x10 .\CortexM0\ARM_GCC_493\Debug\i2c.a(CyLib.o)
 .text.CySysTickSetReload
                0x00000000       0x10 .\CortexM0\ARM_GCC_493\Debug\i2c.a(CyLib.o)
 .text.CySysTickGetReload
                0x00000000       0x10 .\CortexM0\ARM_GCC_493\Debug\i2c.a(CyLib.o)
 .text.CySysTickGetValue
                0x00000000       0x10 .\CortexM0\ARM_GCC_493\Debug\i2c.a(CyLib.o)
 .text.CySysTickSetClockSource
                0x00000000       0x20 .\CortexM0\ARM_GCC_493\Debug\i2c.a(CyLib.o)
 .text.CySysTickGetCountFlag
                0x00000000       0x10 .\CortexM0\ARM_GCC_493\Debug\i2c.a(CyLib.o)
 .text.CySysTickServiceCallbacks
                0x00000000       0x28 .\CortexM0\ARM_GCC_493\Debug\i2c.a(CyLib.o)
 .text.CySysTickClear
                0x00000000        0xc .\CortexM0\ARM_GCC_493\Debug\i2c.a(CyLib.o)
 .text.CySysTickInit
                0x00000000       0x4c .\CortexM0\ARM_GCC_493\Debug\i2c.a(CyLib.o)
 .text.CySysTickStart
                0x00000000       0x20 .\CortexM0\ARM_GCC_493\Debug\i2c.a(CyLib.o)
 .text.CySysTickSetCallback
                0x00000000       0x10 .\CortexM0\ARM_GCC_493\Debug\i2c.a(CyLib.o)
 .text.CySysTickGetCallback
                0x00000000        0xc .\CortexM0\ARM_GCC_493\Debug\i2c.a(CyLib.o)
 .text.CyGetUniqueId
                0x00000000       0x70 .\CortexM0\ARM_GCC_493\Debug\i2c.a(CyLib.o)
 .text.CySysSetRamAccessArbPriority
                0x00000000       0x20 .\CortexM0\ARM_GCC_493\Debug\i2c.a(CyLib.o)
 .text.CySysSetFlashAccessArbPriority
                0x00000000       0x20 .\CortexM0\ARM_GCC_493\Debug\i2c.a(CyLib.o)
 .text.CySysSetDmacAccessArbPriority
                0x00000000       0x20 .\CortexM0\ARM_GCC_493\Debug\i2c.a(CyLib.o)
 .text.CySysSetPeripheralAccessArbPriority
                0x00000000       0x68 .\CortexM0\ARM_GCC_493\Debug\i2c.a(CyLib.o)
 .text          0x00000000        0x0 .\CortexM0\ARM_GCC_493\Debug\i2c.a(CyLFClk.o)
 .text.CySysClkIloEnabled
                0x00000000       0x14 .\CortexM0\ARM_GCC_493\Debug\i2c.a(CyLFClk.o)
 .text.CySysClkGetLfclkSource
                0x00000000       0x10 .\CortexM0\ARM_GCC_493\Debug\i2c.a(CyLFClk.o)
 .text.CySysClkIloStart
                0x00000000       0x14 .\CortexM0\ARM_GCC_493\Debug\i2c.a(CyLFClk.o)
 .text.CySysClkWcoStart
                0x00000000       0x40 .\CortexM0\ARM_GCC_493\Debug\i2c.a(CyLFClk.o)
 .text.CySysClkWcoSetPowerMode
                0x00000000       0x4c .\CortexM0\ARM_GCC_493\Debug\i2c.a(CyLFClk.o)
 .text.CySysWdtGetEnabledStatus
                0x00000000       0x24 .\CortexM0\ARM_GCC_493\Debug\i2c.a(CyLFClk.o)
 .text.CySysWdtSetMode
                0x00000000       0x38 .\CortexM0\ARM_GCC_493\Debug\i2c.a(CyLFClk.o)
 .text.CySysClkLfclkPosedgeRestore
                0x00000000       0x2c .\CortexM0\ARM_GCC_493\Debug\i2c.a(CyLFClk.o)
 .text.CySysWdtGetMode
                0x00000000       0x14 .\CortexM0\ARM_GCC_493\Debug\i2c.a(CyLFClk.o)
 .text.CySysWdtSetClearOnMatch
                0x00000000       0x38 .\CortexM0\ARM_GCC_493\Debug\i2c.a(CyLFClk.o)
 .text.CySysWdtGetClearOnMatch
                0x00000000       0x24 .\CortexM0\ARM_GCC_493\Debug\i2c.a(CyLFClk.o)
 .text.CySysWdtEnable
                0x00000000       0x3c .\CortexM0\ARM_GCC_493\Debug\i2c.a(CyLFClk.o)
 .text.CySysWdtDisable
                0x00000000       0x44 .\CortexM0\ARM_GCC_493\Debug\i2c.a(CyLFClk.o)
 .text.CySysWdtSetCascade
                0x00000000       0x34 .\CortexM0\ARM_GCC_493\Debug\i2c.a(CyLFClk.o)
 .text.CySysWdtGetCascade
                0x00000000       0x14 .\CortexM0\ARM_GCC_493\Debug\i2c.a(CyLFClk.o)
 .text.CySysWdtSetMatch
                0x00000000       0x58 .\CortexM0\ARM_GCC_493\Debug\i2c.a(CyLFClk.o)
 .text.CySysWdtSetToggleBit
                0x00000000       0x2c .\CortexM0\ARM_GCC_493\Debug\i2c.a(CyLFClk.o)
 .text.CySysWdtGetToggleBit
                0x00000000       0x10 .\CortexM0\ARM_GCC_493\Debug\i2c.a(CyLFClk.o)
 .text.CySysWdtGetMatch
                0x00000000       0x20 .\CortexM0\ARM_GCC_493\Debug\i2c.a(CyLFClk.o)
 .text.CySysWdtGetCount
                0x00000000       0x3c .\CortexM0\ARM_GCC_493\Debug\i2c.a(CyLFClk.o)
 .text.CySysClkLfclkPosedgeCatch
                0x00000000       0x74 .\CortexM0\ARM_GCC_493\Debug\i2c.a(CyLFClk.o)
 .text.CySysClkIloStop
                0x00000000       0x4c .\CortexM0\ARM_GCC_493\Debug\i2c.a(CyLFClk.o)
 .text.CySysClkSetLfclkSource
                0x00000000       0x38 .\CortexM0\ARM_GCC_493\Debug\i2c.a(CyLFClk.o)
 .text.CySysClkWcoStop
                0x00000000       0x48 .\CortexM0\ARM_GCC_493\Debug\i2c.a(CyLFClk.o)
 .text.CySysWdtGetInterruptSource
                0x00000000       0x14 .\CortexM0\ARM_GCC_493\Debug\i2c.a(CyLFClk.o)
 .text.CySysWdtResetCounters
                0x00000000       0x20 .\CortexM0\ARM_GCC_493\Debug\i2c.a(CyLFClk.o)
 .text.CySysWdtSetInterruptCallback
                0x00000000       0x20 .\CortexM0\ARM_GCC_493\Debug\i2c.a(CyLFClk.o)
 .text.CySysWdtGetInterruptCallback
                0x00000000       0x20 .\CortexM0\ARM_GCC_493\Debug\i2c.a(CyLFClk.o)
 .text.CySysWdtEnableCounterIsr
                0x00000000       0x34 .\CortexM0\ARM_GCC_493\Debug\i2c.a(CyLFClk.o)
 .text.CySysWdtDisableCounterIsr
                0x00000000       0x28 .\CortexM0\ARM_GCC_493\Debug\i2c.a(CyLFClk.o)
 .text.CySysTimerDelayUntilMatch
                0x00000000       0x6c .\CortexM0\ARM_GCC_493\Debug\i2c.a(CyLFClk.o)
 .text.CySysTimerDelay
                0x00000000       0x3c .\CortexM0\ARM_GCC_493\Debug\i2c.a(CyLFClk.o)
 .text.CySysWatchdogFeed
                0x00000000       0x60 .\CortexM0\ARM_GCC_493\Debug\i2c.a(CyLFClk.o)
 .rodata        0x00000000        0xc .\CortexM0\ARM_GCC_493\Debug\i2c.a(CyLFClk.o)
 .data          0x00000000        0x0 .\CortexM0\ARM_GCC_493\Debug\i2c.a(CyBootAsmGnu.o)
 .bss           0x00000000        0x0 .\CortexM0\ARM_GCC_493\Debug\i2c.a(CyBootAsmGnu.o)
 .text          0x00000000        0x0 .\CortexM0\ARM_GCC_493\Debug\i2c.a(CyFlash.o)
 .data          0x00000000        0x0 .\CortexM0\ARM_GCC_493\Debug\i2c.a(CyFlash.o)
 .bss           0x00000000        0x0 .\CortexM0\ARM_GCC_493\Debug\i2c.a(CyFlash.o)
 .text.CySysFlashClockBackup
                0x00000000        0x4 .\CortexM0\ARM_GCC_493\Debug\i2c.a(CyFlash.o)
 .text.CySysFlashClockRestore
                0x00000000        0x4 .\CortexM0\ARM_GCC_493\Debug\i2c.a(CyFlash.o)
 .text.CySysFlashWriteRow
                0x00000000       0xd8 .\CortexM0\ARM_GCC_493\Debug\i2c.a(CyFlash.o)
 .text.CySysSFlashWriteUserRow
                0x00000000       0xcc .\CortexM0\ARM_GCC_493\Debug\i2c.a(CyFlash.o)
 .text          0x00000000      0x120 c:/program files (x86)/cypress/psoc creator/3.3/psoc creator/import/gnu/arm/4.9.3/bin/../lib/gcc/arm-none-eabi/4.9.3/armv6-m\libgcc.a(_udivsi3.o)
 .data          0x00000000        0x0 c:/program files (x86)/cypress/psoc creator/3.3/psoc creator/import/gnu/arm/4.9.3/bin/../lib/gcc/arm-none-eabi/4.9.3/armv6-m\libgcc.a(_udivsi3.o)
 .bss           0x00000000        0x0 c:/program files (x86)/cypress/psoc creator/3.3/psoc creator/import/gnu/arm/4.9.3/bin/../lib/gcc/arm-none-eabi/4.9.3/armv6-m\libgcc.a(_udivsi3.o)
 .text          0x00000000        0x4 c:/program files (x86)/cypress/psoc creator/3.3/psoc creator/import/gnu/arm/4.9.3/bin/../lib/gcc/arm-none-eabi/4.9.3/armv6-m\libgcc.a(_dvmd_tls.o)
 .data          0x00000000        0x0 c:/program files (x86)/cypress/psoc creator/3.3/psoc creator/import/gnu/arm/4.9.3/bin/../lib/gcc/arm-none-eabi/4.9.3/armv6-m\libgcc.a(_dvmd_tls.o)
 .bss           0x00000000        0x0 c:/program files (x86)/cypress/psoc creator/3.3/psoc creator/import/gnu/arm/4.9.3/bin/../lib/gcc/arm-none-eabi/4.9.3/armv6-m\libgcc.a(_dvmd_tls.o)
 .text          0x00000000        0x0 c:/program files (x86)/cypress/psoc creator/3.3/psoc creator/import/gnu/arm/4.9.3/bin/../lib/gcc/arm-none-eabi/4.9.3/../../../../arm-none-eabi/lib/armv6-m\libg_nano.a(lib_a-errno.o)
 .data          0x00000000        0x0 c:/program files (x86)/cypress/psoc creator/3.3/psoc creator/import/gnu/arm/4.9.3/bin/../lib/gcc/arm-none-eabi/4.9.3/../../../../arm-none-eabi/lib/armv6-m\libg_nano.a(lib_a-errno.o)
 .bss           0x00000000        0x0 c:/program files (x86)/cypress/psoc creator/3.3/psoc creator/import/gnu/arm/4.9.3/bin/../lib/gcc/arm-none-eabi/4.9.3/../../../../arm-none-eabi/lib/armv6-m\libg_nano.a(lib_a-errno.o)
 .text.__errno  0x00000000        0xc c:/program files (x86)/cypress/psoc creator/3.3/psoc creator/import/gnu/arm/4.9.3/bin/../lib/gcc/arm-none-eabi/4.9.3/../../../../arm-none-eabi/lib/armv6-m\libg_nano.a(lib_a-errno.o)
 .text          0x00000000        0x0 c:/program files (x86)/cypress/psoc creator/3.3/psoc creator/import/gnu/arm/4.9.3/bin/../lib/gcc/arm-none-eabi/4.9.3/../../../../arm-none-eabi/lib/armv6-m\libg_nano.a(lib_a-exit.o)
 .data          0x00000000        0x0 c:/program files (x86)/cypress/psoc creator/3.3/psoc creator/import/gnu/arm/4.9.3/bin/../lib/gcc/arm-none-eabi/4.9.3/../../../../arm-none-eabi/lib/armv6-m\libg_nano.a(lib_a-exit.o)
 .bss           0x00000000        0x0 c:/program files (x86)/cypress/psoc creator/3.3/psoc creator/import/gnu/arm/4.9.3/bin/../lib/gcc/arm-none-eabi/4.9.3/../../../../arm-none-eabi/lib/armv6-m\libg_nano.a(lib_a-exit.o)
 .text.exit     0x00000000       0x2c c:/program files (x86)/cypress/psoc creator/3.3/psoc creator/import/gnu/arm/4.9.3/bin/../lib/gcc/arm-none-eabi/4.9.3/../../../../arm-none-eabi/lib/armv6-m\libg_nano.a(lib_a-exit.o)
 .text          0x00000000        0x0 c:/program files (x86)/cypress/psoc creator/3.3/psoc creator/import/gnu/arm/4.9.3/bin/../lib/gcc/arm-none-eabi/4.9.3/../../../../arm-none-eabi/lib/armv6-m\libg_nano.a(lib_a-impure.o)
 .data          0x00000000        0x0 c:/program files (x86)/cypress/psoc creator/3.3/psoc creator/import/gnu/arm/4.9.3/bin/../lib/gcc/arm-none-eabi/4.9.3/../../../../arm-none-eabi/lib/armv6-m\libg_nano.a(lib_a-impure.o)
 .bss           0x00000000        0x0 c:/program files (x86)/cypress/psoc creator/3.3/psoc creator/import/gnu/arm/4.9.3/bin/../lib/gcc/arm-none-eabi/4.9.3/../../../../arm-none-eabi/lib/armv6-m\libg_nano.a(lib_a-impure.o)
 .data.impure_data
                0x00000000       0x60 c:/program files (x86)/cypress/psoc creator/3.3/psoc creator/import/gnu/arm/4.9.3/bin/../lib/gcc/arm-none-eabi/4.9.3/../../../../arm-none-eabi/lib/armv6-m\libg_nano.a(lib_a-impure.o)
 .data._impure_ptr
                0x00000000        0x4 c:/program files (x86)/cypress/psoc creator/3.3/psoc creator/import/gnu/arm/4.9.3/bin/../lib/gcc/arm-none-eabi/4.9.3/../../../../arm-none-eabi/lib/armv6-m\libg_nano.a(lib_a-impure.o)
 .rodata.str1.1
                0x00000000        0x2 c:/program files (x86)/cypress/psoc creator/3.3/psoc creator/import/gnu/arm/4.9.3/bin/../lib/gcc/arm-none-eabi/4.9.3/../../../../arm-none-eabi/lib/armv6-m\libg_nano.a(lib_a-impure.o)
 .rodata._global_impure_ptr
                0x00000000        0x4 c:/program files (x86)/cypress/psoc creator/3.3/psoc creator/import/gnu/arm/4.9.3/bin/../lib/gcc/arm-none-eabi/4.9.3/../../../../arm-none-eabi/lib/armv6-m\libg_nano.a(lib_a-impure.o)
 .text          0x00000000        0x0 c:/program files (x86)/cypress/psoc creator/3.3/psoc creator/import/gnu/arm/4.9.3/bin/../lib/gcc/arm-none-eabi/4.9.3/../../../../arm-none-eabi/lib/armv6-m\libg_nano.a(lib_a-init.o)
 .data          0x00000000        0x0 c:/program files (x86)/cypress/psoc creator/3.3/psoc creator/import/gnu/arm/4.9.3/bin/../lib/gcc/arm-none-eabi/4.9.3/../../../../arm-none-eabi/lib/armv6-m\libg_nano.a(lib_a-init.o)
 .bss           0x00000000        0x0 c:/program files (x86)/cypress/psoc creator/3.3/psoc creator/import/gnu/arm/4.9.3/bin/../lib/gcc/arm-none-eabi/4.9.3/../../../../arm-none-eabi/lib/armv6-m\libg_nano.a(lib_a-init.o)
 .text          0x00000000        0x0 c:/program files (x86)/cypress/psoc creator/3.3/psoc creator/import/gnu/arm/4.9.3/bin/../lib/gcc/arm-none-eabi/4.9.3/../../../../arm-none-eabi/lib/armv6-m\libg_nano.a(lib_a-memcpy.o)
 .data          0x00000000        0x0 c:/program files (x86)/cypress/psoc creator/3.3/psoc creator/import/gnu/arm/4.9.3/bin/../lib/gcc/arm-none-eabi/4.9.3/../../../../arm-none-eabi/lib/armv6-m\libg_nano.a(lib_a-memcpy.o)
 .bss           0x00000000        0x0 c:/program files (x86)/cypress/psoc creator/3.3/psoc creator/import/gnu/arm/4.9.3/bin/../lib/gcc/arm-none-eabi/4.9.3/../../../../arm-none-eabi/lib/armv6-m\libg_nano.a(lib_a-memcpy.o)
 .text.memcpy   0x00000000       0x12 c:/program files (x86)/cypress/psoc creator/3.3/psoc creator/import/gnu/arm/4.9.3/bin/../lib/gcc/arm-none-eabi/4.9.3/../../../../arm-none-eabi/lib/armv6-m\libg_nano.a(lib_a-memcpy.o)
 .text          0x00000000        0x0 c:/program files (x86)/cypress/psoc creator/3.3/psoc creator/import/gnu/arm/4.9.3/bin/../lib/gcc/arm-none-eabi/4.9.3/../../../../arm-none-eabi/lib/armv6-m\libg_nano.a(lib_a-memset.o)
 .data          0x00000000        0x0 c:/program files (x86)/cypress/psoc creator/3.3/psoc creator/import/gnu/arm/4.9.3/bin/../lib/gcc/arm-none-eabi/4.9.3/../../../../arm-none-eabi/lib/armv6-m\libg_nano.a(lib_a-memset.o)
 .bss           0x00000000        0x0 c:/program files (x86)/cypress/psoc creator/3.3/psoc creator/import/gnu/arm/4.9.3/bin/../lib/gcc/arm-none-eabi/4.9.3/../../../../arm-none-eabi/lib/armv6-m\libg_nano.a(lib_a-memset.o)
 .text          0x00000000        0x0 c:/program files (x86)/cypress/psoc creator/3.3/psoc creator/import/gnu/arm/4.9.3/bin/../lib/gcc/arm-none-eabi/4.9.3/armv6-m/crtend.o
 .data          0x00000000        0x0 c:/program files (x86)/cypress/psoc creator/3.3/psoc creator/import/gnu/arm/4.9.3/bin/../lib/gcc/arm-none-eabi/4.9.3/armv6-m/crtend.o
 .bss           0x00000000        0x0 c:/program files (x86)/cypress/psoc creator/3.3/psoc creator/import/gnu/arm/4.9.3/bin/../lib/gcc/arm-none-eabi/4.9.3/armv6-m/crtend.o
 .text          0x00000000        0x0 c:/program files (x86)/cypress/psoc creator/3.3/psoc creator/import/gnu/arm/4.9.3/bin/../lib/gcc/arm-none-eabi/4.9.3/armv6-m/crtn.o
 .data          0x00000000        0x0 c:/program files (x86)/cypress/psoc creator/3.3/psoc creator/import/gnu/arm/4.9.3/bin/../lib/gcc/arm-none-eabi/4.9.3/armv6-m/crtn.o
 .bss           0x00000000        0x0 c:/program files (x86)/cypress/psoc creator/3.3/psoc creator/import/gnu/arm/4.9.3/bin/../lib/gcc/arm-none-eabi/4.9.3/armv6-m/crtn.o

Memory Configuration

Name             Origin             Length             Attributes
rom              0x00000000         0x00020000         xr
ram              0x20000000         0x00004000         xrw
*default*        0x00000000         0xffffffff

Linker script and memory map

LOAD c:/program files (x86)/cypress/psoc creator/3.3/psoc creator/import/gnu/arm/4.9.3/bin/../lib/gcc/arm-none-eabi/4.9.3/armv6-m/crti.o
LOAD c:/program files (x86)/cypress/psoc creator/3.3/psoc creator/import/gnu/arm/4.9.3/bin/../lib/gcc/arm-none-eabi/4.9.3/armv6-m/crtbegin.o
LOAD c:/program files (x86)/cypress/psoc creator/3.3/psoc creator/import/gnu/arm/4.9.3/bin/../lib/gcc/arm-none-eabi/4.9.3/../../../../arm-none-eabi/lib/armv6-m/crt0.o
START GROUP
LOAD .\CortexM0\ARM_GCC_493\Debug\main.o
LOAD .\CortexM0\ARM_GCC_493\Debug\cymetadata.o
LOAD .\CortexM0\ARM_GCC_493\Debug\Cm0Start.o
LOAD .\CortexM0\ARM_GCC_493\Debug\i2c.a
LOAD C:\Program Files (x86)\Cypress\PSoC Creator\3.3\PSoC Creator\psoc\content\cycomponentlibrary\CyComponentLibrary.cylib\CortexM0\ARM_GCC_493\Debug\CyComponentLibrary.a
END GROUP
START GROUP
LOAD c:/program files (x86)/cypress/psoc creator/3.3/psoc creator/import/gnu/arm/4.9.3/bin/../lib/gcc/arm-none-eabi/4.9.3/armv6-m\libgcc.a
LOAD c:/program files (x86)/cypress/psoc creator/3.3/psoc creator/import/gnu/arm/4.9.3/bin/../lib/gcc/arm-none-eabi/4.9.3/../../../../arm-none-eabi/lib/armv6-m\libg_nano.a
LOAD c:/program files (x86)/cypress/psoc creator/3.3/psoc creator/import/gnu/arm/4.9.3/bin/../lib/gcc/arm-none-eabi/4.9.3/../../../../arm-none-eabi/lib/armv6-m\libc_nano.a
END GROUP
START GROUP
LOAD c:/program files (x86)/cypress/psoc creator/3.3/psoc creator/import/gnu/arm/4.9.3/bin/../lib/gcc/arm-none-eabi/4.9.3/armv6-m\libgcc.a
LOAD c:/program files (x86)/cypress/psoc creator/3.3/psoc creator/import/gnu/arm/4.9.3/bin/../lib/gcc/arm-none-eabi/4.9.3/../../../../arm-none-eabi/lib/armv6-m\libc_nano.a
END GROUP
LOAD c:/program files (x86)/cypress/psoc creator/3.3/psoc creator/import/gnu/arm/4.9.3/bin/../lib/gcc/arm-none-eabi/4.9.3/armv6-m/crtend.o
LOAD c:/program files (x86)/cypress/psoc creator/3.3/psoc creator/import/gnu/arm/4.9.3/bin/../lib/gcc/arm-none-eabi/4.9.3/armv6-m/crtn.o
START GROUP
LOAD c:/program files (x86)/cypress/psoc creator/3.3/psoc creator/import/gnu/arm/4.9.3/bin/../lib/gcc/arm-none-eabi/4.9.3/armv6-m\libgcc.a
LOAD c:/program files (x86)/cypress/psoc creator/3.3/psoc creator/import/gnu/arm/4.9.3/bin/../lib/gcc/arm-none-eabi/4.9.3/../../../../arm-none-eabi/lib/armv6-m\libc.a
LOAD c:/program files (x86)/cypress/psoc creator/3.3/psoc creator/import/gnu/arm/4.9.3/bin/../lib/gcc/arm-none-eabi/4.9.3/../../../../arm-none-eabi/lib/armv6-m\libnosys.a
END GROUP
                0x00000000                CY_APPL_ORIGIN = 0x0
                0x00000080                CY_FLASH_ROW_SIZE = 0x80
                0x00000001                CY_APPL_NUM = 0x1
                0x00000001                CY_APPL_MAX = 0x1
                0x00000040                CY_METADATA_SIZE = 0x40
                0x00000000                CY_APPL_LOADABLE = 0x0
                0x00000000                CY_CHECKSUM_EXCLUDE_SIZE = ALIGN (0x0, CY_FLASH_ROW_SIZE)
                0x00000000                CY_APP_FOR_STACK_AND_COPIER = 0x0
                0x20000138                PROVIDE (__cy_heap_start, _end)
                0x00000001                PROVIDE (__cy_region_num, ((__cy_regions_end - __cy_regions) / 0x10))
                0x20004000                PROVIDE (__cy_stack, (ORIGIN (ram) + 0x4000))
                0x20003800                PROVIDE (__cy_heap_end, (__cy_stack - 0x800))

.cybootloader   0x00000000        0x0
 *(.cybootloader)
                0x00000000                appl1_start = CY_APPL_ORIGIN?CY_APPL_ORIGIN:ALIGN (CY_FLASH_ROW_SIZE)
                0x0000ff80                appl2_start = (appl1_start + ALIGN ((((0x20000 - appl1_start) - (0x2 * CY_FLASH_ROW_SIZE)) / 0x2), CY_FLASH_ROW_SIZE))
                0x00000000                appl_start = (CY_APPL_NUM == 0x1)?appl1_start:appl2_start
                0x00000001                cy_project_type_bootloader = (appl_start == 0x0)?0x1:0x0
                0x00000000                cy_project_type_app_for_stack_and_copier = (CY_APP_FOR_STACK_AND_COPIER == 0x1)?0x1:0x0

.text           0x00000000      0xb88
 CREATE_OBJECT_SYMBOLS
                0x00000000                PROVIDE (__cy_interrupt_vector, RomVectors)
 *(.romvectors)
 .romvectors    0x00000000       0x10 .\CortexM0\ARM_GCC_493\Debug\Cm0Start.o
                0x00000000                RomVectors
                0x00000001                ASSERT ((. != __cy_interrupt_vector), No interrupt vector)
                0x00000001                ASSERT (CY_APPL_ORIGIN?(SIZEOF (.cybootloader) <= CY_APPL_ORIGIN):0x1, Wrong image location)
                0x00000010                PROVIDE (__cy_reset, Reset)
 *(.text.Reset)
 .text.Reset    0x00000010        0x8 .\CortexM0\ARM_GCC_493\Debug\Cm0Start.o
                0x00000010                Reset
                0x00000001                ASSERT ((. != __cy_reset), No reset code)
 *(.psocinit)
 .psocinit      0x00000018      0x124 .\CortexM0\ARM_GCC_493\Debug\i2c.a(cyfitter_cfg.o)
                0x00000094                cyfitter_cfg
                0x0000013c                . = MAX (., 0x100)
 *(.text .text.* .gnu.linkonce.t.*)
 .text          0x0000013c       0x60 c:/program files (x86)/cypress/psoc creator/3.3/psoc creator/import/gnu/arm/4.9.3/bin/../lib/gcc/arm-none-eabi/4.9.3/armv6-m/crtbegin.o
 .text.main     0x0000019c       0x2c .\CortexM0\ARM_GCC_493\Debug\main.o
                0x0000019c                main
 .text.IntDefaultHandler
                0x000001c8        0x4 .\CortexM0\ARM_GCC_493\Debug\Cm0Start.o
                0x000001c8                IntDefaultHandler
 .text.Start_c  0x000001cc       0x48 .\CortexM0\ARM_GCC_493\Debug\Cm0Start.o
                0x000001cc                Start_c
 .text.initialize_psoc
                0x00000214       0x54 .\CortexM0\ARM_GCC_493\Debug\Cm0Start.o
                0x00000214                initialize_psoc
 .text.AnalogSetDefault
                0x00000268       0x20 .\CortexM0\ARM_GCC_493\Debug\i2c.a(cyfitter_cfg.o)
 .text.CYMEMZERO
                0x00000288        0xc .\CortexM0\ARM_GCC_493\Debug\i2c.a(cyfitter_cfg.o)
 .text.EZI2C_1_ScbEnableIntr
                0x00000294        0xc .\CortexM0\ARM_GCC_493\Debug\i2c.a(EZI2C_1.o)
 .text.EZI2C_1_Init
                0x000002a0        0x8 .\CortexM0\ARM_GCC_493\Debug\i2c.a(EZI2C_1.o)
                0x000002a0                EZI2C_1_Init
 .text.EZI2C_1_Enable
                0x000002a8       0x18 .\CortexM0\ARM_GCC_493\Debug\i2c.a(EZI2C_1.o)
                0x000002a8                EZI2C_1_Enable
 .text.EZI2C_1_Start
                0x000002c0       0x20 .\CortexM0\ARM_GCC_493\Debug\i2c.a(EZI2C_1.o)
                0x000002c0                EZI2C_1_Start
 .text.EZI2C_1_EzI2CInit
                0x000002e0       0xc0 .\CortexM0\ARM_GCC_493\Debug\i2c.a(EZI2C_1_EZI2C.o)
                0x000002e0                EZI2C_1_EzI2CInit
 .text.EZI2C_1_EzI2CSetBuffer1
                0x000003a0       0x30 .\CortexM0\ARM_GCC_493\Debug\i2c.a(EZI2C_1_EZI2C.o)
                0x000003a0                EZI2C_1_EzI2CSetBuffer1
 .text.EZI2C_1_EZI2C_STRETCH_ISR
                0x000003d0      0x324 .\CortexM0\ARM_GCC_493\Debug\i2c.a(EZI2C_1_EZI2C_INT.o)
                0x000003d0                EZI2C_1_EZI2C_STRETCH_ISR
 .text.CySysClkImoDisableWcoLock
                0x000006f4       0x14 .\CortexM0\ARM_GCC_493\Debug\i2c.a(CyLib.o)
                0x000006f4                CySysClkImoDisableWcoLock
 .text.CySysClkImoGetWcoLock
                0x00000708       0x14 .\CortexM0\ARM_GCC_493\Debug\i2c.a(CyLib.o)
                0x00000708                CySysClkImoGetWcoLock
 .text.CyIntEnable
                0x0000071c       0x14 .\CortexM0\ARM_GCC_493\Debug\i2c.a(CyLib.o)
                0x0000071c                CyIntEnable
 .text.CyIntDisable
                0x00000730       0x14 .\CortexM0\ARM_GCC_493\Debug\i2c.a(CyLib.o)
                0x00000730                CyIntDisable
 .text.CyHalt   0x00000744        0x4 .\CortexM0\ARM_GCC_493\Debug\i2c.a(CyLib.o)
                0x00000744                CyHalt
 .text.CyIntSetVector
                0x00000748       0x24 .\CortexM0\ARM_GCC_493\Debug\i2c.a(CyLib.o)
                0x00000748                CyIntSetVector
 .text.CyIntSetPriority
                0x0000076c       0x4c .\CortexM0\ARM_GCC_493\Debug\i2c.a(CyLib.o)
                0x0000076c                CyIntSetPriority
 .text.CyDelay  0x000007b8       0x30 .\CortexM0\ARM_GCC_493\Debug\i2c.a(CyLib.o)
                0x000007b8                CyDelay
 .text.CySysClkImoEnableWcoLock
                0x000007e8       0xe8 .\CortexM0\ARM_GCC_493\Debug\i2c.a(CyLib.o)
                0x000007e8                CySysClkImoEnableWcoLock
 .text.CySysClkWriteImoFreq
                0x000008d0       0x80 .\CortexM0\ARM_GCC_493\Debug\i2c.a(CyLib.o)
                0x000008d0                CySysClkWriteImoFreq
 .text.CySysWdtLocked
                0x00000950       0x14 .\CortexM0\ARM_GCC_493\Debug\i2c.a(CyLFClk.o)
 .text.CySysClkWcoEnabled
                0x00000964       0x14 .\CortexM0\ARM_GCC_493\Debug\i2c.a(CyLFClk.o)
                0x00000964                CySysClkWcoEnabled
 .text.CySysWdtLock
                0x00000978       0x1c .\CortexM0\ARM_GCC_493\Debug\i2c.a(CyLFClk.o)
                0x00000978                CySysWdtLock
 .text.CySysWdtUnlock
                0x00000994       0x30 .\CortexM0\ARM_GCC_493\Debug\i2c.a(CyLFClk.o)
                0x00000994                CySysWdtUnlock
 .text.CySysWdtClearInterrupt
                0x000009c4       0x4c .\CortexM0\ARM_GCC_493\Debug\i2c.a(CyLFClk.o)
                0x000009c4                CySysWdtClearInterrupt
 .text.CySysWdtIsr
                0x00000a10       0xa4 .\CortexM0\ARM_GCC_493\Debug\i2c.a(CyLFClk.o)
                0x00000a10                CySysWdtIsr
 *fill*         0x00000ab4        0x4 
 .text          0x00000ab8       0x20 .\CortexM0\ARM_GCC_493\Debug\i2c.a(CyBootAsmGnu.o)
                0x00000ab8                CyDelayCycles
                0x00000aca                CyEnterCriticalSection
                0x00000ad2                CyExitCriticalSection
 .text.CySysFlashSetWaitCycles
                0x00000ad8       0x54 .\CortexM0\ARM_GCC_493\Debug\i2c.a(CyFlash.o)
                0x00000ad8                CySysFlashSetWaitCycles
 .text.__libc_init_array
                0x00000b2c       0x4c c:/program files (x86)/cypress/psoc creator/3.3/psoc creator/import/gnu/arm/4.9.3/bin/../lib/gcc/arm-none-eabi/4.9.3/../../../../arm-none-eabi/lib/armv6-m\libg_nano.a(lib_a-init.o)
                0x00000b2c                __libc_init_array
 .text.memset   0x00000b78       0x10 c:/program files (x86)/cypress/psoc creator/3.3/psoc creator/import/gnu/arm/4.9.3/bin/../lib/gcc/arm-none-eabi/4.9.3/../../../../arm-none-eabi/lib/armv6-m\libg_nano.a(lib_a-memset.o)
                0x00000b78                memset
 *(.plt)
 *(.gnu.warning)
 *(.glue_7t)
 .glue_7t       0x00000000        0x0 linker stubs
 *(.glue_7)
 .glue_7        0x00000000        0x0 linker stubs
 *(.vfp11_veneer)
 .vfp11_veneer  0x00000000        0x0 linker stubs
 *(.bootloader)
 *(.ARM.extab* .gnu.linkonce.armextab.*)
 *(.gcc_except_table)

.v4_bx          0x00000b88        0x0
 .v4_bx         0x00000000        0x0 linker stubs

.iplt           0x00000b88        0x0
 .iplt          0x00000000        0x0 c:/program files (x86)/cypress/psoc creator/3.3/psoc creator/import/gnu/arm/4.9.3/bin/../lib/gcc/arm-none-eabi/4.9.3/armv6-m/crtbegin.o

.eh_frame_hdr
 *(.eh_frame_hdr)

.eh_frame       0x00000b88        0x4
 *(.eh_frame)
 .eh_frame      0x00000b88        0x0 c:/program files (x86)/cypress/psoc creator/3.3/psoc creator/import/gnu/arm/4.9.3/bin/../lib/gcc/arm-none-eabi/4.9.3/armv6-m/crtbegin.o
 .eh_frame      0x00000b88        0x4 c:/program files (x86)/cypress/psoc creator/3.3/psoc creator/import/gnu/arm/4.9.3/bin/../lib/gcc/arm-none-eabi/4.9.3/armv6-m/crtend.o
                0x00000b8c                PROVIDE (__exidx_start, .)

.ARM.exidx
 *(.ARM.exidx* .gnu.linkonce.armexidx.*)
                0x00000b8c                __exidx_end = .

.rodata         0x00000b8c       0x8c
 *(.rodata .rodata.* .gnu.linkonce.r.*)
 .rodata        0x00000b8c        0xc .\CortexM0\ARM_GCC_493\Debug\i2c.a(cyfitter_cfg.o)
 .rodata        0x00000b98       0x48 .\CortexM0\ARM_GCC_493\Debug\i2c.a(CyLib.o)
                0x00000b98                cyImoFreqMhz2Reg
                0x00000bc8                cyImoFreqMhz2DpllOffset
                0x00000be0                . = ALIGN (0x4)
 *(.init)
 .init          0x00000be0        0x4 c:/program files (x86)/cypress/psoc creator/3.3/psoc creator/import/gnu/arm/4.9.3/bin/../lib/gcc/arm-none-eabi/4.9.3/armv6-m/crti.o
                0x00000be0                _init
 .init          0x00000be4        0x8 c:/program files (x86)/cypress/psoc creator/3.3/psoc creator/import/gnu/arm/4.9.3/bin/../lib/gcc/arm-none-eabi/4.9.3/armv6-m/crtn.o
                0x00000bec                . = ALIGN (0x4)
                0x00000bec                __preinit_array_start = .
 *(.preinit_array)
                0x00000bec                __preinit_array_end = .
                0x00000bec                . = ALIGN (0x4)
                0x00000bec                __init_array_start = .
 *(SORT(.init_array.*))
 *(.init_array)
 .init_array    0x00000bec        0x4 c:/program files (x86)/cypress/psoc creator/3.3/psoc creator/import/gnu/arm/4.9.3/bin/../lib/gcc/arm-none-eabi/4.9.3/armv6-m/crtbegin.o
 .init_array    0x00000bf0        0x4 .\CortexM0\ARM_GCC_493\Debug\Cm0Start.o
                0x00000bf4                __init_array_end = .
                0x00000bf4                . = ALIGN (0x4)
 *(.fini)
 .fini          0x00000bf4        0x4 c:/program files (x86)/cypress/psoc creator/3.3/psoc creator/import/gnu/arm/4.9.3/bin/../lib/gcc/arm-none-eabi/4.9.3/armv6-m/crti.o
                0x00000bf4                _fini
 .fini          0x00000bf8        0x8 c:/program files (x86)/cypress/psoc creator/3.3/psoc creator/import/gnu/arm/4.9.3/bin/../lib/gcc/arm-none-eabi/4.9.3/armv6-m/crtn.o
                0x00000c00                . = ALIGN (0x4)
                0x00000c00                __fini_array_start = .
 *(.fini_array)
 .fini_array    0x00000c00        0x4 c:/program files (x86)/cypress/psoc creator/3.3/psoc creator/import/gnu/arm/4.9.3/bin/../lib/gcc/arm-none-eabi/4.9.3/armv6-m/crtbegin.o
 *(SORT(.fini_array.*))
                0x00000c04                __fini_array_end = .
                0x00000c04                . = ALIGN (0x4)
 *crtbegin.o(.ctors)
 *(EXCLUDE_FILE(*crtend.o) .ctors)
 *(SORT(.ctors.*))
 *crtend.o(.ctors)
                0x00000c04                . = ALIGN (0x4)
 *crtbegin.o(.dtors)
 *(EXCLUDE_FILE(*crtend.o) .dtors)
 *(SORT(.dtors.*))
 *crtend.o(.dtors)
                0x00000c04                . = ALIGN (0x4)
                0x00000c04                __cy_regions = .
                0x00000c04        0x4 LONG 0xc18 __cy_region_init_ram
                0x00000c08        0x4 LONG 0x200000c8 __cy_region_start_data
                0x00000c0c        0x4 LONG 0x18 __cy_region_init_size_ram
                0x00000c10        0x4 LONG 0x58 __cy_region_zero_size_ram
                0x00000c14                __cy_regions_end = .
                0x00000c18                . = ALIGN (0x8)
 *fill*         0x00000c14        0x4 
                0x00000c18                _etext = .

.cy_checksum_exclude
                0x00000c18        0x0
 *(.cy_checksum_exclude)

.ramvectors     0x20000000       0xc0
                0x20000000                __cy_region_start_ram = .
 *(.ramvectors)
 .ramvectors    0x20000000       0xc0 .\CortexM0\ARM_GCC_493\Debug\Cm0Start.o
                0x20000000                CyRamVectors

.noinit         0x200000c0        0x4
 *(.noinit)
 .noinit        0x200000c0        0x4 .\CortexM0\ARM_GCC_493\Debug\Cm0Start.o

.data           0x200000c8       0x18 load address 0x00000c18
                0x200000c8                __cy_region_start_data = .
 *(.jcr)
 .jcr           0x200000c8        0x0 c:/program files (x86)/cypress/psoc creator/3.3/psoc creator/import/gnu/arm/4.9.3/bin/../lib/gcc/arm-none-eabi/4.9.3/armv6-m/crtbegin.o
 .jcr           0x200000c8        0x4 c:/program files (x86)/cypress/psoc creator/3.3/psoc creator/import/gnu/arm/4.9.3/bin/../lib/gcc/arm-none-eabi/4.9.3/armv6-m/crtend.o
 *(.got.plt)
 *(.got)
 *(.shdata)
 *(.data .data.* .gnu.linkonce.d.*)
 .data          0x200000cc       0x10 .\CortexM0\ARM_GCC_493\Debug\i2c.a(CyLib.o)
                0x200000cc                cydelay32kMs
                0x200000d0                cydelayFreqKhz
                0x200000d4                cydelayFreqMhz
                0x200000d8                cydelayFreqHz
 .data          0x200000dc        0x4 .\CortexM0\ARM_GCC_493\Debug\i2c.a(CyLFClk.o)
                0x200000e0                . = ALIGN (0x8)
 *(.ram)
                0x200000e0                _edata = .

.igot.plt       0x200000e0        0x0 load address 0x00000c30
 .igot.plt      0x00000000        0x0 c:/program files (x86)/cypress/psoc creator/3.3/psoc creator/import/gnu/arm/4.9.3/bin/../lib/gcc/arm-none-eabi/4.9.3/armv6-m/crtbegin.o

.bss            0x200000e0       0x58 load address 0x00000c30
                0x200000e0                PROVIDE (__bss_start__, .)
 *(.shbss)
 *(.bss .bss.* .gnu.linkonce.b.*)
 .bss           0x200000e0       0x1c c:/program files (x86)/cypress/psoc creator/3.3/psoc creator/import/gnu/arm/4.9.3/bin/../lib/gcc/arm-none-eabi/4.9.3/armv6-m/crtbegin.o
 .bss           0x200000fc        0x4 .\CortexM0\ARM_GCC_493\Debug\main.o
 .bss           0x20000100        0x8 .\CortexM0\ARM_GCC_493\Debug\i2c.a(EZI2C_1.o)
                0x20000100                EZI2C_1_initVar
                0x20000104                EZI2C_1_customIntrHandler
 .bss           0x20000108        0x2 .\CortexM0\ARM_GCC_493\Debug\i2c.a(EZI2C_1_EZI2C_INT.o)
 *fill*         0x2000010a        0x2 
 .bss           0x2000010c       0x1c .\CortexM0\ARM_GCC_493\Debug\i2c.a(CyLFClk.o)
 *(COMMON)
 COMMON         0x20000128       0x10 .\CortexM0\ARM_GCC_493\Debug\i2c.a(EZI2C_1_EZI2C.o)
                0x20000128                EZI2C_1_curStatus
                0x2000012a                EZI2C_1_protectBuf1
                0x2000012c                EZI2C_1_bufSizeBuf1
                0x20000130                EZI2C_1_dataBuffer1
                0x20000134                EZI2C_1_indexBuf1
                0x20000136                EZI2C_1_fsmState
                0x20000137                EZI2C_1_offsetBuf1
                0x20000138                . = ALIGN (0x8)
 *(.ram.b)
                0x20000138                _end = .
                0x20000138                __end = .
                0x20000138                PROVIDE (end, .)
                0x20000138                PROVIDE (__bss_end__, .)
                0x00000c18                __cy_region_init_ram = LOADADDR (.data)
                0x00000018                __cy_region_init_size_ram = (_edata - ADDR (.data))
                0x00000058                __cy_region_zero_size_ram = (_end - _edata)

.heap           0x20000138       0x80 load address 0x00000c30
                0x20000138                . = _end
                0x200001b8                . = (. + 0x80)
 *fill*         0x20000138       0x80 
                0x200001b8                __cy_heap_limit = .

.stack          0x20003800      0x800
                0x20003800                __cy_stack_limit = .
                0x20004000                . = (. + 0x800)
 *fill*         0x20003800      0x800 
                0x00000001                ASSERT ((__cy_stack_limit >= __cy_heap_limit), region RAM overflowed with stack)
                0x00000000                cy_checksum_exclude_size = (CY_APPL_LOADABLE == 0x1)?SIZEOF (.cy_checksum_exclude):0x0
                0x00000001                ASSERT ((cy_checksum_exclude_size <= CY_CHECKSUM_EXCLUDE_SIZE), CY_BOOT: Section .cy_checksum_exclude size exceedes specified limit.)
                0x0001ffc0                cyloadermeta_start = (cy_project_type_bootloader || cy_project_type_app_for_stack_and_copier)?(0x20000 - CY_METADATA_SIZE):0xf0000000

.cyloadermeta
 *(.cyloadermeta)
                0x0001ffc0                cyloadablemeta_start = cy_project_type_app_for_stack_and_copier?((0x20000 - CY_FLASH_ROW_SIZE) - CY_METADATA_SIZE):((0x20000 - (CY_FLASH_ROW_SIZE * (CY_APPL_NUM - 0x1))) - CY_METADATA_SIZE)

.cyloadablemeta
 *(.cyloadablemeta)

.cyflashprotect
                0x90400000       0x80
 *(.cyflashprotect)
 .cyflashprotect
                0x90400000       0x80 .\CortexM0\ARM_GCC_493\Debug\cymetadata.o
                0x90400000                cy_meta_flashprotect

.cymeta         0x90500000        0xc
 *(.cymeta)
 .cymeta        0x90500000        0xc .\CortexM0\ARM_GCC_493\Debug\cymetadata.o
                0x90500000                cy_metadata

.cychipprotect  0x90600000        0x4
 *(.cychipprotect)
 .cychipprotect
                0x90600000        0x4 .\CortexM0\ARM_GCC_493\Debug\cymetadata.o
                0x90600000                cy_meta_chipprotect

.rel.dyn        0x00000c30        0x0 load address 0x90600004
 .rel.iplt      0x00000000        0x0 c:/program files (x86)/cypress/psoc creator/3.3/psoc creator/import/gnu/arm/4.9.3/bin/../lib/gcc/arm-none-eabi/4.9.3/armv6-m/crtbegin.o

.stab
 *(.stab)

.stabstr
 *(.stabstr)

.debug
 *(.debug)

.line
 *(.line)

.debug_srcinfo
 *(.debug_srcinfo)

.debug_sfnames
 *(.debug_sfnames)

.debug_aranges  0x00000000      0x4f0
 *(.debug_aranges)
 .debug_aranges
                0x00000000       0x20 .\CortexM0\ARM_GCC_493\Debug\main.o
 .debug_aranges
                0x00000020       0x18 .\CortexM0\ARM_GCC_493\Debug\cymetadata.o
 .debug_aranges
                0x00000038       0x48 .\CortexM0\ARM_GCC_493\Debug\Cm0Start.o
 .debug_aranges
                0x00000080       0x38 .\CortexM0\ARM_GCC_493\Debug\i2c.a(cyfitter_cfg.o)
 .debug_aranges
                0x000000b8       0x60 .\CortexM0\ARM_GCC_493\Debug\i2c.a(EZI2C_1.o)
 .debug_aranges
                0x00000118       0x50 .\CortexM0\ARM_GCC_493\Debug\i2c.a(EZI2C_1_EZI2C.o)
 .debug_aranges
                0x00000168       0x20 .\CortexM0\ARM_GCC_493\Debug\i2c.a(EZI2C_1_EZI2C_INT.o)
 .debug_aranges
                0x00000188      0x1b8 .\CortexM0\ARM_GCC_493\Debug\i2c.a(CyLib.o)
 .debug_aranges
                0x00000340      0x150 .\CortexM0\ARM_GCC_493\Debug\i2c.a(CyLFClk.o)
 .debug_aranges
                0x00000490       0x20 .\CortexM0\ARM_GCC_493\Debug\i2c.a(CyBootAsmGnu.o)
 .debug_aranges
                0x000004b0       0x40 .\CortexM0\ARM_GCC_493\Debug\i2c.a(CyFlash.o)

.debug_pubnames
 *(.debug_pubnames)

.debug_info     0x00000000     0x2ed0
 *(.debug_info .gnu.linkonce.wi.*)
 .debug_info    0x00000000      0x150 .\CortexM0\ARM_GCC_493\Debug\main.o
 .debug_info    0x00000150       0xfe .\CortexM0\ARM_GCC_493\Debug\cymetadata.o
 .debug_info    0x0000024e      0x38e .\CortexM0\ARM_GCC_493\Debug\Cm0Start.o
 .debug_info    0x000005dc      0x2ae .\CortexM0\ARM_GCC_493\Debug\i2c.a(cyfitter_cfg.o)
 .debug_info    0x0000088a      0x297 .\CortexM0\ARM_GCC_493\Debug\i2c.a(EZI2C_1.o)
 .debug_info    0x00000b21      0x347 .\CortexM0\ARM_GCC_493\Debug\i2c.a(EZI2C_1_EZI2C.o)
 .debug_info    0x00000e68      0x1df .\CortexM0\ARM_GCC_493\Debug\i2c.a(EZI2C_1_EZI2C_INT.o)
 .debug_info    0x00001047      0xcf4 .\CortexM0\ARM_GCC_493\Debug\i2c.a(CyLib.o)
 .debug_info    0x00001d3b      0xda4 .\CortexM0\ARM_GCC_493\Debug\i2c.a(CyLFClk.o)
 .debug_info    0x00002adf       0x86 .\CortexM0\ARM_GCC_493\Debug\i2c.a(CyBootAsmGnu.o)
 .debug_info    0x00002b65      0x36b .\CortexM0\ARM_GCC_493\Debug\i2c.a(CyFlash.o)

.debug_abbrev   0x00000000      0xec1
 *(.debug_abbrev)
 .debug_abbrev  0x00000000       0xed .\CortexM0\ARM_GCC_493\Debug\main.o
 .debug_abbrev  0x000000ed       0x5d .\CortexM0\ARM_GCC_493\Debug\cymetadata.o
 .debug_abbrev  0x0000014a      0x1d5 .\CortexM0\ARM_GCC_493\Debug\Cm0Start.o
 .debug_abbrev  0x0000031f      0x1a2 .\CortexM0\ARM_GCC_493\Debug\i2c.a(cyfitter_cfg.o)
 .debug_abbrev  0x000004c1      0x143 .\CortexM0\ARM_GCC_493\Debug\i2c.a(EZI2C_1.o)
 .debug_abbrev  0x00000604      0x170 .\CortexM0\ARM_GCC_493\Debug\i2c.a(EZI2C_1_EZI2C.o)
 .debug_abbrev  0x00000774       0xc6 .\CortexM0\ARM_GCC_493\Debug\i2c.a(EZI2C_1_EZI2C_INT.o)
 .debug_abbrev  0x0000083a      0x245 .\CortexM0\ARM_GCC_493\Debug\i2c.a(CyLib.o)
 .debug_abbrev  0x00000a7f      0x26d .\CortexM0\ARM_GCC_493\Debug\i2c.a(CyLFClk.o)
 .debug_abbrev  0x00000cec       0x14 .\CortexM0\ARM_GCC_493\Debug\i2c.a(CyBootAsmGnu.o)
 .debug_abbrev  0x00000d00      0x1c1 .\CortexM0\ARM_GCC_493\Debug\i2c.a(CyFlash.o)

.debug_line     0x00000000     0x13c5
 *(.debug_line)
 .debug_line    0x00000000       0x9a .\CortexM0\ARM_GCC_493\Debug\main.o
 .debug_line    0x0000009a       0x53 .\CortexM0\ARM_GCC_493\Debug\cymetadata.o
 .debug_line    0x000000ed      0x249 .\CortexM0\ARM_GCC_493\Debug\Cm0Start.o
 .debug_line    0x00000336      0x148 .\CortexM0\ARM_GCC_493\Debug\i2c.a(cyfitter_cfg.o)
 .debug_line    0x0000047e      0x145 .\CortexM0\ARM_GCC_493\Debug\i2c.a(EZI2C_1.o)
 .debug_line    0x000005c3      0x11e .\CortexM0\ARM_GCC_493\Debug\i2c.a(EZI2C_1_EZI2C.o)
 .debug_line    0x000006e1      0x156 .\CortexM0\ARM_GCC_493\Debug\i2c.a(EZI2C_1_EZI2C_INT.o)
 .debug_line    0x00000837      0x51a .\CortexM0\ARM_GCC_493\Debug\i2c.a(CyLib.o)
 .debug_line    0x00000d51      0x4c5 .\CortexM0\ARM_GCC_493\Debug\i2c.a(CyLFClk.o)
 .debug_line    0x00001216       0x68 .\CortexM0\ARM_GCC_493\Debug\i2c.a(CyBootAsmGnu.o)
 .debug_line    0x0000127e      0x147 .\CortexM0\ARM_GCC_493\Debug\i2c.a(CyFlash.o)

.debug_frame    0x00000000      0xce0
 *(.debug_frame)
 .debug_frame   0x00000000       0x2c .\CortexM0\ARM_GCC_493\Debug\main.o
 .debug_frame   0x0000002c       0xb0 .\CortexM0\ARM_GCC_493\Debug\Cm0Start.o
 .debug_frame   0x000000dc       0x74 .\CortexM0\ARM_GCC_493\Debug\i2c.a(cyfitter_cfg.o)
 .debug_frame   0x00000150       0xe8 .\CortexM0\ARM_GCC_493\Debug\i2c.a(EZI2C_1.o)
 .debug_frame   0x00000238       0xa8 .\CortexM0\ARM_GCC_493\Debug\i2c.a(EZI2C_1_EZI2C.o)
 .debug_frame   0x000002e0       0x30 .\CortexM0\ARM_GCC_493\Debug\i2c.a(EZI2C_1_EZI2C_INT.o)
 .debug_frame   0x00000310      0x468 .\CortexM0\ARM_GCC_493\Debug\i2c.a(CyLib.o)
 .debug_frame   0x00000778      0x3fc .\CortexM0\ARM_GCC_493\Debug\i2c.a(CyLFClk.o)
 .debug_frame   0x00000b74       0x90 .\CortexM0\ARM_GCC_493\Debug\i2c.a(CyFlash.o)
 .debug_frame   0x00000c04       0x20 c:/program files (x86)/cypress/psoc creator/3.3/psoc creator/import/gnu/arm/4.9.3/bin/../lib/gcc/arm-none-eabi/4.9.3/armv6-m\libgcc.a(_udivsi3.o)
 .debug_frame   0x00000c24       0x20 c:/program files (x86)/cypress/psoc creator/3.3/psoc creator/import/gnu/arm/4.9.3/bin/../lib/gcc/arm-none-eabi/4.9.3/../../../../arm-none-eabi/lib/armv6-m\libg_nano.a(lib_a-errno.o)
 .debug_frame   0x00000c44       0x28 c:/program files (x86)/cypress/psoc creator/3.3/psoc creator/import/gnu/arm/4.9.3/bin/../lib/gcc/arm-none-eabi/4.9.3/../../../../arm-none-eabi/lib/armv6-m\libg_nano.a(lib_a-exit.o)
 .debug_frame   0x00000c6c       0x2c c:/program files (x86)/cypress/psoc creator/3.3/psoc creator/import/gnu/arm/4.9.3/bin/../lib/gcc/arm-none-eabi/4.9.3/../../../../arm-none-eabi/lib/armv6-m\libg_nano.a(lib_a-init.o)
 .debug_frame   0x00000c98       0x28 c:/program files (x86)/cypress/psoc creator/3.3/psoc creator/import/gnu/arm/4.9.3/bin/../lib/gcc/arm-none-eabi/4.9.3/../../../../arm-none-eabi/lib/armv6-m\libg_nano.a(lib_a-memcpy.o)
 .debug_frame   0x00000cc0       0x20 c:/program files (x86)/cypress/psoc creator/3.3/psoc creator/import/gnu/arm/4.9.3/bin/../lib/gcc/arm-none-eabi/4.9.3/../../../../arm-none-eabi/lib/armv6-m\libg_nano.a(lib_a-memset.o)

.debug_str      0x00000000     0x1282
 *(.debug_str)
 .debug_str     0x00000000      0x17a .\CortexM0\ARM_GCC_493\Debug\main.o
                                0x1b3 (size before relaxing)
 .debug_str     0x0000017a       0x5b .\CortexM0\ARM_GCC_493\Debug\cymetadata.o
                                0x1c4 (size before relaxing)
 .debug_str     0x000001d5      0x15c .\CortexM0\ARM_GCC_493\Debug\Cm0Start.o
                                0x2eb (size before relaxing)
 .debug_str     0x00000331       0xae .\CortexM0\ARM_GCC_493\Debug\i2c.a(cyfitter_cfg.o)
                                0x252 (size before relaxing)
 .debug_str     0x000003df      0x154 .\CortexM0\ARM_GCC_493\Debug\i2c.a(EZI2C_1.o)
                                0x2e4 (size before relaxing)
 .debug_str     0x00000533      0x149 .\CortexM0\ARM_GCC_493\Debug\i2c.a(EZI2C_1_EZI2C.o)
                                0x34d (size before relaxing)
 .debug_str     0x0000067c       0x9d .\CortexM0\ARM_GCC_493\Debug\i2c.a(EZI2C_1_EZI2C_INT.o)
                                0x2cc (size before relaxing)
 .debug_str     0x00000719      0x5b2 .\CortexM0\ARM_GCC_493\Debug\i2c.a(CyLib.o)
                                0x7b8 (size before relaxing)
 .debug_str     0x00000ccb      0x505 .\CortexM0\ARM_GCC_493\Debug\i2c.a(CyLFClk.o)
                                0x6f9 (size before relaxing)
 .debug_str     0x000011d0       0xb2 .\CortexM0\ARM_GCC_493\Debug\i2c.a(CyFlash.o)
                                0x29a (size before relaxing)

.debug_loc      0x00000000     0x163d
 *(.debug_loc)
 .debug_loc     0x00000000      0x14f .\CortexM0\ARM_GCC_493\Debug\Cm0Start.o
 .debug_loc     0x0000014f       0xa9 .\CortexM0\ARM_GCC_493\Debug\i2c.a(cyfitter_cfg.o)
 .debug_loc     0x000001f8       0x7e .\CortexM0\ARM_GCC_493\Debug\i2c.a(EZI2C_1.o)
 .debug_loc     0x00000276       0xe1 .\CortexM0\ARM_GCC_493\Debug\i2c.a(EZI2C_1_EZI2C.o)
 .debug_loc     0x00000357      0x132 .\CortexM0\ARM_GCC_493\Debug\i2c.a(EZI2C_1_EZI2C_INT.o)
 .debug_loc     0x00000489      0x7be .\CortexM0\ARM_GCC_493\Debug\i2c.a(CyLib.o)
 .debug_loc     0x00000c47      0x8af .\CortexM0\ARM_GCC_493\Debug\i2c.a(CyLFClk.o)
 .debug_loc     0x000014f6      0x147 .\CortexM0\ARM_GCC_493\Debug\i2c.a(CyFlash.o)

.debug_macinfo
 *(.debug_macinfo)

.debug_ranges   0x00000000      0x428
 *(.debug_ranges)
 .debug_ranges  0x00000000       0x10 .\CortexM0\ARM_GCC_493\Debug\main.o
 .debug_ranges  0x00000010       0x38 .\CortexM0\ARM_GCC_493\Debug\Cm0Start.o
 .debug_ranges  0x00000048       0x28 .\CortexM0\ARM_GCC_493\Debug\i2c.a(cyfitter_cfg.o)
 .debug_ranges  0x00000070       0x50 .\CortexM0\ARM_GCC_493\Debug\i2c.a(EZI2C_1.o)
 .debug_ranges  0x000000c0       0x40 .\CortexM0\ARM_GCC_493\Debug\i2c.a(EZI2C_1_EZI2C.o)
 .debug_ranges  0x00000100       0x10 .\CortexM0\ARM_GCC_493\Debug\i2c.a(EZI2C_1_EZI2C_INT.o)
 .debug_ranges  0x00000110      0x1a8 .\CortexM0\ARM_GCC_493\Debug\i2c.a(CyLib.o)
 .debug_ranges  0x000002b8      0x140 .\CortexM0\ARM_GCC_493\Debug\i2c.a(CyLFClk.o)
 .debug_ranges  0x000003f8       0x30 .\CortexM0\ARM_GCC_493\Debug\i2c.a(CyFlash.o)

.comment        0x00000000       0x70
 .comment       0x00000000       0x70 .\CortexM0\ARM_GCC_493\Debug\main.o
                                 0x71 (size before relaxing)
 .comment       0x00000000       0x71 .\CortexM0\ARM_GCC_493\Debug\cymetadata.o
 .comment       0x00000000       0x71 .\CortexM0\ARM_GCC_493\Debug\Cm0Start.o
 .comment       0x00000000       0x71 .\CortexM0\ARM_GCC_493\Debug\i2c.a(cyfitter_cfg.o)
 .comment       0x00000000       0x71 .\CortexM0\ARM_GCC_493\Debug\i2c.a(EZI2C_1.o)
 .comment       0x00000000       0x71 .\CortexM0\ARM_GCC_493\Debug\i2c.a(EZI2C_1_EZI2C.o)
 .comment       0x00000000       0x71 .\CortexM0\ARM_GCC_493\Debug\i2c.a(EZI2C_1_EZI2C_INT.o)
 .comment       0x00000000       0x71 .\CortexM0\ARM_GCC_493\Debug\i2c.a(CyLib.o)
 .comment       0x00000000       0x71 .\CortexM0\ARM_GCC_493\Debug\i2c.a(CyLFClk.o)
 .comment       0x00000000       0x71 .\CortexM0\ARM_GCC_493\Debug\i2c.a(CyFlash.o)

.debug_weaknames
 *(.debug_weaknames)

.debug_funcnames
 *(.debug_funcnames)

.debug_typenames
 *(.debug_typenames)

.debug_varnames
 *(.debug_varnames)

.note.gnu.arm.ident
 *(.note.gnu.arm.ident)

.ARM.attributes
                0x00000000       0x28
 *(.ARM.attributes)
 .ARM.attributes
                0x00000000       0x1e c:/program files (x86)/cypress/psoc creator/3.3/psoc creator/import/gnu/arm/4.9.3/bin/../lib/gcc/arm-none-eabi/4.9.3/armv6-m/crti.o
 .ARM.attributes
                0x0000001e       0x2c c:/program files (x86)/cypress/psoc creator/3.3/psoc creator/import/gnu/arm/4.9.3/bin/../lib/gcc/arm-none-eabi/4.9.3/armv6-m/crtbegin.o
 .ARM.attributes
                0x0000004a       0x1b c:/program files (x86)/cypress/psoc creator/3.3/psoc creator/import/gnu/arm/4.9.3/bin/../lib/gcc/arm-none-eabi/4.9.3/../../../../arm-none-eabi/lib/armv6-m/crt0.o
 .ARM.attributes
                0x00000065       0x31 .\CortexM0\ARM_GCC_493\Debug\main.o
 .ARM.attributes
                0x00000096       0x31 .\CortexM0\ARM_GCC_493\Debug\cymetadata.o
 .ARM.attributes
                0x000000c7       0x31 .\CortexM0\ARM_GCC_493\Debug\Cm0Start.o
 .ARM.attributes
                0x000000f8       0x31 .\CortexM0\ARM_GCC_493\Debug\i2c.a(cyfitter_cfg.o)
 .ARM.attributes
                0x00000129       0x31 .\CortexM0\ARM_GCC_493\Debug\i2c.a(EZI2C_1.o)
 .ARM.attributes
                0x0000015a       0x31 .\CortexM0\ARM_GCC_493\Debug\i2c.a(EZI2C_1_EZI2C.o)
 .ARM.attributes
                0x0000018b       0x31 .\CortexM0\ARM_GCC_493\Debug\i2c.a(EZI2C_1_EZI2C_INT.o)
 .ARM.attributes
                0x000001bc       0x31 .\CortexM0\ARM_GCC_493\Debug\i2c.a(CyLib.o)
 .ARM.attributes
                0x000001ed       0x31 .\CortexM0\ARM_GCC_493\Debug\i2c.a(CyLFClk.o)
 .ARM.attributes
                0x0000021e       0x21 .\CortexM0\ARM_GCC_493\Debug\i2c.a(CyBootAsmGnu.o)
 .ARM.attributes
                0x0000023f       0x31 .\CortexM0\ARM_GCC_493\Debug\i2c.a(CyFlash.o)
 .ARM.attributes
                0x00000270       0x1e c:/program files (x86)/cypress/psoc creator/3.3/psoc creator/import/gnu/arm/4.9.3/bin/../lib/gcc/arm-none-eabi/4.9.3/armv6-m\libgcc.a(_udivsi3.o)
 .ARM.attributes
                0x0000028e       0x1e c:/program files (x86)/cypress/psoc creator/3.3/psoc creator/import/gnu/arm/4.9.3/bin/../lib/gcc/arm-none-eabi/4.9.3/armv6-m\libgcc.a(_dvmd_tls.o)
 .ARM.attributes
                0x000002ac       0x2c c:/program files (x86)/cypress/psoc creator/3.3/psoc creator/import/gnu/arm/4.9.3/bin/../lib/gcc/arm-none-eabi/4.9.3/../../../../arm-none-eabi/lib/armv6-m\libg_nano.a(lib_a-errno.o)
 .ARM.attributes
                0x000002d8       0x2c c:/program files (x86)/cypress/psoc creator/3.3/psoc creator/import/gnu/arm/4.9.3/bin/../lib/gcc/arm-none-eabi/4.9.3/../../../../arm-none-eabi/lib/armv6-m\libg_nano.a(lib_a-exit.o)
 .ARM.attributes
                0x00000304       0x2c c:/program files (x86)/cypress/psoc creator/3.3/psoc creator/import/gnu/arm/4.9.3/bin/../lib/gcc/arm-none-eabi/4.9.3/../../../../arm-none-eabi/lib/armv6-m\libg_nano.a(lib_a-impure.o)
 .ARM.attributes
                0x00000330       0x2c c:/program files (x86)/cypress/psoc creator/3.3/psoc creator/import/gnu/arm/4.9.3/bin/../lib/gcc/arm-none-eabi/4.9.3/../../../../arm-none-eabi/lib/armv6-m\libg_nano.a(lib_a-init.o)
 .ARM.attributes
                0x0000035c       0x2c c:/program files (x86)/cypress/psoc creator/3.3/psoc creator/import/gnu/arm/4.9.3/bin/../lib/gcc/arm-none-eabi/4.9.3/../../../../arm-none-eabi/lib/armv6-m\libg_nano.a(lib_a-memcpy.o)
 .ARM.attributes
                0x00000388       0x2c c:/program files (x86)/cypress/psoc creator/3.3/psoc creator/import/gnu/arm/4.9.3/bin/../lib/gcc/arm-none-eabi/4.9.3/../../../../arm-none-eabi/lib/armv6-m\libg_nano.a(lib_a-memset.o)
 .ARM.attributes
                0x000003b4       0x2c c:/program files (x86)/cypress/psoc creator/3.3/psoc creator/import/gnu/arm/4.9.3/bin/../lib/gcc/arm-none-eabi/4.9.3/armv6-m/crtend.o
 .ARM.attributes
                0x000003e0       0x1e c:/program files (x86)/cypress/psoc creator/3.3/psoc creator/import/gnu/arm/4.9.3/bin/../lib/gcc/arm-none-eabi/4.9.3/armv6-m/crtn.o

/DISCARD/
 *(.note.GNU-stack)
OUTPUT(.\CortexM0\ARM_GCC_493\Debug\i2c.elf elf32-littlearm)
